   1              		.cpu cortex-m23
   2              		.eabi_attribute 20, 1
   3              		.eabi_attribute 21, 1
   4              		.eabi_attribute 23, 3
   5              		.eabi_attribute 24, 1
   6              		.eabi_attribute 25, 1
   7              		.eabi_attribute 26, 1
   8              		.eabi_attribute 30, 6
   9              		.eabi_attribute 34, 0
  10              		.eabi_attribute 18, 4
  11              		.file	"lcd_display.c"
  12              		.text
  13              	.Ltext0:
  14              		.cfi_sections	.debug_frame
  15              		.global	logo_buffer
  16              		.section	.data.logo_buffer,"aw"
  17              		.align	2
  20              	logo_buffer:
  21 0000 00000108 		.word	134283264
  22              		.section	.rodata
  23              		.align	2
  24              	.LC0:
  25 0000 656E7465 		.ascii	"enter %s\012\000"
  25      72202573 
  25      0A00
  26 000a 0000     		.align	2
  27              	.LC1:
  28 000c 65786974 		.ascii	"exit %s\012\000"
  28      2025730A 
  28      00
  29              		.section	.text.lcd_display,"ax",%progbits
  30              		.align	1
  31              		.global	lcd_display
  32              		.arch armv8-m.base
  33              		.syntax unified
  34              		.code	16
  35              		.thumb_func
  36              		.fpu softvfp
  38              	lcd_display:
  39              	.LFB62:
  40              		.file 1 "../src/drivers/lcd/lcd_display.c"
   1:../src/drivers/lcd/lcd_display.c **** #include "gd32e235c_lcd_eval.h"
   2:../src/drivers/lcd/lcd_display.c **** #include "Spl_stdio.h"
   3:../src/drivers/lcd/lcd_display.c **** #include "Spi_nand_driver.h"
   4:../src/drivers/lcd/lcd_display.c **** #include <stdio.h>
   5:../src/drivers/lcd/lcd_display.c **** 
   6:../src/drivers/lcd/lcd_display.c **** uint8_t *logo_buffer = (uint8_t *)0x8010000;
   7:../src/drivers/lcd/lcd_display.c **** 
   8:../src/drivers/lcd/lcd_display.c **** int lcd_display(void)
   9:../src/drivers/lcd/lcd_display.c **** {
  41              		.loc 1 9 1
  42              		.cfi_startproc
  43              		@ args = 0, pretend = 0, frame = 0
  44              		@ frame_needed = 1, uses_anonymous_args = 0
  45 0000 80B5     		push	{r7, lr}
  46              		.cfi_def_cfa_offset 8
  47              		.cfi_offset 7, -8
  48              		.cfi_offset 14, -4
  49 0002 82B0     		sub	sp, sp, #8
  50              		.cfi_def_cfa_offset 16
  51 0004 02AF     		add	r7, sp, #8
  52              		.cfi_def_cfa 7, 8
  10:../src/drivers/lcd/lcd_display.c ****     printf("enter %s\n", __func__);
  53              		.loc 1 10 5
  54 0006 40F20002 		movw	r2, #:lower16:__func__.7519
  55 000a C0F20002 		movt	r2, #:upper16:__func__.7519
  56 000e 40F20003 		movw	r3, #:lower16:.LC0
  57 0012 C0F20003 		movt	r3, #:upper16:.LC0
  58 0016 1100     		movs	r1, r2
  59 0018 1800     		movs	r0, r3
  60 001a FFF7FEFF 		bl	printf
  11:../src/drivers/lcd/lcd_display.c ****     /* 1.lcd init */
  12:../src/drivers/lcd/lcd_display.c ****     lcd_init();
  61              		.loc 1 12 5
  62 001e FFF7FEFF 		bl	lcd_init
  13:../src/drivers/lcd/lcd_display.c **** 
  14:../src/drivers/lcd/lcd_display.c ****     /* 2.draw logo image */
  15:../src/drivers/lcd/lcd_display.c ****     lcd_draw_image(0, 0, 240, 320, logo_buffer);
  63              		.loc 1 15 5
  64 0022 40F20003 		movw	r3, #:lower16:logo_buffer
  65 0026 C0F20003 		movt	r3, #:upper16:logo_buffer
  66 002a 1B68     		ldr	r3, [r3]
  67 002c 0093     		str	r3, [sp]
  68 002e 40F24013 		movw	r3, #320
  69 0032 F022     		movs	r2, #240
  70 0034 0021     		movs	r1, #0
  71 0036 0020     		movs	r0, #0
  72 0038 FFF7FEFF 		bl	lcd_draw_image
  16:../src/drivers/lcd/lcd_display.c **** 
  17:../src/drivers/lcd/lcd_display.c ****     printf("exit %s\n", __func__);
  73              		.loc 1 17 5
  74 003c 40F20002 		movw	r2, #:lower16:__func__.7519
  75 0040 C0F20002 		movt	r2, #:upper16:__func__.7519
  76 0044 40F20003 		movw	r3, #:lower16:.LC1
  77 0048 C0F20003 		movt	r3, #:upper16:.LC1
  78 004c 1100     		movs	r1, r2
  79 004e 1800     		movs	r0, r3
  80 0050 FFF7FEFF 		bl	printf
  18:../src/drivers/lcd/lcd_display.c ****     return 0;
  81              		.loc 1 18 12
  82 0054 0023     		movs	r3, #0
  19:../src/drivers/lcd/lcd_display.c **** }...
  83              		.loc 1 19 1
  84 0056 1800     		movs	r0, r3
  85 0058 BD46     		mov	sp, r7
  86              		@ sp needed
  87 005a 80BD     		pop	{r7, pc}
  88              		.cfi_endproc
  89              	.LFE62:
  91              		.section	.rodata.__func__.7519,"a"
  92              		.align	2
  95              	__func__.7519:
  96 0000 6C63645F 		.ascii	"lcd_display\000"
  96      64697370 
  96      6C617900 
  97              		.text
  98              	.Letext0:
  99              		.file 2 "d:\\software\\gd32embeddedbuilder_v1.5.6_rel\\tools\\gnu tools arm embedded\\xpack-arm-no
 100              		.file 3 "d:\\software\\gd32embeddedbuilder_v1.5.6_rel\\tools\\gnu tools arm embedded\\xpack-arm-no
 101              		.file 4 "../Firmware/CMSIS/GD/GD32E23x/Include/system_gd32e23x.h"
 102              		.file 5 "../inc/Spi_nand_driver.h"
 103              		.file 6 "d:\\software\\gd32embeddedbuilder_v1.5.6_rel\\tools\\gnu tools arm embedded\\xpack-arm-no
 104              		.file 7 "d:\\software\\gd32embeddedbuilder_v1.5.6_rel\\tools\\gnu tools arm embedded\\xpack-arm-no
 105              		.file 8 "d:\\software\\gd32embeddedbuilder_v1.5.6_rel\\tools\\gnu tools arm embedded\\xpack-arm-no
 106              		.file 9 "d:\\software\\gd32embeddedbuilder_v1.5.6_rel\\tools\\gnu tools arm embedded\\xpack-arm-no
 107              		.file 10 "../Firmware/GD32E23x_standard_peripheral/Include/gd32e23x_dbg.h"
 108              		.file 11 "../Firmware/GD32E23x_standard_peripheral/Include/gd32e23x_rcu.h"
DEFINED SYMBOLS
                            *ABS*:00000000 lcd_display.c
C:\Users\sen.he\AppData\Local\Temp\ccdDio0z.s:20     .data.logo_buffer:00000000 logo_buffer
C:\Users\sen.he\AppData\Local\Temp\ccdDio0z.s:17     .data.logo_buffer:00000000 $d
C:\Users\sen.he\AppData\Local\Temp\ccdDio0z.s:23     .rodata:00000000 $d
C:\Users\sen.he\AppData\Local\Temp\ccdDio0z.s:24     .rodata:00000000 .LC0
C:\Users\sen.he\AppData\Local\Temp\ccdDio0z.s:27     .rodata:0000000c .LC1
C:\Users\sen.he\AppData\Local\Temp\ccdDio0z.s:30     .text.lcd_display:00000000 $t
C:\Users\sen.he\AppData\Local\Temp\ccdDio0z.s:38     .text.lcd_display:00000000 lcd_display
C:\Users\sen.he\AppData\Local\Temp\ccdDio0z.s:95     .rodata.__func__.7519:00000000 __func__.7519
C:\Users\sen.he\AppData\Local\Temp\ccdDio0z.s:92     .rodata.__func__.7519:00000000 $d
                           .group:00000000 wm4.0.590463c46bf1d553a4d8081ecba6952e
                           .group:00000000 wm4.gd32e23x.h.39.0bf85d194b71a50de4fcad938c637dda
                           .group:00000000 wm4._newlib_version.h.4.9ba035841e762c3308916a0ce96032e7
                           .group:00000000 wm4.features.h.33.318b64d71e0957639cfb30f1db1f7ec8
                           .group:00000000 wm4._default_types.h.15.247e5cd201eca3442cbf5404108c4935
                           .group:00000000 wm4._intsup.h.10.cce27fed8484c08a33f522034c30d2b5
                           .group:00000000 wm4._stdint.h.10.c24fa3af3bc1706662bb5593a907e841
                           .group:00000000 wm4.stdint.h.23.d53047a68f4a85177f80b422d52785ed
                           .group:00000000 wm4.core_cm23.h.64.de3bc139a6604757cb96382033d22ea4
                           .group:00000000 wm4.cmsis_gcc.h.26.41038879cf168e2c536d47f29b7e8dd8
                           .group:00000000 wm4.core_cm23.h.125.de61c9c922e4fe53a01469e1afefe964
                           .group:00000000 wm4.system_gd32e23x.h.38.7a884860f7764c0ab5165a93f03201bb
                           .group:00000000 wm4.gd32e23x.h.163.9acf0d7337f9fe4e45533e128df527f9
                           .group:00000000 wm4.gd32e23x_adc.h.41.e37db1574230c817b545e8965349e4d7
                           .group:00000000 wm4.gd32e23x_crc.h.36.279adb768307700338e007c7ed677511
                           .group:00000000 wm4.gd32e23x_dbg.h.36.d33e52eaa928f5287aa06af215016669
                           .group:00000000 wm4.gd32e23x_dma.h.36.526a5bad10d356aae73db43b8b6c8ac1
                           .group:00000000 wm4.gd32e23x_exti.h.36.af0d6df8c0ce7b2677a9f89a98c409ce
                           .group:00000000 wm4.gd32e23x_fmc.h.36.75bde762cab332c240661c238a094712
                           .group:00000000 wm4.gd32e23x_gpio.h.36.795887d0586769fb622efbe77d569cda
                           .group:00000000 wm4.gd32e23x_syscfg.h.36.01ade19f7155772b744fa54349aa8666
                           .group:00000000 wm4.gd32e23x_i2c.h.36.e6cffa765f1652866ccb69e12f59470e
                           .group:00000000 wm4.gd32e23x_fwdgt.h.36.2fcc8574db554a4bd9e84c5cd0b7ab23
                           .group:00000000 wm4.gd32e23x_pmu.h.36.eca9453dd7794477bf31deebb1c6dd71
                           .group:00000000 wm4.gd32e23x_rcu.h.36.5275b85972d8917a1d7fb8903e56792a
                           .group:00000000 wm4.gd32e23x_rtc.h.36.83ced1869b0634048aca709e2e07b91d
                           .group:00000000 wm4.gd32e23x_spi.h.36.3f2a16ec9ce43b99360e154caa44fc36
                           .group:00000000 wm4.gd32e23x_timer.h.36.1a402a135f3e05d89798e4281e3b9d83
                           .group:00000000 wm4.gd32e23x_usart.h.36.c2b993b4a3fc79395d2c6452b270c65c
                           .group:00000000 wm4.gd32e23x_wwdgt.h.36.067f8fa16250ddb8196a2d3d5347a8d1
                           .group:00000000 wm4.gd32e23x_misc.h.36.02bcf8ea2494d3a2286a92cdad908103
                           .group:00000000 wm4.gd32e23x_cmp.h.36.0a60ec830a2d39bbe01854c1093a76e2
                           .group:00000000 wm4.gd32e235c_eval.h.65.b13d36a634b079e0ec800d615ab8e331
                           .group:00000000 wm4.gd32e235c_lcd_eval.h.45.28981d4f2dc9447adf01adff08e67093
                           .group:00000000 wm4.Spi_nand_driver.h.16.fadacb45494f178a00212993489e2bbe
                           .group:00000000 wm4.newlib.h.8.2aecb9f3b2dc9d2e83d06d10f0c6ed3e
                           .group:00000000 wm4.ieeefp.h.77.d5685ba212d3ed6e914898d045f873e3
                           .group:00000000 wm4.config.h.220.6cac6a9685cfce5e83c17784171638d9
                           .group:00000000 wm4._ansi.h.31.de524f58584151836e90d8620a16f8e8
                           .group:00000000 wm4.stdio.h.31.7c0e28c411445f3f9c5b11accf882760
                           .group:00000000 wm4.stddef.h.181.c3f52a3b0f4c288bddb5dda1562858e2
                           .group:00000000 wm4.cdefs.h.49.6260d97adb8d27534cbdc0f868b8ea87
                           .group:00000000 wm4.stddef.h.39.b727a6c3269d9d6ef9fc646b721a8287
                           .group:00000000 wm4.stdarg.h.34.3a23a216c0c293b3d2ea2e89281481e6
                           .group:00000000 wm4.lock.h.2.1461d1fff82dffe8bfddc23307f6484f
                           .group:00000000 wm4._types.h.125.5cf8a495f1f7ef36777ad868a1e32068
                           .group:00000000 wm4.stddef.h.155.3588ebfdd1e8c7ede80509bb9c3b8009
                           .group:00000000 wm4._types.h.184.03611d4f6b5bec9997bcf4279eceba07
                           .group:00000000 wm4.reent.h.17.90c2574d4acdcfce933db5cb09ff35fe
                           .group:00000000 wm4.types.h.40.e8c16e7ec36ba55f133d0616070e25fc
                           .group:00000000 wm4._endian.h.31.65a10590763c3dde1ac4a7f66d7d4891
                           .group:00000000 wm4.endian.h.9.49f3a4695c1b61e8a0808de3c4a106cb
                           .group:00000000 wm4._timeval.h.30.0e8bfd94e85db17dda3286ee81496fe6
                           .group:00000000 wm4.timespec.h.41.d855182eb0e690443ab8651bcedca6e1
                           .group:00000000 wm4.select.h.19.97ca6fd0c752a0f3b6719fd314d361e6
                           .group:00000000 wm4.types.h.69.ed3eae3cf73030a737515151ebcab7a1
                           .group:00000000 wm4.sched.h.22.c60982713a5c428609783c78f9c78d95
                           .group:00000000 wm4._pthreadtypes.h.36.fcee9961c35163dde6267ef772ad1972
                           .group:00000000 wm4.stdio.h.2.4aa87247282eca6c8f36f9de33d8df1a
                           .group:00000000 wm4.stdio.h.81.932d0c162786b883f622b8d05c120c78

UNDEFINED SYMBOLS
printf
lcd_init
lcd_draw_image
