   1              		.cpu cortex-m23
   2              		.eabi_attribute 20, 1
   3              		.eabi_attribute 21, 1
   4              		.eabi_attribute 23, 3
   5              		.eabi_attribute 24, 1
   6              		.eabi_attribute 25, 1
   7              		.eabi_attribute 26, 1
   8              		.eabi_attribute 30, 6
   9              		.eabi_attribute 34, 0
  10              		.eabi_attribute 18, 4
  11              		.file	"Spl_stdio.c"
  12              		.text
  13              	.Ltext0:
  14              		.cfi_sections	.debug_frame
  15              		.section	.rodata
  16              		.align	2
  17              	.LC0:
  18 0000 64756D70 		.ascii	"dump 0x%x bytes\012\000"
  18      20307825 
  18      78206279 
  18      7465730A 
  18      00
  19 0011 000000   		.align	2
  20              	.LC1:
  21 0014 25303278 		.ascii	"%02x \000"
  21      2000
  22              		.section	.text.hexdump,"ax",%progbits
  23              		.align	1
  24              		.global	hexdump
  25              		.arch armv8-m.base
  26              		.syntax unified
  27              		.code	16
  28              		.thumb_func
  29              		.fpu softvfp
  31              	hexdump:
  32              	.LFB61:
  33              		.file 1 "../src/drivers/packet_process/Spl_stdio.c"
   1:../src/drivers/packet_process/Spl_stdio.c **** #include <stdio.h>
   2:../src/drivers/packet_process/Spl_stdio.c **** #include "Spl_stdio.h"
   3:../src/drivers/packet_process/Spl_stdio.c **** 
   4:../src/drivers/packet_process/Spl_stdio.c **** #define CRC_16_POLYNOMIAL       0x1021
   5:../src/drivers/packet_process/Spl_stdio.c **** #define CRC_16_L_POLYNOMIAL     0x8000
   6:../src/drivers/packet_process/Spl_stdio.c **** #define CRC_16_L_SEED           0x80
   7:../src/drivers/packet_process/Spl_stdio.c **** #define CRC_16_L_OK             0x00
   8:../src/drivers/packet_process/Spl_stdio.c **** 
   9:../src/drivers/packet_process/Spl_stdio.c **** void hexdump(unsigned char *data, int len)
  10:../src/drivers/packet_process/Spl_stdio.c **** {
  34              		.loc 1 10 1
  35              		.cfi_startproc
  36              		@ args = 0, pretend = 0, frame = 24
  37              		@ frame_needed = 1, uses_anonymous_args = 0
  38 0000 80B5     		push	{r7, lr}
  39              		.cfi_def_cfa_offset 8
  40              		.cfi_offset 7, -8
  41              		.cfi_offset 14, -4
  42 0002 86B0     		sub	sp, sp, #24
  43              		.cfi_def_cfa_offset 32
  44 0004 00AF     		add	r7, sp, #0
  45              		.cfi_def_cfa_register 7
  46 0006 7860     		str	r0, [r7, #4]
  47 0008 3960     		str	r1, [r7]
  11:../src/drivers/packet_process/Spl_stdio.c ****   int i, j;
  12:../src/drivers/packet_process/Spl_stdio.c ****   int num = len/16 + 1;
  48              		.loc 1 12 16
  49 000a 3B68     		ldr	r3, [r7]
  50 000c 002B     		cmp	r3, #0
  51 000e 00DA     		bge	.L2
  52 0010 0F33     		adds	r3, r3, #15
  53              	.L2:
  54 0012 1B11     		asrs	r3, r3, #4
  55              		.loc 1 12 7
  56 0014 0133     		adds	r3, r3, #1
  57 0016 FB60     		str	r3, [r7, #12]
  13:../src/drivers/packet_process/Spl_stdio.c **** 
  14:../src/drivers/packet_process/Spl_stdio.c ****   printf("dump 0x%x bytes\n", len);
  58              		.loc 1 14 3
  59 0018 3A68     		ldr	r2, [r7]
  60 001a 40F20003 		movw	r3, #:lower16:.LC0
  61 001e C0F20003 		movt	r3, #:upper16:.LC0
  62 0022 1100     		movs	r1, r2
  63 0024 1800     		movs	r0, r3
  64 0026 FFF7FEFF 		bl	printf
  15:../src/drivers/packet_process/Spl_stdio.c ****   for (i = 0; i < num; i++) {
  65              		.loc 1 15 10
  66 002a 0023     		movs	r3, #0
  67 002c 7B61     		str	r3, [r7, #20]
  68              		.loc 1 15 3
  69 002e 23E0     		b	.L3
  70              	.L8:
  16:../src/drivers/packet_process/Spl_stdio.c ****     for (j = 0; j < 16; j++) {
  71              		.loc 1 16 12
  72 0030 0023     		movs	r3, #0
  73 0032 3B61     		str	r3, [r7, #16]
  74              		.loc 1 16 5
  75 0034 1AE0     		b	.L4
  76              	.L7:
  17:../src/drivers/packet_process/Spl_stdio.c ****       if (i * 16 + j >= len)
  77              		.loc 1 17 13
  78 0036 7B69     		ldr	r3, [r7, #20]
  79 0038 1A01     		lsls	r2, r3, #4
  80              		.loc 1 17 18
  81 003a 3B69     		ldr	r3, [r7, #16]
  82 003c D318     		adds	r3, r2, r3
  83              		.loc 1 17 10
  84 003e 3A68     		ldr	r2, [r7]
  85 0040 9A42     		cmp	r2, r3
  86 0042 1EDD     		ble	.L9
  18:../src/drivers/packet_process/Spl_stdio.c ****         goto end;
  19:../src/drivers/packet_process/Spl_stdio.c ****       printf("%02x ", data[i*16 + j]);
  87              		.loc 1 19 29 discriminator 2
  88 0044 7B69     		ldr	r3, [r7, #20]
  89 0046 1A01     		lsls	r2, r3, #4
  90              		.loc 1 19 33 discriminator 2
  91 0048 3B69     		ldr	r3, [r7, #16]
  92 004a D318     		adds	r3, r2, r3
  93 004c 1A00     		movs	r2, r3
  94              		.loc 1 19 27 discriminator 2
  95 004e 7B68     		ldr	r3, [r7, #4]
  96 0050 9B18     		adds	r3, r3, r2
  97 0052 1B78     		ldrb	r3, [r3]
  98              		.loc 1 19 7 discriminator 2
  99 0054 1A00     		movs	r2, r3
 100 0056 40F20003 		movw	r3, #:lower16:.LC1
 101 005a C0F20003 		movt	r3, #:upper16:.LC1
 102 005e 1100     		movs	r1, r2
 103 0060 1800     		movs	r0, r3
 104 0062 FFF7FEFF 		bl	printf
  16:../src/drivers/packet_process/Spl_stdio.c ****       if (i * 16 + j >= len)
 105              		.loc 1 16 26 discriminator 2
 106 0066 3B69     		ldr	r3, [r7, #16]
 107 0068 0133     		adds	r3, r3, #1
 108 006a 3B61     		str	r3, [r7, #16]
 109              	.L4:
  16:../src/drivers/packet_process/Spl_stdio.c ****       if (i * 16 + j >= len)
 110              		.loc 1 16 5 discriminator 1
 111 006c 3B69     		ldr	r3, [r7, #16]
 112 006e 0F2B     		cmp	r3, #15
 113 0070 E1DD     		ble	.L7
  15:../src/drivers/packet_process/Spl_stdio.c ****     for (j = 0; j < 16; j++) {
 114              		.loc 1 15 25 discriminator 2
 115 0072 7B69     		ldr	r3, [r7, #20]
 116 0074 0133     		adds	r3, r3, #1
 117 0076 7B61     		str	r3, [r7, #20]
 118              	.L3:
  15:../src/drivers/packet_process/Spl_stdio.c ****     for (j = 0; j < 16; j++) {
 119              		.loc 1 15 3 discriminator 1
 120 0078 7A69     		ldr	r2, [r7, #20]
 121 007a FB68     		ldr	r3, [r7, #12]
 122 007c 9A42     		cmp	r2, r3
 123 007e D7DB     		blt	.L8
  20:../src/drivers/packet_process/Spl_stdio.c ****     }
  21:../src/drivers/packet_process/Spl_stdio.c **** 
  22:../src/drivers/packet_process/Spl_stdio.c ****   }
  23:../src/drivers/packet_process/Spl_stdio.c **** end:
 124              		.loc 1 23 1
 125 0080 00E0     		b	.L6
 126              	.L9:
  18:../src/drivers/packet_process/Spl_stdio.c ****       printf("%02x ", data[i*16 + j]);
 127              		.loc 1 18 9
 128 0082 C046     		nop
 129              	.L6:
  24:../src/drivers/packet_process/Spl_stdio.c ****   printf("\n");
 130              		.loc 1 24 3
 131 0084 0A20     		movs	r0, #10
 132 0086 FFF7FEFF 		bl	putchar
  25:../src/drivers/packet_process/Spl_stdio.c **** }
 133              		.loc 1 25 1
 134 008a C046     		nop
 135 008c BD46     		mov	sp, r7
 136 008e 06B0     		add	sp, sp, #24
 137              		@ sp needed
 138 0090 80BD     		pop	{r7, pc}
 139              		.cfi_endproc
 140              	.LFE61:
 142              		.section	.text.crc_16_l_calc,"ax",%progbits
 143              		.align	1
 144              		.global	crc_16_l_calc
 145              		.syntax unified
 146              		.code	16
 147              		.thumb_func
 148              		.fpu softvfp
 150              	crc_16_l_calc:
 151              	.LFB62:
  26:../src/drivers/packet_process/Spl_stdio.c **** 
  27:../src/drivers/packet_process/Spl_stdio.c **** unsigned int crc_16_l_calc(unsigned char *buf_ptr,unsigned int len)
  28:../src/drivers/packet_process/Spl_stdio.c **** {
 152              		.loc 1 28 1
 153              		.cfi_startproc
 154              		@ args = 0, pretend = 0, frame = 16
 155              		@ frame_needed = 1, uses_anonymous_args = 0
 156 0000 80B5     		push	{r7, lr}
 157              		.cfi_def_cfa_offset 8
 158              		.cfi_offset 7, -8
 159              		.cfi_offset 14, -4
 160 0002 84B0     		sub	sp, sp, #16
 161              		.cfi_def_cfa_offset 24
 162 0004 00AF     		add	r7, sp, #0
 163              		.cfi_def_cfa_register 7
 164 0006 7860     		str	r0, [r7, #4]
 165 0008 3960     		str	r1, [r7]
  29:../src/drivers/packet_process/Spl_stdio.c ****     unsigned int i=0;
 166              		.loc 1 29 18
 167 000a 0023     		movs	r3, #0
 168 000c FB60     		str	r3, [r7, #12]
  30:../src/drivers/packet_process/Spl_stdio.c ****     unsigned short crc = 0;
 169              		.loc 1 30 20
 170 000e 0A23     		movs	r3, #10
 171 0010 FB18     		adds	r3, r7, r3
 172 0012 0022     		movs	r2, #0
 173 0014 1A80     		strh	r2, [r3]
  31:../src/drivers/packet_process/Spl_stdio.c ****     
  32:../src/drivers/packet_process/Spl_stdio.c ****     while ((len--)!=0)
 174              		.loc 1 32 11
 175 0016 32E0     		b	.L11
 176              	.L17:
  33:../src/drivers/packet_process/Spl_stdio.c ****     {
  34:../src/drivers/packet_process/Spl_stdio.c ****         for(i = CRC_16_L_SEED; i !=0 ; i = i>>1)
 177              		.loc 1 34 15
 178 0018 8023     		movs	r3, #128
 179 001a FB60     		str	r3, [r7, #12]
 180              		.loc 1 34 9
 181 001c 29E0     		b	.L12
 182              	.L16:
  35:../src/drivers/packet_process/Spl_stdio.c ****         {
  36:../src/drivers/packet_process/Spl_stdio.c ****            if((crc & CRC_16_L_POLYNOMIAL) !=0 )
 183              		.loc 1 36 43
 184 001e 0A21     		movs	r1, #10
 185 0020 7B18     		adds	r3, r7, r1
 186 0022 0022     		movs	r2, #0
 187 0024 9B5E     		ldrsh	r3, [r3, r2]
 188              		.loc 1 36 14
 189 0026 002B     		cmp	r3, #0
 190 0028 0CDA     		bge	.L13
  37:../src/drivers/packet_process/Spl_stdio.c ****            {
  38:../src/drivers/packet_process/Spl_stdio.c ****                crc = crc << 1 ;
 191              		.loc 1 38 20
 192 002a 7A18     		adds	r2, r7, r1
 193 002c 7B18     		adds	r3, r7, r1
 194 002e 1B88     		ldrh	r3, [r3]
 195 0030 DB18     		adds	r3, r3, r3
 196 0032 1380     		strh	r3, [r2]
  39:../src/drivers/packet_process/Spl_stdio.c ****                crc = crc ^ CRC_16_POLYNOMIAL;
 197              		.loc 1 39 20
 198 0034 7B18     		adds	r3, r7, r1
 199 0036 7A18     		adds	r2, r7, r1
 200 0038 1288     		ldrh	r2, [r2]
 201 003a 41F22101 		movw	r1, #4129
 202 003e 4A40     		eors	r2, r1
 203 0040 1A80     		strh	r2, [r3]
 204 0042 05E0     		b	.L14
 205              	.L13:
  40:../src/drivers/packet_process/Spl_stdio.c ****            }
  41:../src/drivers/packet_process/Spl_stdio.c ****            else
  42:../src/drivers/packet_process/Spl_stdio.c ****            {
  43:../src/drivers/packet_process/Spl_stdio.c ****                crc = crc << 1 ;
 206              		.loc 1 43 20
 207 0044 0A23     		movs	r3, #10
 208 0046 FA18     		adds	r2, r7, r3
 209 0048 FB18     		adds	r3, r7, r3
 210 004a 1B88     		ldrh	r3, [r3]
 211 004c DB18     		adds	r3, r3, r3
 212 004e 1380     		strh	r3, [r2]
 213              	.L14:
  44:../src/drivers/packet_process/Spl_stdio.c ****            } 
  45:../src/drivers/packet_process/Spl_stdio.c ****         
  46:../src/drivers/packet_process/Spl_stdio.c ****            if((((unsigned char)(*buf_ptr)) & i) != 0 )
 214              		.loc 1 46 33
 215 0050 7B68     		ldr	r3, [r7, #4]
 216 0052 1B78     		ldrb	r3, [r3]
 217 0054 1A00     		movs	r2, r3
 218              		.loc 1 46 44
 219 0056 FB68     		ldr	r3, [r7, #12]
 220 0058 1340     		ands	r3, r2
 221              		.loc 1 46 14
 222 005a 3BB1     		cbz	r3, .L15
  47:../src/drivers/packet_process/Spl_stdio.c ****            {
  48:../src/drivers/packet_process/Spl_stdio.c ****               crc = crc ^ CRC_16_POLYNOMIAL;
 223              		.loc 1 48 19
 224 005c 0A22     		movs	r2, #10
 225 005e BB18     		adds	r3, r7, r2
 226 0060 BA18     		adds	r2, r7, r2
 227 0062 1288     		ldrh	r2, [r2]
 228 0064 41F22101 		movw	r1, #4129
 229 0068 4A40     		eors	r2, r1
 230 006a 1A80     		strh	r2, [r3]
 231              	.L15:
  34:../src/drivers/packet_process/Spl_stdio.c ****         {
 232              		.loc 1 34 42 discriminator 2
 233 006c FB68     		ldr	r3, [r7, #12]
 234 006e 5B08     		lsrs	r3, r3, #1
 235 0070 FB60     		str	r3, [r7, #12]
 236              	.L12:
  34:../src/drivers/packet_process/Spl_stdio.c ****         {
 237              		.loc 1 34 9 discriminator 1
 238 0072 FB68     		ldr	r3, [r7, #12]
 239 0074 002B     		cmp	r3, #0
 240 0076 D2D1     		bne	.L16
  49:../src/drivers/packet_process/Spl_stdio.c ****            }
  50:../src/drivers/packet_process/Spl_stdio.c ****         }
  51:../src/drivers/packet_process/Spl_stdio.c ****         buf_ptr++;
 241              		.loc 1 51 16
 242 0078 7B68     		ldr	r3, [r7, #4]
 243 007a 0133     		adds	r3, r3, #1
 244 007c 7B60     		str	r3, [r7, #4]
 245              	.L11:
  32:../src/drivers/packet_process/Spl_stdio.c ****     {
 246              		.loc 1 32 16
 247 007e 3B68     		ldr	r3, [r7]
 248 0080 5A1E     		subs	r2, r3, #1
 249 0082 3A60     		str	r2, [r7]
  32:../src/drivers/packet_process/Spl_stdio.c ****     {
 250              		.loc 1 32 11
 251 0084 002B     		cmp	r3, #0
 252 0086 C7D1     		bne	.L17
  52:../src/drivers/packet_process/Spl_stdio.c ****     }
  53:../src/drivers/packet_process/Spl_stdio.c ****     
  54:../src/drivers/packet_process/Spl_stdio.c ****     return (crc);
 253              		.loc 1 54 12
 254 0088 0A23     		movs	r3, #10
 255 008a FB18     		adds	r3, r7, r3
 256 008c 1B88     		ldrh	r3, [r3]
  55:../src/drivers/packet_process/Spl_stdio.c **** }
 257              		.loc 1 55 1
 258 008e 1800     		movs	r0, r3
 259 0090 BD46     		mov	sp, r7
 260 0092 04B0     		add	sp, sp, #16
 261              		@ sp needed
 262 0094 80BD     		pop	{r7, pc}
 263              		.cfi_endproc
 264              	.LFE62:
 266              		.section	.text.ENDIAN_CONVERT_16,"ax",%progbits
 267              		.align	1
 268              		.global	ENDIAN_CONVERT_16
 269              		.syntax unified
 270              		.code	16
 271              		.thumb_func
 272              		.fpu softvfp
 274              	ENDIAN_CONVERT_16:
 275              	.LFB63:
  56:../src/drivers/packet_process/Spl_stdio.c **** 
  57:../src/drivers/packet_process/Spl_stdio.c **** 
  58:../src/drivers/packet_process/Spl_stdio.c **** unsigned short ENDIAN_CONVERT_16(unsigned short x)
  59:../src/drivers/packet_process/Spl_stdio.c **** {
 276              		.loc 1 59 1
 277              		.cfi_startproc
 278              		@ args = 0, pretend = 0, frame = 16
 279              		@ frame_needed = 1, uses_anonymous_args = 0
 280 0000 80B5     		push	{r7, lr}
 281              		.cfi_def_cfa_offset 8
 282              		.cfi_offset 7, -8
 283              		.cfi_offset 14, -4
 284 0002 84B0     		sub	sp, sp, #16
 285              		.cfi_def_cfa_offset 24
 286 0004 00AF     		add	r7, sp, #0
 287              		.cfi_def_cfa_register 7
 288 0006 0200     		movs	r2, r0
 289 0008 BB1D     		adds	r3, r7, #6
 290 000a 1A80     		strh	r2, [r3]
  60:../src/drivers/packet_process/Spl_stdio.c **** 	unsigned short i;
  61:../src/drivers/packet_process/Spl_stdio.c **** 	i= (((x & 0xFF) << 8) | ((x & 0xFF00 ) >> 8));
 291              		.loc 1 61 18
 292 000c BB1D     		adds	r3, r7, #6
 293 000e 1B88     		ldrh	r3, [r3]
 294 0010 1B02     		lsls	r3, r3, #8
 295              		.loc 1 61 24
 296 0012 1AB2     		sxth	r2, r3
 297              		.loc 1 61 41
 298 0014 BB1D     		adds	r3, r7, #6
 299 0016 1B88     		ldrh	r3, [r3]
 300 0018 1B0A     		lsrs	r3, r3, #8
 301 001a 9BB2     		uxth	r3, r3
 302 001c 1BB2     		sxth	r3, r3
 303              		.loc 1 61 24
 304 001e 1343     		orrs	r3, r2
 305 0020 1AB2     		sxth	r2, r3
 306              		.loc 1 61 3
 307 0022 0E21     		movs	r1, #14
 308 0024 7B18     		adds	r3, r7, r1
 309 0026 1A80     		strh	r2, [r3]
  62:../src/drivers/packet_process/Spl_stdio.c **** 	return i;
 310              		.loc 1 62 9
 311 0028 7B18     		adds	r3, r7, r1
 312 002a 1B88     		ldrh	r3, [r3]
  63:../src/drivers/packet_process/Spl_stdio.c **** }
 313              		.loc 1 63 1
 314 002c 1800     		movs	r0, r3
 315 002e BD46     		mov	sp, r7
 316 0030 04B0     		add	sp, sp, #16
 317              		@ sp needed
 318 0032 80BD     		pop	{r7, pc}
 319              		.cfi_endproc
 320              	.LFE63:
 322              		.section	.text.ENDIAN_CONVERT_32,"ax",%progbits
 323              		.align	1
 324              		.global	ENDIAN_CONVERT_32
 325              		.syntax unified
 326              		.code	16
 327              		.thumb_func
 328              		.fpu softvfp
 330              	ENDIAN_CONVERT_32:
 331              	.LFB64:
  64:../src/drivers/packet_process/Spl_stdio.c **** 
  65:../src/drivers/packet_process/Spl_stdio.c ****  unsigned int ENDIAN_CONVERT_32(unsigned int x)
  66:../src/drivers/packet_process/Spl_stdio.c **** {
 332              		.loc 1 66 1
 333              		.cfi_startproc
 334              		@ args = 0, pretend = 0, frame = 16
 335              		@ frame_needed = 1, uses_anonymous_args = 0
 336 0000 80B5     		push	{r7, lr}
 337              		.cfi_def_cfa_offset 8
 338              		.cfi_offset 7, -8
 339              		.cfi_offset 14, -4
 340 0002 84B0     		sub	sp, sp, #16
 341              		.cfi_def_cfa_offset 24
 342 0004 00AF     		add	r7, sp, #0
 343              		.cfi_def_cfa_register 7
 344 0006 7860     		str	r0, [r7, #4]
  67:../src/drivers/packet_process/Spl_stdio.c **** 	unsigned int i,j;
  68:../src/drivers/packet_process/Spl_stdio.c **** 	i=x^((x<<16)|(x>>16));
 345              		.loc 1 68 14
 346 0008 7B68     		ldr	r3, [r7, #4]
 347 000a 1022     		movs	r2, #16
 348 000c D341     		rors	r3, r3, r2
 349              		.loc 1 68 3
 350 000e 7A68     		ldr	r2, [r7, #4]
 351 0010 5340     		eors	r3, r2
 352 0012 FB60     		str	r3, [r7, #12]
  69:../src/drivers/packet_process/Spl_stdio.c **** 	i=i&0xff00ffff;
 353              		.loc 1 69 3
 354 0014 FB68     		ldr	r3, [r7, #12]
 355 0016 074A     		ldr	r2, .L23
 356 0018 1340     		ands	r3, r2
 357 001a FB60     		str	r3, [r7, #12]
  70:../src/drivers/packet_process/Spl_stdio.c **** 	j=(x<<24)|(x>>8);
 358              		.loc 1 70 3
 359 001c 7B68     		ldr	r3, [r7, #4]
 360 001e 0822     		movs	r2, #8
 361 0020 D341     		rors	r3, r3, r2
 362 0022 BB60     		str	r3, [r7, #8]
  71:../src/drivers/packet_process/Spl_stdio.c **** 	return j^(i>>8);
 363              		.loc 1 71 13
 364 0024 FB68     		ldr	r3, [r7, #12]
 365 0026 1A0A     		lsrs	r2, r3, #8
 366              		.loc 1 71 10
 367 0028 BB68     		ldr	r3, [r7, #8]
 368 002a 5340     		eors	r3, r2
  72:../src/drivers/packet_process/Spl_stdio.c **** }
 369              		.loc 1 72 1
 370 002c 1800     		movs	r0, r3
 371 002e BD46     		mov	sp, r7
 372 0030 04B0     		add	sp, sp, #16
 373              		@ sp needed
 374 0032 80BD     		pop	{r7, pc}
 375              	.L24:
 376              		.align	2
 377              	.L23:
 378 0034 FFFF00FF 		.word	-16711681
 379              		.cfi_endproc
 380              	.LFE64:
 382              		.section	.text.memset,"ax",%progbits
 383              		.align	1
 384              		.global	memset
 385              		.syntax unified
 386              		.code	16
 387              		.thumb_func
 388              		.fpu softvfp
 390              	memset:
 391              	.LFB65:
  73:../src/drivers/packet_process/Spl_stdio.c **** 
  74:../src/drivers/packet_process/Spl_stdio.c **** void *memset( void *pvDest, uint8_t iValue, int ulBytes )
  75:../src/drivers/packet_process/Spl_stdio.c **** {
 392              		.loc 1 75 1
 393              		.cfi_startproc
 394              		@ args = 0, pretend = 0, frame = 24
 395              		@ frame_needed = 1, uses_anonymous_args = 0
 396 0000 80B5     		push	{r7, lr}
 397              		.cfi_def_cfa_offset 8
 398              		.cfi_offset 7, -8
 399              		.cfi_offset 14, -4
 400 0002 86B0     		sub	sp, sp, #24
 401              		.cfi_def_cfa_offset 32
 402 0004 00AF     		add	r7, sp, #0
 403              		.cfi_def_cfa_register 7
 404 0006 F860     		str	r0, [r7, #12]
 405 0008 7A60     		str	r2, [r7, #4]
 406 000a 0B23     		movs	r3, #11
 407 000c FB18     		adds	r3, r7, r3
 408 000e 0A1C     		adds	r2, r1, #0
 409 0010 1A70     		strb	r2, [r3]
  76:../src/drivers/packet_process/Spl_stdio.c **** 	unsigned char *pcDest = ( unsigned char * ) pvDest;
 410              		.loc 1 76 17
 411 0012 FB68     		ldr	r3, [r7, #12]
 412 0014 7B61     		str	r3, [r7, #20]
  77:../src/drivers/packet_process/Spl_stdio.c **** 	int x;
  78:../src/drivers/packet_process/Spl_stdio.c **** 
  79:../src/drivers/packet_process/Spl_stdio.c **** 	for( x = 0; x < ulBytes; x++ )
 413              		.loc 1 79 9
 414 0016 0023     		movs	r3, #0
 415 0018 3B61     		str	r3, [r7, #16]
 416              		.loc 1 79 2
 417 001a 0AE0     		b	.L26
 418              	.L27:
  80:../src/drivers/packet_process/Spl_stdio.c **** 	{
  81:../src/drivers/packet_process/Spl_stdio.c **** 		*pcDest = ( unsigned char ) iValue;
 419              		.loc 1 81 11 discriminator 3
 420 001c 7B69     		ldr	r3, [r7, #20]
 421 001e 0B22     		movs	r2, #11
 422 0020 BA18     		adds	r2, r7, r2
 423 0022 1278     		ldrb	r2, [r2]
 424 0024 1A70     		strb	r2, [r3]
  82:../src/drivers/packet_process/Spl_stdio.c **** 		pcDest++;
 425              		.loc 1 82 9 discriminator 3
 426 0026 7B69     		ldr	r3, [r7, #20]
 427 0028 0133     		adds	r3, r3, #1
 428 002a 7B61     		str	r3, [r7, #20]
  79:../src/drivers/packet_process/Spl_stdio.c **** 	{
 429              		.loc 1 79 28 discriminator 3
 430 002c 3B69     		ldr	r3, [r7, #16]
 431 002e 0133     		adds	r3, r3, #1
 432 0030 3B61     		str	r3, [r7, #16]
 433              	.L26:
  79:../src/drivers/packet_process/Spl_stdio.c **** 	{
 434              		.loc 1 79 2 discriminator 1
 435 0032 3A69     		ldr	r2, [r7, #16]
 436 0034 7B68     		ldr	r3, [r7, #4]
 437 0036 9A42     		cmp	r2, r3
 438 0038 F0DB     		blt	.L27
  83:../src/drivers/packet_process/Spl_stdio.c **** 	}
  84:../src/drivers/packet_process/Spl_stdio.c **** 
  85:../src/drivers/packet_process/Spl_stdio.c **** 	return pvDest;
 439              		.loc 1 85 9
 440 003a FB68     		ldr	r3, [r7, #12]
  86:../src/drivers/packet_process/Spl_stdio.c **** }
 441              		.loc 1 86 1
 442 003c 1800     		movs	r0, r3
 443 003e BD46     		mov	sp, r7
 444 0040 06B0     		add	sp, sp, #24
 445              		@ sp needed
 446 0042 80BD     		pop	{r7, pc}
 447              		.cfi_endproc
 448              	.LFE65:
 450              		.section	.text.memcpy,"ax",%progbits
 451              		.align	1
 452              		.global	memcpy
 453              		.syntax unified
 454              		.code	16
 455              		.thumb_func
 456              		.fpu softvfp
 458              	memcpy:
 459              	.LFB66:
  87:../src/drivers/packet_process/Spl_stdio.c **** 
  88:../src/drivers/packet_process/Spl_stdio.c **** void *memcpy( void *pvDest, const void *pvSource, uint32_t ulBytes )
  89:../src/drivers/packet_process/Spl_stdio.c **** {
 460              		.loc 1 89 1
 461              		.cfi_startproc
 462              		@ args = 0, pretend = 0, frame = 32
 463              		@ frame_needed = 1, uses_anonymous_args = 0
 464 0000 80B5     		push	{r7, lr}
 465              		.cfi_def_cfa_offset 8
 466              		.cfi_offset 7, -8
 467              		.cfi_offset 14, -4
 468 0002 88B0     		sub	sp, sp, #32
 469              		.cfi_def_cfa_offset 40
 470 0004 00AF     		add	r7, sp, #0
 471              		.cfi_def_cfa_register 7
 472 0006 F860     		str	r0, [r7, #12]
 473 0008 B960     		str	r1, [r7, #8]
 474 000a 7A60     		str	r2, [r7, #4]
  90:../src/drivers/packet_process/Spl_stdio.c **** 	unsigned char *pcDest = ( unsigned char * ) pvDest, *pcSource = ( unsigned char * ) pvSource;
 475              		.loc 1 90 17
 476 000c FB68     		ldr	r3, [r7, #12]
 477 000e FB61     		str	r3, [r7, #28]
 478              		.loc 1 90 55
 479 0010 BB68     		ldr	r3, [r7, #8]
 480 0012 BB61     		str	r3, [r7, #24]
  91:../src/drivers/packet_process/Spl_stdio.c **** 	uint32_t x;
  92:../src/drivers/packet_process/Spl_stdio.c **** 
  93:../src/drivers/packet_process/Spl_stdio.c **** 	for( x = 0; x < ulBytes; x++ )
 481              		.loc 1 93 9
 482 0014 0023     		movs	r3, #0
 483 0016 7B61     		str	r3, [r7, #20]
 484              		.loc 1 93 2
 485 0018 0CE0     		b	.L30
 486              	.L31:
  94:../src/drivers/packet_process/Spl_stdio.c **** 	{
  95:../src/drivers/packet_process/Spl_stdio.c **** 		*pcDest = *pcSource;
 487              		.loc 1 95 13 discriminator 3
 488 001a BB69     		ldr	r3, [r7, #24]
 489 001c 1A78     		ldrb	r2, [r3]
 490              		.loc 1 95 11 discriminator 3
 491 001e FB69     		ldr	r3, [r7, #28]
 492 0020 1A70     		strb	r2, [r3]
  96:../src/drivers/packet_process/Spl_stdio.c **** 		pcDest++;
 493              		.loc 1 96 9 discriminator 3
 494 0022 FB69     		ldr	r3, [r7, #28]
 495 0024 0133     		adds	r3, r3, #1
 496 0026 FB61     		str	r3, [r7, #28]
  97:../src/drivers/packet_process/Spl_stdio.c **** 		pcSource++;
 497              		.loc 1 97 11 discriminator 3
 498 0028 BB69     		ldr	r3, [r7, #24]
 499 002a 0133     		adds	r3, r3, #1
 500 002c BB61     		str	r3, [r7, #24]
  93:../src/drivers/packet_process/Spl_stdio.c **** 	{
 501              		.loc 1 93 28 discriminator 3
 502 002e 7B69     		ldr	r3, [r7, #20]
 503 0030 0133     		adds	r3, r3, #1
 504 0032 7B61     		str	r3, [r7, #20]
 505              	.L30:
  93:../src/drivers/packet_process/Spl_stdio.c **** 	{
 506              		.loc 1 93 2 discriminator 1
 507 0034 7A69     		ldr	r2, [r7, #20]
 508 0036 7B68     		ldr	r3, [r7, #4]
 509 0038 9A42     		cmp	r2, r3
 510 003a EED3     		bcc	.L31
  98:../src/drivers/packet_process/Spl_stdio.c **** 	}
  99:../src/drivers/packet_process/Spl_stdio.c **** 
 100:../src/drivers/packet_process/Spl_stdio.c **** 	return pvDest;
 511              		.loc 1 100 9
 512 003c FB68     		ldr	r3, [r7, #12]
 101:../src/drivers/packet_process/Spl_stdio.c **** }
 513              		.loc 1 101 1
 514 003e 1800     		movs	r0, r3
 515 0040 BD46     		mov	sp, r7
 516 0042 08B0     		add	sp, sp, #32
 517              		@ sp needed
 518 0044 80BD     		pop	{r7, pc}
 519              		.cfi_endproc
 520              	.LFE66:
 522              		.section	.text.memcmp,"ax",%progbits
 523              		.align	1
 524              		.global	memcmp
 525              		.syntax unified
 526              		.code	16
 527              		.thumb_func
 528              		.fpu softvfp
 530              	memcmp:
 531              	.LFB67:
 102:../src/drivers/packet_process/Spl_stdio.c ****         
 103:../src/drivers/packet_process/Spl_stdio.c **** int memcmp( const void *pvMem1, const void *pvMem2, uint32_t ulBytes )
 104:../src/drivers/packet_process/Spl_stdio.c **** {
 532              		.loc 1 104 1
 533              		.cfi_startproc
 534              		@ args = 0, pretend = 0, frame = 32
 535              		@ frame_needed = 1, uses_anonymous_args = 0
 536 0000 80B5     		push	{r7, lr}
 537              		.cfi_def_cfa_offset 8
 538              		.cfi_offset 7, -8
 539              		.cfi_offset 14, -4
 540 0002 88B0     		sub	sp, sp, #32
 541              		.cfi_def_cfa_offset 40
 542 0004 00AF     		add	r7, sp, #0
 543              		.cfi_def_cfa_register 7
 544 0006 F860     		str	r0, [r7, #12]
 545 0008 B960     		str	r1, [r7, #8]
 546 000a 7A60     		str	r2, [r7, #4]
 105:../src/drivers/packet_process/Spl_stdio.c **** 	const unsigned char *pucMem1 = pvMem1, *pucMem2 = pvMem2;
 547              		.loc 1 105 23
 548 000c FB68     		ldr	r3, [r7, #12]
 549 000e BB61     		str	r3, [r7, #24]
 550              		.loc 1 105 42
 551 0010 BB68     		ldr	r3, [r7, #8]
 552 0012 7B61     		str	r3, [r7, #20]
 106:../src/drivers/packet_process/Spl_stdio.c **** 	uint32_t x;
 107:../src/drivers/packet_process/Spl_stdio.c **** 
 108:../src/drivers/packet_process/Spl_stdio.c ****     for( x = 0; x < ulBytes; x++ )
 553              		.loc 1 108 12
 554 0014 0023     		movs	r3, #0
 555 0016 FB61     		str	r3, [r7, #28]
 556              		.loc 1 108 5
 557 0018 0CE0     		b	.L34
 558              	.L37:
 109:../src/drivers/packet_process/Spl_stdio.c ****     {
 110:../src/drivers/packet_process/Spl_stdio.c ****         if( pucMem1[ x ] != pucMem2[ x ] )
 559              		.loc 1 110 20
 560 001a BA69     		ldr	r2, [r7, #24]
 561 001c FB69     		ldr	r3, [r7, #28]
 562 001e D318     		adds	r3, r2, r3
 563 0020 1A78     		ldrb	r2, [r3]
 564              		.loc 1 110 36
 565 0022 7969     		ldr	r1, [r7, #20]
 566 0024 FB69     		ldr	r3, [r7, #28]
 567 0026 CB18     		adds	r3, r1, r3
 568 0028 1B78     		ldrb	r3, [r3]
 569              		.loc 1 110 11
 570 002a 9A42     		cmp	r2, r3
 571 002c 07D1     		bne	.L39
 108:../src/drivers/packet_process/Spl_stdio.c ****     {
 572              		.loc 1 108 31 discriminator 2
 573 002e FB69     		ldr	r3, [r7, #28]
 574 0030 0133     		adds	r3, r3, #1
 575 0032 FB61     		str	r3, [r7, #28]
 576              	.L34:
 108:../src/drivers/packet_process/Spl_stdio.c ****     {
 577              		.loc 1 108 5 discriminator 1
 578 0034 FA69     		ldr	r2, [r7, #28]
 579 0036 7B68     		ldr	r3, [r7, #4]
 580 0038 9A42     		cmp	r2, r3
 581 003a EED3     		bcc	.L37
 582 003c 00E0     		b	.L36
 583              	.L39:
 111:../src/drivers/packet_process/Spl_stdio.c ****         {
 112:../src/drivers/packet_process/Spl_stdio.c ****             break;
 584              		.loc 1 112 13
 585 003e C046     		nop
 586              	.L36:
 113:../src/drivers/packet_process/Spl_stdio.c ****         }
 114:../src/drivers/packet_process/Spl_stdio.c ****     }
 115:../src/drivers/packet_process/Spl_stdio.c **** 
 116:../src/drivers/packet_process/Spl_stdio.c ****     return ulBytes - x;
 587              		.loc 1 116 20
 588 0040 7A68     		ldr	r2, [r7, #4]
 589 0042 FB69     		ldr	r3, [r7, #28]
 590 0044 D31A     		subs	r3, r2, r3
 117:../src/drivers/packet_process/Spl_stdio.c **** }...
 591              		.loc 1 117 1
 592 0046 1800     		movs	r0, r3
 593 0048 BD46     		mov	sp, r7
 594 004a 08B0     		add	sp, sp, #32
 595              		@ sp needed
 596 004c 80BD     		pop	{r7, pc}
 597              		.cfi_endproc
 598              	.LFE67:
 600              		.text
 601              	.Letext0:
 602              		.file 2 "d:\\software\\gd32embeddedbuilder_v1.5.6_rel\\tools\\gnu tools arm embedded\\xpack-arm-no
 603              		.file 3 "d:\\software\\gd32embeddedbuilder_v1.5.6_rel\\tools\\gnu tools arm embedded\\xpack-arm-no
 604              		.file 4 "d:\\software\\gd32embeddedbuilder_v1.5.6_rel\\tools\\gnu tools arm embedded\\xpack-arm-no
 605              		.file 5 "d:\\software\\gd32embeddedbuilder_v1.5.6_rel\\tools\\gnu tools arm embedded\\xpack-arm-no
 606              		.file 6 "d:\\software\\gd32embeddedbuilder_v1.5.6_rel\\tools\\gnu tools arm embedded\\xpack-arm-no
 607              		.file 7 "d:\\software\\gd32embeddedbuilder_v1.5.6_rel\\tools\\gnu tools arm embedded\\xpack-arm-no
 608              		.file 8 "../Firmware/CMSIS/GD/GD32E23x/Include/system_gd32e23x.h"
DEFINED SYMBOLS
                            *ABS*:00000000 Spl_stdio.c
C:\Users\sen.he\AppData\Local\Temp\ccFbS48s.s:16     .rodata:00000000 $d
C:\Users\sen.he\AppData\Local\Temp\ccFbS48s.s:17     .rodata:00000000 .LC0
C:\Users\sen.he\AppData\Local\Temp\ccFbS48s.s:20     .rodata:00000014 .LC1
C:\Users\sen.he\AppData\Local\Temp\ccFbS48s.s:23     .text.hexdump:00000000 $t
C:\Users\sen.he\AppData\Local\Temp\ccFbS48s.s:31     .text.hexdump:00000000 hexdump
C:\Users\sen.he\AppData\Local\Temp\ccFbS48s.s:143    .text.crc_16_l_calc:00000000 $t
C:\Users\sen.he\AppData\Local\Temp\ccFbS48s.s:150    .text.crc_16_l_calc:00000000 crc_16_l_calc
C:\Users\sen.he\AppData\Local\Temp\ccFbS48s.s:267    .text.ENDIAN_CONVERT_16:00000000 $t
C:\Users\sen.he\AppData\Local\Temp\ccFbS48s.s:274    .text.ENDIAN_CONVERT_16:00000000 ENDIAN_CONVERT_16
C:\Users\sen.he\AppData\Local\Temp\ccFbS48s.s:323    .text.ENDIAN_CONVERT_32:00000000 $t
C:\Users\sen.he\AppData\Local\Temp\ccFbS48s.s:330    .text.ENDIAN_CONVERT_32:00000000 ENDIAN_CONVERT_32
C:\Users\sen.he\AppData\Local\Temp\ccFbS48s.s:378    .text.ENDIAN_CONVERT_32:00000034 $d
C:\Users\sen.he\AppData\Local\Temp\ccFbS48s.s:383    .text.memset:00000000 $t
C:\Users\sen.he\AppData\Local\Temp\ccFbS48s.s:390    .text.memset:00000000 memset
C:\Users\sen.he\AppData\Local\Temp\ccFbS48s.s:451    .text.memcpy:00000000 $t
C:\Users\sen.he\AppData\Local\Temp\ccFbS48s.s:458    .text.memcpy:00000000 memcpy
C:\Users\sen.he\AppData\Local\Temp\ccFbS48s.s:523    .text.memcmp:00000000 $t
C:\Users\sen.he\AppData\Local\Temp\ccFbS48s.s:530    .text.memcmp:00000000 memcmp
                           .group:00000000 wm4.0.590463c46bf1d553a4d8081ecba6952e
                           .group:00000000 wm4._newlib_version.h.4.9ba035841e762c3308916a0ce96032e7
                           .group:00000000 wm4.newlib.h.18.ac66930cc5dc086504ebba5cc05ab7f1
                           .group:00000000 wm4.ieeefp.h.77.d5685ba212d3ed6e914898d045f873e3
                           .group:00000000 wm4.features.h.22.fad1cec3bc7ff06488171438dbdcfd02
                           .group:00000000 wm4.config.h.220.6cac6a9685cfce5e83c17784171638d9
                           .group:00000000 wm4._ansi.h.31.de524f58584151836e90d8620a16f8e8
                           .group:00000000 wm4.stdio.h.31.7c0e28c411445f3f9c5b11accf882760
                           .group:00000000 wm4._default_types.h.6.959254cf5f09734ea7516c89e8bb21bd
                           .group:00000000 wm4.stddef.h.181.c3f52a3b0f4c288bddb5dda1562858e2
                           .group:00000000 wm4.cdefs.h.49.6260d97adb8d27534cbdc0f868b8ea87
                           .group:00000000 wm4.stddef.h.39.b727a6c3269d9d6ef9fc646b721a8287
                           .group:00000000 wm4.stdarg.h.34.3a23a216c0c293b3d2ea2e89281481e6
                           .group:00000000 wm4.lock.h.2.1461d1fff82dffe8bfddc23307f6484f
                           .group:00000000 wm4._types.h.125.5cf8a495f1f7ef36777ad868a1e32068
                           .group:00000000 wm4.stddef.h.155.3588ebfdd1e8c7ede80509bb9c3b8009
                           .group:00000000 wm4._types.h.184.03611d4f6b5bec9997bcf4279eceba07
                           .group:00000000 wm4.reent.h.17.90c2574d4acdcfce933db5cb09ff35fe
                           .group:00000000 wm4.types.h.40.e8c16e7ec36ba55f133d0616070e25fc
                           .group:00000000 wm4._stdint.h.10.c24fa3af3bc1706662bb5593a907e841
                           .group:00000000 wm4._endian.h.31.65a10590763c3dde1ac4a7f66d7d4891
                           .group:00000000 wm4.endian.h.9.49f3a4695c1b61e8a0808de3c4a106cb
                           .group:00000000 wm4._timeval.h.30.0e8bfd94e85db17dda3286ee81496fe6
                           .group:00000000 wm4.timespec.h.41.d855182eb0e690443ab8651bcedca6e1
                           .group:00000000 wm4.select.h.19.97ca6fd0c752a0f3b6719fd314d361e6
                           .group:00000000 wm4.types.h.69.ed3eae3cf73030a737515151ebcab7a1
                           .group:00000000 wm4.sched.h.22.c60982713a5c428609783c78f9c78d95
                           .group:00000000 wm4._pthreadtypes.h.36.fcee9961c35163dde6267ef772ad1972
                           .group:00000000 wm4.stdio.h.2.4aa87247282eca6c8f36f9de33d8df1a
                           .group:00000000 wm4.stdio.h.81.932d0c162786b883f622b8d05c120c78
                           .group:00000000 wm4.gd32e23x.h.39.0bf85d194b71a50de4fcad938c637dda
                           .group:00000000 wm4._intsup.h.10.cce27fed8484c08a33f522034c30d2b5
                           .group:00000000 wm4.stdint.h.23.d53047a68f4a85177f80b422d52785ed
                           .group:00000000 wm4.core_cm23.h.64.de3bc139a6604757cb96382033d22ea4
                           .group:00000000 wm4.cmsis_gcc.h.26.41038879cf168e2c536d47f29b7e8dd8
                           .group:00000000 wm4.core_cm23.h.125.de61c9c922e4fe53a01469e1afefe964
                           .group:00000000 wm4.system_gd32e23x.h.38.7a884860f7764c0ab5165a93f03201bb
                           .group:00000000 wm4.gd32e23x.h.163.9acf0d7337f9fe4e45533e128df527f9
                           .group:00000000 wm4.gd32e23x_adc.h.41.e37db1574230c817b545e8965349e4d7
                           .group:00000000 wm4.gd32e23x_crc.h.36.279adb768307700338e007c7ed677511
                           .group:00000000 wm4.gd32e23x_dbg.h.36.d33e52eaa928f5287aa06af215016669
                           .group:00000000 wm4.gd32e23x_dma.h.36.526a5bad10d356aae73db43b8b6c8ac1
                           .group:00000000 wm4.gd32e23x_exti.h.36.af0d6df8c0ce7b2677a9f89a98c409ce
                           .group:00000000 wm4.gd32e23x_fmc.h.36.75bde762cab332c240661c238a094712
                           .group:00000000 wm4.gd32e23x_gpio.h.36.795887d0586769fb622efbe77d569cda
                           .group:00000000 wm4.gd32e23x_syscfg.h.36.01ade19f7155772b744fa54349aa8666
                           .group:00000000 wm4.gd32e23x_i2c.h.36.e6cffa765f1652866ccb69e12f59470e
                           .group:00000000 wm4.gd32e23x_fwdgt.h.36.2fcc8574db554a4bd9e84c5cd0b7ab23
                           .group:00000000 wm4.gd32e23x_pmu.h.36.eca9453dd7794477bf31deebb1c6dd71
                           .group:00000000 wm4.gd32e23x_rcu.h.36.5275b85972d8917a1d7fb8903e56792a
                           .group:00000000 wm4.gd32e23x_rtc.h.36.83ced1869b0634048aca709e2e07b91d
                           .group:00000000 wm4.gd32e23x_spi.h.36.3f2a16ec9ce43b99360e154caa44fc36
                           .group:00000000 wm4.gd32e23x_timer.h.36.1a402a135f3e05d89798e4281e3b9d83
                           .group:00000000 wm4.gd32e23x_usart.h.36.c2b993b4a3fc79395d2c6452b270c65c
                           .group:00000000 wm4.gd32e23x_wwdgt.h.36.067f8fa16250ddb8196a2d3d5347a8d1
                           .group:00000000 wm4.gd32e23x_misc.h.36.02bcf8ea2494d3a2286a92cdad908103
                           .group:00000000 wm4.gd32e23x_cmp.h.36.0a60ec830a2d39bbe01854c1093a76e2
                           .group:00000000 wm4.gd32e235c_eval.h.36.7720dfbe8e4c2198d21e3451d7585c3f

UNDEFINED SYMBOLS
printf
putchar
