Archive member included to satisfy reference by file (symbol)

d:/software/gd32embeddedbuilder_v1.5.6_rel/tools/gnu tools arm embedded/xpack-arm-none-eabi-gcc/9.2.1-1.1/bin/../lib/gcc/arm-none-eabi/9.2.1/../../../../arm-none-eabi/lib/thumb/v8-m.base/nofp\libg_nano.a(lib_a-exit.o)
                              d:/software/gd32embeddedbuilder_v1.5.6_rel/tools/gnu tools arm embedded/xpack-arm-none-eabi-gcc/9.2.1-1.1/bin/../lib/gcc/arm-none-eabi/9.2.1/../../../../arm-none-eabi/lib/thumb/v8-m.base/nofp/crt0.o (exit)
d:/software/gd32embeddedbuilder_v1.5.6_rel/tools/gnu tools arm embedded/xpack-arm-none-eabi-gcc/9.2.1-1.1/bin/../lib/gcc/arm-none-eabi/9.2.1/../../../../arm-none-eabi/lib/thumb/v8-m.base/nofp\libg_nano.a(lib_a-impure.o)
                              d:/software/gd32embeddedbuilder_v1.5.6_rel/tools/gnu tools arm embedded/xpack-arm-none-eabi-gcc/9.2.1-1.1/bin/../lib/gcc/arm-none-eabi/9.2.1/../../../../arm-none-eabi/lib/thumb/v8-m.base/nofp\libg_nano.a(lib_a-exit.o) (_global_impure_ptr)
d:/software/gd32embeddedbuilder_v1.5.6_rel/tools/gnu tools arm embedded/xpack-arm-none-eabi-gcc/9.2.1-1.1/bin/../lib/gcc/arm-none-eabi/9.2.1/../../../../arm-none-eabi/lib/thumb/v8-m.base/nofp\libg_nano.a(lib_a-init.o)
                              d:/software/gd32embeddedbuilder_v1.5.6_rel/tools/gnu tools arm embedded/xpack-arm-none-eabi-gcc/9.2.1-1.1/bin/../lib/gcc/arm-none-eabi/9.2.1/../../../../arm-none-eabi/lib/thumb/v8-m.base/nofp/crt0.o (__libc_init_array)
d:/software/gd32embeddedbuilder_v1.5.6_rel/tools/gnu tools arm embedded/xpack-arm-none-eabi-gcc/9.2.1-1.1/bin/../lib/gcc/arm-none-eabi/9.2.1/../../../../arm-none-eabi/lib/thumb/v8-m.base/nofp\libg_nano.a(lib_a-printf.o)
                              ./src/main.o (printf)
d:/software/gd32embeddedbuilder_v1.5.6_rel/tools/gnu tools arm embedded/xpack-arm-none-eabi-gcc/9.2.1-1.1/bin/../lib/gcc/arm-none-eabi/9.2.1/../../../../arm-none-eabi/lib/thumb/v8-m.base/nofp\libg_nano.a(lib_a-putchar.o)
                              ./src/drivers/packet_process/Spl_stdio.o (putchar)
d:/software/gd32embeddedbuilder_v1.5.6_rel/tools/gnu tools arm embedded/xpack-arm-none-eabi-gcc/9.2.1-1.1/bin/../lib/gcc/arm-none-eabi/9.2.1/../../../../arm-none-eabi/lib/thumb/v8-m.base/nofp\libg_nano.a(lib_a-puts.o)
                              ./src/main.o (puts)
d:/software/gd32embeddedbuilder_v1.5.6_rel/tools/gnu tools arm embedded/xpack-arm-none-eabi-gcc/9.2.1-1.1/bin/../lib/gcc/arm-none-eabi/9.2.1/../../../../arm-none-eabi/lib/thumb/v8-m.base/nofp\libg_nano.a(lib_a-reent.o)
                              ./Firmware/CMSIS/GD/GD32E23x/Source/syscalls.o (errno)
d:/software/gd32embeddedbuilder_v1.5.6_rel/tools/gnu tools arm embedded/xpack-arm-none-eabi-gcc/9.2.1-1.1/bin/../lib/gcc/arm-none-eabi/9.2.1/../../../../arm-none-eabi/lib/thumb/v8-m.base/nofp\libg_nano.a(lib_a-wbuf.o)
                              d:/software/gd32embeddedbuilder_v1.5.6_rel/tools/gnu tools arm embedded/xpack-arm-none-eabi-gcc/9.2.1-1.1/bin/../lib/gcc/arm-none-eabi/9.2.1/../../../../arm-none-eabi/lib/thumb/v8-m.base/nofp\libg_nano.a(lib_a-puts.o) (__swbuf_r)
d:/software/gd32embeddedbuilder_v1.5.6_rel/tools/gnu tools arm embedded/xpack-arm-none-eabi-gcc/9.2.1-1.1/bin/../lib/gcc/arm-none-eabi/9.2.1/../../../../arm-none-eabi/lib/thumb/v8-m.base/nofp\libg_nano.a(lib_a-wsetup.o)
                              d:/software/gd32embeddedbuilder_v1.5.6_rel/tools/gnu tools arm embedded/xpack-arm-none-eabi-gcc/9.2.1-1.1/bin/../lib/gcc/arm-none-eabi/9.2.1/../../../../arm-none-eabi/lib/thumb/v8-m.base/nofp\libg_nano.a(lib_a-puts.o) (__swsetup_r)
d:/software/gd32embeddedbuilder_v1.5.6_rel/tools/gnu tools arm embedded/xpack-arm-none-eabi-gcc/9.2.1-1.1/bin/../lib/gcc/arm-none-eabi/9.2.1/../../../../arm-none-eabi/lib/thumb/v8-m.base/nofp\libg_nano.a(lib_a-fflush.o)
                              d:/software/gd32embeddedbuilder_v1.5.6_rel/tools/gnu tools arm embedded/xpack-arm-none-eabi-gcc/9.2.1-1.1/bin/../lib/gcc/arm-none-eabi/9.2.1/../../../../arm-none-eabi/lib/thumb/v8-m.base/nofp\libg_nano.a(lib_a-wbuf.o) (_fflush_r)
d:/software/gd32embeddedbuilder_v1.5.6_rel/tools/gnu tools arm embedded/xpack-arm-none-eabi-gcc/9.2.1-1.1/bin/../lib/gcc/arm-none-eabi/9.2.1/../../../../arm-none-eabi/lib/thumb/v8-m.base/nofp\libg_nano.a(lib_a-findfp.o)
                              d:/software/gd32embeddedbuilder_v1.5.6_rel/tools/gnu tools arm embedded/xpack-arm-none-eabi-gcc/9.2.1-1.1/bin/../lib/gcc/arm-none-eabi/9.2.1/../../../../arm-none-eabi/lib/thumb/v8-m.base/nofp\libg_nano.a(lib_a-printf.o) (__sinit)
d:/software/gd32embeddedbuilder_v1.5.6_rel/tools/gnu tools arm embedded/xpack-arm-none-eabi-gcc/9.2.1-1.1/bin/../lib/gcc/arm-none-eabi/9.2.1/../../../../arm-none-eabi/lib/thumb/v8-m.base/nofp\libg_nano.a(lib_a-fwalk.o)
[...]
Memory Configuration

Name             Origin             Length             Attributes
FLASH            0x08000000         0x00020000         xr
RAM              0x20000000         0x00004000         xrw
*default*        0x00000000         0xffffffff

Linker script and memory map

LOAD d:/software/gd32embeddedbuilder_v1.5.6_rel/tools/gnu tools arm embedded/xpack-arm-none-eabi-gcc/9.2.1-1.1/bin/../lib/gcc/arm-none-eabi/9.2.1/thumb/v8-m.base/nofp/crti.o
LOAD d:/software/gd32embeddedbuilder_v1.5.6_rel/tools/gnu tools arm embedded/xpack-arm-none-eabi-gcc/9.2.1-1.1/bin/../lib/gcc/arm-none-eabi/9.2.1/thumb/v8-m.base/nofp/crtbegin.o
LOAD d:/software/gd32embeddedbuilder_v1.5.6_rel/tools/gnu tools arm embedded/xpack-arm-none-eabi-gcc/9.2.1-1.1/bin/../lib/gcc/arm-none-eabi/9.2.1/../../../../arm-none-eabi/lib/thumb/v8-m.base/nofp/crt0.o
LOAD ./src/systick.o
LOAD ./src/main.o
LOAD ./src/gd32e23x_it.o
LOAD ./src/gd32e230c_eval.o
LOAD ./src/drivers/uart/Uart_init.o
LOAD ./src/drivers/packet_process/Spl_stdio.o
LOAD ./src/drivers/packet_process/Process_Packet.o
LOAD ./src/drivers/nand/Spi_nand_driver.o
LOAD ./src/drivers/nand/GD5F1GQ4xExxG.o
LOAD ./src/drivers/nand/FORESEE_F35UQB004G.o
LOAD ./src/drivers/nand/ESMTF50D1G41MYB.o
LOAD ./src/drivers/nand/DS35X2GA.o
LOAD ./src/drivers/gpio/GPIO_init.o
LOAD ./gcc_startup/startup_gd32e23x.o
LOAD ./Firmware/GD32E23x_standard_peripheral/Source/gd32e23x_wwdgt.o
LOAD ./Firmware/GD32E23x_standard_peripheral/Source/gd32e23x_usart.o
LOAD ./Firmware/GD32E23x_standard_peripheral/Source/gd32e23x_timer.o
LOAD ./Firmware/GD32E23x_standard_peripheral/Source/gd32e23x_syscfg.o
LOAD ./Firmware/GD32E23x_standard_peripheral/Source/gd32e23x_spi.o
LOAD ./Firmware/GD32E23x_standard_peripheral/Source/gd32e23x_rtc.o
LOAD ./Firmware/GD32E23x_standard_peripheral/Source/gd32e23x_rcu.o
LOAD ./Firmware/GD32E23x_standard_peripheral/Source/gd32e23x_pmu.o
LOAD ./Firmware/GD32E23x_standard_peripheral/Source/gd32e23x_misc.o
LOAD ./Firmware/GD32E23x_standard_peripheral/Source/gd32e23x_i2c.o
LOAD ./Firmware/GD32E23x_standard_peripheral/Source/gd32e23x_gpio.o
LOAD ./Firmware/GD32E23x_standard_peripheral/Source/gd32e23x_fwdgt.o
LOAD ./Firmware/GD32E23x_standard_peripheral/Source/gd32e23x_fmc.o
LOAD ./Firmware/GD32E23x_standard_peripheral/Source/gd32e23x_exti.o
LOAD ./Firmware/GD32E23x_standard_peripheral/Source/gd32e23x_dma.o
LOAD ./Firmware/GD32E23x_standard_peripheral/Source/gd32e23x_dbg.o
LOAD ./Firmware/GD32E23x_standard_peripheral/Source/gd32e23x_crc.o
LOAD ./Firmware/GD32E23x_standard_peripheral/Source/gd32e23x_cmp.o
LOAD ./Firmware/GD32E23x_standard_peripheral/Source/gd32e23x_adc.o
LOAD ./Firmware/CMSIS/GD/GD32E23x/Source/system_gd32e23x.o
LOAD ./Firmware/CMSIS/GD/GD32E23x/Source/syscalls.o
START GROUP
LOAD d:/software/gd32embeddedbuilder_v1.5.6_rel/tools/gnu tools arm embedded/xpack-arm-none-eabi-gcc/9.2.1-1.1/bin/../lib/gcc/arm-none-eabi/9.2.1/thumb/v8-m.base/nofp\libgcc.a
LOAD d:/software/gd32embeddedbuilder_v1.5.6_rel/tools/gnu tools arm embedded/xpack-arm-none-eabi-gcc/9.2.1-1.1/bin/../lib/gcc/arm-none-eabi/9.2.1/../../../../arm-none-eabi/lib/thumb/v8-m.base/nofp\libg_nano.a
LOAD d:/software/gd32embeddedbuilder_v1.5.6_rel/tools/gnu tools arm embedded/xpack-arm-none-eabi-gcc/9.2.1-1.1/bin/../lib/gcc/arm-none-eabi/9.2.1/../../../../arm-none-eabi/lib/thumb/v8-m.base/nofp\libc_nano.a
END GROUP
START GROUP
LOAD d:/software/gd32embeddedbuilder_v1.5.6_rel/tools/gnu tools arm embedded/xpack-arm-none-eabi-gcc/9.2.1-1.1/bin/../lib/gcc/arm-none-eabi/9.2.1/thumb/v8-m.base/nofp\libgcc.a
LOAD d:/software/gd32embeddedbuilder_v1.5.6_rel/tools/gnu tools arm embedded/xpack-arm-none-eabi-gcc/9.2.1-1.1/bin/../lib/gcc/arm-none-eabi/9.2.1/../../../../arm-none-eabi/lib/thumb/v8-m.base/nofp\libc_nano.a
LOAD d:/software/gd32embeddedbuilder_v1.5.6_rel/tools/gnu tools arm embedded/xpack-arm-none-eabi-gcc/9.2.1-1.1/bin/../lib/gcc/arm-none-eabi/9.2.1/../../../../arm-none-eabi/lib/thumb/v8-m.base/nofp\libnosys.a
END GROUP
START GROUP
LOAD d:/software/gd32embeddedbuilder_v1.5.6_rel/tools/gnu tools arm embedded/xpack-arm-none-eabi-gcc/9.2.1-1.1/bin/../lib/gcc/arm-none-eabi/9.2.1/thumb/v8-m.base/nofp\libgcc.a
LOAD d:/software/gd32embeddedbuilder_v1.5.6_rel/tools/gnu tools arm embedded/xpack-arm-none-eabi-gcc/9.2.1-1.1/bin/../lib/gcc/arm-none-eabi/9.2.1/../../../../arm-none-eabi/lib/thumb/v8-m.base/nofp\libc_nano.a
LOAD d:/software/gd32embeddedbuilder_v1.5.6_rel/tools/gnu tools arm embedded/xpack-arm-none-eabi-gcc/9.2.1-1.1/bin/../lib/gcc/arm-none-eabi/9.2.1/../../../../arm-none-eabi/lib/thumb/v8-m.base/nofp\libnosys.a
END GROUP
LOAD d:/software/gd32embeddedbuilder_v1.5.6_rel/tools/gnu tools arm embedded/xpack-arm-none-eabi-gcc/9.2.1-1.1/bin/../lib/gcc/arm-none-eabi/9.2.1/thumb/v8-m.base/nofp/crtend.o
LOAD d:/software/gd32embeddedbuilder_v1.5.6_rel/tools/gnu tools arm embedded/xpack-arm-none-eabi-gcc/9.2.1-1.1/bin/../lib/gcc/arm-none-eabi/9.2.1/thumb/v8-m.base/nofp/crtn.o
                0x00000800                __stack_size = DEFINED (__stack_size)?__stack_size:0x800
                0x00000400                __heap_size = DEFINED (__heap_size)?__heap_size:0x400

.vectors        0x08000000       0xcc
                0x08000000                . = ALIGN (0x4)
 *(.vectors)
 .vectors       0x08000000       0xcc ./gcc_startup/startup_gd32e23x.o
                0x08000000                __gVectors
                0x080000cc                . = ALIGN (0x4)
                0x080000cc                __Vectors_End = .
                0x080000cc                __Vectors_Size = (__Vectors_End - __gVectors)

.text           0x080000cc     0x5aa0
                0x080000cc                . = ALIGN (0x4)
 *(.text)
 .text          0x080000cc       0x14 d:/software/gd32embeddedbuilder_v1.5.6_rel/tools/gnu tools arm embedded/xpack-arm-none-eabi-gcc/9.2.1-1.1/bin/../lib/gcc/arm-none-eabi/9.2.1/thumb/v8-m.base/nofp\libgcc.a(_thumb1_case_shi.o)
                0x080000cc                __gnu_thumb1_case_shi
 *(.text*)
 .text.__do_global_dtors_aux
                0x080000e0       0x2c d:/software/gd32embeddedbuilder_v1.5.6_rel/tools/gnu tools arm embedded/xpack-arm-none-eabi-gcc/9.2.1-1.1/bin/../lib/gcc/arm-none-eabi/9.2.1/thumb/v8-m.base/nofp/crtbegin.o
 .text.frame_dummy
                0x0800010c       0x24 d:/software/gd32embeddedbuilder_v1.5.6_rel/tools/gnu tools arm embedded/xpack-arm-none-eabi-gcc/9.2.1-1.1/bin/../lib/gcc/arm-none-eabi/9.2.1/thumb/v8-m.base/nofp/crtbegin.o
 .text.__NVIC_SetPriority
                0x08000130       0xee ./src/systick.o
 .text.SysTick_Config
                0x0800021e       0x54 ./src/systick.o
 .text.systick_config
                0x08000272       0x34 ./src/systick.o
                0x08000272                systick_config
 .text.delay_1ms
                0x080002a6       0x2e ./src/systick.o
                0x080002a6                delay_1ms
 .text.delay_decrement
                0x080002d4       0x2c ./src/systick.o
                0x080002d4                delay_decrement
 .text.lcd_display
                0x08000300       0x1a ./src/main.o
                0x08000300                lcd_display
 .text.main     0x0800031a      0x3d4 ./src/main.o
                0x0800031a                main
 .text.__io_putchar
                0x080006ee       0x42 ./src/main.o
                0x080006ee                __io_putchar
 .text.NMI_Handler
                0x08000730       0x16 ./src/gd32e23x_it.o
                0x08000730                NMI_Handler
 .text.HardFault_Handler
                0x08000746        0x6 ./src/gd32e23x_it.o
                0x08000746                HardFault_Handler
 .text.SVC_Handler
                0x0800074c        0x6 ./src/gd32e23x_it.o
                0x0800074c                SVC_Handler
 .text.PendSV_Handler
                0x08000752        0x6 ./src/gd32e23x_it.o
                0x08000752                PendSV_Handler
 .text.SysTick_Handler
                0x08000758      0x132 ./src/gd32e23x_it.o
                0x08000758                SysTick_Handler
 .text.USART0_IRQHandler
                0x0800088a      0x2d8 ./src/gd32e23x_it.o
                0x0800088a                USART0_IRQHandler
 .text.gd_eval_led_init
                0x08000b62       0xa0 ./src/gd32e230c_eval.o
                0x08000b62                gd_eval_led_init
 .text.gd_eval_led_on
                0x08000c02       0x3a ./src/gd32e230c_eval.o
                0x08000c02                gd_eval_led_on
 .text.gd_eval_led_off
                0x08000c3c       0x3a ./src/gd32e230c_eval.o
                0x08000c3c                gd_eval_led_off
 .text.sio_handle_init
                0x08000c76       0x8a ./src/drivers/uart/Uart_init.o
                0x08000c76                sio_handle_init
 .text.com_usart_init
                0x08000d00       0xa8 ./src/drivers/uart/Uart_init.o
                0x08000d00                com_usart_init
 .text.com1_usart_init
                0x08000da8       0xa8 ./src/drivers/uart/Uart_init.o
                0x08000da8                com1_usart_init
 .text.com_usart_change_baud
                0x08000e50       0x66 ./src/drivers/uart/Uart_init.o
                0x08000e50                com_usart_change_baud
 .text.usart_put_char
                0x08000eb6       0x34 ./src/drivers/uart/Uart_init.o
                0x08000eb6                usart_put_char
 .text.usart_send_data
                0x08000eea      0x100 ./src/drivers/uart/Uart_init.o
                0x08000eea                usart_send_data
 .text.hexdump  0x08000fea       0x92 ./src/drivers/packet_process/Spl_stdio.o
                0x08000fea                hexdump
 .text.crc_16_l_calc
                0x0800107c       0x96 ./src/drivers/packet_process/Spl_stdio.o
                0x0800107c                crc_16_l_calc
 .text.ENDIAN_CONVERT_16
                0x08001112       0x34 ./src/drivers/packet_process/Spl_stdio.o
                0x08001112                ENDIAN_CONVERT_16
 *fill*         0x08001146        0x2 
 .text.ENDIAN_CONVERT_32
                0x08001148       0x38 ./src/drivers/packet_process/Spl_stdio.o
                0x08001148                ENDIAN_CONVERT_32
 .text.memset   0x08001180       0x44 ./src/drivers/packet_process/Spl_stdio.o
                0x08001180                memset
 .text.memcpy   0x080011c4       0x46 ./src/drivers/packet_process/Spl_stdio.o
                0x080011c4                memcpy
 .text.memcmp   0x0800120a       0x4e ./src/drivers/packet_process/Spl_stdio.o
                0x0800120a                memcmp
 .text.Process_packets
                0x08001258      0x3b8 ./src/drivers/packet_process/Process_Packet.o
                0x08001258                Process_packets
 .text.Send_Error_Code
                0x08001610       0x4c ./src/drivers/packet_process/Process_Packet.o
                0x08001610                Send_Error_Code
 .text.Change_Baud_CMD
                0x0800165c       0x90 ./src/drivers/packet_process/Process_Packet.o
                0x0800165c                Change_Baud_CMD
 .text.Send_Connect_CMD
                0x080016ec       0x66 ./src/drivers/packet_process/Process_Packet.o
                0x080016ec                Send_Connect_CMD
 .text.Send_Start_CMD
                0x08001752      0x1e8 ./src/drivers/packet_process/Process_Packet.o
                0x08001752                Send_Start_CMD
 .text.Send_Data_Midst_CMD
                0x0800193a      0x154 ./src/drivers/packet_process/Process_Packet.o
                0x0800193a                Send_Data_Midst_CMD
 .text.Send_Nand_ID_CMD
                0x08001a8e       0x8c ./src/drivers/packet_process/Process_Packet.o
                0x08001a8e                Send_Nand_ID_CMD
 .text.Send_Data_End_CMD
                0x08001b1a       0x66 ./src/drivers/packet_process/Process_Packet.o
                0x08001b1a                Send_Data_End_CMD
 .text.Send_Data_Exec_CMD
                0x08001b80       0x86 ./src/drivers/packet_process/Process_Packet.o
                0x08001b80                Send_Data_Exec_CMD
 .text.Uart_Download_end
                0x08001c06       0x48 ./src/drivers/packet_process/Process_Packet.o
                0x08001c06                Uart_Download_end
 .text.mcu_enter_deepsleep
                0x08001c4e       0xe4 ./src/drivers/packet_process/Process_Packet.o
                0x08001c4e                mcu_enter_deepsleep
 .text.nand_flash_init
                0x08001d32      0x2a6 ./src/drivers/packet_process/Process_Packet.o
                0x08001d32                nand_flash_init
 .text.Timer_handler_Clear
                0x08001fd8       0x1c ./src/drivers/packet_process/Process_Packet.o
                0x08001fd8                Timer_handler_Clear
 .text.Timer_handler_Start
                0x08001ff4       0x46 ./src/drivers/packet_process/Process_Packet.o
                0x08001ff4                Timer_handler_Start
 .text.SPL_GetNandFlashData
                0x0800203a      0x4f2 ./src/drivers/packet_process/Process_Packet.o
                0x0800203a                SPL_GetNandFlashData
 .text.check_spl_magic
                0x0800252c      0x13e ./src/drivers/packet_process/Process_Packet.o
                0x0800252c                check_spl_magic
 .text.check_failed_process
                0x0800266a       0x56 ./src/drivers/packet_process/Process_Packet.o
                0x0800266a                check_failed_process
 .text.spi_nand_cs_sel
                0x080026c0       0x4a ./src/drivers/nand/Spi_nand_driver.o
 .text.spi_nandflash_init
                0x0800270a       0xc8 ./src/drivers/nand/Spi_nand_driver.o
                0x0800270a                spi_nandflash_init
 .text.spi_nand_rw_byte
                0x080027d2       0x6c ./src/drivers/nand/Spi_nand_driver.o
                0x080027d2                spi_nand_rw_byte
 .text.spi_nand_reset
                0x0800283e       0x1c ./src/drivers/nand/Spi_nand_driver.o
                0x0800283e                spi_nand_reset
 .text.spi_nand_read_id
                0x0800285a       0x86 ./src/drivers/nand/Spi_nand_driver.o
 .text.spinand_get_specinfo
                0x080028e0      0x1c8 ./src/drivers/nand/Spi_nand_driver.o
                0x080028e0                spinand_get_specinfo
 .text.NANDFLASH_Read
                0x08002aa8       0xb2 ./src/drivers/nand/Spi_nand_driver.o
                0x08002aa8                NANDFLASH_Read
 .text.spi_nand_cs_sel
                0x08002b5a       0x4a ./src/drivers/nand/GD5F1GQ4xExxG.o
 .text.spi_nand_set_feature
                0x08002ba4       0x40 ./src/drivers/nand/GD5F1GQ4xExxG.o
                0x08002ba4                spi_nand_set_feature
 .text.spi_nand_get_feature
                0x08002be4       0x4a ./src/drivers/nand/GD5F1GQ4xExxG.o
                0x08002be4                spi_nand_get_feature
 .text.spi_nand_read_from_cache
                0x08002c2e       0x74 ./src/drivers/nand/GD5F1GQ4xExxG.o
                0x08002c2e                spi_nand_read_from_cache
 .text.spi_nand_read2cache
                0x08002ca2       0x76 ./src/drivers/nand/GD5F1GQ4xExxG.o
                0x08002ca2                spi_nand_read2cache
 .text.spi_nand_write_enable
                0x08002d18       0x1c ./src/drivers/nand/GD5F1GQ4xExxG.o
                0x08002d18                spi_nand_write_enable
 .text.spi_nand_enable_ecc
                0x08002d34       0x38 ./src/drivers/nand/GD5F1GQ4xExxG.o
                0x08002d34                spi_nand_enable_ecc
 .text.spi_nand_disable_ecc
                0x08002d6c       0x38 ./src/drivers/nand/GD5F1GQ4xExxG.o
                0x08002d6c                spi_nand_disable_ecc
 .text.spi_nand_check_ecc
                0x08002da4       0x3a ./src/drivers/nand/GD5F1GQ4xExxG.o
                0x08002da4                spi_nand_check_ecc
 .text.spi_nand_erase_blk
                0x08002dde       0x6e ./src/drivers/nand/GD5F1GQ4xExxG.o
                0x08002dde                spi_nand_erase_blk
 .text.spi_nand_config
                0x08002e4c       0x14 ./src/drivers/nand/GD5F1GQ4xExxG.o
                0x08002e4c                spi_nand_config
 .text.spi_nand_check_blk_sts
                0x08002e60       0x4c ./src/drivers/nand/GD5F1GQ4xExxG.o
                0x08002e60                spi_nand_check_blk_sts
 .text.foresee_spi_nand_check_ecc
                0x08002eac       0x32 ./src/drivers/nand/FORESEE_F35UQB004G.o
                0x08002eac                foresee_spi_nand_check_ecc
 .text.spi_nand_continue_read_disable
                0x08002ede       0x32 ./src/drivers/nand/ESMTF50D1G41MYB.o
 .text.spi_nand_continue_read_enable
                0x08002f10       0x32 ./src/drivers/nand/ESMTF50D1G41MYB.o
 .text.esmt_spi_nand_config
                0x08002f42       0x18 ./src/drivers/nand/ESMTF50D1G41MYB.o
 .text.esmt_spi_nand_recovery
                0x08002f5a        0xe ./src/drivers/nand/ESMTF50D1G41MYB.o
 .text.esmt_spi_nand_check_ecc
                0x08002f68       0x4e ./src/drivers/nand/ESMTF50D1G41MYB.o
 .text.spi_nand_cs_sel
                0x08002fb6       0x4a ./src/drivers/nand/DS35X2GA.o
 .text.ds_spi_nand_read_from_cache
                0x08003000       0x8c ./src/drivers/nand/DS35X2GA.o
                0x08003000                ds_spi_nand_read_from_cache
 .text.com_gpio_init
                0x0800308c       0xec ./src/drivers/gpio/GPIO_init.o
                0x0800308c                com_gpio_init
 .text.com1_gpio_init
                0x08003178       0x66 ./src/drivers/gpio/GPIO_init.o
                0x08003178                com1_gpio_init
 .text.soc_pbint_pressed
                0x080031de       0x3e ./src/drivers/gpio/GPIO_init.o
                0x080031de                soc_pbint_pressed
 .text.Set_SPI_High_Resistance
                0x0800321c       0x20 ./src/drivers/gpio/GPIO_init.o
                0x0800321c                Set_SPI_High_Resistance
 .text.MCU_DeepSleepMode
                0x0800323c       0x2a ./src/drivers/gpio/GPIO_init.o
                0x0800323c                MCU_DeepSleepMode
 .text.MCU_Set_Soc_Pbint
                0x08003266       0x16 ./src/drivers/gpio/GPIO_init.o
                0x08003266                MCU_Set_Soc_Pbint
 .text.MCU_Reset_Soc_Pbint
                0x0800327c       0x16 ./src/drivers/gpio/GPIO_init.o
                0x0800327c                MCU_Reset_Soc_Pbint
 .text.MCU_Set_Led_Up
                0x08003292       0x10 ./src/drivers/gpio/GPIO_init.o
                0x08003292                MCU_Set_Led_Up
 .text.MCU_Set_Led_Down
                0x080032a2       0x10 ./src/drivers/gpio/GPIO_init.o
                0x080032a2                MCU_Set_Led_Down
 .text.MCU_Detect_Key_Pressed
                0x080032b2       0x16 ./src/drivers/gpio/GPIO_init.o
                0x080032b2                MCU_Detect_Key_Pressed
 .text.Reset_Handler
                0x080032c8       0x50 ./gcc_startup/startup_gd32e23x.o
                0x080032c8                Reset_Handler
 .text.Default_Handler
                0x08003318        0x2 ./gcc_startup/startup_gd32e23x.o
                0x08003318                TIMER2_IRQHandler
                0x08003318                TIMER5_IRQHandler
                0x08003318                LVD_IRQHandler
                0x08003318                TIMER15_IRQHandler
                0x08003318                I2C0_EV_IRQHandler
                0x08003318                ADC_CMP_IRQHandler
                0x08003318                SPI1_IRQHandler
                0x08003318                TAMPER_IRQHandler
                0x08003318                DMA_Channel3_4_IRQHandler
                0x08003318                TIMER14_IRQHandler
                0x08003318                TIMER16_IRQHandler
                0x08003318                EXTI2_3_IRQHandler
                0x08003318                I2C0_ER_IRQHandler
                0x08003318                RTC_IRQHandler
                0x08003318                TIMER13_IRQHandler
                0x08003318                I2C1_EV_IRQHandler
                0x08003318                EXTI4_15_IRQHandler
                0x08003318                Default_Handler
                0x08003318                WWDGT_IRQHandler
                0x08003318                TIMER0_BRK_UP_TRG_COM_IRQHandler
                0x08003318                EXTI0_1_IRQHandler
                0x08003318                DMA_Channel1_2_IRQHandler
                0x08003318                RCU_IRQHandler
                0x08003318                TIMER0_Channel_IRQHandler
                0x08003318                SPI0_IRQHandler
                0x08003318                DMA_Channel0_IRQHandler
                0x08003318                USART1_IRQHandler
                0x08003318                I2C1_ER_IRQHandler
                0x08003318                FMC_IRQHandler
 .text.usart_deinit
                0x0800331a       0x52 ./Firmware/GD32E23x_standard_peripheral/Source/gd32e23x_usart.o
                0x0800331a                usart_deinit
 .text.usart_baudrate_set
                0x0800336c       0xce ./Firmware/GD32E23x_standard_peripheral/Source/gd32e23x_usart.o
                0x0800336c                usart_baudrate_set
 *fill*         0x0800343a        0x2 
 .text.usart_parity_config
                0x0800343c       0x3c ./Firmware/GD32E23x_standard_peripheral/Source/gd32e23x_usart.o
                0x0800343c                usart_parity_config
 .text.usart_word_length_set
                0x08003478       0x3c ./Firmware/GD32E23x_standard_peripheral/Source/gd32e23x_usart.o
                0x08003478                usart_word_length_set
 .text.usart_stop_bit_set
                0x080034b4       0x44 ./Firmware/GD32E23x_standard_peripheral/Source/gd32e23x_usart.o
                0x080034b4                usart_stop_bit_set
 .text.usart_enable
                0x080034f8       0x1c ./Firmware/GD32E23x_standard_peripheral/Source/gd32e23x_usart.o
                0x080034f8                usart_enable
 .text.usart_transmit_config
                0x08003514       0x2a ./Firmware/GD32E23x_standard_peripheral/Source/gd32e23x_usart.o
                0x08003514                usart_transmit_config
 .text.usart_receive_config
                0x0800353e       0x2a ./Firmware/GD32E23x_standard_peripheral/Source/gd32e23x_usart.o
                0x0800353e                usart_receive_config
 .text.usart_oversample_config
                0x08003568       0x3c ./Firmware/GD32E23x_standard_peripheral/Source/gd32e23x_usart.o
                0x08003568                usart_oversample_config
 .text.usart_data_transmit
                0x080035a4       0x1e ./Firmware/GD32E23x_standard_peripheral/Source/gd32e23x_usart.o
                0x080035a4                usart_data_transmit
 .text.usart_data_receive
                0x080035c2       0x1e ./Firmware/GD32E23x_standard_peripheral/Source/gd32e23x_usart.o
                0x080035c2                usart_data_receive
 .text.usart_wakeup_enable
                0x080035e0       0x1c ./Firmware/GD32E23x_standard_peripheral/Source/gd32e23x_usart.o
                0x080035e0                usart_wakeup_enable
 .text.usart_wakeup_mode_config
                0x080035fc       0x48 ./Firmware/GD32E23x_standard_peripheral/Source/gd32e23x_usart.o
                0x080035fc                usart_wakeup_mode_config
 .text.usart_flag_get
                0x08003644       0x3e ./Firmware/GD32E23x_standard_peripheral/Source/gd32e23x_usart.o
                0x08003644                usart_flag_get
 .text.usart_flag_clear
                0x08003682       0x30 ./Firmware/GD32E23x_standard_peripheral/Source/gd32e23x_usart.o
                0x08003682                usart_flag_clear
 .text.usart_interrupt_enable
                0x080036b2       0x44 ./Firmware/GD32E23x_standard_peripheral/Source/gd32e23x_usart.o
                0x080036b2                usart_interrupt_enable
 .text.usart_interrupt_disable
                0x080036f6       0x48 ./Firmware/GD32E23x_standard_peripheral/Source/gd32e23x_usart.o
                0x080036f6                usart_interrupt_disable
 .text.usart_interrupt_flag_get
                0x0800373e       0x62 ./Firmware/GD32E23x_standard_peripheral/Source/gd32e23x_usart.o
                0x0800373e                usart_interrupt_flag_get
 .text.usart_interrupt_flag_clear
                0x080037a0       0x50 ./Firmware/GD32E23x_standard_peripheral/Source/gd32e23x_usart.o
                0x080037a0                usart_interrupt_flag_clear
 .text.syscfg_flag_get
                0x080037f0       0x24 ./Firmware/GD32E23x_standard_peripheral/Source/gd32e23x_syscfg.o
                0x080037f0                syscfg_flag_get
 .text.spi_init
                0x08003814      0x138 ./Firmware/GD32E23x_standard_peripheral/Source/gd32e23x_spi.o
                0x08003814                spi_init
 .text.spi_enable
                0x0800394c       0x1c ./Firmware/GD32E23x_standard_peripheral/Source/gd32e23x_spi.o
                0x0800394c                spi_enable
 .text.spi_disable
                0x08003968       0x1c ./Firmware/GD32E23x_standard_peripheral/Source/gd32e23x_spi.o
                0x08003968                spi_disable
 .text.spi_i2s_data_transmit
                0x08003984       0x5e ./Firmware/GD32E23x_standard_peripheral/Source/gd32e23x_spi.o
                0x08003984                spi_i2s_data_transmit
 .text.spi_i2s_data_receive
                0x080039e2       0x50 ./Firmware/GD32E23x_standard_peripheral/Source/gd32e23x_spi.o
                0x080039e2                spi_i2s_data_receive
 .text.spi_i2s_flag_get
                0x08003a32      0x13a ./Firmware/GD32E23x_standard_peripheral/Source/gd32e23x_spi.o
                0x08003a32                spi_i2s_flag_get
 .text.rcu_periph_clock_enable
                0x08003b6c       0x4a ./Firmware/GD32E23x_standard_peripheral/Source/gd32e23x_rcu.o
                0x08003b6c                rcu_periph_clock_enable
 .text.rcu_periph_reset_enable
                0x08003bb6       0x4a ./Firmware/GD32E23x_standard_peripheral/Source/gd32e23x_rcu.o
                0x08003bb6                rcu_periph_reset_enable
 .text.rcu_periph_reset_disable
                0x08003c00       0x4e ./Firmware/GD32E23x_standard_peripheral/Source/gd32e23x_rcu.o
                0x08003c00                rcu_periph_reset_disable
 .text.rcu_usart_clock_config
                0x08003c4e       0x40 ./Firmware/GD32E23x_standard_peripheral/Source/gd32e23x_rcu.o
                0x08003c4e                rcu_usart_clock_config
 *fill*         0x08003c8e        0x2 
 .text.rcu_clock_freq_get
                0x08003c90      0x380 ./Firmware/GD32E23x_standard_peripheral/Source/gd32e23x_rcu.o
                0x08003c90                rcu_clock_freq_get
 .text.pmu_to_deepsleepmode
                0x08004010       0x86 ./Firmware/GD32E23x_standard_peripheral/Source/gd32e23x_pmu.o
                0x08004010                pmu_to_deepsleepmode
 .text.__NVIC_EnableIRQ
                0x08004096       0x42 ./Firmware/GD32E23x_standard_peripheral/Source/gd32e23x_misc.o
 .text.__NVIC_DisableIRQ
                0x080040d8       0x50 ./Firmware/GD32E23x_standard_peripheral/Source/gd32e23x_misc.o
 .text.__NVIC_SetPriority
                0x08004128       0xee ./Firmware/GD32E23x_standard_peripheral/Source/gd32e23x_misc.o
 .text.nvic_irq_enable
                0x08004216       0x38 ./Firmware/GD32E23x_standard_peripheral/Source/gd32e23x_misc.o
                0x08004216                nvic_irq_enable
 .text.nvic_irq_disable
                0x0800424e       0x20 ./Firmware/GD32E23x_standard_peripheral/Source/gd32e23x_misc.o
                0x0800424e                nvic_irq_disable
 .text.nvic_vector_table_set
                0x0800426e       0x34 ./Firmware/GD32E23x_standard_peripheral/Source/gd32e23x_misc.o
                0x0800426e                nvic_vector_table_set
 .text.gpio_mode_set
                0x080042a2       0xb0 ./Firmware/GD32E23x_standard_peripheral/Source/gd32e23x_gpio.o
                0x080042a2                gpio_mode_set
 .text.gpio_output_options_set
                0x08004352       0xb0 ./Firmware/GD32E23x_standard_peripheral/Source/gd32e23x_gpio.o
                0x08004352                gpio_output_options_set
 .text.gpio_bit_set
                0x08004402       0x1a ./Firmware/GD32E23x_standard_peripheral/Source/gd32e23x_gpio.o
                0x08004402                gpio_bit_set
 .text.gpio_bit_reset
                0x0800441c       0x1a ./Firmware/GD32E23x_standard_peripheral/Source/gd32e23x_gpio.o
                0x0800441c                gpio_bit_reset
 .text.gpio_input_bit_get
                0x08004436       0x24 ./Firmware/GD32E23x_standard_peripheral/Source/gd32e23x_gpio.o
                0x08004436                gpio_input_bit_get
 .text.gpio_output_bit_get
                0x0800445a       0x24 ./Firmware/GD32E23x_standard_peripheral/Source/gd32e23x_gpio.o
                0x0800445a                gpio_output_bit_get
 .text.gpio_af_set
                0x0800447e       0xe6 ./Firmware/GD32E23x_standard_peripheral/Source/gd32e23x_gpio.o
                0x0800447e                gpio_af_set
 .text._soft_delay_
                0x08004564       0x30 ./Firmware/CMSIS/GD/GD32E23x/Source/system_gd32e23x.o
 .text.SystemInit
                0x08004594      0x1d4 ./Firmware/CMSIS/GD/GD32E23x/Source/system_gd32e23x.o
                0x08004594                SystemInit
 .text.system_clock_config
                0x08004768        0xe ./Firmware/CMSIS/GD/GD32E23x/Source/system_gd32e23x.o
                0x08004768                system_clock_config
 .text.system_clock_72m_irc8m
                0x08004776      0x1d8 ./Firmware/CMSIS/GD/GD32E23x/Source/system_gd32e23x.o
 .text._sbrk    0x0800494e       0x72 ./Firmware/CMSIS/GD/GD32E23x/Source/syscalls.o
                0x0800494e                _sbrk
 .text._write   0x080049c0       0x3a ./Firmware/CMSIS/GD/GD32E23x/Source/syscalls.o
                0x080049c0                _write
 .text._close   0x080049fa       0x14 ./Firmware/CMSIS/GD/GD32E23x/Source/syscalls.o
                0x080049fa                _close
 .text._fstat   0x08004a0e       0x1c ./Firmware/CMSIS/GD/GD32E23x/Source/syscalls.o
                0x08004a0e                _fstat
 .text._isatty  0x08004a2a       0x12 ./Firmware/CMSIS/GD/GD32E23x/Source/syscalls.o
                0x08004a2a                _isatty
 .text._lseek   0x08004a3c       0x16 ./Firmware/CMSIS/GD/GD32E23x/Source/syscalls.o
                0x08004a3c                _lseek
 .text._read    0x08004a52       0x3a ./Firmware/CMSIS/GD/GD32E23x/Source/syscalls.o
                0x08004a52                _read
 .text.__libc_init_array
                0x08004a8c       0x50 d:/software/gd32embeddedbuilder_v1.5.6_rel/tools/gnu tools arm embedded/xpack-arm-none-eabi-gcc/9.2.1-1.1/bin/../lib/gcc/arm-none-eabi/9.2.1/../../../../arm-none-eabi/lib/thumb/v8-m.base/nofp\libg_nano.a(lib_a-init.o)
                0x08004a8c                __libc_init_array
 .text.printf   0x08004adc       0x30 d:/software/gd32embeddedbuilder_v1.5.6_rel/tools/gnu tools arm embedded/xpack-arm-none-eabi-gcc/9.2.1-1.1/bin/../lib/gcc/arm-none-eabi/9.2.1/../../../../arm-none-eabi/lib/thumb/v8-m.base/nofp\libg_nano.a(lib_a-printf.o)
                0x08004adc                iprintf
                0x08004adc                printf
 .text.putchar  0x08004b0c       0x24 d:/software/gd32embeddedbuilder_v1.5.6_rel/tools/gnu tools arm embedded/xpack-arm-none-eabi-gcc/9.2.1-1.1/bin/../lib/gcc/arm-none-eabi/9.2.1/../../../../arm-none-eabi/lib/thumb/v8-m.base/nofp\libg_nano.a(lib_a-putchar.o)
                0x08004b0c                putchar
 .text._puts_r  0x08004b30       0xdc d:/software/gd32embeddedbuilder_v1.5.6_rel/tools/gnu tools arm embedded/xpack-arm-none-eabi-gcc/9.2.1-1.1/bin/../lib/gcc/arm-none-eabi/9.2.1/../../../../arm-none-eabi/lib/thumb/v8-m.base/nofp\libg_nano.a(lib_a-puts.o)
                0x08004b30                _puts_r
 .text.puts     0x08004c0c       0x14 d:/software/gd32embeddedbuilder_v1.5.6_rel/tools/gnu tools arm embedded/xpack-arm-none-eabi-gcc/9.2.1-1.1/bin/../lib/gcc/arm-none-eabi/9.2.1/../../../../arm-none-eabi/lib/thumb/v8-m.base/nofp\libg_nano.a(lib_a-puts.o)
                0x08004c0c                puts
 .text.__swbuf_r
                0x08004c20       0xa4 d:/software/gd32embeddedbuilder_v1.5.6_rel/tools/gnu tools arm embedded/xpack-arm-none-eabi-gcc/9.2.1-1.1/bin/../lib/gcc/arm-none-eabi/9.2.1/../../../../arm-none-eabi/lib/thumb/v8-m.base/nofp\libg_nano.a(lib_a-wbuf.o)
                0x08004c20                __swbuf_r
 .text.__swsetup_r
                0x08004cc4       0xe8 d:/software/gd32embeddedbuilder_v1.5.6_rel/tools/gnu tools arm embedded/xpack-arm-none-eabi-gcc/9.2.1-1.1/bin/../lib/gcc/arm-none-eabi/9.2.1/../../../../arm-none-eabi/lib/thumb/v8-m.base/nofp\libg_nano.a(lib_a-wsetup.o)
                0x08004cc4                __swsetup_r
 .text.__sflush_r
                0x08004dac      0x114 d:/software/gd32embeddedbuilder_v1.5.6_rel/tools/gnu tools arm embedded/xpack-arm-none-eabi-gcc/9.2.1-1.1/bin/../lib/gcc/arm-none-eabi/9.2.1/../../../../arm-none-eabi/lib/thumb/v8-m.base/nofp\libg_nano.a(lib_a-fflush.o)
                0x08004dac                __sflush_r
 .text._fflush_r
                0x08004ec0       0x78 d:/software/gd32embeddedbuilder_v1.5.6_rel/tools/gnu tools arm embedded/xpack-arm-none-eabi-gcc/9.2.1-1.1/bin/../lib/gcc/arm-none-eabi/9.2.1/../../../../arm-none-eabi/lib/thumb/v8-m.base/nofp\libg_nano.a(lib_a-fflush.o)
                0x08004ec0                _fflush_r
 .text.std      0x08004f38       0x48 d:/software/gd32embeddedbuilder_v1.5.6_rel/tools/gnu tools arm embedded/xpack-arm-none-eabi-gcc/9.2.1-1.1/bin/../lib/gcc/arm-none-eabi/9.2.1/../../../../arm-none-eabi/lib/thumb/v8-m.base/nofp\libg_nano.a(lib_a-findfp.o)
 .text._cleanup_r
                0x08004f80       0x10 d:/software/gd32embeddedbuilder_v1.5.6_rel/tools/gnu tools arm embedded/xpack-arm-none-eabi-gcc/9.2.1-1.1/bin/../lib/gcc/arm-none-eabi/9.2.1/../../../../arm-none-eabi/lib/thumb/v8-m.base/nofp\libg_nano.a(lib_a-findfp.o)
                0x08004f80                _cleanup_r
 .text.__sfmoreglue
                0x08004f90       0x2c d:/software/gd32embeddedbuilder_v1.5.6_rel/tools/gnu tools arm embedded/xpack-arm-none-eabi-gcc/9.2.1-1.1/bin/../lib/gcc/arm-none-eabi/9.2.1/../../../../arm-none-eabi/lib/thumb/v8-m.base/nofp\libg_nano.a(lib_a-findfp.o)
                0x08004f90                __sfmoreglue
 .text.__sfp_lock_acquire
                0x08004fbc       0x10 d:/software/gd32embeddedbuilder_v1.5.6_rel/tools/gnu tools arm embedded/xpack-arm-none-eabi-gcc/9.2.1-1.1/bin/../lib/gcc/arm-none-eabi/9.2.1/../../../../arm-none-eabi/lib/thumb/v8-m.base/nofp\libg_nano.a(lib_a-findfp.o)
                0x08004fbc                __sfp_lock_acquire
 .text.__sfp_lock_release
                0x08004fcc       0x10 d:/software/gd32embeddedbuilder_v1.5.6_rel/tools/gnu tools arm embedded/xpack-arm-none-eabi-gcc/9.2.1-1.1/bin/../lib/gcc/arm-none-eabi/9.2.1/../../../../arm-none-eabi/lib/thumb/v8-m.base/nofp\libg_nano.a(lib_a-findfp.o)
                0x08004fcc                __sfp_lock_release
 .text.__sinit_lock_acquire
                0x08004fdc       0x10 d:/software/gd32embeddedbuilder_v1.5.6_rel/tools/gnu tools arm embedded/xpack-arm-none-eabi-gcc/9.2.1-1.1/bin/../lib/gcc/arm-none-eabi/9.2.1/../../../../arm-none-eabi/lib/thumb/v8-m.base/nofp\libg_nano.a(lib_a-findfp.o)
                0x08004fdc                __sinit_lock_acquire
 .text.__sinit_lock_release
                0x08004fec       0x10 d:/software/gd32embeddedbuilder_v1.5.6_rel/tools/gnu tools arm embedded/xpack-arm-none-eabi-gcc/9.2.1-1.1/bin/../lib/gcc/arm-none-eabi/9.2.1/../../../../arm-none-eabi/lib/thumb/v8-m.base/nofp\libg_nano.a(lib_a-findfp.o)
                0x08004fec                __sinit_lock_release
 .text.__sinit  0x08004ffc       0x70 d:/software/gd32embeddedbuilder_v1.5.6_rel/tools/gnu tools arm embedded/xpack-arm-none-eabi-gcc/9.2.1-1.1/bin/../lib/gcc/arm-none-eabi/9.2.1/../../../../arm-none-eabi/lib/thumb/v8-m.base/nofp\libg_nano.a(lib_a-findfp.o)
                0x08004ffc                __sinit
 .text.__sfp    0x0800506c       0x8c d:/software/gd32embeddedbuilder_v1.5.6_rel/tools/gnu tools arm embedded/xpack-arm-none-eabi-gcc/9.2.1-1.1/bin/../lib/gcc/arm-none-eabi/9.2.1/../../../../arm-none-eabi/lib/thumb/v8-m.base/nofp\libg_nano.a(lib_a-findfp.o)
                0x0800506c                __sfp
 .text._fwalk_reent
                0x080050f8       0x40 d:/software/gd32embeddedbuilder_v1.5.6_rel/tools/gnu tools arm embedded/xpack-arm-none-eabi-gcc/9.2.1-1.1/bin/../lib/gcc/arm-none-eabi/9.2.1/../../../../arm-none-eabi/lib/thumb/v8-m.base/nofp\libg_nano.a(lib_a-fwalk.o)
                0x080050f8                _fwalk_reent
 .text.__retarget_lock_init_recursive
                0x08005138        0x2 d:/software/gd32embeddedbuilder_v1.5.6_rel/tools/gnu tools arm embedded/xpack-arm-none-eabi-gcc/9.2.1-1.1/bin/../lib/gcc/arm-none-eabi/9.2.1/../../../../arm-none-eabi/lib/thumb/v8-m.base/nofp\libg_nano.a(lib_a-lock.o)
                0x08005138                __retarget_lock_init_recursive
 .text.__retarget_lock_acquire_recursive
                0x0800513a        0x2 d:/software/gd32embeddedbuilder_v1.5.6_rel/tools/gnu tools arm embedded/xpack-arm-none-eabi-gcc/9.2.1-1.1/bin/../lib/gcc/arm-none-eabi/9.2.1/../../../../arm-none-eabi/lib/thumb/v8-m.base/nofp\libg_nano.a(lib_a-lock.o)
                0x0800513a                __retarget_lock_acquire_recursive
 .text.__retarget_lock_release_recursive
                0x0800513c        0x2 d:/software/gd32embeddedbuilder_v1.5.6_rel/tools/gnu tools arm embedded/xpack-arm-none-eabi-gcc/9.2.1-1.1/bin/../lib/gcc/arm-none-eabi/9.2.1/../../../../arm-none-eabi/lib/thumb/v8-m.base/nofp\libg_nano.a(lib_a-lock.o)
                0x0800513c                __retarget_lock_release_recursive
 *fill*         0x0800513e        0x2 
 .text.__swhatbuf_r
                0x08005140       0x50 d:/software/gd32embeddedbuilder_v1.5.6_rel/tools/gnu tools arm embedded/xpack-arm-none-eabi-gcc/9.2.1-1.1/bin/../lib/gcc/arm-none-eabi/9.2.1/../../../../arm-none-eabi/lib/thumb/v8-m.base/nofp\libg_nano.a(lib_a-makebuf.o)
                0x08005140                __swhatbuf_r
 .text.__smakebuf_r
                0x08005190       0x80 d:/software/gd32embeddedbuilder_v1.5.6_rel/tools/gnu tools arm embedded/xpack-arm-none-eabi-gcc/9.2.1-1.1/bin/../lib/gcc/arm-none-eabi/9.2.1/../../../../arm-none-eabi/lib/thumb/v8-m.base/nofp\libg_nano.a(lib_a-makebuf.o)
                0x08005190                __smakebuf_r
 .text._free_r  0x08005210       0x94 d:/software/gd32embeddedbuilder_v1.5.6_rel/tools/gnu tools arm embedded/xpack-arm-none-eabi-gcc/9.2.1-1.1/bin/../lib/gcc/arm-none-eabi/9.2.1/../../../../arm-none-eabi/lib/thumb/v8-m.base/nofp\libg_nano.a(lib_a-nano-freer.o)
                0x08005210                _free_r
 .text._malloc_r
                0x080052a4       0xb8 d:/software/gd32embeddedbuilder_v1.5.6_rel/tools/gnu tools arm embedded/xpack-arm-none-eabi-gcc/9.2.1-1.1/bin/../lib/gcc/arm-none-eabi/9.2.1/../../../../arm-none-eabi/lib/thumb/v8-m.base/nofp\libg_nano.a(lib_a-nano-mallocr.o)
                0x080052a4                _malloc_r
 .text.__sfputc_r
                0x0800535c       0x2a d:/software/gd32embeddedbuilder_v1.5.6_rel/tools/gnu tools arm embedded/xpack-arm-none-eabi-gcc/9.2.1-1.1/bin/../lib/gcc/arm-none-eabi/9.2.1/../../../../arm-none-eabi/lib/thumb/v8-m.base/nofp\libg_nano.a(lib_a-nano-vfprintf.o)
 .text.__sfputs_r
                0x08005386       0x24 d:/software/gd32embeddedbuilder_v1.5.6_rel/tools/gnu tools arm embedded/xpack-arm-none-eabi-gcc/9.2.1-1.1/bin/../lib/gcc/arm-none-eabi/9.2.1/../../../../arm-none-eabi/lib/thumb/v8-m.base/nofp\libg_nano.a(lib_a-nano-vfprintf.o)
                0x08005386                __sfputs_r
 *fill*         0x080053aa        0x2 
 .text._vfprintf_r
                0x080053ac      0x264 d:/software/gd32embeddedbuilder_v1.5.6_rel/tools/gnu tools arm embedded/xpack-arm-none-eabi-gcc/9.2.1-1.1/bin/../lib/gcc/arm-none-eabi/9.2.1/../../../../arm-none-eabi/lib/thumb/v8-m.base/nofp\libg_nano.a(lib_a-nano-vfprintf.o)
                0x080053ac                _vfprintf_r
                0x080053ac                _vfiprintf_r
 .text._printf_common
                0x08005610       0xdc d:/software/gd32embeddedbuilder_v1.5.6_rel/tools/gnu tools arm embedded/xpack-arm-none-eabi-gcc/9.2.1-1.1/bin/../lib/gcc/arm-none-eabi/9.2.1/../../../../arm-none-eabi/lib/thumb/v8-m.base/nofp\libg_nano.a(lib_a-nano-vfprintf_i.o)
                0x08005610                _printf_common
 .text._printf_i
                0x080056ec      0x218 d:/software/gd32embeddedbuilder_v1.5.6_rel/tools/gnu tools arm embedded/xpack-arm-none-eabi-gcc/9.2.1-1.1/bin/../lib/gcc/arm-none-eabi/9.2.1/../../../../arm-none-eabi/lib/thumb/v8-m.base/nofp\libg_nano.a(lib_a-nano-vfprintf_i.o)
                0x080056ec                _printf_i
 .text._putc_r  0x08005904       0x90 d:/software/gd32embeddedbuilder_v1.5.6_rel/tools/gnu tools arm embedded/xpack-arm-none-eabi-gcc/9.2.1-1.1/bin/../lib/gcc/arm-none-eabi/9.2.1/../../../../arm-none-eabi/lib/thumb/v8-m.base/nofp\libg_nano.a(lib_a-putc.o)
                0x08005904                _putc_r
 .text._sbrk_r  0x08005994       0x20 d:/software/gd32embeddedbuilder_v1.5.6_rel/tools/gnu tools arm embedded/xpack-arm-none-eabi-gcc/9.2.1-1.1/bin/../lib/gcc/arm-none-eabi/9.2.1/../../../../arm-none-eabi/lib/thumb/v8-m.base/nofp\libg_nano.a(lib_a-sbrkr.o)
                0x08005994                _sbrk_r
 .text.__sread  0x080059b4       0x28 d:/software/gd32embeddedbuilder_v1.5.6_rel/tools/gnu tools arm embedded/xpack-arm-none-eabi-gcc/9.2.1-1.1/bin/../lib/gcc/arm-none-eabi/9.2.1/../../../../arm-none-eabi/lib/thumb/v8-m.base/nofp\libg_nano.a(lib_a-stdio.o)
                0x080059b4                __sread
 .text.__swrite
                0x080059dc       0x38 d:/software/gd32embeddedbuilder_v1.5.6_rel/tools/gnu tools arm embedded/xpack-arm-none-eabi-gcc/9.2.1-1.1/bin/../lib/gcc/arm-none-eabi/9.2.1/../../../../arm-none-eabi/lib/thumb/v8-m.base/nofp\libg_nano.a(lib_a-stdio.o)
                0x080059dc                __swrite
 .text.__sseek  0x08005a14       0x2c d:/software/gd32embeddedbuilder_v1.5.6_rel/tools/gnu tools arm embedded/xpack-arm-none-eabi-gcc/9.2.1-1.1/bin/../lib/gcc/arm-none-eabi/9.2.1/../../../../arm-none-eabi/lib/thumb/v8-m.base/nofp\libg_nano.a(lib_a-stdio.o)
                0x08005a14                __sseek
 .text.__sclose
                0x08005a40        0xc d:/software/gd32embeddedbuilder_v1.5.6_rel/tools/gnu tools arm embedded/xpack-arm-none-eabi-gcc/9.2.1-1.1/bin/../lib/gcc/arm-none-eabi/9.2.1/../../../../arm-none-eabi/lib/thumb/v8-m.base/nofp\libg_nano.a(lib_a-stdio.o)
                0x08005a40                __sclose
 .text._write_r
                0x08005a4c       0x24 d:/software/gd32embeddedbuilder_v1.5.6_rel/tools/gnu tools arm embedded/xpack-arm-none-eabi-gcc/9.2.1-1.1/bin/../lib/gcc/arm-none-eabi/9.2.1/../../../../arm-none-eabi/lib/thumb/v8-m.base/nofp\libg_nano.a(lib_a-writer.o)
                0x08005a4c                _write_r
 .text._close_r
                0x08005a70       0x20 d:/software/gd32embeddedbuilder_v1.5.6_rel/tools/gnu tools arm embedded/xpack-arm-none-eabi-gcc/9.2.1-1.1/bin/../lib/gcc/arm-none-eabi/9.2.1/../../../../arm-none-eabi/lib/thumb/v8-m.base/nofp\libg_nano.a(lib_a-closer.o)
                0x08005a70                _close_r
 .text._fstat_r
                0x08005a90       0x24 d:/software/gd32embeddedbuilder_v1.5.6_rel/tools/gnu tools arm embedded/xpack-arm-none-eabi-gcc/9.2.1-1.1/bin/../lib/gcc/arm-none-eabi/9.2.1/../../../../arm-none-eabi/lib/thumb/v8-m.base/nofp\libg_nano.a(lib_a-fstatr.o)
                0x08005a90                _fstat_r
 .text._isatty_r
                0x08005ab4       0x20 d:/software/gd32embeddedbuilder_v1.5.6_rel/tools/gnu tools arm embedded/xpack-arm-none-eabi-gcc/9.2.1-1.1/bin/../lib/gcc/arm-none-eabi/9.2.1/../../../../arm-none-eabi/lib/thumb/v8-m.base/nofp\libg_nano.a(lib_a-isattyr.o)
                0x08005ab4                _isatty_r
 .text._lseek_r
                0x08005ad4       0x24 d:/software/gd32embeddedbuilder_v1.5.6_rel/tools/gnu tools arm embedded/xpack-arm-none-eabi-gcc/9.2.1-1.1/bin/../lib/gcc/arm-none-eabi/9.2.1/../../../../arm-none-eabi/lib/thumb/v8-m.base/nofp\libg_nano.a(lib_a-lseekr.o)
                0x08005ad4                _lseek_r
 .text.memchr   0x08005af8       0x16 d:/software/gd32embeddedbuilder_v1.5.6_rel/tools/gnu tools arm embedded/xpack-arm-none-eabi-gcc/9.2.1-1.1/bin/../lib/gcc/arm-none-eabi/9.2.1/../../../../arm-none-eabi/lib/thumb/v8-m.base/nofp\libg_nano.a(lib_a-memchr-stub.o)
                0x08005af8                memchr
 *fill*         0x08005b0e        0x2 
 .text.__malloc_lock
                0x08005b10       0x10 d:/software/gd32embeddedbuilder_v1.5.6_rel/tools/gnu tools arm embedded/xpack-arm-none-eabi-gcc/9.2.1-1.1/bin/../lib/gcc/arm-none-eabi/9.2.1/../../../../arm-none-eabi/lib/thumb/v8-m.base/nofp\libg_nano.a(lib_a-mlock.o)
                0x08005b10                __malloc_lock
 .text.__malloc_unlock
                0x08005b20       0x10 d:/software/gd32embeddedbuilder_v1.5.6_rel/tools/gnu tools arm embedded/xpack-arm-none-eabi-gcc/9.2.1-1.1/bin/../lib/gcc/arm-none-eabi/9.2.1/../../../../arm-none-eabi/lib/thumb/v8-m.base/nofp\libg_nano.a(lib_a-mlock.o)
                0x08005b20                __malloc_unlock
 .text._read_r  0x08005b30       0x24 d:/software/gd32embeddedbuilder_v1.5.6_rel/tools/gnu tools arm embedded/xpack-arm-none-eabi-gcc/9.2.1-1.1/bin/../lib/gcc/arm-none-eabi/9.2.1/../../../../arm-none-eabi/lib/thumb/v8-m.base/nofp\libg_nano.a(lib_a-readr.o)
                0x08005b30                _read_r
 *(.glue_7)
 .glue_7        0x08005b54        0x0 linker stubs
 *(.glue_7t)
 .glue_7t       0x08005b54        0x0 linker stubs
 *(.eh_frame)
 .eh_frame      0x08005b54        0x0 d:/software/gd32embeddedbuilder_v1.5.6_rel/tools/gnu tools arm embedded/xpack-arm-none-eabi-gcc/9.2.1-1.1/bin/../lib/gcc/arm-none-eabi/9.2.1/thumb/v8-m.base/nofp/crtbegin.o
 *(.init)
 .init          0x08005b54        0x4 d:/software/gd32embeddedbuilder_v1.5.6_rel/tools/gnu tools arm embedded/xpack-arm-none-eabi-gcc/9.2.1-1.1/bin/../lib/gcc/arm-none-eabi/9.2.1/thumb/v8-m.base/nofp/crti.o
                0x08005b54                _init
 .init          0x08005b58        0x8 d:/software/gd32embeddedbuilder_v1.5.6_rel/tools/gnu tools arm embedded/xpack-arm-none-eabi-gcc/9.2.1-1.1/bin/../lib/gcc/arm-none-eabi/9.2.1/thumb/v8-m.base/nofp/crtn.o
 *(.fini)
 .fini          0x08005b60        0x4 d:/software/gd32embeddedbuilder_v1.5.6_rel/tools/gnu tools arm embedded/xpack-arm-none-eabi-gcc/9.2.1-1.1/bin/../lib/gcc/arm-none-eabi/9.2.1/thumb/v8-m.base/nofp/crti.o
                0x08005b60                _fini
 .fini          0x08005b64        0x8 d:/software/gd32embeddedbuilder_v1.5.6_rel/tools/gnu tools arm embedded/xpack-arm-none-eabi-gcc/9.2.1-1.1/bin/../lib/gcc/arm-none-eabi/9.2.1/thumb/v8-m.base/nofp/crtn.o
                0x08005b6c                . = ALIGN (0x4)
                0x08005b6c                _etext = .

.vfp11_veneer   0x08005b6c        0x0
 .vfp11_veneer  0x08005b6c        0x0 linker stubs

.v4_bx          0x08005b6c        0x0
 .v4_bx         0x08005b6c        0x0 linker stubs

.iplt           0x08005b6c        0x0
 .iplt          0x08005b6c        0x0 d:/software/gd32embeddedbuilder_v1.5.6_rel/tools/gnu tools arm embedded/xpack-arm-none-eabi-gcc/9.2.1-1.1/bin/../lib/gcc/arm-none-eabi/9.2.1/thumb/v8-m.base/nofp/crtbegin.o

.rodata         0x08005b6c      0x810
                0x08005b6c                . = ALIGN (0x4)
 *(.rodata)
 .rodata        0x08005b6c      0x17d ./src/main.o
 *fill*         0x08005ce9        0x3 
 .rodata        0x08005cec       0xd3 ./src/gd32e23x_it.o
 *fill*         0x08005dbf        0x1 
 .rodata        0x08005dc0       0x1a ./src/drivers/packet_process/Spl_stdio.o
 *fill*         0x08005dda        0x2 
 .rodata        0x08005ddc      0x3ff ./src/drivers/packet_process/Process_Packet.o
 *fill*         0x080061db        0x1 
 .rodata        0x080061dc       0x7b ./src/drivers/nand/Spi_nand_driver.o
 *fill*         0x08006257        0x1 
 .rodata        0x08006258       0x18 ./Firmware/GD32E23x_standard_peripheral/Source/gd32e23x_rcu.o
 *(.rodata*)
 .rodata.GPIO_PORT
                0x08006270       0x14 ./src/gd32e230c_eval.o
 .rodata.GPIO_PIN
                0x08006284       0x14 ./src/gd32e230c_eval.o
 .rodata.GPIO_CLK
                0x08006298        0xa ./src/gd32e230c_eval.o
 *fill*         0x080062a2        0x2 
 .rodata.proc_tab
                0x080062a4       0x28 ./src/drivers/packet_process/Process_Packet.o
                0x080062a4                proc_tab
 .rodata.rcu_clock_freq_get
                0x080062cc       0x18 ./Firmware/GD32E23x_standard_peripheral/Source/gd32e23x_rcu.o
 .rodata._global_impure_ptr
                0x080062e4        0x4 d:/software/gd32embeddedbuilder_v1.5.6_rel/tools/gnu tools arm embedded/xpack-arm-none-eabi-gcc/9.2.1-1.1/bin/../lib/gcc/arm-none-eabi/9.2.1/../../../../arm-none-eabi/lib/thumb/v8-m.base/nofp\libg_nano.a(lib_a-impure.o)
                0x080062e4                _global_impure_ptr
 .rodata.__sf_fake_stderr
                0x080062e8       0x20 d:/software/gd32embeddedbuilder_v1.5.6_rel/tools/gnu tools arm embedded/xpack-arm-none-eabi-gcc/9.2.1-1.1/bin/../lib/gcc/arm-none-eabi/9.2.1/../../../../arm-none-eabi/lib/thumb/v8-m.base/nofp\libg_nano.a(lib_a-findfp.o)
                0x080062e8                __sf_fake_stderr
 .rodata.__sf_fake_stdin
                0x08006308       0x20 d:/software/gd32embeddedbuilder_v1.5.6_rel/tools/gnu tools arm embedded/xpack-arm-none-eabi-gcc/9.2.1-1.1/bin/../lib/gcc/arm-none-eabi/9.2.1/../../../../arm-none-eabi/lib/thumb/v8-m.base/nofp\libg_nano.a(lib_a-findfp.o)
                0x08006308                __sf_fake_stdin
 .rodata.__sf_fake_stdout
                0x08006328       0x20 d:/software/gd32embeddedbuilder_v1.5.6_rel/tools/gnu tools arm embedded/xpack-arm-none-eabi-gcc/9.2.1-1.1/bin/../lib/gcc/arm-none-eabi/9.2.1/../../../../arm-none-eabi/lib/thumb/v8-m.base/nofp\libg_nano.a(lib_a-findfp.o)
                0x08006328                __sf_fake_stdout
 .rodata._vfprintf_r.str1.1
                0x08006348       0x11 d:/software/gd32embeddedbuilder_v1.5.6_rel/tools/gnu tools arm embedded/xpack-arm-none-eabi-gcc/9.2.1-1.1/bin/../lib/gcc/arm-none-eabi/9.2.1/../../../../arm-none-eabi/lib/thumb/v8-m.base/nofp\libg_nano.a(lib_a-nano-vfprintf.o)
 .rodata._printf_i.str1.1
                0x08006359       0x22 d:/software/gd32embeddedbuilder_v1.5.6_rel/tools/gnu tools arm embedded/xpack-arm-none-eabi-gcc/9.2.1-1.1/bin/../lib/gcc/arm-none-eabi/9.2.1/../../../../arm-none-eabi/lib/thumb/v8-m.base/nofp\libg_nano.a(lib_a-nano-vfprintf_i.o)
                0x0800637c                . = ALIGN (0x4)
 *fill*         0x0800637b        0x1 

.rel.dyn        0x0800637c        0x0
 .rel.iplt      0x0800637c        0x0 d:/software/gd32embeddedbuilder_v1.5.6_rel/tools/gnu tools arm embedded/xpack-arm-none-eabi-gcc/9.2.1-1.1/bin/../lib/gcc/arm-none-eabi/9.2.1/thumb/v8-m.base/nofp/crtbegin.o

.ARM.extab
 *(.ARM.extab* .gnu.linkonce.armextab.*)

.ARM            0x0800637c        0x0
                0x0800637c                __exidx_start = .
 *(.ARM.exidx*)
                0x0800637c                __exidx_end = .

.ARM.attributes
                0x0800637c       0x2c
 *(.ARM.attributes)
 .ARM.attributes
                0x0800637c       0x22 d:/software/gd32embeddedbuilder_v1.5.6_rel/tools/gnu tools arm embedded/xpack-arm-none-eabi-gcc/9.2.1-1.1/bin/../lib/gcc/arm-none-eabi/9.2.1/thumb/v8-m.base/nofp/crti.o
 .ARM.attributes
                0x0800639e       0x30 d:/software/gd32embeddedbuilder_v1.5.6_rel/tools/gnu tools arm embedded/xpack-arm-none-eabi-gcc/9.2.1-1.1/bin/../lib/gcc/arm-none-eabi/9.2.1/thumb/v8-m.base/nofp/crtbegin.o
 .ARM.attributes
                0x080063ce       0x30 ./src/systick.o
 .ARM.attributes
                0x080063fe       0x30 ./src/main.o
 .ARM.attributes
                0x0800642e       0x30 ./src/gd32e23x_it.o
 .ARM.attributes
                0x0800645e       0x30 ./src/gd32e230c_eval.o
 .ARM.attributes
                0x0800648e       0x30 ./src/drivers/uart/Uart_init.o
 .ARM.attributes
                0x080064be       0x30 ./src/drivers/packet_process/Spl_stdio.o
 .ARM.attributes
                0x080064ee       0x30 ./src/drivers/packet_process/Process_Packet.o
 .ARM.attributes
                0x0800651e       0x30 ./src/drivers/nand/Spi_nand_driver.o
 .ARM.attributes
                0x0800654e       0x30 ./src/drivers/nand/GD5F1GQ4xExxG.o
 .ARM.attributes
                0x0800657e       0x30 ./src/drivers/nand/FORESEE_F35UQB004G.o
 .ARM.attributes
                0x080065ae       0x30 ./src/drivers/nand/ESMTF50D1G41MYB.o
 .ARM.attributes
                0x080065de       0x30 ./src/drivers/nand/DS35X2GA.o
 .ARM.attributes
                0x0800660e       0x30 ./src/drivers/gpio/GPIO_init.o
 .ARM.attributes
                0x0800663e       0x22 ./gcc_startup/startup_gd32e23x.o
 .ARM.attributes
                0x08006660       0x30 ./Firmware/GD32E23x_standard_peripheral/Source/gd32e23x_usart.o
 .ARM.attributes
                0x08006690       0x30 ./Firmware/GD32E23x_standard_peripheral/Source/gd32e23x_syscfg.o
 .ARM.attributes
                0x080066c0       0x30 ./Firmware/GD32E23x_standard_peripheral/Source/gd32e23x_spi.o
 .ARM.attributes
                0x080066f0       0x30 ./Firmware/GD32E23x_standard_peripheral/Source/gd32e23x_rcu.o
 .ARM.attributes
                0x08006720       0x30 ./Firmware/GD32E23x_standard_peripheral/Source/gd32e23x_pmu.o
 .ARM.attributes
                0x08006750       0x30 ./Firmware/GD32E23x_standard_peripheral/Source/gd32e23x_misc.o
 .ARM.attributes
                0x08006780       0x30 ./Firmware/GD32E23x_standard_peripheral/Source/gd32e23x_gpio.o
 .ARM.attributes
                0x080067b0       0x30 ./Firmware/CMSIS/GD/GD32E23x/Source/system_gd32e23x.o
 .ARM.attributes
                0x080067e0       0x30 ./Firmware/CMSIS/GD/GD32E23x/Source/syscalls.o
 .ARM.attributes
                0x08006810       0x30 d:/software/gd32embeddedbuilder_v1.5.6_rel/tools/gnu tools arm embedded/xpack-arm-none-eabi-gcc/9.2.1-1.1/bin/../lib/gcc/arm-none-eabi/9.2.1/../../../../arm-none-eabi/lib/thumb/v8-m.base/nofp\libg_nano.a(lib_a-impure.o)
 .ARM.attributes
                0x08006840       0x30 d:/software/gd32embeddedbuilder_v1.5.6_rel/tools/gnu tools arm embedded/xpack-arm-none-eabi-gcc/9.2.1-1.1/bin/../lib/gcc/arm-none-eabi/9.2.1/../../../../arm-none-eabi/lib/thumb/v8-m.base/nofp\libg_nano.a(lib_a-init.o)
 .ARM.attributes
                0x08006870       0x30 d:/software/gd32embeddedbuilder_v1.5.6_rel/tools/gnu tools arm embedded/xpack-arm-none-eabi-gcc/9.2.1-1.1/bin/../lib/gcc/arm-none-eabi/9.2.1/../../../../arm-none-eabi/lib/thumb/v8-m.base/nofp\libg_nano.a(lib_a-printf.o)
 .ARM.attributes
                0x080068a0       0x30 d:/software/gd32embeddedbuilder_v1.5.6_rel/tools/gnu tools arm embedded/xpack-arm-none-eabi-gcc/9.2.1-1.1/bin/../lib/gcc/arm-none-eabi/9.2.1/../../../../arm-none-eabi/lib/thumb/v8-m.base/nofp\libg_nano.a(lib_a-putchar.o)
 .ARM.attributes
                0x080068d0       0x30 d:/software/gd32embeddedbuilder_v1.5.6_rel/tools/gnu tools arm embedded/xpack-arm-none-eabi-gcc/9.2.1-1.1/bin/../lib/gcc/arm-none-eabi/9.2.1/../../../../arm-none-eabi/lib/thumb/v8-m.base/nofp\libg_nano.a(lib_a-puts.o)
 .ARM.attributes
                0x08006900       0x30 d:/software/gd32embeddedbuilder_v1.5.6_rel/tools/gnu tools arm embedded/xpack-arm-none-eabi-gcc/9.2.1-1.1/bin/../lib/gcc/arm-none-eabi/9.2.1/../../../../arm-none-eabi/lib/thumb/v8-m.base/nofp\libg_nano.a(lib_a-reent.o)
 .ARM.attributes
                0x08006930       0x30 d:/software/gd32embeddedbuilder_v1.5.6_rel/tools/gnu tools arm embedded/xpack-arm-none-eabi-gcc/9.2.1-1.1/bin/../lib/gcc/arm-none-eabi/9.2.1/../../../../arm-none-eabi/lib/thumb/v8-m.base/nofp\libg_nano.a(lib_a-wbuf.o)
 .ARM.attributes
                0x08006960       0x30 d:/software/gd32embeddedbuilder_v1.5.6_rel/tools/gnu tools arm embedded/xpack-arm-none-eabi-gcc/9.2.1-1.1/bin/../lib/gcc/arm-none-eabi/9.2.1/../../../../arm-none-eabi/lib/thumb/v8-m.base/nofp\libg_nano.a(lib_a-wsetup.o)
 .ARM.attributes
                0x08006990       0x30 d:/software/gd32embeddedbuilder_v1.5.6_rel/tools/gnu tools arm embedded/xpack-arm-none-eabi-gcc/9.2.1-1.1/bin/../lib/gcc/arm-none-eabi/9.2.1/../../../../arm-none-eabi/lib/thumb/v8-m.base/nofp\libg_nano.a(lib_a-fflush.o)
 .ARM.attributes
                0x080069c0       0x30 d:/software/gd32embeddedbuilder_v1.5.6_rel/tools/gnu tools arm embedded/xpack-arm-none-eabi-gcc/9.2.1-1.1/bin/../lib/gcc/arm-none-eabi/9.2.1/../../../../arm-none-eabi/lib/thumb/v8-m.base/nofp\libg_nano.a(lib_a-findfp.o)
 .ARM.attributes
                0x080069f0       0x30 d:/software/gd32embeddedbuilder_v1.5.6_rel/tools/gnu tools arm embedded/xpack-arm-none-eabi-gcc/9.2.1-1.1/bin/../lib/gcc/arm-none-eabi/9.2.1/../../../../arm-none-eabi/lib/thumb/v8-m.base/nofp\libg_nano.a(lib_a-fwalk.o)
 .ARM.attributes
                0x08006a20       0x30 d:/software/gd32embeddedbuilder_v1.5.6_rel/tools/gnu tools arm embedded/xpack-arm-none-eabi-gcc/9.2.1-1.1/bin/../lib/gcc/arm-none-eabi/9.2.1/../../../../arm-none-eabi/lib/thumb/v8-m.base/nofp\libg_nano.a(lib_a-lock.o)
 .ARM.attributes
                0x08006a50       0x30 d:/software/gd32embeddedbuilder_v1.5.6_rel/tools/gnu tools arm embedded/xpack-arm-none-eabi-gcc/9.2.1-1.1/bin/../lib/gcc/arm-none-eabi/9.2.1/../../../../arm-none-eabi/lib/thumb/v8-m.base/nofp\libg_nano.a(lib_a-makebuf.o)
 .ARM.attributes
                0x08006a80       0x30 d:/software/gd32embeddedbuilder_v1.5.6_rel/tools/gnu tools arm embedded/xpack-arm-none-eabi-gcc/9.2.1-1.1/bin/../lib/gcc/arm-none-eabi/9.2.1/../../../../arm-none-eabi/lib/thumb/v8-m.base/nofp\libg_nano.a(lib_a-nano-freer.o)
 .ARM.attributes
                0x08006ab0       0x30 d:/software/gd32embeddedbuilder_v1.5.6_rel/tools/gnu tools arm embedded/xpack-arm-none-eabi-gcc/9.2.1-1.1/bin/../lib/gcc/arm-none-eabi/9.2.1/../../../../arm-none-eabi/lib/thumb/v8-m.base/nofp\libg_nano.a(lib_a-nano-mallocr.o)
 .ARM.attributes
                0x08006ae0       0x30 d:/software/gd32embeddedbuilder_v1.5.6_rel/tools/gnu tools arm embedded/xpack-arm-none-eabi-gcc/9.2.1-1.1/bin/../lib/gcc/arm-none-eabi/9.2.1/../../../../arm-none-eabi/lib/thumb/v8-m.base/nofp\libg_nano.a(lib_a-nano-vfprintf.o)
 .ARM.attributes
                0x08006b10       0x30 d:/software/gd32embeddedbuilder_v1.5.6_rel/tools/gnu tools arm embedded/xpack-arm-none-eabi-gcc/9.2.1-1.1/bin/../lib/gcc/arm-none-eabi/9.2.1/../../../../arm-none-eabi/lib/thumb/v8-m.base/nofp\libg_nano.a(lib_a-nano-vfprintf_i.o)
 .ARM.attributes
                0x08006b40       0x30 d:/software/gd32embeddedbuilder_v1.5.6_rel/tools/gnu tools arm embedded/xpack-arm-none-eabi-gcc/9.2.1-1.1/bin/../lib/gcc/arm-none-eabi/9.2.1/../../../../arm-none-eabi/lib/thumb/v8-m.base/nofp\libg_nano.a(lib_a-putc.o)
 .ARM.attributes
                0x08006b70       0x30 d:/software/gd32embeddedbuilder_v1.5.6_rel/tools/gnu tools arm embedded/xpack-arm-none-eabi-gcc/9.2.1-1.1/bin/../lib/gcc/arm-none-eabi/9.2.1/../../../../arm-none-eabi/lib/thumb/v8-m.base/nofp\libg_nano.a(lib_a-sbrkr.o)
 .ARM.attributes
                0x08006ba0       0x30 d:/software/gd32embeddedbuilder_v1.5.6_rel/tools/gnu tools arm embedded/xpack-arm-none-eabi-gcc/9.2.1-1.1/bin/../lib/gcc/arm-none-eabi/9.2.1/../../../../arm-none-eabi/lib/thumb/v8-m.base/nofp\libg_nano.a(lib_a-stdio.o)
 .ARM.attributes
                0x08006bd0       0x30 d:/software/gd32embeddedbuilder_v1.5.6_rel/tools/gnu tools arm embedded/xpack-arm-none-eabi-gcc/9.2.1-1.1/bin/../lib/gcc/arm-none-eabi/9.2.1/../../../../arm-none-eabi/lib/thumb/v8-m.base/nofp\libg_nano.a(lib_a-writer.o)
 .ARM.attributes
                0x08006c00       0x30 d:/software/gd32embeddedbuilder_v1.5.6_rel/tools/gnu tools arm embedded/xpack-arm-none-eabi-gcc/9.2.1-1.1/bin/../lib/gcc/arm-none-eabi/9.2.1/../../../../arm-none-eabi/lib/thumb/v8-m.base/nofp\libg_nano.a(lib_a-closer.o)
 .ARM.attributes
                0x08006c30       0x30 d:/software/gd32embeddedbuilder_v1.5.6_rel/tools/gnu tools arm embedded/xpack-arm-none-eabi-gcc/9.2.1-1.1/bin/../lib/gcc/arm-none-eabi/9.2.1/../../../../arm-none-eabi/lib/thumb/v8-m.base/nofp\libg_nano.a(lib_a-fstatr.o)
 .ARM.attributes
                0x08006c60       0x30 d:/software/gd32embeddedbuilder_v1.5.6_rel/tools/gnu tools arm embedded/xpack-arm-none-eabi-gcc/9.2.1-1.1/bin/../lib/gcc/arm-none-eabi/9.2.1/../../../../arm-none-eabi/lib/thumb/v8-m.base/nofp\libg_nano.a(lib_a-isattyr.o)
 .ARM.attributes
                0x08006c90       0x30 d:/software/gd32embeddedbuilder_v1.5.6_rel/tools/gnu tools arm embedded/xpack-arm-none-eabi-gcc/9.2.1-1.1/bin/../lib/gcc/arm-none-eabi/9.2.1/../../../../arm-none-eabi/lib/thumb/v8-m.base/nofp\libg_nano.a(lib_a-lseekr.o)
 .ARM.attributes
                0x08006cc0       0x30 d:/software/gd32embeddedbuilder_v1.5.6_rel/tools/gnu tools arm embedded/xpack-arm-none-eabi-gcc/9.2.1-1.1/bin/../lib/gcc/arm-none-eabi/9.2.1/../../../../arm-none-eabi/lib/thumb/v8-m.base/nofp\libg_nano.a(lib_a-memchr-stub.o)
 .ARM.attributes
                0x08006cf0       0x30 d:/software/gd32embeddedbuilder_v1.5.6_rel/tools/gnu tools arm embedded/xpack-arm-none-eabi-gcc/9.2.1-1.1/bin/../lib/gcc/arm-none-eabi/9.2.1/../../../../arm-none-eabi/lib/thumb/v8-m.base/nofp\libg_nano.a(lib_a-mlock.o)
 .ARM.attributes
                0x08006d20       0x30 d:/software/gd32embeddedbuilder_v1.5.6_rel/tools/gnu tools arm embedded/xpack-arm-none-eabi-gcc/9.2.1-1.1/bin/../lib/gcc/arm-none-eabi/9.2.1/../../../../arm-none-eabi/lib/thumb/v8-m.base/nofp\libg_nano.a(lib_a-readr.o)
 .ARM.attributes
                0x08006d50       0x22 d:/software/gd32embeddedbuilder_v1.5.6_rel/tools/gnu tools arm embedded/xpack-arm-none-eabi-gcc/9.2.1-1.1/bin/../lib/gcc/arm-none-eabi/9.2.1/thumb/v8-m.base/nofp\libgcc.a(_thumb1_case_shi.o)
 .ARM.attributes
                0x08006d72       0x22 d:/software/gd32embeddedbuilder_v1.5.6_rel/tools/gnu tools arm embedded/xpack-arm-none-eabi-gcc/9.2.1-1.1/bin/../lib/gcc/arm-none-eabi/9.2.1/thumb/v8-m.base/nofp/crtn.o

.preinit_array  0x0800637c        0x0
                0x0800637c                PROVIDE (__preinit_array_start = .)
 *(.preinit_array*)
                0x0800637c                PROVIDE (__preinit_array_end = .)

.init_array     0x0800637c        0x4
                0x0800637c                PROVIDE (__init_array_start = .)
 *(SORT_BY_NAME(.init_array.*))
 *(.init_array*)
 .init_array    0x0800637c        0x4 d:/software/gd32embeddedbuilder_v1.5.6_rel/tools/gnu tools arm embedded/xpack-arm-none-eabi-gcc/9.2.1-1.1/bin/../lib/gcc/arm-none-eabi/9.2.1/thumb/v8-m.base/nofp/crtbegin.o
                0x08006380                PROVIDE (__init_array_end = .)

.fini_array     0x08006380        0x4
                [!provide]                PROVIDE (__fini_array_start = .)
 *(.fini_array*)
 .fini_array    0x08006380        0x4 d:/software/gd32embeddedbuilder_v1.5.6_rel/tools/gnu tools arm embedded/xpack-arm-none-eabi-gcc/9.2.1-1.1/bin/../lib/gcc/arm-none-eabi/9.2.1/thumb/v8-m.base/nofp/crtbegin.o
 *(SORT_BY_NAME(.fini_array.*))
                [!provide]                PROVIDE (__fini_array_end = .)
                0x08006384                _sidata = LOADADDR (.data)

.data           0x20000000      0x238 load address 0x08006384
                0x20000000                . = ALIGN (0x4)
                0x20000000                _sdata = .
 *(.data)
 *(.data*)
 .data.NAND_PAGE_SIZE
                0x20000000        0x4 ./src/drivers/nand/Spi_nand_driver.o
                0x20000000                NAND_PAGE_SIZE
 .data.NAND_PAGE_PER_BLK
                0x20000004        0x4 ./src/drivers/nand/Spi_nand_driver.o
                0x20000004                NAND_PAGE_PER_BLK
 .data.s_apinand_cfg_tab
                0x20000008      0x104 ./src/drivers/nand/Spi_nand_driver.o
 .data.g_spinand_gd
                0x2000010c       0x30 ./src/drivers/nand/GD5F1GQ4xExxG.o
                0x2000010c                g_spinand_gd
 .data.g_spinand_foresee
                0x2000013c       0x30 ./src/drivers/nand/FORESEE_F35UQB004G.o
                0x2000013c                g_spinand_foresee
 .data.g_spinand_esmt
                0x2000016c       0x30 ./src/drivers/nand/ESMTF50D1G41MYB.o
                0x2000016c                g_spinand_esmt
 .data.g_spinand_ds
                0x2000019c       0x30 ./src/drivers/nand/DS35X2GA.o
                0x2000019c                g_spinand_ds
 .data.SystemCoreClock
                0x200001cc        0x4 ./Firmware/CMSIS/GD/GD32E23x/Source/system_gd32e23x.o
                0x200001cc                SystemCoreClock
 .data.curbrk.6120
                0x200001d0        0x4 ./Firmware/CMSIS/GD/GD32E23x/Source/syscalls.o
 .data._impure_ptr
                0x200001d4        0x4 d:/software/gd32embeddedbuilder_v1.5.6_rel/tools/gnu tools arm embedded/xpack-arm-none-eabi-gcc/9.2.1-1.1/bin/../lib/gcc/arm-none-eabi/9.2.1/../../../../arm-none-eabi/lib/thumb/v8-m.base/nofp\libg_nano.a(lib_a-impure.o)
                0x200001d4                _impure_ptr
 .data.impure_data
                0x200001d8       0x60 d:/software/gd32embeddedbuilder_v1.5.6_rel/tools/gnu tools arm embedded/xpack-arm-none-eabi-gcc/9.2.1-1.1/bin/../lib/gcc/arm-none-eabi/9.2.1/../../../../arm-none-eabi/lib/thumb/v8-m.base/nofp\libg_nano.a(lib_a-impure.o)
                0x20000238                . = ALIGN (0x4)
                0x20000238                _edata = .

.igot.plt       0x20000238        0x0 load address 0x080065bc
 .igot.plt      0x20000238        0x0 d:/software/gd32embeddedbuilder_v1.5.6_rel/tools/gnu tools arm embedded/xpack-arm-none-eabi-gcc/9.2.1-1.1/bin/../lib/gcc/arm-none-eabi/9.2.1/thumb/v8-m.base/nofp/crtbegin.o
                0x20000238                . = ALIGN (0x4)

.bss            0x20000238      0xe94 load address 0x080065bc
                0x20000238                . = ALIGN (0x4)
                0x20000238                _sbss = .
                0x20000238                __bss_start__ = _sbss
 *(.bss)
 *(.bss*)
 .bss.completed.8911
                0x20000238        0x1 d:/software/gd32embeddedbuilder_v1.5.6_rel/tools/gnu tools arm embedded/xpack-arm-none-eabi-gcc/9.2.1-1.1/bin/../lib/gcc/arm-none-eabi/9.2.1/thumb/v8-m.base/nofp/crtbegin.o
 *fill*         0x20000239        0x3 
 .bss.object.8916
                0x2000023c       0x18 d:/software/gd32embeddedbuilder_v1.5.6_rel/tools/gnu tools arm embedded/xpack-arm-none-eabi-gcc/9.2.1-1.1/bin/../lib/gcc/arm-none-eabi/9.2.1/thumb/v8-m.base/nofp/crtbegin.o
 .bss.delay     0x20000254        0x4 ./src/systick.o
 .bss.initialized.7631
                0x20000258        0x4 ./src/main.o
 .bss.start_num.7636
                0x2000025c        0x1 ./src/drivers/packet_process/Process_Packet.o
 *fill*         0x2000025d        0x3 
 .bss.cnt.7716  0x20000260        0x4 ./src/drivers/packet_process/Process_Packet.o
 .bss.start.7717
                0x20000264        0x4 ./src/drivers/packet_process/Process_Packet.o
 .bss.s_spinand_spec_info_ptr
                0x20000268        0x4 ./src/drivers/nand/Spi_nand_driver.o
                0x20000268                s_spinand_spec_info_ptr
 .bss.spi_nand_id
                0x2000026c        0x5 ./src/drivers/nand/Spi_nand_driver.o
                0x2000026c                spi_nand_id
 *fill*         0x20000271        0x3 
 .bss.key_press_count.7370
                0x20000274        0x4 ./src/drivers/gpio/GPIO_init.o
 .bss.__malloc_free_list
                0x20000278        0x4 d:/software/gd32embeddedbuilder_v1.5.6_rel/tools/gnu tools arm embedded/xpack-arm-none-eabi-gcc/9.2.1-1.1/bin/../lib/gcc/arm-none-eabi/9.2.1/../../../../arm-none-eabi/lib/thumb/v8-m.base/nofp\libg_nano.a(lib_a-nano-mallocr.o)
                0x20000278                __malloc_free_list
 .bss.__malloc_sbrk_start
                0x2000027c        0x4 d:/software/gd32embeddedbuilder_v1.5.6_rel/tools/gnu tools arm embedded/xpack-arm-none-eabi-gcc/9.2.1-1.1/bin/../lib/gcc/arm-none-eabi/9.2.1/../../../../arm-none-eabi/lib/thumb/v8-m.base/nofp\libg_nano.a(lib_a-nano-mallocr.o)
                0x2000027c                __malloc_sbrk_start
 *(COMMON)
 COMMON         0x20000280      0x9e0 ./src/drivers/uart/Uart_init.o
                0x20000280                recv_data_buffer_array
                0x20000370                send_data_buffer_array
                0x20000b70                handle_data_buffer_array
 COMMON         0x20000c60      0x45c ./src/drivers/packet_process/Process_Packet.o
                0x20000c60                timer_handle
                0x20000c6c                spl_page_num
                0x20000c70                spl_handle
                0x2000108c                spl_cycle_block_count
                0x20001090                global_sio_handle
                0x200010b0                nand_block_size
                0x200010b4                spl_bakcup_block_id
                0x200010b8                spl_cycle_page_count
 COMMON         0x200010bc        0x4 d:/software/gd32embeddedbuilder_v1.5.6_rel/tools/gnu tools arm embedded/xpack-arm-none-eabi-gcc/9.2.1-1.1/bin/../lib/gcc/arm-none-eabi/9.2.1/../../../../arm-none-eabi/lib/thumb/v8-m.base/nofp\libg_nano.a(lib_a-reent.o)
                0x200010bc                errno
 COMMON         0x200010c0        0x9 d:/software/gd32embeddedbuilder_v1.5.6_rel/tools/gnu tools arm embedded/xpack-arm-none-eabi-gcc/9.2.1-1.1/bin/../lib/gcc/arm-none-eabi/9.2.1/../../../../arm-none-eabi/lib/thumb/v8-m.base/nofp\libg_nano.a(lib_a-lock.o)
                0x200010c0                __lock___atexit_recursive_mutex
                0x200010c1                __lock___arc4random_mutex
                0x200010c2                __lock___env_recursive_mutex
                0x200010c3                __lock___sinit_recursive_mutex
                0x200010c4                __lock___malloc_recursive_mutex
                0x200010c5                __lock___at_quick_exit_mutex
                0x200010c6                __lock___dd_hash_mutex
                0x200010c7                __lock___tz_mutex
                0x200010c8                __lock___sfp_recursive_mutex
                0x200010cc                . = ALIGN (0x4)
 *fill*         0x200010c9        0x3 
                0x200010cc                _ebss = .
                0x200010cc                __bss_end__ = _ebss

.heap_stack     0x200010cc      0xc04 load address 0x080065bc
                0x200010d0                . = ALIGN (0x8)
 *fill*         0x200010cc        0x4 
                [!provide]                PROVIDE (end = _ebss)
                0x200010cc                PROVIDE (_end = _ebss)
                0x200014d0                . = (. + __heap_size)
 *fill*         0x200010d0      0x400 
                0x200014d0                PROVIDE (_heap_end = .)
                0x20001cd0                . = (. + __stack_size)
 *fill*         0x200014d0      0x800 
                0x20001cd0                PROVIDE (_sp = .)
                0x20001cd0                . = ALIGN (0x8)
START GROUP
LOAD d:/software/gd32embeddedbuilder_v1.5.6_rel/tools/gnu tools arm embedded/xpack-arm-none-eabi-gcc/9.2.1-1.1/bin/../lib/gcc/arm-none-eabi/9.2.1/thumb/v8-m.base/nofp\libgcc.a
LOAD d:/software/gd32embeddedbuilder_v1.5.6_rel/tools/gnu tools arm embedded/xpack-arm-none-eabi-gcc/9.2.1-1.1/bin/../lib/gcc/arm-none-eabi/9.2.1/../../../../arm-none-eabi/lib/thumb/v8-m.base/nofp\libc.a
LOAD d:/software/gd32embeddedbuilder_v1.5.6_rel/tools/gnu tools arm embedded/xpack-arm-none-eabi-gcc/9.2.1-1.1/bin/../lib/gcc/arm-none-eabi/9.2.1/../../../../arm-none-eabi/lib/thumb/v8-m.base/nofp\libm.a
LOAD d:/software/gd32embeddedbuilder_v1.5.6_rel/tools/gnu tools arm embedded/xpack-arm-none-eabi-gcc/9.2.1-1.1/bin/../lib/gcc/arm-none-eabi/9.2.1/../../../../arm-none-eabi/lib/thumb/v8-m.base/nofp\libnosys.a
END GROUP
OUTPUT(GD32E235.elf elf32-littlearm)

.debug_info     0x00000000     0xf3db
 .debug_info    0x00000000      0x4e0 ./src/systick.o
 .debug_info    0x000004e0      0xf1c ./src/main.o
 .debug_info    0x000013fc      0x67f ./src/gd32e23x_it.o
 .debug_info    0x00001a7b      0x778 ./src/gd32e230c_eval.o
 .debug_info    0x000021f3     0x10e9 ./src/drivers/uart/Uart_init.o
 .debug_info    0x000032dc      0xbe3 ./src/drivers/packet_process/Spl_stdio.o
 .debug_info    0x00003ebf     0x160c ./src/drivers/packet_process/Process_Packet.o
 .debug_info    0x000054cb      0xf5a ./src/drivers/nand/Spi_nand_driver.o
 .debug_info    0x00006425      0xeec ./src/drivers/nand/GD5F1GQ4xExxG.o
 .debug_info    0x00007311      0xbf5 ./src/drivers/nand/FORESEE_F35UQB004G.o
 .debug_info    0x00007f06      0xc65 ./src/drivers/nand/ESMTF50D1G41MYB.o
 .debug_info    0x00008b6b      0xc5d ./src/drivers/nand/DS35X2GA.o
 .debug_info    0x000097c8      0xb7b ./src/drivers/gpio/GPIO_init.o
 .debug_info    0x0000a343       0x22 ./gcc_startup/startup_gd32e23x.o
 .debug_info    0x0000a365     0x11cf ./Firmware/GD32E23x_standard_peripheral/Source/gd32e23x_usart.o
 .debug_info    0x0000b534      0x2f6 ./Firmware/GD32E23x_standard_peripheral/Source/gd32e23x_syscfg.o
 .debug_info    0x0000b82a      0xbec ./Firmware/GD32E23x_standard_peripheral/Source/gd32e23x_spi.o
 .debug_info    0x0000c416      0xcbd ./Firmware/GD32E23x_standard_peripheral/Source/gd32e23x_rcu.o
 .debug_info    0x0000d0d3      0x3dc ./Firmware/GD32E23x_standard_peripheral/Source/gd32e23x_pmu.o
 .debug_info    0x0000d4af      0x5dc ./Firmware/GD32E23x_standard_peripheral/Source/gd32e23x_misc.o
 .debug_info    0x0000da8b      0x578 ./Firmware/GD32E23x_standard_peripheral/Source/gd32e23x_gpio.o
 .debug_info    0x0000e003      0x30a ./Firmware/CMSIS/GD/GD32E23x/Source/system_gd32e23x.o
 .debug_info    0x0000e30d     0x10ce ./Firmware/CMSIS/GD/GD32E23x/Source/syscalls.o

.debug_abbrev   0x00000000     0x2ff8
 .debug_abbrev  0x00000000      0x1d1 ./src/systick.o
 .debug_abbrev  0x000001d1      0x29a ./src/main.o
 .debug_abbrev  0x0000046b      0x1fb ./src/gd32e23x_it.o
 .debug_abbrev  0x00000666      0x166 ./src/gd32e230c_eval.o
 .debug_abbrev  0x000007cc      0x2b8 ./src/drivers/uart/Uart_init.o
 .debug_abbrev  0x00000a84      0x248 ./src/drivers/packet_process/Spl_stdio.o
 .debug_abbrev  0x00000ccc      0x3a0 ./src/drivers/packet_process/Process_Packet.o
 .debug_abbrev  0x0000106c      0x2f1 ./src/drivers/nand/Spi_nand_driver.o
 .debug_abbrev  0x0000135d      0x2f4 ./src/drivers/nand/GD5F1GQ4xExxG.o
 .debug_abbrev  0x00001651      0x232 ./src/drivers/nand/FORESEE_F35UQB004G.o
 .debug_abbrev  0x00001883      0x27c ./src/drivers/nand/ESMTF50D1G41MYB.o
 .debug_abbrev  0x00001aff      0x275 ./src/drivers/nand/DS35X2GA.o
 .debug_abbrev  0x00001d74      0x289 ./src/drivers/gpio/GPIO_init.o
 .debug_abbrev  0x00001ffd       0x12 ./gcc_startup/startup_gd32e23x.o
 .debug_abbrev  0x0000200f      0x189 ./Firmware/GD32E23x_standard_peripheral/Source/gd32e23x_usart.o
 .debug_abbrev  0x00002198      0x131 ./Firmware/GD32E23x_standard_peripheral/Source/gd32e23x_syscfg.o
 .debug_abbrev  0x000022c9      0x1eb ./Firmware/GD32E23x_standard_peripheral/Source/gd32e23x_spi.o
 .debug_abbrev  0x000024b4      0x1d1 ./Firmware/GD32E23x_standard_peripheral/Source/gd32e23x_rcu.o
 .debug_abbrev  0x00002685      0x1be ./Firmware/GD32E23x_standard_peripheral/Source/gd32e23x_pmu.o
 .debug_abbrev  0x00002843      0x1c8 ./Firmware/GD32E23x_standard_peripheral/Source/gd32e23x_misc.o
 .debug_abbrev  0x00002a0b      0x1b5 ./Firmware/GD32E23x_standard_peripheral/Source/gd32e23x_gpio.o
 .debug_abbrev  0x00002bc0      0x19c ./Firmware/CMSIS/GD/GD32E23x/Source/system_gd32e23x.o
 .debug_abbrev  0x00002d5c      0x29c ./Firmware/CMSIS/GD/GD32E23x/Source/syscalls.o

.debug_aranges  0x00000000      0xc50
 .debug_aranges
                0x00000000       0x40 ./src/systick.o
 .debug_aranges
                0x00000040       0x30 ./src/main.o
 .debug_aranges
                0x00000070       0x48 ./src/gd32e23x_it.o
 .debug_aranges
                0x000000b8       0x50 ./src/gd32e230c_eval.o
 .debug_aranges
                0x00000108       0x48 ./src/drivers/uart/Uart_init.o
 .debug_aranges
                0x00000150       0x50 ./src/drivers/packet_process/Spl_stdio.o
 .debug_aranges
                0x000001a0       0xa0 ./src/drivers/packet_process/Process_Packet.o
 .debug_aranges
                0x00000240       0x50 ./src/drivers/nand/Spi_nand_driver.o
 .debug_aranges
                0x00000290       0x90 ./src/drivers/nand/GD5F1GQ4xExxG.o
 .debug_aranges
                0x00000320       0x20 ./src/drivers/nand/FORESEE_F35UQB004G.o
 .debug_aranges
                0x00000340       0x40 ./src/drivers/nand/ESMTF50D1G41MYB.o
 .debug_aranges
                0x00000380       0x28 ./src/drivers/nand/DS35X2GA.o
 .debug_aranges
                0x000003a8       0x78 ./src/drivers/gpio/GPIO_init.o
 .debug_aranges
                0x00000420       0x28 ./gcc_startup/startup_gd32e23x.o
 .debug_aranges
                0x00000448      0x250 ./Firmware/GD32E23x_standard_peripheral/Source/gd32e23x_usart.o
 .debug_aranges
                0x00000698       0x68 ./Firmware/GD32E23x_standard_peripheral/Source/gd32e23x_syscfg.o
 .debug_aranges
                0x00000700      0x180 ./Firmware/GD32E23x_standard_peripheral/Source/gd32e23x_spi.o
 .debug_aranges
                0x00000880      0x150 ./Firmware/GD32E23x_standard_peripheral/Source/gd32e23x_rcu.o
 .debug_aranges
                0x000009d0       0x80 ./Firmware/GD32E23x_standard_peripheral/Source/gd32e23x_pmu.o
 .debug_aranges
                0x00000a50       0x70 ./Firmware/GD32E23x_standard_peripheral/Source/gd32e23x_misc.o
 .debug_aranges
                0x00000ac0       0x90 ./Firmware/GD32E23x_standard_peripheral/Source/gd32e23x_gpio.o
 .debug_aranges
                0x00000b50       0x48 ./Firmware/CMSIS/GD/GD32E23x/Source/system_gd32e23x.o
 .debug_aranges
                0x00000b98       0xb8 ./Firmware/CMSIS/GD/GD32E23x/Source/syscalls.o

.debug_ranges   0x00000000      0xae8
 .debug_ranges  0x00000000       0x30 ./src/systick.o
 .debug_ranges  0x00000030       0x20 ./src/main.o
 .debug_ranges  0x00000050       0x38 ./src/gd32e23x_it.o
 .debug_ranges  0x00000088       0x40 ./src/gd32e230c_eval.o
 .debug_ranges  0x000000c8       0x38 ./src/drivers/uart/Uart_init.o
 .debug_ranges  0x00000100       0x40 ./src/drivers/packet_process/Spl_stdio.o
 .debug_ranges  0x00000140       0x90 ./src/drivers/packet_process/Process_Packet.o
 .debug_ranges  0x000001d0       0x40 ./src/drivers/nand/Spi_nand_driver.o
 .debug_ranges  0x00000210       0x80 ./src/drivers/nand/GD5F1GQ4xExxG.o
 .debug_ranges  0x00000290       0x10 ./src/drivers/nand/FORESEE_F35UQB004G.o
 .debug_ranges  0x000002a0       0x30 ./src/drivers/nand/ESMTF50D1G41MYB.o
 .debug_ranges  0x000002d0       0x18 ./src/drivers/nand/DS35X2GA.o
 .debug_ranges  0x000002e8       0x68 ./src/drivers/gpio/GPIO_init.o
 .debug_ranges  0x00000350       0x20 ./gcc_startup/startup_gd32e23x.o
 .debug_ranges  0x00000370      0x240 ./Firmware/GD32E23x_standard_peripheral/Source/gd32e23x_usart.o
 .debug_ranges  0x000005b0       0x58 ./Firmware/GD32E23x_standard_peripheral/Source/gd32e23x_syscfg.o
 .debug_ranges  0x00000608      0x170 ./Firmware/GD32E23x_standard_peripheral/Source/gd32e23x_spi.o
 .debug_ranges  0x00000778      0x140 ./Firmware/GD32E23x_standard_peripheral/Source/gd32e23x_rcu.o
 .debug_ranges  0x000008b8       0x70 ./Firmware/GD32E23x_standard_peripheral/Source/gd32e23x_pmu.o
 .debug_ranges  0x00000928       0x60 ./Firmware/GD32E23x_standard_peripheral/Source/gd32e23x_misc.o
 .debug_ranges  0x00000988       0x80 ./Firmware/GD32E23x_standard_peripheral/Source/gd32e23x_gpio.o
 .debug_ranges  0x00000a08       0x38 ./Firmware/CMSIS/GD/GD32E23x/Source/system_gd32e23x.o
 .debug_ranges  0x00000a40       0xa8 ./Firmware/CMSIS/GD/GD32E23x/Source/syscalls.o

.debug_macro    0x00000000     0xc56a
 .debug_macro   0x00000000      0x16d ./src/systick.o
 .debug_macro   0x0000016d      0xa96 ./src/systick.o
 .debug_macro   0x00000c03       0x7c ./src/systick.o
 .debug_macro   0x00000c7f       0x22 ./src/systick.o
 .debug_macro   0x00000ca1       0x8e ./src/systick.o
 .debug_macro   0x00000d2f       0x51 ./src/systick.o
 .debug_macro   0x00000d80       0xef ./src/systick.o
 .debug_macro   0x00000e6f       0x6a ./src/systick.o
 .debug_macro   0x00000ed9      0x1df ./src/systick.o
 .debug_macro   0x000010b8       0x22 ./src/systick.o
 .debug_macro   0x000010da       0x85 ./src/systick.o
 .debug_macro   0x0000115f      0x868 ./src/systick.o
 .debug_macro   0x000019c7       0x10 ./src/systick.o
 .debug_macro   0x000019d7       0xf2 ./src/systick.o
 .debug_macro   0x00001ac9      0x41f ./src/systick.o
 .debug_macro   0x00001ee8       0xac ./src/systick.o
 .debug_macro   0x00001f94       0xa6 ./src/systick.o
 .debug_macro   0x0000203a      0x259 ./src/systick.o
 .debug_macro   0x00002293      0x3a5 ./src/systick.o
 .debug_macro   0x00002638      0x242 ./src/systick.o
 .debug_macro   0x0000287a      0x6cc ./src/systick.o
 .debug_macro   0x00002f46      0x1ed ./src/systick.o
 .debug_macro   0x00003133      0x33a ./src/systick.o
 .debug_macro   0x0000346d       0xd0 ./src/systick.o
 .debug_macro   0x0000353d      0x118 ./src/systick.o
 .debug_macro   0x00003655      0x737 ./src/systick.o
 .debug_macro   0x00003d8c      0x786 ./src/systick.o
 .debug_macro   0x00004512      0x4fe ./src/systick.o
 .debug_macro   0x00004a10      0x9c2 ./src/systick.o
 .debug_macro   0x000053d2      0x55b ./src/systick.o
 .debug_macro   0x0000592d       0x70 ./src/systick.o
 .debug_macro   0x0000599d       0x52 ./src/systick.o
 .debug_macro   0x000059ef      0x106 ./src/systick.o
 .debug_macro   0x00005af5      0x330 ./src/main.o
 .debug_macro   0x00005e25       0x64 ./src/main.o
 .debug_macro   0x00005e89       0x18 ./src/main.o
 .debug_macro   0x00005ea1       0x35 ./src/main.o
 .debug_macro   0x00005ed6       0x34 ./src/main.o
 .debug_macro   0x00005f0a       0x16 ./src/main.o
 .debug_macro   0x00005f20       0x97 ./src/main.o
 .debug_macro   0x00005fb7      0x339 ./src/main.o
 .debug_macro   0x000062f0       0xfd ./src/main.o
 .debug_macro   0x000063ed       0x10 ./src/main.o
 .debug_macro   0x000063fd       0x58 ./src/main.o
 .debug_macro   0x00006455       0x1f ./src/main.o
 .debug_macro   0x00006474       0x43 ./src/main.o
 .debug_macro   0x000064b7       0x20 ./src/main.o
 .debug_macro   0x000064d7      0x18e ./src/main.o
 .debug_macro   0x00006665       0x10 ./src/main.o
 .debug_macro   0x00006675       0x1c ./src/main.o
 .debug_macro   0x00006691       0x52 ./src/main.o
 .debug_macro   0x000066e3       0x40 ./src/main.o
 .debug_macro   0x00006723       0x10 ./src/main.o
 .debug_macro   0x00006733       0x40 ./src/main.o
 .debug_macro   0x00006773       0xd7 ./src/main.o
 .debug_macro   0x0000684a       0x1c ./src/main.o
 .debug_macro   0x00006866       0x3d ./src/main.o
 .debug_macro   0x000068a3       0x16 ./src/main.o
 .debug_macro   0x000068b9      0x16f ./src/main.o
 .debug_macro   0x00006a28       0xf4 ./src/main.o
 .debug_macro   0x00006b1c       0x22 ./src/main.o
 .debug_macro   0x00006b3e       0x16 ./src/main.o
 .debug_macro   0x00006b54       0xca ./src/main.o
 .debug_macro   0x00006c1e       0x76 ./src/main.o
 .debug_macro   0x00006c94       0x3a ./src/main.o
 .debug_macro   0x00006cce      0x1bb ./src/gd32e23x_it.o
 .debug_macro   0x00006e89      0x172 ./src/gd32e230c_eval.o
 .debug_macro   0x00006ffb       0xee ./src/gd32e230c_eval.o
 .debug_macro   0x000070e9      0x306 ./src/drivers/uart/Uart_init.o
 .debug_macro   0x000073ef       0x10 ./src/drivers/uart/Uart_init.o
 .debug_macro   0x000073ff      0x2e3 ./src/drivers/packet_process/Spl_stdio.o
 .debug_macro   0x000076e2       0x5e ./src/drivers/packet_process/Spl_stdio.o
 .debug_macro   0x00007740       0x94 ./src/drivers/packet_process/Spl_stdio.o
 .debug_macro   0x000077d4       0x57 ./src/drivers/packet_process/Spl_stdio.o
 .debug_macro   0x0000782b      0x320 ./src/drivers/packet_process/Process_Packet.o
 .debug_macro   0x00007b4b      0x31b ./src/drivers/nand/Spi_nand_driver.o
 .debug_macro   0x00007e66       0xc4 ./src/drivers/nand/Spi_nand_driver.o
 .debug_macro   0x00007f2a      0x2db ./src/drivers/nand/GD5F1GQ4xExxG.o
 .debug_macro   0x00008205      0x2cb ./src/drivers/nand/FORESEE_F35UQB004G.o
 .debug_macro   0x000084d0      0x2e5 ./src/drivers/nand/ESMTF50D1G41MYB.o
 .debug_macro   0x000087b5      0x2d5 ./src/drivers/nand/DS35X2GA.o
 .debug_macro   0x00008a8a      0x2d6 ./src/drivers/gpio/GPIO_init.o
 .debug_macro   0x00008d60       0x1c ./src/drivers/gpio/GPIO_init.o
 .debug_macro   0x00008d7c      0x16d ./Firmware/GD32E23x_standard_peripheral/Source/gd32e23x_usart.o
 .debug_macro   0x00008ee9      0x555 ./Firmware/GD32E23x_standard_peripheral/Source/gd32e23x_usart.o
 .debug_macro   0x0000943e      0x16d ./Firmware/GD32E23x_standard_peripheral/Source/gd32e23x_syscfg.o
 .debug_macro   0x000095ab      0x1e7 ./Firmware/GD32E23x_standard_peripheral/Source/gd32e23x_syscfg.o
 .debug_macro   0x00009792      0x1a3 ./Firmware/GD32E23x_standard_peripheral/Source/gd32e23x_spi.o
 .debug_macro   0x00009935      0x4f8 ./Firmware/GD32E23x_standard_peripheral/Source/gd32e23x_spi.o
 .debug_macro   0x00009e2d      0x18b ./Firmware/GD32E23x_standard_peripheral/Source/gd32e23x_rcu.o
 .debug_macro   0x00009fb8      0x731 ./Firmware/GD32E23x_standard_peripheral/Source/gd32e23x_rcu.o
 .debug_macro   0x0000a6e9      0x16d ./Firmware/GD32E23x_standard_peripheral/Source/gd32e23x_pmu.o
 .debug_macro   0x0000a856      0x112 ./Firmware/GD32E23x_standard_peripheral/Source/gd32e23x_pmu.o
 .debug_macro   0x0000a968      0x16d ./Firmware/GD32E23x_standard_peripheral/Source/gd32e23x_misc.o
 .debug_macro   0x0000aad5       0x4c ./Firmware/GD32E23x_standard_peripheral/Source/gd32e23x_misc.o
 .debug_macro   0x0000ab21      0x16d ./Firmware/GD32E23x_standard_peripheral/Source/gd32e23x_gpio.o
 .debug_macro   0x0000ac8e      0x6c6 ./Firmware/GD32E23x_standard_peripheral/Source/gd32e23x_gpio.o
 .debug_macro   0x0000b354      0x19f ./Firmware/CMSIS/GD/GD32E23x/Source/system_gd32e23x.o
 .debug_macro   0x0000b4f3      0x272 ./Firmware/CMSIS/GD/GD32E23x/Source/syscalls.o
 .debug_macro   0x0000b765      0x174 ./Firmware/CMSIS/GD/GD32E23x/Source/syscalls.o
 .debug_macro   0x0000b8d9       0x10 ./Firmware/CMSIS/GD/GD32E23x/Source/syscalls.o
 .debug_macro   0x0000b8e9       0x35 ./Firmware/CMSIS/GD/GD32E23x/Source/syscalls.o
 .debug_macro   0x0000b91e       0x10 ./Firmware/CMSIS/GD/GD32E23x/Source/syscalls.o
 .debug_macro   0x0000b92e       0x10 ./Firmware/CMSIS/GD/GD32E23x/Source/syscalls.o
 .debug_macro   0x0000b93e       0x35 ./Firmware/CMSIS/GD/GD32E23x/Source/syscalls.o
 .debug_macro   0x0000b973      0x122 ./Firmware/CMSIS/GD/GD32E23x/Source/syscalls.o
 .debug_macro   0x0000ba95      0x22a ./Firmware/CMSIS/GD/GD32E23x/Source/syscalls.o
 .debug_macro   0x0000bcbf       0x10 ./Firmware/CMSIS/GD/GD32E23x/Source/syscalls.o
 .debug_macro   0x0000bccf       0x1c ./Firmware/CMSIS/GD/GD32E23x/Source/syscalls.o
 .debug_macro   0x0000bceb       0x10 ./Firmware/CMSIS/GD/GD32E23x/Source/syscalls.o
 .debug_macro   0x0000bcfb       0x16 ./Firmware/CMSIS/GD/GD32E23x/Source/syscalls.o
 .debug_macro   0x0000bd11       0x88 ./Firmware/CMSIS/GD/GD32E23x/Source/syscalls.o
 .debug_macro   0x0000bd99       0x10 ./Firmware/CMSIS/GD/GD32E23x/Source/syscalls.o
 .debug_macro   0x0000bda9      0x241 ./Firmware/CMSIS/GD/GD32E23x/Source/syscalls.o
 .debug_macro   0x0000bfea       0x16 ./Firmware/CMSIS/GD/GD32E23x/Source/syscalls.o
 .debug_macro   0x0000c000       0x16 ./Firmware/CMSIS/GD/GD32E23x/Source/syscalls.o
 .debug_macro   0x0000c016      0x51a ./Firmware/CMSIS/GD/GD32E23x/Source/syscalls.o
 .debug_macro   0x0000c530       0x3a ./Firmware/CMSIS/GD/GD32E23x/Source/syscalls.o

.debug_line     0x00000000     0xb943
 .debug_line    0x00000000      0x61e ./src/systick.o
 .debug_line    0x0000061e      0x811 ./src/main.o
 .debug_line    0x00000e2f      0x723 ./src/gd32e23x_it.o
 .debug_line    0x00001552      0x5fd ./src/gd32e230c_eval.o
 .debug_line    0x00001b4f      0x7b8 ./src/drivers/uart/Uart_init.o
 .debug_line    0x00002307      0x833 ./src/drivers/packet_process/Spl_stdio.o
 .debug_line    0x00002b3a      0xe95 ./src/drivers/packet_process/Process_Packet.o
 .debug_line    0x000039cf      0x891 ./src/drivers/nand/Spi_nand_driver.o
 .debug_line    0x00004260      0x944 ./src/drivers/nand/GD5F1GQ4xExxG.o
 .debug_line    0x00004ba4      0x67e ./src/drivers/nand/FORESEE_F35UQB004G.o
 .debug_line    0x00005222      0x722 ./src/drivers/nand/ESMTF50D1G41MYB.o
 .debug_line    0x00005944      0x6e6 ./src/drivers/nand/DS35X2GA.o
 .debug_line    0x0000602a      0x7a8 ./src/drivers/gpio/GPIO_init.o
 .debug_line    0x000067d2       0x83 ./gcc_startup/startup_gd32e23x.o
 .debug_line    0x00006855      0xd7d ./Firmware/GD32E23x_standard_peripheral/Source/gd32e23x_usart.o
 .debug_line    0x000075d2      0x66a ./Firmware/GD32E23x_standard_peripheral/Source/gd32e23x_syscfg.o
 .debug_line    0x00007c3c      0xbf9 ./Firmware/GD32E23x_standard_peripheral/Source/gd32e23x_spi.o
 .debug_line    0x00008835      0xcd4 ./Firmware/GD32E23x_standard_peripheral/Source/gd32e23x_rcu.o
 .debug_line    0x00009509      0x6be ./Firmware/GD32E23x_standard_peripheral/Source/gd32e23x_pmu.o
 .debug_line    0x00009bc7      0x723 ./Firmware/GD32E23x_standard_peripheral/Source/gd32e23x_misc.o
 .debug_line    0x0000a2ea      0x7f7 ./Firmware/GD32E23x_standard_peripheral/Source/gd32e23x_gpio.o
 .debug_line    0x0000aae1      0x755 ./Firmware/CMSIS/GD/GD32E23x/Source/system_gd32e23x.o
 .debug_line    0x0000b236      0x70d ./Firmware/CMSIS/GD/GD32E23x/Source/syscalls.o

.debug_str      0x00000000    0x26230
 .debug_str     0x00000000    0x1b448 ./src/systick.o
                              0x1b619 (size before relaxing)
 .debug_str     0x0001b448     0x5110 ./src/main.o
                              0x2065f (size before relaxing)
 .debug_str     0x00020558      0x228 ./src/gd32e23x_it.o
                              0x1c40a (size before relaxing)
 .debug_str     0x00020780      0x3bf ./src/gd32e230c_eval.o
                              0x1bce0 (size before relaxing)
 .debug_str     0x00020b3f       0xf4 ./src/drivers/uart/Uart_init.o
                              0x206d7 (size before relaxing)
 .debug_str     0x00020c33      0x116 ./src/drivers/packet_process/Spl_stdio.o
                              0x1f8d8 (size before relaxing)
 .debug_str     0x00020d49      0x483 ./src/drivers/packet_process/Process_Packet.o
                              0x20c03 (size before relaxing)
 .debug_str     0x000211cc      0x455 ./src/drivers/nand/Spi_nand_driver.o
                              0x1fecd (size before relaxing)
 .debug_str     0x00021621      0x171 ./src/drivers/nand/GD5F1GQ4xExxG.o
                              0x1fb17 (size before relaxing)
 .debug_str     0x00021792       0x4e ./src/drivers/nand/FORESEE_F35UQB004G.o
                              0x1f977 (size before relaxing)
 .debug_str     0x000217e0       0xbb ./src/drivers/nand/ESMTF50D1G41MYB.o
                              0x1f9f6 (size before relaxing)
 .debug_str     0x0002189b       0x49 ./src/drivers/nand/DS35X2GA.o
                              0x1f99a (size before relaxing)
 .debug_str     0x000218e4       0xdd ./src/drivers/gpio/GPIO_init.o
                              0x1fa5a (size before relaxing)
 .debug_str     0x000219c1       0x30 ./gcc_startup/startup_gd32e23x.o
                                 0x6e (size before relaxing)
 .debug_str     0x000219f1      0xa7f ./Firmware/GD32E23x_standard_peripheral/Source/gd32e23x_usart.o
                              0x1c08e (size before relaxing)
 .debug_str     0x00022470      0x17e ./Firmware/GD32E23x_standard_peripheral/Source/gd32e23x_syscfg.o
                              0x1b50f (size before relaxing)
 .debug_str     0x000225ee      0x5ed ./Firmware/GD32E23x_standard_peripheral/Source/gd32e23x_spi.o
                              0x1ba43 (size before relaxing)
 .debug_str     0x00022bdb      0xa3e ./Firmware/GD32E23x_standard_peripheral/Source/gd32e23x_rcu.o
                              0x1bf62 (size before relaxing)
 .debug_str     0x00023619      0x16b ./Firmware/GD32E23x_standard_peripheral/Source/gd32e23x_pmu.o
                              0x1b542 (size before relaxing)
 .debug_str     0x00023784      0x12f ./Firmware/GD32E23x_standard_peripheral/Source/gd32e23x_misc.o
                              0x1b674 (size before relaxing)
 .debug_str     0x000238b3      0x18f ./Firmware/GD32E23x_standard_peripheral/Source/gd32e23x_gpio.o
                              0x1b549 (size before relaxing)
 .debug_str     0x00023a42      0x3da ./Firmware/CMSIS/GD/GD32E23x/Source/system_gd32e23x.o
                              0x1b767 (size before relaxing)
 .debug_str     0x00023e1c     0x2414 ./Firmware/CMSIS/GD/GD32E23x/Source/syscalls.o
                               0x98f0 (size before relaxing)

.comment        0x00000000       0x66
 .comment       0x00000000       0x66 ./src/systick.o
                                 0x67 (size before relaxing)
 .comment       0x00000066       0x67 ./src/main.o
 .comment       0x00000066       0x67 ./src/gd32e23x_it.o
 .comment       0x00000066       0x67 ./src/gd32e230c_eval.o
 .comment       0x00000066       0x67 ./src/drivers/uart/Uart_init.o
 .comment       0x00000066       0x67 ./src/drivers/packet_process/Spl_stdio.o
 .comment       0x00000066       0x67 ./src/drivers/packet_process/Process_Packet.o
 .comment       0x00000066       0x67 ./src/drivers/nand/Spi_nand_driver.o
 .comment       0x00000066       0x67 ./src/drivers/nand/GD5F1GQ4xExxG.o
 .comment       0x00000066       0x67 ./src/drivers/nand/FORESEE_F35UQB004G.o
 .comment       0x00000066       0x67 ./src/drivers/nand/ESMTF50D1G41MYB.o
 .comment       0x00000066       0x67 ./src/drivers/nand/DS35X2GA.o
 .comment       0x00000066       0x67 ./src/drivers/gpio/GPIO_init.o
 .comment       0x00000066       0x67 ./Firmware/GD32E23x_standard_peripheral/Source/gd32e23x_usart.o
 .comment       0x00000066       0x67 ./Firmware/GD32E23x_standard_peripheral/Source/gd32e23x_syscfg.o
 .comment       0x00000066       0x67 ./Firmware/GD32E23x_standard_peripheral/Source/gd32e23x_spi.o
 .comment       0x00000066       0x67 ./Firmware/GD32E23x_standard_peripheral/Source/gd32e23x_rcu.o