Archive member included to satisfy reference by file (symbol)

../EXTERN_LIB\libProject.a(Process_Packet.o)
                              ./src/main.o (global_sio_handle)
d:/software/gd32embeddedbuilder_v1.5.6_rel/tools/gnu tools arm embedded/xpack-arm-none-eabi-gcc/9.2.1-1.1/bin/../lib/gcc/arm-none-eabi/9.2.1/../../../../arm-none-eabi/lib/thumb/v8-m.base/nofp\libg_nano.a(lib_a-exit.o)
                              d:/software/gd32embeddedbuilder_v1.5.6_rel/tools/gnu tools arm embedded/xpack-arm-none-eabi-gcc/9.2.1-1.1/bin/../lib/gcc/arm-none-eabi/9.2.1/../../../../arm-none-eabi/lib/thumb/v8-m.base/nofp/crt0.o (exit)
d:/software/gd32embeddedbuilder_v1.5.6_rel/tools/gnu tools arm embedded/xpack-arm-none-eabi-gcc/9.2.1-1.1/bin/../lib/gcc/arm-none-eabi/9.2.1/../../../../arm-none-eabi/lib/thumb/v8-m.base/nofp\libg_nano.a(lib_a-impure.o)
                              d:/software/gd32embeddedbuilder_v1.5.6_rel/tools/gnu tools arm embedded/xpack-arm-none-eabi-gcc/9.2.1-1.1/bin/../lib/gcc/arm-none-eabi/9.2.1/../../../../arm-none-eabi/lib/thumb/v8-m.base/nofp\libg_nano.a(lib_a-exit.o) (_global_impure_ptr)
d:/software/gd32embeddedbuilder_v1.5.6_rel/tools/gnu tools arm embedded/xpack-arm-none-eabi-gcc/9.2.1-1.1/bin/../lib/gcc/arm-none-eabi/9.2.1/../../../../arm-none-eabi/lib/thumb/v8-m.base/nofp\libg_nano.a(lib_a-init.o)
                              d:/software/gd32embeddedbuilder_v1.5.6_rel/tools/gnu tools arm embedded/xpack-arm-none-eabi-gcc/9.2.1-1.1/bin/../lib/gcc/arm-none-eabi/9.2.1/../../../../arm-none-eabi/lib/thumb/v8-m.base/nofp/crt0.o (__libc_init_array)
d:/software/gd32embeddedbuilder_v1.5.6_rel/tools/gnu tools arm embedded/xpack-arm-none-eabi-gcc/9.2.1-1.1/bin/../lib/gcc/arm-none-eabi/9.2.1/../../../../arm-none-eabi/lib/thumb/v8-m.base/nofp\libg_nano.a(lib_a-printf.o)
                              ./src/main.o (printf)
d:/software/gd32embeddedbuilder_v1.5.6_rel/tools/gnu tools arm embedded/xpack-arm-none-eabi-gcc/9.2.1-1.1/bin/../lib/gcc/arm-none-eabi/9.2.1/../../../../arm-none-eabi/lib/thumb/v8-m.base/nofp\libg_nano.a(lib_a-putchar.o)
                              ./src/drivers/packet_process/Spl_stdio.o (putchar)
d:/software/gd32embeddedbuilder_v1.5.6_rel/tools/gnu tools arm embedded/xpack-arm-none-eabi-gcc/9.2.1-1.1/bin/../lib/gcc/arm-none-eabi/9.2.1/../../../../arm-none-eabi/lib/thumb/v8-m.base/nofp\libg_nano.a(lib_a-puts.o)
                              ./src/main.o (puts)
d:/software/gd32embeddedbuilder_v1.5.6_rel/tools/gnu tools arm embedded/xpack-arm-none-eabi-gcc/9.2.1-1.1/bin/../lib/gcc/arm-none-eabi/9.2.1/../../../../arm-none-eabi/lib/thumb/v8-m.base/nofp\libg_nano.a(lib_a-reent.o)
                              ./Firmware/CMSIS/GD/GD32E23x/Source/syscalls.o (errno)
d:/software/gd32embeddedbuilder_v1.5.6_rel/tools/gnu tools arm embedded/xpack-arm-none-eabi-gcc/9.2.1-1.1/bin/../lib/gcc/arm-none-eabi/9.2.1/../../../../arm-none-eabi/lib/thumb/v8-m.base/nofp\libg_nano.a(lib_a-wbuf.o)
                              d:/software/gd32embeddedbuilder_v1.5.6_rel/tools/gnu tools arm embedded/xpack-arm-none-eabi-gcc/9.2.1-1.1/bin/../lib/gcc/arm-none-eabi/9.2.1/../../../../arm-none-eabi/lib/thumb/v8-m.base/nofp\libg_nano.a(lib_a-puts.o) (__swbuf_r)
d:/software/gd32embeddedbuilder_v1.5.6_rel/tools/gnu tools arm embedded/xpack-arm-none-eabi-gcc/9.2.1-1.1/bin/../lib/gcc/arm-none-eabi/9.2.1/../../../../arm-none-eabi/lib/thumb/v8-m.base/nofp\libg_nano.a(lib_a-wsetup.o)
                              d:/software/gd32embeddedbuilder_v1.5.6_rel/tools/gnu tools arm embedded/xpack-arm-none-eabi-gcc/9.2.1-1.1/bin/../lib/gcc/arm-none-eabi/9.2.1/../../../../arm-none-eabi/lib/thumb/v8-m.base/nofp\libg_nano.a(lib_a-puts.o) (__swsetup_r)
d:/software/gd32embeddedbuilder_v1.5.6_rel/tools/gnu tools arm embedded/xpack-arm-none-eabi-gcc/9.2.1-1.1/bin/../lib/gcc/arm-none-eabi/9.2.1/../../../../arm-none-eabi/lib/thumb/v8-m.base/nofp\libg_nano.a(lib_a-fflush.o)
                              d:/software/gd32embeddedbuilder_v1.5.6_rel/tools/gnu tools arm embedded/xpack-arm-none-eabi-gcc/9.2.1-1.1/bin/../lib/gcc/arm-none-eabi/9.2.1/../../../../arm-none-eabi/lib/thumb/v8-m.base/nofp\libg_nano.a(lib_a-wbuf.o) (_fflush_r)
d:/software/gd32embeddedbuilder_v1.5.6_rel/tools/gnu tools arm embedded/xpack-arm-none-eabi-gcc/9.2.1-1.1/bin/../lib/gcc/arm-none-eabi/9.2.1/../../../../arm-none-eabi/lib/thumb/v8-m.base/nofp\libg_nano.a(lib_a-findfp.o)
                              d:/software/gd32embeddedbuilder_v1.5.6_rel/tools/gnu tools arm embedded/xpack-arm-none-eabi-gcc/9.2.1-1.1/bin/../lib/gcc/arm-none-eabi/9.2.1/../../../../arm-none-eabi/lib/thumb/v8-m.base/nofp\libg_nano.a(lib_a-printf.o) (__sinit)
d:/software/gd32embeddedbuilder_v1.5.6_rel/tools/gnu tools arm embedded/xpack-arm-none-eabi-gcc/9.2.1-1.1/bin/../lib/gcc/arm-none-eabi/9.2.1/../../../../arm-none-eabi/lib/thumb/v8-m.base/nofp\libg_nano.a(lib_a-fwalk.o)
[...]
Memory Configuration

Name             Origin             Length             Attributes
FLASH            0x08000000         0x00020000         xr
RAM              0x20000000         0x00004000         xrw
*default*        0x00000000         0xffffffff

Linker script and memory map

LOAD d:/software/gd32embeddedbuilder_v1.5.6_rel/tools/gnu tools arm embedded/xpack-arm-none-eabi-gcc/9.2.1-1.1/bin/../lib/gcc/arm-none-eabi/9.2.1/thumb/v8-m.base/nofp/crti.o
LOAD d:/software/gd32embeddedbuilder_v1.5.6_rel/tools/gnu tools arm embedded/xpack-arm-none-eabi-gcc/9.2.1-1.1/bin/../lib/gcc/arm-none-eabi/9.2.1/thumb/v8-m.base/nofp/crtbegin.o
LOAD d:/software/gd32embeddedbuilder_v1.5.6_rel/tools/gnu tools arm embedded/xpack-arm-none-eabi-gcc/9.2.1-1.1/bin/../lib/gcc/arm-none-eabi/9.2.1/../../../../arm-none-eabi/lib/thumb/v8-m.base/nofp/crt0.o
LOAD ./src/systick.o
LOAD ./src/main.o
LOAD ./src/gd32e23x_it.o
LOAD ./src/gd32e235c_eval.o
LOAD ./src/drivers/uart/Uart_init.o
LOAD ./src/drivers/timer/timer.o
LOAD ./src/drivers/packet_process/Spl_stdio.o
LOAD ./src/drivers/nand/Spi_nand_driver.o
LOAD ./src/drivers/nand/GD5F1GQ4xExxG.o
LOAD ./src/drivers/nand/FORESEE_F35UQB004G.o
LOAD ./src/drivers/nand/ESMTF50D1G41MYB.o
LOAD ./src/drivers/nand/DS35X2GA.o
LOAD ./src/drivers/lcd/lcd_log.o
LOAD ./src/drivers/lcd/lcd_display.o
LOAD ./src/drivers/lcd/gd32e235c_lcd_eval.o
LOAD ./src/drivers/gpio/GPIO_init.o
LOAD ./src/drivers/deepsleep/deepsleep.o
LOAD ./gcc_startup/startup_gd32e23x.o
LOAD ./Firmware/GD32E23x_standard_peripheral/Source/gd32e23x_wwdgt.o
LOAD ./Firmware/GD32E23x_standard_peripheral/Source/gd32e23x_usart.o
LOAD ./Firmware/GD32E23x_standard_peripheral/Source/gd32e23x_timer.o
LOAD ./Firmware/GD32E23x_standard_peripheral/Source/gd32e23x_syscfg.o
LOAD ./Firmware/GD32E23x_standard_peripheral/Source/gd32e23x_spi.o
LOAD ./Firmware/GD32E23x_standard_peripheral/Source/gd32e23x_rtc.o
LOAD ./Firmware/GD32E23x_standard_peripheral/Source/gd32e23x_rcu.o
LOAD ./Firmware/GD32E23x_standard_peripheral/Source/gd32e23x_pmu.o
LOAD ./Firmware/GD32E23x_standard_peripheral/Source/gd32e23x_misc.o
LOAD ./Firmware/GD32E23x_standard_peripheral/Source/gd32e23x_i2c.o
LOAD ./Firmware/GD32E23x_standard_peripheral/Source/gd32e23x_gpio.o
LOAD ./Firmware/GD32E23x_standard_peripheral/Source/gd32e23x_fwdgt.o
LOAD ./Firmware/GD32E23x_standard_peripheral/Source/gd32e23x_fmc.o
LOAD ./Firmware/GD32E23x_standard_peripheral/Source/gd32e23x_exti.o
LOAD ./Firmware/GD32E23x_standard_peripheral/Source/gd32e23x_dma.o
LOAD ./Firmware/GD32E23x_standard_peripheral/Source/gd32e23x_dbg.o
LOAD ./Firmware/GD32E23x_standard_peripheral/Source/gd32e23x_crc.o
LOAD ./Firmware/GD32E23x_standard_peripheral/Source/gd32e23x_cmp.o
LOAD ./Firmware/GD32E23x_standard_peripheral/Source/gd32e23x_adc.o
LOAD ./Firmware/CMSIS/GD/GD32E23x/Source/system_gd32e23x.o
LOAD ./Firmware/CMSIS/GD/GD32E23x/Source/syscalls.o
LOAD ../EXTERN_LIB\libProject.a
START GROUP
LOAD d:/software/gd32embeddedbuilder_v1.5.6_rel/tools/gnu tools arm embedded/xpack-arm-none-eabi-gcc/9.2.1-1.1/bin/../lib/gcc/arm-none-eabi/9.2.1/thumb/v8-m.base/nofp\libgcc.a
LOAD d:/software/gd32embeddedbuilder_v1.5.6_rel/tools/gnu tools arm embedded/xpack-arm-none-eabi-gcc/9.2.1-1.1/bin/../lib/gcc/arm-none-eabi/9.2.1/../../../../arm-none-eabi/lib/thumb/v8-m.base/nofp\libg_nano.a
LOAD d:/software/gd32embeddedbuilder_v1.5.6_rel/tools/gnu tools arm embedded/xpack-arm-none-eabi-gcc/9.2.1-1.1/bin/../lib/gcc/arm-none-eabi/9.2.1/../../../../arm-none-eabi/lib/thumb/v8-m.base/nofp\libc_nano.a
END GROUP
START GROUP
LOAD d:/software/gd32embeddedbuilder_v1.5.6_rel/tools/gnu tools arm embedded/xpack-arm-none-eabi-gcc/9.2.1-1.1/bin/../lib/gcc/arm-none-eabi/9.2.1/thumb/v8-m.base/nofp\libgcc.a
LOAD d:/software/gd32embeddedbuilder_v1.5.6_rel/tools/gnu tools arm embedded/xpack-arm-none-eabi-gcc/9.2.1-1.1/bin/../lib/gcc/arm-none-eabi/9.2.1/../../../../arm-none-eabi/lib/thumb/v8-m.base/nofp\libc_nano.a
LOAD d:/software/gd32embeddedbuilder_v1.5.6_rel/tools/gnu tools arm embedded/xpack-arm-none-eabi-gcc/9.2.1-1.1/bin/../lib/gcc/arm-none-eabi/9.2.1/../../../../arm-none-eabi/lib/thumb/v8-m.base/nofp\libnosys.a
END GROUP
START GROUP
LOAD d:/software/gd32embeddedbuilder_v1.5.6_rel/tools/gnu tools arm embedded/xpack-arm-none-eabi-gcc/9.2.1-1.1/bin/../lib/gcc/arm-none-eabi/9.2.1/thumb/v8-m.base/nofp\libgcc.a
LOAD d:/software/gd32embeddedbuilder_v1.5.6_rel/tools/gnu tools arm embedded/xpack-arm-none-eabi-gcc/9.2.1-1.1/bin/../lib/gcc/arm-none-eabi/9.2.1/../../../../arm-none-eabi/lib/thumb/v8-m.base/nofp\libc_nano.a
LOAD d:/software/gd32embeddedbuilder_v1.5.6_rel/tools/gnu tools arm embedded/xpack-arm-none-eabi-gcc/9.2.1-1.1/bin/../lib/gcc/arm-none-eabi/9.2.1/../../../../arm-none-eabi/lib/thumb/v8-m.base/nofp\libnosys.a
END GROUP
LOAD d:/software/gd32embeddedbuilder_v1.5.6_rel/tools/gnu tools arm embedded/xpack-arm-none-eabi-gcc/9.2.1-1.1/bin/../lib/gcc/arm-none-eabi/9.2.1/thumb/v8-m.base/nofp/crtend.o
LOAD d:/software/gd32embeddedbuilder_v1.5.6_rel/tools/gnu tools arm embedded/xpack-arm-none-eabi-gcc/9.2.1-1.1/bin/../lib/gcc/arm-none-eabi/9.2.1/thumb/v8-m.base/nofp/crtn.o
                0x00000800                __stack_size = DEFINED (__stack_size)?__stack_size:0x800
                0x00000400                __heap_size = DEFINED (__heap_size)?__heap_size:0x400

.vectors        0x08000000       0xcc
                0x08000000                . = ALIGN (0x4)
 *(.vectors)
 .vectors       0x08000000       0xcc ./gcc_startup/startup_gd32e23x.o
                0x08000000                __gVectors
                0x080000cc                . = ALIGN (0x4)
                0x080000cc                __Vectors_End = .
                0x080000cc                __Vectors_Size = (__Vectors_End - __gVectors)

.text           0x080000cc     0x56ec
                0x080000cc                . = ALIGN (0x4)
 *(.text)
 .text          0x080000cc       0x14 d:/software/gd32embeddedbuilder_v1.5.6_rel/tools/gnu tools arm embedded/xpack-arm-none-eabi-gcc/9.2.1-1.1/bin/../lib/gcc/arm-none-eabi/9.2.1/thumb/v8-m.base/nofp\libgcc.a(_thumb1_case_shi.o)
                0x080000cc                __gnu_thumb1_case_shi
 *(.text*)
 .text.__do_global_dtors_aux
                0x080000e0       0x2c d:/software/gd32embeddedbuilder_v1.5.6_rel/tools/gnu tools arm embedded/xpack-arm-none-eabi-gcc/9.2.1-1.1/bin/../lib/gcc/arm-none-eabi/9.2.1/thumb/v8-m.base/nofp/crtbegin.o
 .text.frame_dummy
                0x0800010c       0x24 d:/software/gd32embeddedbuilder_v1.5.6_rel/tools/gnu tools arm embedded/xpack-arm-none-eabi-gcc/9.2.1-1.1/bin/../lib/gcc/arm-none-eabi/9.2.1/thumb/v8-m.base/nofp/crtbegin.o
 .text.__NVIC_SetPriority
                0x08000130       0xee ./src/systick.o
 .text.SysTick_Config
                0x0800021e       0x54 ./src/systick.o
 .text.systick_config
                0x08000272       0x34 ./src/systick.o
                0x08000272                systick_config
 .text.delay_1ms
                0x080002a6       0x2e ./src/systick.o
                0x080002a6                delay_1ms
 .text.delay_decrement
                0x080002d4       0x2c ./src/systick.o
                0x080002d4                delay_decrement
 .text.main     0x08000300      0x368 ./src/main.o
                0x08000300                main
 .text.__io_putchar
                0x08000668       0x42 ./src/main.o
                0x08000668                __io_putchar
 .text.NMI_Handler
                0x080006aa       0x16 ./src/gd32e23x_it.o
                0x080006aa                NMI_Handler
 .text.HardFault_Handler
                0x080006c0        0x6 ./src/gd32e23x_it.o
                0x080006c0                HardFault_Handler
 .text.SVC_Handler
                0x080006c6        0x6 ./src/gd32e23x_it.o
                0x080006c6                SVC_Handler
 .text.PendSV_Handler
                0x080006cc        0x6 ./src/gd32e23x_it.o
                0x080006cc                PendSV_Handler
 .text.SysTick_Handler
                0x080006d2      0x110 ./src/gd32e23x_it.o
                0x080006d2                SysTick_Handler
 .text.USART0_IRQHandler
                0x080007e2      0x2d8 ./src/gd32e23x_it.o
                0x080007e2                USART0_IRQHandler
 .text.gd_eval_led_init
                0x08000aba       0xa0 ./src/gd32e235c_eval.o
                0x08000aba                gd_eval_led_init
 .text.gd_eval_led_off
                0x08000b5a       0x3a ./src/gd32e235c_eval.o
                0x08000b5a                gd_eval_led_off
 .text.sio_handle_init
                0x08000b94       0x8a ./src/drivers/uart/Uart_init.o
                0x08000b94                sio_handle_init
 .text.com_usart_init
                0x08000c1e       0xa8 ./src/drivers/uart/Uart_init.o
                0x08000c1e                com_usart_init
 .text.com1_usart_init
                0x08000cc6       0xa8 ./src/drivers/uart/Uart_init.o
                0x08000cc6                com1_usart_init
 .text.com_usart_change_baud
                0x08000d6e       0x66 ./src/drivers/uart/Uart_init.o
                0x08000d6e                com_usart_change_baud
 .text.usart_put_char
                0x08000dd4       0x34 ./src/drivers/uart/Uart_init.o
                0x08000dd4                usart_put_char
 .text.Timer_handler_Clear
                0x08000e08       0x1c ./src/drivers/timer/timer.o
                0x08000e08                Timer_handler_Clear
 .text.Timer_handler_Start
                0x08000e24       0x46 ./src/drivers/timer/timer.o
                0x08000e24                Timer_handler_Start
 .text.hexdump  0x08000e6a       0x92 ./src/drivers/packet_process/Spl_stdio.o
                0x08000e6a                hexdump
 .text.crc_16_l_calc
                0x08000efc       0x96 ./src/drivers/packet_process/Spl_stdio.o
                0x08000efc                crc_16_l_calc
 .text.ENDIAN_CONVERT_16
                0x08000f92       0x34 ./src/drivers/packet_process/Spl_stdio.o
                0x08000f92                ENDIAN_CONVERT_16
 *fill*         0x08000fc6        0x2 
 .text.ENDIAN_CONVERT_32
                0x08000fc8       0x38 ./src/drivers/packet_process/Spl_stdio.o
                0x08000fc8                ENDIAN_CONVERT_32
 .text.memset   0x08001000       0x44 ./src/drivers/packet_process/Spl_stdio.o
                0x08001000                memset
 .text.memcpy   0x08001044       0x46 ./src/drivers/packet_process/Spl_stdio.o
                0x08001044                memcpy
 .text.memcmp   0x0800108a       0x4e ./src/drivers/packet_process/Spl_stdio.o
                0x0800108a                memcmp
 .text.spi_nand_cs_sel
                0x080010d8       0x4a ./src/drivers/nand/Spi_nand_driver.o
 .text.spi_nandflash_init
                0x08001122       0xc8 ./src/drivers/nand/Spi_nand_driver.o
                0x08001122                spi_nandflash_init
 .text.spi_nand_rw_byte
                0x080011ea       0x6c ./src/drivers/nand/Spi_nand_driver.o
                0x080011ea                spi_nand_rw_byte
 .text.spi_nand_reset
                0x08001256       0x1c ./src/drivers/nand/Spi_nand_driver.o
                0x08001256                spi_nand_reset
 .text.spi_nand_read_id
                0x08001272       0x86 ./src/drivers/nand/Spi_nand_driver.o
 .text.spinand_get_specinfo
                0x080012f8      0x1c8 ./src/drivers/nand/Spi_nand_driver.o
                0x080012f8                spinand_get_specinfo
 .text.NANDFLASH_Read
                0x080014c0       0xb2 ./src/drivers/nand/Spi_nand_driver.o
                0x080014c0                NANDFLASH_Read
 .text.spi_nand_cs_sel
                0x08001572       0x4a ./src/drivers/nand/GD5F1GQ4xExxG.o
 .text.spi_nand_set_feature
                0x080015bc       0x40 ./src/drivers/nand/GD5F1GQ4xExxG.o
                0x080015bc                spi_nand_set_feature
 .text.spi_nand_get_feature
                0x080015fc       0x4a ./src/drivers/nand/GD5F1GQ4xExxG.o
                0x080015fc                spi_nand_get_feature
 .text.spi_nand_read_from_cache
                0x08001646       0x74 ./src/drivers/nand/GD5F1GQ4xExxG.o
                0x08001646                spi_nand_read_from_cache
 .text.spi_nand_read2cache
                0x080016ba       0x76 ./src/drivers/nand/GD5F1GQ4xExxG.o
                0x080016ba                spi_nand_read2cache
 .text.spi_nand_write_enable
                0x08001730       0x1c ./src/drivers/nand/GD5F1GQ4xExxG.o
                0x08001730                spi_nand_write_enable
 .text.spi_nand_enable_ecc
                0x0800174c       0x38 ./src/drivers/nand/GD5F1GQ4xExxG.o
                0x0800174c                spi_nand_enable_ecc
 .text.spi_nand_disable_ecc
                0x08001784       0x38 ./src/drivers/nand/GD5F1GQ4xExxG.o
                0x08001784                spi_nand_disable_ecc
 .text.spi_nand_check_ecc
                0x080017bc       0x3a ./src/drivers/nand/GD5F1GQ4xExxG.o
                0x080017bc                spi_nand_check_ecc
 .text.spi_nand_erase_blk
                0x080017f6       0x6e ./src/drivers/nand/GD5F1GQ4xExxG.o
                0x080017f6                spi_nand_erase_blk
 .text.spi_nand_config
                0x08001864       0x14 ./src/drivers/nand/GD5F1GQ4xExxG.o
                0x08001864                spi_nand_config
 .text.spi_nand_check_blk_sts
                0x08001878       0x4c ./src/drivers/nand/GD5F1GQ4xExxG.o
                0x08001878                spi_nand_check_blk_sts
 .text.foresee_spi_nand_check_ecc
                0x080018c4       0x32 ./src/drivers/nand/FORESEE_F35UQB004G.o
                0x080018c4                foresee_spi_nand_check_ecc
 .text.spi_nand_continue_read_disable
                0x080018f6       0x32 ./src/drivers/nand/ESMTF50D1G41MYB.o
 .text.spi_nand_continue_read_enable
                0x08001928       0x32 ./src/drivers/nand/ESMTF50D1G41MYB.o
 .text.esmt_spi_nand_config
                0x0800195a       0x18 ./src/drivers/nand/ESMTF50D1G41MYB.o
 .text.esmt_spi_nand_recovery
                0x08001972        0xe ./src/drivers/nand/ESMTF50D1G41MYB.o
 .text.esmt_spi_nand_check_ecc
                0x08001980       0x4e ./src/drivers/nand/ESMTF50D1G41MYB.o
 .text.spi_nand_cs_sel
                0x080019ce       0x4a ./src/drivers/nand/DS35X2GA.o
 .text.ds_spi_nand_read_from_cache
                0x08001a18       0x8c ./src/drivers/nand/DS35X2GA.o
                0x08001a18                ds_spi_nand_read_from_cache
 .text.lcd_display
                0x08001aa4       0x5c ./src/drivers/lcd/lcd_display.o
                0x08001aa4                lcd_display
 .text.spi_write_byte
                0x08001b00       0x5a ./src/drivers/lcd/gd32e235c_lcd_eval.o
 .text.spi1_init
                0x08001b5a      0x120 ./src/drivers/lcd/gd32e235c_lcd_eval.o
 .text.lcd_write_index
                0x08001c7a       0x34 ./src/drivers/lcd/gd32e235c_lcd_eval.o
 .text.lcd_write_data
                0x08001cae       0x34 ./src/drivers/lcd/gd32e235c_lcd_eval.o
 .text.lcd_write_data_16bit
                0x08001ce2       0x2e ./src/drivers/lcd/gd32e235c_lcd_eval.o
 .text.lcd_reset
                0x08001d10       0x2e ./src/drivers/lcd/gd32e235c_lcd_eval.o
 .text.lcd_init
                0x08001d3e      0x31e ./src/drivers/lcd/gd32e235c_lcd_eval.o
                0x08001d3e                lcd_init
 .text.lcd_set_region
                0x0800205c       0xb8 ./src/drivers/lcd/gd32e235c_lcd_eval.o
                0x0800205c                lcd_set_region
 .text.lcd_draw_image
                0x08002114       0xf6 ./src/drivers/lcd/gd32e235c_lcd_eval.o
                0x08002114                lcd_draw_image
 .text.com_gpio_init
                0x0800220a       0xec ./src/drivers/gpio/GPIO_init.o
                0x0800220a                com_gpio_init
 .text.com1_gpio_init
                0x080022f6       0x66 ./src/drivers/gpio/GPIO_init.o
                0x080022f6                com1_gpio_init
 .text.init_key_detection
                0x0800235c       0x44 ./src/drivers/gpio/GPIO_init.o
                0x0800235c                init_key_detection
 .text.check_key_press_during_boot
                0x080023a0       0xe2 ./src/drivers/gpio/GPIO_init.o
                0x080023a0                check_key_press_during_boot
 .text.is_long_key_or_nokey_press_power
                0x08002482       0x6a ./src/drivers/gpio/GPIO_init.o
                0x08002482                is_long_key_or_nokey_press_power
 .text.Set_SPI_High_Resistance
                0x080024ec       0x20 ./src/drivers/gpio/GPIO_init.o
                0x080024ec                Set_SPI_High_Resistance
 .text.MCU_DeepSleepMode
                0x0800250c       0x2a ./src/drivers/gpio/GPIO_init.o
                0x0800250c                MCU_DeepSleepMode
 .text.MCU_Set_Soc_Pbint
                0x08002536       0x18 ./src/drivers/gpio/GPIO_init.o
                0x08002536                MCU_Set_Soc_Pbint
 .text.MCU_Reset_Soc_Pbint
                0x0800254e       0x18 ./src/drivers/gpio/GPIO_init.o
                0x0800254e                MCU_Reset_Soc_Pbint
 .text.MCU_Set_Led_Down
                0x08002566       0x10 ./src/drivers/gpio/GPIO_init.o
                0x08002566                MCU_Set_Led_Down
 .text.MCU_Detect_Key_Pressed
                0x08002576       0x16 ./src/drivers/gpio/GPIO_init.o
                0x08002576                MCU_Detect_Key_Pressed
 .text.MCU_Detect_Soc_bootup
                0x0800258c       0x24 ./src/drivers/gpio/GPIO_init.o
                0x0800258c                MCU_Detect_Soc_bootup
 .text.mcu_enter_deepsleep
                0x080025b0       0xe4 ./src/drivers/deepsleep/deepsleep.o
                0x080025b0                mcu_enter_deepsleep
 .text.Reset_Handler
                0x08002694       0x50 ./gcc_startup/startup_gd32e23x.o
                0x08002694                Reset_Handler
 .text.Default_Handler
                0x080026e4        0x2 ./gcc_startup/startup_gd32e23x.o
                0x080026e4                TIMER2_IRQHandler
                0x080026e4                TIMER5_IRQHandler
                0x080026e4                LVD_IRQHandler
                0x080026e4                TIMER15_IRQHandler
                0x080026e4                I2C0_EV_IRQHandler
                0x080026e4                ADC_CMP_IRQHandler
                0x080026e4                SPI1_IRQHandler
                0x080026e4                TAMPER_IRQHandler
                0x080026e4                DMA_Channel3_4_IRQHandler
                0x080026e4                TIMER14_IRQHandler
                0x080026e4                TIMER16_IRQHandler
                0x080026e4                EXTI2_3_IRQHandler
                0x080026e4                I2C0_ER_IRQHandler
                0x080026e4                RTC_IRQHandler
                0x080026e4                TIMER13_IRQHandler
                0x080026e4                I2C1_EV_IRQHandler
                0x080026e4                EXTI4_15_IRQHandler
                0x080026e4                Default_Handler
                0x080026e4                WWDGT_IRQHandler
                0x080026e4                TIMER0_BRK_UP_TRG_COM_IRQHandler
                0x080026e4                EXTI0_1_IRQHandler
                0x080026e4                DMA_Channel1_2_IRQHandler
                0x080026e4                RCU_IRQHandler
                0x080026e4                TIMER0_Channel_IRQHandler
                0x080026e4                SPI0_IRQHandler
                0x080026e4                DMA_Channel0_IRQHandler
                0x080026e4                USART1_IRQHandler
                0x080026e4                I2C1_ER_IRQHandler
                0x080026e4                FMC_IRQHandler
 .text.usart_deinit
                0x080026e6       0x52 ./Firmware/GD32E23x_standard_peripheral/Source/gd32e23x_usart.o
                0x080026e6                usart_deinit
 .text.usart_baudrate_set
                0x08002738       0xce ./Firmware/GD32E23x_standard_peripheral/Source/gd32e23x_usart.o
                0x08002738                usart_baudrate_set
 *fill*         0x08002806        0x2 
 .text.usart_parity_config
                0x08002808       0x3c ./Firmware/GD32E23x_standard_peripheral/Source/gd32e23x_usart.o
                0x08002808                usart_parity_config
 .text.usart_word_length_set
                0x08002844       0x3c ./Firmware/GD32E23x_standard_peripheral/Source/gd32e23x_usart.o
                0x08002844                usart_word_length_set
 .text.usart_stop_bit_set
                0x08002880       0x44 ./Firmware/GD32E23x_standard_peripheral/Source/gd32e23x_usart.o
                0x08002880                usart_stop_bit_set
 .text.usart_enable
                0x080028c4       0x1c ./Firmware/GD32E23x_standard_peripheral/Source/gd32e23x_usart.o
                0x080028c4                usart_enable
 .text.usart_transmit_config
                0x080028e0       0x2a ./Firmware/GD32E23x_standard_peripheral/Source/gd32e23x_usart.o
                0x080028e0                usart_transmit_config
 .text.usart_receive_config
                0x0800290a       0x2a ./Firmware/GD32E23x_standard_peripheral/Source/gd32e23x_usart.o
                0x0800290a                usart_receive_config
 .text.usart_oversample_config
                0x08002934       0x3c ./Firmware/GD32E23x_standard_peripheral/Source/gd32e23x_usart.o
                0x08002934                usart_oversample_config
 .text.usart_data_transmit
                0x08002970       0x1e ./Firmware/GD32E23x_standard_peripheral/Source/gd32e23x_usart.o
                0x08002970                usart_data_transmit
 .text.usart_data_receive
                0x0800298e       0x1e ./Firmware/GD32E23x_standard_peripheral/Source/gd32e23x_usart.o
                0x0800298e                usart_data_receive
 .text.usart_wakeup_enable
                0x080029ac       0x1c ./Firmware/GD32E23x_standard_peripheral/Source/gd32e23x_usart.o
                0x080029ac                usart_wakeup_enable
 .text.usart_wakeup_mode_config
                0x080029c8       0x48 ./Firmware/GD32E23x_standard_peripheral/Source/gd32e23x_usart.o
                0x080029c8                usart_wakeup_mode_config
 .text.usart_receive_fifo_enable
                0x08002a10       0x22 ./Firmware/GD32E23x_standard_peripheral/Source/gd32e23x_usart.o
                0x08002a10                usart_receive_fifo_enable
 .text.usart_flag_get
                0x08002a32       0x3e ./Firmware/GD32E23x_standard_peripheral/Source/gd32e23x_usart.o
                0x08002a32                usart_flag_get
 .text.usart_flag_clear
                0x08002a70       0x30 ./Firmware/GD32E23x_standard_peripheral/Source/gd32e23x_usart.o
                0x08002a70                usart_flag_clear
 .text.usart_interrupt_enable
                0x08002aa0       0x44 ./Firmware/GD32E23x_standard_peripheral/Source/gd32e23x_usart.o
                0x08002aa0                usart_interrupt_enable
 .text.usart_interrupt_disable
                0x08002ae4       0x48 ./Firmware/GD32E23x_standard_peripheral/Source/gd32e23x_usart.o
                0x08002ae4                usart_interrupt_disable
 .text.usart_interrupt_flag_get
                0x08002b2c       0x62 ./Firmware/GD32E23x_standard_peripheral/Source/gd32e23x_usart.o
                0x08002b2c                usart_interrupt_flag_get
 *fill*         0x08002b8e        0x2 
 .text.usart_interrupt_flag_clear
                0x08002b90       0x50 ./Firmware/GD32E23x_standard_peripheral/Source/gd32e23x_usart.o
                0x08002b90                usart_interrupt_flag_clear
 .text.syscfg_flag_get
                0x08002be0       0x24 ./Firmware/GD32E23x_standard_peripheral/Source/gd32e23x_syscfg.o
                0x08002be0                syscfg_flag_get
 .text.spi_init
                0x08002c04      0x138 ./Firmware/GD32E23x_standard_peripheral/Source/gd32e23x_spi.o
                0x08002c04                spi_init
 .text.spi_enable
                0x08002d3c       0x1c ./Firmware/GD32E23x_standard_peripheral/Source/gd32e23x_spi.o
                0x08002d3c                spi_enable
 .text.spi_disable
                0x08002d58       0x1c ./Firmware/GD32E23x_standard_peripheral/Source/gd32e23x_spi.o
                0x08002d58                spi_disable
 .text.spi_i2s_data_transmit
                0x08002d74       0x5e ./Firmware/GD32E23x_standard_peripheral/Source/gd32e23x_spi.o
                0x08002d74                spi_i2s_data_transmit
 .text.spi_i2s_data_receive
                0x08002dd2       0x50 ./Firmware/GD32E23x_standard_peripheral/Source/gd32e23x_spi.o
                0x08002dd2                spi_i2s_data_receive
 .text.spi_i2s_flag_get
                0x08002e22      0x13a ./Firmware/GD32E23x_standard_peripheral/Source/gd32e23x_spi.o
                0x08002e22                spi_i2s_flag_get
 .text.rcu_periph_clock_enable
                0x08002f5c       0x4a ./Firmware/GD32E23x_standard_peripheral/Source/gd32e23x_rcu.o
                0x08002f5c                rcu_periph_clock_enable
 .text.rcu_periph_reset_enable
                0x08002fa6       0x4a ./Firmware/GD32E23x_standard_peripheral/Source/gd32e23x_rcu.o
                0x08002fa6                rcu_periph_reset_enable
 .text.rcu_periph_reset_disable
                0x08002ff0       0x4e ./Firmware/GD32E23x_standard_peripheral/Source/gd32e23x_rcu.o
                0x08002ff0                rcu_periph_reset_disable
 .text.rcu_usart_clock_config
                0x0800303e       0x40 ./Firmware/GD32E23x_standard_peripheral/Source/gd32e23x_rcu.o
                0x0800303e                rcu_usart_clock_config
 *fill*         0x0800307e        0x2 
 .text.rcu_clock_freq_get
                0x08003080      0x380 ./Firmware/GD32E23x_standard_peripheral/Source/gd32e23x_rcu.o
                0x08003080                rcu_clock_freq_get
 .text.pmu_to_deepsleepmode
                0x08003400       0x86 ./Firmware/GD32E23x_standard_peripheral/Source/gd32e23x_pmu.o
                0x08003400                pmu_to_deepsleepmode
 .text.__NVIC_EnableIRQ
                0x08003486       0x42 ./Firmware/GD32E23x_standard_peripheral/Source/gd32e23x_misc.o
 .text.__NVIC_DisableIRQ
                0x080034c8       0x50 ./Firmware/GD32E23x_standard_peripheral/Source/gd32e23x_misc.o
 .text.__NVIC_SetPriority
                0x08003518       0xee ./Firmware/GD32E23x_standard_peripheral/Source/gd32e23x_misc.o
 .text.nvic_irq_enable
                0x08003606       0x38 ./Firmware/GD32E23x_standard_peripheral/Source/gd32e23x_misc.o
                0x08003606                nvic_irq_enable
 .text.nvic_irq_disable
                0x0800363e       0x20 ./Firmware/GD32E23x_standard_peripheral/Source/gd32e23x_misc.o
                0x0800363e                nvic_irq_disable
 .text.nvic_vector_table_set
                0x0800365e       0x34 ./Firmware/GD32E23x_standard_peripheral/Source/gd32e23x_misc.o
                0x0800365e                nvic_vector_table_set
 .text.gpio_mode_set
                0x08003692       0xb0 ./Firmware/GD32E23x_standard_peripheral/Source/gd32e23x_gpio.o
                0x08003692                gpio_mode_set
 .text.gpio_output_options_set
                0x08003742       0xb0 ./Firmware/GD32E23x_standard_peripheral/Source/gd32e23x_gpio.o
                0x08003742                gpio_output_options_set
 .text.gpio_bit_set
                0x080037f2       0x1a ./Firmware/GD32E23x_standard_peripheral/Source/gd32e23x_gpio.o
                0x080037f2                gpio_bit_set
 .text.gpio_bit_reset
                0x0800380c       0x1a ./Firmware/GD32E23x_standard_peripheral/Source/gd32e23x_gpio.o
                0x0800380c                gpio_bit_reset
 .text.gpio_input_bit_get
                0x08003826       0x24 ./Firmware/GD32E23x_standard_peripheral/Source/gd32e23x_gpio.o
                0x08003826                gpio_input_bit_get
 .text.gpio_af_set
                0x0800384a       0xe6 ./Firmware/GD32E23x_standard_peripheral/Source/gd32e23x_gpio.o
                0x0800384a                gpio_af_set
 .text._soft_delay_
                0x08003930       0x30 ./Firmware/CMSIS/GD/GD32E23x/Source/system_gd32e23x.o
 .text.SystemInit
                0x08003960      0x1d4 ./Firmware/CMSIS/GD/GD32E23x/Source/system_gd32e23x.o
                0x08003960                SystemInit
 .text.system_clock_config
                0x08003b34        0xe ./Firmware/CMSIS/GD/GD32E23x/Source/system_gd32e23x.o
                0x08003b34                system_clock_config
 .text.system_clock_72m_irc8m
                0x08003b42      0x1d8 ./Firmware/CMSIS/GD/GD32E23x/Source/system_gd32e23x.o
 .text._sbrk    0x08003d1a       0x72 ./Firmware/CMSIS/GD/GD32E23x/Source/syscalls.o
                0x08003d1a                _sbrk
 .text._write   0x08003d8c       0x3a ./Firmware/CMSIS/GD/GD32E23x/Source/syscalls.o
                0x08003d8c                _write
 .text._close   0x08003dc6       0x14 ./Firmware/CMSIS/GD/GD32E23x/Source/syscalls.o
                0x08003dc6                _close
 .text._fstat   0x08003dda       0x1c ./Firmware/CMSIS/GD/GD32E23x/Source/syscalls.o
                0x08003dda                _fstat
 .text._isatty  0x08003df6       0x12 ./Firmware/CMSIS/GD/GD32E23x/Source/syscalls.o
                0x08003df6                _isatty
 .text._lseek   0x08003e08       0x16 ./Firmware/CMSIS/GD/GD32E23x/Source/syscalls.o
                0x08003e08                _lseek
 .text._read    0x08003e1e       0x3a ./Firmware/CMSIS/GD/GD32E23x/Source/syscalls.o
                0x08003e1e                _read
 .text.usart_send_data
                0x08003e58       0x60 ../EXTERN_LIB\libProject.a(Process_Packet.o)
 .text.Send_Connect_CMD
                0x08003eb8       0x30 ../EXTERN_LIB\libProject.a(Process_Packet.o)
                0x08003eb8                Send_Connect_CMD
 .text.Send_Nand_ID_CMD
                0x08003ee8       0x44 ../EXTERN_LIB\libProject.a(Process_Packet.o)
                0x08003ee8                Send_Nand_ID_CMD
 .text.Send_Data_End_CMD
                0x08003f2c       0x30 ../EXTERN_LIB\libProject.a(Process_Packet.o)
                0x08003f2c                Send_Data_End_CMD
 .text.Send_Data_Exec_CMD
                0x08003f5c       0x44 ../EXTERN_LIB\libProject.a(Process_Packet.o)
                0x08003f5c                Send_Data_Exec_CMD
 .text.Change_Baud_CMD
                0x08003fa0       0x4c ../EXTERN_LIB\libProject.a(Process_Packet.o)
                0x08003fa0                Change_Baud_CMD
 .text.Uart_Download_end
                0x08003fec       0x2c ../EXTERN_LIB\libProject.a(Process_Packet.o)
                0x08003fec                Uart_Download_end
 .text.Process_packets
                0x08004018      0x15c ../EXTERN_LIB\libProject.a(Process_Packet.o)
                0x08004018                Process_packets
 .text.Send_Error_Code
                0x08004174       0x20 ../EXTERN_LIB\libProject.a(Process_Packet.o)
                0x08004174                Send_Error_Code
 .text.SPL_GetNandFlashData
                0x08004194      0x194 ../EXTERN_LIB\libProject.a(Process_Packet.o)
                0x08004194                SPL_GetNandFlashData
 .text.check_spl_magic
                0x08004328       0xdc ../EXTERN_LIB\libProject.a(Process_Packet.o)
                0x08004328                check_spl_magic
 .text.check_failed_process
                0x08004404       0x3c ../EXTERN_LIB\libProject.a(Process_Packet.o)
                0x08004404                check_failed_process
 .text.Send_Data_Midst_CMD
                0x08004440       0x94 ../EXTERN_LIB\libProject.a(Process_Packet.o)
                0x08004440                Send_Data_Midst_CMD
 .text.nand_flash_init
                0x080044d4      0x144 ../EXTERN_LIB\libProject.a(Process_Packet.o)
                0x080044d4                nand_flash_init
 .text.Send_Start_CMD
                0x08004618       0xc0 ../EXTERN_LIB\libProject.a(Process_Packet.o)
                0x08004618                Send_Start_CMD
 .text.__libc_init_array
                0x080046d8       0x50 d:/software/gd32embeddedbuilder_v1.5.6_rel/tools/gnu tools arm embedded/xpack-arm-none-eabi-gcc/9.2.1-1.1/bin/../lib/gcc/arm-none-eabi/9.2.1/../../../../arm-none-eabi/lib/thumb/v8-m.base/nofp\libg_nano.a(lib_a-init.o)
                0x080046d8                __libc_init_array
 .text.printf   0x08004728       0x30 d:/software/gd32embeddedbuilder_v1.5.6_rel/tools/gnu tools arm embedded/xpack-arm-none-eabi-gcc/9.2.1-1.1/bin/../lib/gcc/arm-none-eabi/9.2.1/../../../../arm-none-eabi/lib/thumb/v8-m.base/nofp\libg_nano.a(lib_a-printf.o)
                0x08004728                iprintf
                0x08004728                printf
 .text.putchar  0x08004758       0x24 d:/software/gd32embeddedbuilder_v1.5.6_rel/tools/gnu tools arm embedded/xpack-arm-none-eabi-gcc/9.2.1-1.1/bin/../lib/gcc/arm-none-eabi/9.2.1/../../../../arm-none-eabi/lib/thumb/v8-m.base/nofp\libg_nano.a(lib_a-putchar.o)
                0x08004758                putchar
 .text._puts_r  0x0800477c       0xdc d:/software/gd32embeddedbuilder_v1.5.6_rel/tools/gnu tools arm embedded/xpack-arm-none-eabi-gcc/9.2.1-1.1/bin/../lib/gcc/arm-none-eabi/9.2.1/../../../../arm-none-eabi/lib/thumb/v8-m.base/nofp\libg_nano.a(lib_a-puts.o)
                0x0800477c                _puts_r
 .text.puts     0x08004858       0x14 d:/software/gd32embeddedbuilder_v1.5.6_rel/tools/gnu tools arm embedded/xpack-arm-none-eabi-gcc/9.2.1-1.1/bin/../lib/gcc/arm-none-eabi/9.2.1/../../../../arm-none-eabi/lib/thumb/v8-m.base/nofp\libg_nano.a(lib_a-puts.o)
                0x08004858                puts
 .text.__swbuf_r
                0x0800486c       0xa4 d:/software/gd32embeddedbuilder_v1.5.6_rel/tools/gnu tools arm embedded/xpack-arm-none-eabi-gcc/9.2.1-1.1/bin/../lib/gcc/arm-none-eabi/9.2.1/../../../../arm-none-eabi/lib/thumb/v8-m.base/nofp\libg_nano.a(lib_a-wbuf.o)
                0x0800486c                __swbuf_r
 .text.__swsetup_r
                0x08004910       0xe8 d:/software/gd32embeddedbuilder_v1.5.6_rel/tools/gnu tools arm embedded/xpack-arm-none-eabi-gcc/9.2.1-1.1/bin/../lib/gcc/arm-none-eabi/9.2.1/../../../../arm-none-eabi/lib/thumb/v8-m.base/nofp\libg_nano.a(lib_a-wsetup.o)
                0x08004910                __swsetup_r
 .text.__sflush_r
                0x080049f8      0x114 d:/software/gd32embeddedbuilder_v1.5.6_rel/tools/gnu tools arm embedded/xpack-arm-none-eabi-gcc/9.2.1-1.1/bin/../lib/gcc/arm-none-eabi/9.2.1/../../../../arm-none-eabi/lib/thumb/v8-m.base/nofp\libg_nano.a(lib_a-fflush.o)
                0x080049f8                __sflush_r
 .text._fflush_r
                0x08004b0c       0x78 d:/software/gd32embeddedbuilder_v1.5.6_rel/tools/gnu tools arm embedded/xpack-arm-none-eabi-gcc/9.2.1-1.1/bin/../lib/gcc/arm-none-eabi/9.2.1/../../../../arm-none-eabi/lib/thumb/v8-m.base/nofp\libg_nano.a(lib_a-fflush.o)
                0x08004b0c                _fflush_r
 .text.std      0x08004b84       0x48 d:/software/gd32embeddedbuilder_v1.5.6_rel/tools/gnu tools arm embedded/xpack-arm-none-eabi-gcc/9.2.1-1.1/bin/../lib/gcc/arm-none-eabi/9.2.1/../../../../arm-none-eabi/lib/thumb/v8-m.base/nofp\libg_nano.a(lib_a-findfp.o)
 .text._cleanup_r
                0x08004bcc       0x10 d:/software/gd32embeddedbuilder_v1.5.6_rel/tools/gnu tools arm embedded/xpack-arm-none-eabi-gcc/9.2.1-1.1/bin/../lib/gcc/arm-none-eabi/9.2.1/../../../../arm-none-eabi/lib/thumb/v8-m.base/nofp\libg_nano.a(lib_a-findfp.o)
                0x08004bcc                _cleanup_r
 .text.__sfmoreglue
                0x08004bdc       0x2c d:/software/gd32embeddedbuilder_v1.5.6_rel/tools/gnu tools arm embedded/xpack-arm-none-eabi-gcc/9.2.1-1.1/bin/../lib/gcc/arm-none-eabi/9.2.1/../../../../arm-none-eabi/lib/thumb/v8-m.base/nofp\libg_nano.a(lib_a-findfp.o)
                0x08004bdc                __sfmoreglue
 .text.__sfp_lock_acquire
                0x08004c08       0x10 d:/software/gd32embeddedbuilder_v1.5.6_rel/tools/gnu tools arm embedded/xpack-arm-none-eabi-gcc/9.2.1-1.1/bin/../lib/gcc/arm-none-eabi/9.2.1/../../../../arm-none-eabi/lib/thumb/v8-m.base/nofp\libg_nano.a(lib_a-findfp.o)
                0x08004c08                __sfp_lock_acquire
 .text.__sfp_lock_release
                0x08004c18       0x10 d:/software/gd32embeddedbuilder_v1.5.6_rel/tools/gnu tools arm embedded/xpack-arm-none-eabi-gcc/9.2.1-1.1/bin/../lib/gcc/arm-none-eabi/9.2.1/../../../../arm-none-eabi/lib/thumb/v8-m.base/nofp\libg_nano.a(lib_a-findfp.o)
                0x08004c18                __sfp_lock_release
 .text.__sinit_lock_acquire
                0x08004c28       0x10 d:/software/gd32embeddedbuilder_v1.5.6_rel/tools/gnu tools arm embedded/xpack-arm-none-eabi-gcc/9.2.1-1.1/bin/../lib/gcc/arm-none-eabi/9.2.1/../../../../arm-none-eabi/lib/thumb/v8-m.base/nofp\libg_nano.a(lib_a-findfp.o)
                0x08004c28                __sinit_lock_acquire
 .text.__sinit_lock_release
                0x08004c38       0x10 d:/software/gd32embeddedbuilder_v1.5.6_rel/tools/gnu tools arm embedded/xpack-arm-none-eabi-gcc/9.2.1-1.1/bin/../lib/gcc/arm-none-eabi/9.2.1/../../../../arm-none-eabi/lib/thumb/v8-m.base/nofp\libg_nano.a(lib_a-findfp.o)
                0x08004c38                __sinit_lock_release
 .text.__sinit  0x08004c48       0x70 d:/software/gd32embeddedbuilder_v1.5.6_rel/tools/gnu tools arm embedded/xpack-arm-none-eabi-gcc/9.2.1-1.1/bin/../lib/gcc/arm-none-eabi/9.2.1/../../../../arm-none-eabi/lib/thumb/v8-m.base/nofp\libg_nano.a(lib_a-findfp.o)
                0x08004c48                __sinit
 .text.__sfp    0x08004cb8       0x8c d:/software/gd32embeddedbuilder_v1.5.6_rel/tools/gnu tools arm embedded/xpack-arm-none-eabi-gcc/9.2.1-1.1/bin/../lib/gcc/arm-none-eabi/9.2.1/../../../../arm-none-eabi/lib/thumb/v8-m.base/nofp\libg_nano.a(lib_a-findfp.o)
                0x08004cb8                __sfp
 .text._fwalk_reent
                0x08004d44       0x40 d:/software/gd32embeddedbuilder_v1.5.6_rel/tools/gnu tools arm embedded/xpack-arm-none-eabi-gcc/9.2.1-1.1/bin/../lib/gcc/arm-none-eabi/9.2.1/../../../../arm-none-eabi/lib/thumb/v8-m.base/nofp\libg_nano.a(lib_a-fwalk.o)
                0x08004d44                _fwalk_reent
 .text.__retarget_lock_init_recursive
                0x08004d84        0x2 d:/software/gd32embeddedbuilder_v1.5.6_rel/tools/gnu tools arm embedded/xpack-arm-none-eabi-gcc/9.2.1-1.1/bin/../lib/gcc/arm-none-eabi/9.2.1/../../../../arm-none-eabi/lib/thumb/v8-m.base/nofp\libg_nano.a(lib_a-lock.o)
                0x08004d84                __retarget_lock_init_recursive
 .text.__retarget_lock_acquire_recursive
                0x08004d86        0x2 d:/software/gd32embeddedbuilder_v1.5.6_rel/tools/gnu tools arm embedded/xpack-arm-none-eabi-gcc/9.2.1-1.1/bin/../lib/gcc/arm-none-eabi/9.2.1/../../../../arm-none-eabi/lib/thumb/v8-m.base/nofp\libg_nano.a(lib_a-lock.o)
                0x08004d86                __retarget_lock_acquire_recursive
 .text.__retarget_lock_release_recursive
                0x08004d88        0x2 d:/software/gd32embeddedbuilder_v1.5.6_rel/tools/gnu tools arm embedded/xpack-arm-none-eabi-gcc/9.2.1-1.1/bin/../lib/gcc/arm-none-eabi/9.2.1/../../../../arm-none-eabi/lib/thumb/v8-m.base/nofp\libg_nano.a(lib_a-lock.o)
                0x08004d88                __retarget_lock_release_recursive
 *fill*         0x08004d8a        0x2 
 .text.__swhatbuf_r
                0x08004d8c       0x50 d:/software/gd32embeddedbuilder_v1.5.6_rel/tools/gnu tools arm embedded/xpack-arm-none-eabi-gcc/9.2.1-1.1/bin/../lib/gcc/arm-none-eabi/9.2.1/../../../../arm-none-eabi/lib/thumb/v8-m.base/nofp\libg_nano.a(lib_a-makebuf.o)
                0x08004d8c                __swhatbuf_r
 .text.__smakebuf_r
                0x08004ddc       0x80 d:/software/gd32embeddedbuilder_v1.5.6_rel/tools/gnu tools arm embedded/xpack-arm-none-eabi-gcc/9.2.1-1.1/bin/../lib/gcc/arm-none-eabi/9.2.1/../../../../arm-none-eabi/lib/thumb/v8-m.base/nofp\libg_nano.a(lib_a-makebuf.o)
                0x08004ddc                __smakebuf_r
 .text._free_r  0x08004e5c       0x94 d:/software/gd32embeddedbuilder_v1.5.6_rel/tools/gnu tools arm embedded/xpack-arm-none-eabi-gcc/9.2.1-1.1/bin/../lib/gcc/arm-none-eabi/9.2.1/../../../../arm-none-eabi/lib/thumb/v8-m.base/nofp\libg_nano.a(lib_a-nano-freer.o)
                0x08004e5c                _free_r
 .text._malloc_r
                0x08004ef0       0xb8 d:/software/gd32embeddedbuilder_v1.5.6_rel/tools/gnu tools arm embedded/xpack-arm-none-eabi-gcc/9.2.1-1.1/bin/../lib/gcc/arm-none-eabi/9.2.1/../../../../arm-none-eabi/lib/thumb/v8-m.base/nofp\libg_nano.a(lib_a-nano-mallocr.o)
                0x08004ef0                _malloc_r
 .text.__sfputc_r
                0x08004fa8       0x2a d:/software/gd32embeddedbuilder_v1.5.6_rel/tools/gnu tools arm embedded/xpack-arm-none-eabi-gcc/9.2.1-1.1/bin/../lib/gcc/arm-none-eabi/9.2.1/../../../../arm-none-eabi/lib/thumb/v8-m.base/nofp\libg_nano.a(lib_a-nano-vfprintf.o)
 .text.__sfputs_r
                0x08004fd2       0x24 d:/software/gd32embeddedbuilder_v1.5.6_rel/tools/gnu tools arm embedded/xpack-arm-none-eabi-gcc/9.2.1-1.1/bin/../lib/gcc/arm-none-eabi/9.2.1/../../../../arm-none-eabi/lib/thumb/v8-m.base/nofp\libg_nano.a(lib_a-nano-vfprintf.o)
                0x08004fd2                __sfputs_r
 *fill*         0x08004ff6        0x2 
 .text._vfprintf_r
                0x08004ff8      0x264 d:/software/gd32embeddedbuilder_v1.5.6_rel/tools/gnu tools arm embedded/xpack-arm-none-eabi-gcc/9.2.1-1.1/bin/../lib/gcc/arm-none-eabi/9.2.1/../../../../arm-none-eabi/lib/thumb/v8-m.base/nofp\libg_nano.a(lib_a-nano-vfprintf.o)
                0x08004ff8                _vfprintf_r
                0x08004ff8                _vfiprintf_r
 .text._printf_common
                0x0800525c       0xdc d:/software/gd32embeddedbuilder_v1.5.6_rel/tools/gnu tools arm embedded/xpack-arm-none-eabi-gcc/9.2.1-1.1/bin/../lib/gcc/arm-none-eabi/9.2.1/../../../../arm-none-eabi/lib/thumb/v8-m.base/nofp\libg_nano.a(lib_a-nano-vfprintf_i.o)
                0x0800525c                _printf_common
 .text._printf_i
                0x08005338      0x218 d:/software/gd32embeddedbuilder_v1.5.6_rel/tools/gnu tools arm embedded/xpack-arm-none-eabi-gcc/9.2.1-1.1/bin/../lib/gcc/arm-none-eabi/9.2.1/../../../../arm-none-eabi/lib/thumb/v8-m.base/nofp\libg_nano.a(lib_a-nano-vfprintf_i.o)
                0x08005338                _printf_i
 .text._putc_r  0x08005550       0x90 d:/software/gd32embeddedbuilder_v1.5.6_rel/tools/gnu tools arm embedded/xpack-arm-none-eabi-gcc/9.2.1-1.1/bin/../lib/gcc/arm-none-eabi/9.2.1/../../../../arm-none-eabi/lib/thumb/v8-m.base/nofp\libg_nano.a(lib_a-putc.o)
                0x08005550                _putc_r
 .text._sbrk_r  0x080055e0       0x20 d:/software/gd32embeddedbuilder_v1.5.6_rel/tools/gnu tools arm embedded/xpack-arm-none-eabi-gcc/9.2.1-1.1/bin/../lib/gcc/arm-none-eabi/9.2.1/../../../../arm-none-eabi/lib/thumb/v8-m.base/nofp\libg_nano.a(lib_a-sbrkr.o)
                0x080055e0                _sbrk_r
 .text.__sread  0x08005600       0x28 d:/software/gd32embeddedbuilder_v1.5.6_rel/tools/gnu tools arm embedded/xpack-arm-none-eabi-gcc/9.2.1-1.1/bin/../lib/gcc/arm-none-eabi/9.2.1/../../../../arm-none-eabi/lib/thumb/v8-m.base/nofp\libg_nano.a(lib_a-stdio.o)
                0x08005600                __sread
 .text.__swrite
                0x08005628       0x38 d:/software/gd32embeddedbuilder_v1.5.6_rel/tools/gnu tools arm embedded/xpack-arm-none-eabi-gcc/9.2.1-1.1/bin/../lib/gcc/arm-none-eabi/9.2.1/../../../../arm-none-eabi/lib/thumb/v8-m.base/nofp\libg_nano.a(lib_a-stdio.o)
                0x08005628                __swrite
 .text.__sseek  0x08005660       0x2c d:/software/gd32embeddedbuilder_v1.5.6_rel/tools/gnu tools arm embedded/xpack-arm-none-eabi-gcc/9.2.1-1.1/bin/../lib/gcc/arm-none-eabi/9.2.1/../../../../arm-none-eabi/lib/thumb/v8-m.base/nofp\libg_nano.a(lib_a-stdio.o)
                0x08005660                __sseek
 .text.__sclose
                0x0800568c        0xc d:/software/gd32embeddedbuilder_v1.5.6_rel/tools/gnu tools arm embedded/xpack-arm-none-eabi-gcc/9.2.1-1.1/bin/../lib/gcc/arm-none-eabi/9.2.1/../../../../arm-none-eabi/lib/thumb/v8-m.base/nofp\libg_nano.a(lib_a-stdio.o)
                0x0800568c                __sclose
 .text._write_r
                0x08005698       0x24 d:/software/gd32embeddedbuilder_v1.5.6_rel/tools/gnu tools arm embedded/xpack-arm-none-eabi-gcc/9.2.1-1.1/bin/../lib/gcc/arm-none-eabi/9.2.1/../../../../arm-none-eabi/lib/thumb/v8-m.base/nofp\libg_nano.a(lib_a-writer.o)
                0x08005698                _write_r
 .text._close_r
                0x080056bc       0x20 d:/software/gd32embeddedbuilder_v1.5.6_rel/tools/gnu tools arm embedded/xpack-arm-none-eabi-gcc/9.2.1-1.1/bin/../lib/gcc/arm-none-eabi/9.2.1/../../../../arm-none-eabi/lib/thumb/v8-m.base/nofp\libg_nano.a(lib_a-closer.o)
                0x080056bc                _close_r
 .text._fstat_r
                0x080056dc       0x24 d:/software/gd32embeddedbuilder_v1.5.6_rel/tools/gnu tools arm embedded/xpack-arm-none-eabi-gcc/9.2.1-1.1/bin/../lib/gcc/arm-none-eabi/9.2.1/../../../../arm-none-eabi/lib/thumb/v8-m.base/nofp\libg_nano.a(lib_a-fstatr.o)
                0x080056dc                _fstat_r
 .text._isatty_r
                0x08005700       0x20 d:/software/gd32embeddedbuilder_v1.5.6_rel/tools/gnu tools arm embedded/xpack-arm-none-eabi-gcc/9.2.1-1.1/bin/../lib/gcc/arm-none-eabi/9.2.1/../../../../arm-none-eabi/lib/thumb/v8-m.base/nofp\libg_nano.a(lib_a-isattyr.o)
                0x08005700                _isatty_r
 .text._lseek_r
                0x08005720       0x24 d:/software/gd32embeddedbuilder_v1.5.6_rel/tools/gnu tools arm embedded/xpack-arm-none-eabi-gcc/9.2.1-1.1/bin/../lib/gcc/arm-none-eabi/9.2.1/../../../../arm-none-eabi/lib/thumb/v8-m.base/nofp\libg_nano.a(lib_a-lseekr.o)
                0x08005720                _lseek_r
 .text.memchr   0x08005744       0x16 d:/software/gd32embeddedbuilder_v1.5.6_rel/tools/gnu tools arm embedded/xpack-arm-none-eabi-gcc/9.2.1-1.1/bin/../lib/gcc/arm-none-eabi/9.2.1/../../../../arm-none-eabi/lib/thumb/v8-m.base/nofp\libg_nano.a(lib_a-memchr-stub.o)
                0x08005744                memchr
 *fill*         0x0800575a        0x2 
 .text.__malloc_lock
                0x0800575c       0x10 d:/software/gd32embeddedbuilder_v1.5.6_rel/tools/gnu tools arm embedded/xpack-arm-none-eabi-gcc/9.2.1-1.1/bin/../lib/gcc/arm-none-eabi/9.2.1/../../../../arm-none-eabi/lib/thumb/v8-m.base/nofp\libg_nano.a(lib_a-mlock.o)
                0x0800575c                __malloc_lock
 .text.__malloc_unlock
                0x0800576c       0x10 d:/software/gd32embeddedbuilder_v1.5.6_rel/tools/gnu tools arm embedded/xpack-arm-none-eabi-gcc/9.2.1-1.1/bin/../lib/gcc/arm-none-eabi/9.2.1/../../../../arm-none-eabi/lib/thumb/v8-m.base/nofp\libg_nano.a(lib_a-mlock.o)
                0x0800576c                __malloc_unlock
 .text._read_r  0x0800577c       0x24 d:/software/gd32embeddedbuilder_v1.5.6_rel/tools/gnu tools arm embedded/xpack-arm-none-eabi-gcc/9.2.1-1.1/bin/../lib/gcc/arm-none-eabi/9.2.1/../../../../arm-none-eabi/lib/thumb/v8-m.base/nofp\libg_nano.a(lib_a-readr.o)
                0x0800577c                _read_r
 *(.glue_7)
 .glue_7        0x080057a0        0x0 linker stubs
 *(.glue_7t)
 .glue_7t       0x080057a0        0x0 linker stubs
 *(.eh_frame)
 .eh_frame      0x080057a0        0x0 d:/software/gd32embeddedbuilder_v1.5.6_rel/tools/gnu tools arm embedded/xpack-arm-none-eabi-gcc/9.2.1-1.1/bin/../lib/gcc/arm-none-eabi/9.2.1/thumb/v8-m.base/nofp/crtbegin.o
 *(.init)
 .init          0x080057a0        0x4 d:/software/gd32embeddedbuilder_v1.5.6_rel/tools/gnu tools arm embedded/xpack-arm-none-eabi-gcc/9.2.1-1.1/bin/../lib/gcc/arm-none-eabi/9.2.1/thumb/v8-m.base/nofp/crti.o
                0x080057a0                _init
 .init          0x080057a4        0x8 d:/software/gd32embeddedbuilder_v1.5.6_rel/tools/gnu tools arm embedded/xpack-arm-none-eabi-gcc/9.2.1-1.1/bin/../lib/gcc/arm-none-eabi/9.2.1/thumb/v8-m.base/nofp/crtn.o
 *(.fini)
 .fini          0x080057ac        0x4 d:/software/gd32embeddedbuilder_v1.5.6_rel/tools/gnu tools arm embedded/xpack-arm-none-eabi-gcc/9.2.1-1.1/bin/../lib/gcc/arm-none-eabi/9.2.1/thumb/v8-m.base/nofp/crti.o
                0x080057ac                _fini
 .fini          0x080057b0        0x8 d:/software/gd32embeddedbuilder_v1.5.6_rel/tools/gnu tools arm embedded/xpack-arm-none-eabi-gcc/9.2.1-1.1/bin/../lib/gcc/arm-none-eabi/9.2.1/thumb/v8-m.base/nofp/crtn.o
                0x080057b8                . = ALIGN (0x4)
                0x080057b8                _etext = .

.vfp11_veneer   0x080057b8        0x0
 .vfp11_veneer  0x080057b8        0x0 linker stubs

.v4_bx          0x080057b8        0x0
 .v4_bx         0x080057b8        0x0 linker stubs

.iplt           0x080057b8        0x0
 .iplt          0x080057b8        0x0 d:/software/gd32embeddedbuilder_v1.5.6_rel/tools/gnu tools arm embedded/xpack-arm-none-eabi-gcc/9.2.1-1.1/bin/../lib/gcc/arm-none-eabi/9.2.1/thumb/v8-m.base/nofp/crtbegin.o

.rodata         0x080057b8      0x784
                0x080057b8                . = ALIGN (0x4)
 *(.rodata)
 .rodata        0x080057b8      0x129 ./src/main.o
 *fill*         0x080058e1        0x3 
 .rodata        0x080058e4       0xd3 ./src/gd32e23x_it.o
 *fill*         0x080059b7        0x1 
 .rodata        0x080059b8       0x1a ./src/drivers/packet_process/Spl_stdio.o
 *fill*         0x080059d2        0x2 
 .rodata        0x080059d4       0x7b ./src/drivers/nand/Spi_nand_driver.o
 *fill*         0x08005a4f        0x1 
 .rodata        0x08005a50       0x15 ./src/drivers/lcd/lcd_display.o
 *fill*         0x08005a65        0x3 
 .rodata        0x08005a68       0x65 ./src/drivers/gpio/GPIO_init.o
 *fill*         0x08005acd        0x3 
 .rodata        0x08005ad0       0x30 ./src/drivers/deepsleep/deepsleep.o
 .rodata        0x08005b00       0x18 ./Firmware/GD32E23x_standard_peripheral/Source/gd32e23x_rcu.o
 *(.rodata*)
 .rodata.GPIO_PORT
                0x08005b18       0x14 ./src/gd32e235c_eval.o
 .rodata.GPIO_PIN
                0x08005b2c       0x14 ./src/gd32e235c_eval.o
 .rodata.GPIO_CLK
                0x08005b40        0xa ./src/gd32e235c_eval.o
 *fill*         0x08005b4a        0x2 
 .rodata.__func__.7519
                0x08005b4c        0xc ./src/drivers/lcd/lcd_display.o
 .rodata.rcu_clock_freq_get
                0x08005b58       0x18 ./Firmware/GD32E23x_standard_peripheral/Source/gd32e23x_rcu.o
 .rodata.Send_Connect_CMD.str1.1
                0x08005b70       0x17 ../EXTERN_LIB\libProject.a(Process_Packet.o)
 .rodata.Send_Nand_ID_CMD.str1.1
                0x08005b87       0x17 ../EXTERN_LIB\libProject.a(Process_Packet.o)
 .rodata.Send_Data_End_CMD.str1.1
                0x08005b9e       0x18 ../EXTERN_LIB\libProject.a(Process_Packet.o)
 .rodata.Send_Data_Exec_CMD.str1.1
                0x08005bb6       0x19 ../EXTERN_LIB\libProject.a(Process_Packet.o)
 .rodata.Change_Baud_CMD.str1.1
                0x08005bcf       0x16 ../EXTERN_LIB\libProject.a(Process_Packet.o)
 .rodata.Uart_Download_end.str1.1
                0x08005be5       0x2f ../EXTERN_LIB\libProject.a(Process_Packet.o)
 .rodata.Process_packets.str1.1
                0x08005c14       0x7c ../EXTERN_LIB\libProject.a(Process_Packet.o)
 .rodata.SPL_GetNandFlashData.str1.1
                0x08005c90       0x2c ../EXTERN_LIB\libProject.a(Process_Packet.o)
 .rodata.check_spl_magic.str1.1
                0x08005cbc       0x53 ../EXTERN_LIB\libProject.a(Process_Packet.o)
 .rodata.check_failed_process.str1.1
                0x08005d0f       0x1b ../EXTERN_LIB\libProject.a(Process_Packet.o)
 .rodata.Send_Data_Midst_CMD.str1.1
                0x08005d2a       0x13 ../EXTERN_LIB\libProject.a(Process_Packet.o)
 .rodata.nand_flash_init.str1.1
                0x08005d3d       0xcd ../EXTERN_LIB\libProject.a(Process_Packet.o)
 .rodata.Send_Start_CMD.str1.1
                0x08005e0a       0x71 ../EXTERN_LIB\libProject.a(Process_Packet.o)
 *fill*         0x08005e7b        0x1 
 .rodata.proc_tab
                0x08005e7c       0x28 ../EXTERN_LIB\libProject.a(Process_Packet.o)
                0x08005e7c                proc_tab
 .rodata._global_impure_ptr
                0x08005ea4        0x4 d:/software/gd32embeddedbuilder_v1.5.6_rel/tools/gnu tools arm embedded/xpack-arm-none-eabi-gcc/9.2.1-1.1/bin/../lib/gcc/arm-none-eabi/9.2.1/../../../../arm-none-eabi/lib/thumb/v8-m.base/nofp\libg_nano.a(lib_a-impure.o)
                0x08005ea4                _global_impure_ptr
 .rodata.__sf_fake_stderr
                0x08005ea8       0x20 d:/software/gd32embeddedbuilder_v1.5.6_rel/tools/gnu tools arm embedded/xpack-arm-none-eabi-gcc/9.2.1-1.1/bin/../lib/gcc/arm-none-eabi/9.2.1/../../../../arm-none-eabi/lib/thumb/v8-m.base/nofp\libg_nano.a(lib_a-findfp.o)
                0x08005ea8                __sf_fake_stderr
 .rodata.__sf_fake_stdin
                0x08005ec8       0x20 d:/software/gd32embeddedbuilder_v1.5.6_rel/tools/gnu tools arm embedded/xpack-arm-none-eabi-gcc/9.2.1-1.1/bin/../lib/gcc/arm-none-eabi/9.2.1/../../../../arm-none-eabi/lib/thumb/v8-m.base/nofp\libg_nano.a(lib_a-findfp.o)
                0x08005ec8                __sf_fake_stdin
 .rodata.__sf_fake_stdout
                0x08005ee8       0x20 d:/software/gd32embeddedbuilder_v1.5.6_rel/tools/gnu tools arm embedded/xpack-arm-none-eabi-gcc/9.2.1-1.1/bin/../lib/gcc/arm-none-eabi/9.2.1/../../../../arm-none-eabi/lib/thumb/v8-m.base/nofp\libg_nano.a(lib_a-findfp.o)
                0x08005ee8                __sf_fake_stdout
 .rodata._vfprintf_r.str1.1
                0x08005f08       0x11 d:/software/gd32embeddedbuilder_v1.5.6_rel/tools/gnu tools arm embedded/xpack-arm-none-eabi-gcc/9.2.1-1.1/bin/../lib/gcc/arm-none-eabi/9.2.1/../../../../arm-none-eabi/lib/thumb/v8-m.base/nofp\libg_nano.a(lib_a-nano-vfprintf.o)
 .rodata._printf_i.str1.1
                0x08005f19       0x22 d:/software/gd32embeddedbuilder_v1.5.6_rel/tools/gnu tools arm embedded/xpack-arm-none-eabi-gcc/9.2.1-1.1/bin/../lib/gcc/arm-none-eabi/9.2.1/../../../../arm-none-eabi/lib/thumb/v8-m.base/nofp\libg_nano.a(lib_a-nano-vfprintf_i.o)
                0x08005f3c                . = ALIGN (0x4)
 *fill*         0x08005f3b        0x1 

.rel.dyn        0x08005f3c        0x0
 .rel.iplt      0x08005f3c        0x0 d:/software/gd32embeddedbuilder_v1.5.6_rel/tools/gnu tools arm embedded/xpack-arm-none-eabi-gcc/9.2.1-1.1/bin/../lib/gcc/arm-none-eabi/9.2.1/thumb/v8-m.base/nofp/crtbegin.o

.ARM.extab
 *(.ARM.extab* .gnu.linkonce.armextab.*)

.ARM            0x08005f3c        0x0
                0x08005f3c                __exidx_start = .
 *(.ARM.exidx*)
                0x08005f3c                __exidx_end = .

.ARM.attributes
                0x08005f3c       0x2c
 *(.ARM.attributes)
 .ARM.attributes
                0x08005f3c       0x22 d:/software/gd32embeddedbuilder_v1.5.6_rel/tools/gnu tools arm embedded/xpack-arm-none-eabi-gcc/9.2.1-1.1/bin/../lib/gcc/arm-none-eabi/9.2.1/thumb/v8-m.base/nofp/crti.o
 .ARM.attributes
                0x08005f5e       0x30 d:/software/gd32embeddedbuilder_v1.5.6_rel/tools/gnu tools arm embedded/xpack-arm-none-eabi-gcc/9.2.1-1.1/bin/../lib/gcc/arm-none-eabi/9.2.1/thumb/v8-m.base/nofp/crtbegin.o
 .ARM.attributes
                0x08005f8e       0x30 ./src/systick.o
 .ARM.attributes
                0x08005fbe       0x30 ./src/main.o
 .ARM.attributes
                0x08005fee       0x30 ./src/gd32e23x_it.o
 .ARM.attributes
                0x0800601e       0x30 ./src/gd32e235c_eval.o
 .ARM.attributes
                0x0800604e       0x30 ./src/drivers/uart/Uart_init.o
 .ARM.attributes
                0x0800607e       0x30 ./src/drivers/timer/timer.o
 .ARM.attributes
                0x080060ae       0x30 ./src/drivers/packet_process/Spl_stdio.o
 .ARM.attributes
                0x080060de       0x30 ./src/drivers/nand/Spi_nand_driver.o
 .ARM.attributes
                0x0800610e       0x30 ./src/drivers/nand/GD5F1GQ4xExxG.o
 .ARM.attributes
                0x0800613e       0x30 ./src/drivers/nand/FORESEE_F35UQB004G.o
 .ARM.attributes
                0x0800616e       0x30 ./src/drivers/nand/ESMTF50D1G41MYB.o
 .ARM.attributes
                0x0800619e       0x30 ./src/drivers/nand/DS35X2GA.o
 .ARM.attributes
                0x080061ce       0x30 ./src/drivers/lcd/lcd_display.o
 .ARM.attributes
                0x080061fe       0x30 ./src/drivers/lcd/gd32e235c_lcd_eval.o
 .ARM.attributes
                0x0800622e       0x30 ./src/drivers/gpio/GPIO_init.o
 .ARM.attributes
                0x0800625e       0x30 ./src/drivers/deepsleep/deepsleep.o
 .ARM.attributes
                0x0800628e       0x22 ./gcc_startup/startup_gd32e23x.o
 .ARM.attributes
                0x080062b0       0x30 ./Firmware/GD32E23x_standard_peripheral/Source/gd32e23x_usart.o
 .ARM.attributes
                0x080062e0       0x30 ./Firmware/GD32E23x_standard_peripheral/Source/gd32e23x_syscfg.o
 .ARM.attributes
                0x08006310       0x30 ./Firmware/GD32E23x_standard_peripheral/Source/gd32e23x_spi.o
 .ARM.attributes
                0x08006340       0x30 ./Firmware/GD32E23x_standard_peripheral/Source/gd32e23x_rcu.o
 .ARM.attributes
                0x08006370       0x30 ./Firmware/GD32E23x_standard_peripheral/Source/gd32e23x_pmu.o
 .ARM.attributes
                0x080063a0       0x30 ./Firmware/GD32E23x_standard_peripheral/Source/gd32e23x_misc.o
 .ARM.attributes
                0x080063d0       0x30 ./Firmware/GD32E23x_standard_peripheral/Source/gd32e23x_gpio.o
 .ARM.attributes
                0x08006400       0x30 ./Firmware/CMSIS/GD/GD32E23x/Source/system_gd32e23x.o
 .ARM.attributes
                0x08006430       0x30 ./Firmware/CMSIS/GD/GD32E23x/Source/syscalls.o
 .ARM.attributes
                0x08006460       0x30 ../EXTERN_LIB\libProject.a(Process_Packet.o)
 .ARM.attributes
                0x08006490       0x30 d:/software/gd32embeddedbuilder_v1.5.6_rel/tools/gnu tools arm embedded/xpack-arm-none-eabi-gcc/9.2.1-1.1/bin/../lib/gcc/arm-none-eabi/9.2.1/../../../../arm-none-eabi/lib/thumb/v8-m.base/nofp\libg_nano.a(lib_a-impure.o)
 .ARM.attributes
                0x080064c0       0x30 d:/software/gd32embeddedbuilder_v1.5.6_rel/tools/gnu tools arm embedded/xpack-arm-none-eabi-gcc/9.2.1-1.1/bin/../lib/gcc/arm-none-eabi/9.2.1/../../../../arm-none-eabi/lib/thumb/v8-m.base/nofp\libg_nano.a(lib_a-init.o)
 .ARM.attributes
                0x080064f0       0x30 d:/software/gd32embeddedbuilder_v1.5.6_rel/tools/gnu tools arm embedded/xpack-arm-none-eabi-gcc/9.2.1-1.1/bin/../lib/gcc/arm-none-eabi/9.2.1/../../../../arm-none-eabi/lib/thumb/v8-m.base/nofp\libg_nano.a(lib_a-printf.o)
 .ARM.attributes
                0x08006520       0x30 d:/software/gd32embeddedbuilder_v1.5.6_rel/tools/gnu tools arm embedded/xpack-arm-none-eabi-gcc/9.2.1-1.1/bin/../lib/gcc/arm-none-eabi/9.2.1/../../../../arm-none-eabi/lib/thumb/v8-m.base/nofp\libg_nano.a(lib_a-putchar.o)
 .ARM.attributes
                0x08006550       0x30 d:/software/gd32embeddedbuilder_v1.5.6_rel/tools/gnu tools arm embedded/xpack-arm-none-eabi-gcc/9.2.1-1.1/bin/../lib/gcc/arm-none-eabi/9.2.1/../../../../arm-none-eabi/lib/thumb/v8-m.base/nofp\libg_nano.a(lib_a-puts.o)
 .ARM.attributes
                0x08006580       0x30 d:/software/gd32embeddedbuilder_v1.5.6_rel/tools/gnu tools arm embedded/xpack-arm-none-eabi-gcc/9.2.1-1.1/bin/../lib/gcc/arm-none-eabi/9.2.1/../../../../arm-none-eabi/lib/thumb/v8-m.base/nofp\libg_nano.a(lib_a-reent.o)
 .ARM.attributes
                0x080065b0       0x30 d:/software/gd32embeddedbuilder_v1.5.6_rel/tools/gnu tools arm embedded/xpack-arm-none-eabi-gcc/9.2.1-1.1/bin/../lib/gcc/arm-none-eabi/9.2.1/../../../../arm-none-eabi/lib/thumb/v8-m.base/nofp\libg_nano.a(lib_a-wbuf.o)
 .ARM.attributes
                0x080065e0       0x30 d:/software/gd32embeddedbuilder_v1.5.6_rel/tools/gnu tools arm embedded/xpack-arm-none-eabi-gcc/9.2.1-1.1/bin/../lib/gcc/arm-none-eabi/9.2.1/../../../../arm-none-eabi/lib/thumb/v8-m.base/nofp\libg_nano.a(lib_a-wsetup.o)
 .ARM.attributes
                0x08006610       0x30 d:/software/gd32embeddedbuilder_v1.5.6_rel/tools/gnu tools arm embedded/xpack-arm-none-eabi-gcc/9.2.1-1.1/bin/../lib/gcc/arm-none-eabi/9.2.1/../../../../arm-none-eabi/lib/thumb/v8-m.base/nofp\libg_nano.a(lib_a-fflush.o)
 .ARM.attributes
                0x08006640       0x30 d:/software/gd32embeddedbuilder_v1.5.6_rel/tools/gnu tools arm embedded/xpack-arm-none-eabi-gcc/9.2.1-1.1/bin/../lib/gcc/arm-none-eabi/9.2.1/../../../../arm-none-eabi/lib/thumb/v8-m.base/nofp\libg_nano.a(lib_a-findfp.o)
 .ARM.attributes
                0x08006670       0x30 d:/software/gd32embeddedbuilder_v1.5.6_rel/tools/gnu tools arm embedded/xpack-arm-none-eabi-gcc/9.2.1-1.1/bin/../lib/gcc/arm-none-eabi/9.2.1/../../../../arm-none-eabi/lib/thumb/v8-m.base/nofp\libg_nano.a(lib_a-fwalk.o)
 .ARM.attributes
                0x080066a0       0x30 d:/software/gd32embeddedbuilder_v1.5.6_rel/tools/gnu tools arm embedded/xpack-arm-none-eabi-gcc/9.2.1-1.1/bin/../lib/gcc/arm-none-eabi/9.2.1/../../../../arm-none-eabi/lib/thumb/v8-m.base/nofp\libg_nano.a(lib_a-lock.o)
 .ARM.attributes
                0x080066d0       0x30 d:/software/gd32embeddedbuilder_v1.5.6_rel/tools/gnu tools arm embedded/xpack-arm-none-eabi-gcc/9.2.1-1.1/bin/../lib/gcc/arm-none-eabi/9.2.1/../../../../arm-none-eabi/lib/thumb/v8-m.base/nofp\libg_nano.a(lib_a-makebuf.o)
 .ARM.attributes
                0x08006700       0x30 d:/software/gd32embeddedbuilder_v1.5.6_rel/tools/gnu tools arm embedded/xpack-arm-none-eabi-gcc/9.2.1-1.1/bin/../lib/gcc/arm-none-eabi/9.2.1/../../../../arm-none-eabi/lib/thumb/v8-m.base/nofp\libg_nano.a(lib_a-nano-freer.o)
 .ARM.attributes
                0x08006730       0x30 d:/software/gd32embeddedbuilder_v1.5.6_rel/tools/gnu tools arm embedded/xpack-arm-none-eabi-gcc/9.2.1-1.1/bin/../lib/gcc/arm-none-eabi/9.2.1/../../../../arm-none-eabi/lib/thumb/v8-m.base/nofp\libg_nano.a(lib_a-nano-mallocr.o)
 .ARM.attributes
                0x08006760       0x30 d:/software/gd32embeddedbuilder_v1.5.6_rel/tools/gnu tools arm embedded/xpack-arm-none-eabi-gcc/9.2.1-1.1/bin/../lib/gcc/arm-none-eabi/9.2.1/../../../../arm-none-eabi/lib/thumb/v8-m.base/nofp\libg_nano.a(lib_a-nano-vfprintf.o)
 .ARM.attributes
                0x08006790       0x30 d:/software/gd32embeddedbuilder_v1.5.6_rel/tools/gnu tools arm embedded/xpack-arm-none-eabi-gcc/9.2.1-1.1/bin/../lib/gcc/arm-none-eabi/9.2.1/../../../../arm-none-eabi/lib/thumb/v8-m.base/nofp\libg_nano.a(lib_a-nano-vfprintf_i.o)
 .ARM.attributes
                0x080067c0       0x30 d:/software/gd32embeddedbuilder_v1.5.6_rel/tools/gnu tools arm embedded/xpack-arm-none-eabi-gcc/9.2.1-1.1/bin/../lib/gcc/arm-none-eabi/9.2.1/../../../../arm-none-eabi/lib/thumb/v8-m.base/nofp\libg_nano.a(lib_a-putc.o)
 .ARM.attributes
                0x080067f0       0x30 d:/software/gd32embeddedbuilder_v1.5.6_rel/tools/gnu tools arm embedded/xpack-arm-none-eabi-gcc/9.2.1-1.1/bin/../lib/gcc/arm-none-eabi/9.2.1/../../../../arm-none-eabi/lib/thumb/v8-m.base/nofp\libg_nano.a(lib_a-sbrkr.o)
 .ARM.attributes
                0x08006820       0x30 d:/software/gd32embeddedbuilder_v1.5.6_rel/tools/gnu tools arm embedded/xpack-arm-none-eabi-gcc/9.2.1-1.1/bin/../lib/gcc/arm-none-eabi/9.2.1/../../../../arm-none-eabi/lib/thumb/v8-m.base/nofp\libg_nano.a(lib_a-stdio.o)
 .ARM.attributes
                0x08006850       0x30 d:/software/gd32embeddedbuilder_v1.5.6_rel/tools/gnu tools arm embedded/xpack-arm-none-eabi-gcc/9.2.1-1.1/bin/../lib/gcc/arm-none-eabi/9.2.1/../../../../arm-none-eabi/lib/thumb/v8-m.base/nofp\libg_nano.a(lib_a-writer.o)
 .ARM.attributes
                0x08006880       0x30 d:/software/gd32embeddedbuilder_v1.5.6_rel/tools/gnu tools arm embedded/xpack-arm-none-eabi-gcc/9.2.1-1.1/bin/../lib/gcc/arm-none-eabi/9.2.1/../../../../arm-none-eabi/lib/thumb/v8-m.base/nofp\libg_nano.a(lib_a-closer.o)
 .ARM.attributes
                0x080068b0       0x30 d:/software/gd32embeddedbuilder_v1.5.6_rel/tools/gnu tools arm embedded/xpack-arm-none-eabi-gcc/9.2.1-1.1/bin/../lib/gcc/arm-none-eabi/9.2.1/../../../../arm-none-eabi/lib/thumb/v8-m.base/nofp\libg_nano.a(lib_a-fstatr.o)
 .ARM.attributes
                0x080068e0       0x30 d:/software/gd32embeddedbuilder_v1.5.6_rel/tools/gnu tools arm embedded/xpack-arm-none-eabi-gcc/9.2.1-1.1/bin/../lib/gcc/arm-none-eabi/9.2.1/../../../../arm-none-eabi/lib/thumb/v8-m.base/nofp\libg_nano.a(lib_a-isattyr.o)
 .ARM.attributes
                0x08006910       0x30 d:/software/gd32embeddedbuilder_v1.5.6_rel/tools/gnu tools arm embedded/xpack-arm-none-eabi-gcc/9.2.1-1.1/bin/../lib/gcc/arm-none-eabi/9.2.1/../../../../arm-none-eabi/lib/thumb/v8-m.base/nofp\libg_nano.a(lib_a-lseekr.o)
 .ARM.attributes
                0x08006940       0x30 d:/software/gd32embeddedbuilder_v1.5.6_rel/tools/gnu tools arm embedded/xpack-arm-none-eabi-gcc/9.2.1-1.1/bin/../lib/gcc/arm-none-eabi/9.2.1/../../../../arm-none-eabi/lib/thumb/v8-m.base/nofp\libg_nano.a(lib_a-memchr-stub.o)
 .ARM.attributes
                0x08006970       0x30 d:/software/gd32embeddedbuilder_v1.5.6_rel/tools/gnu tools arm embedded/xpack-arm-none-eabi-gcc/9.2.1-1.1/bin/../lib/gcc/arm-none-eabi/9.2.1/../../../../arm-none-eabi/lib/thumb/v8-m.base/nofp\libg_nano.a(lib_a-mlock.o)
 .ARM.attributes
                0x080069a0       0x30 d:/software/gd32embeddedbuilder_v1.5.6_rel/tools/gnu tools arm embedded/xpack-arm-none-eabi-gcc/9.2.1-1.1/bin/../lib/gcc/arm-none-eabi/9.2.1/../../../../arm-none-eabi/lib/thumb/v8-m.base/nofp\libg_nano.a(lib_a-readr.o)
 .ARM.attributes
                0x080069d0       0x22 d:/software/gd32embeddedbuilder_v1.5.6_rel/tools/gnu tools arm embedded/xpack-arm-none-eabi-gcc/9.2.1-1.1/bin/../lib/gcc/arm-none-eabi/9.2.1/thumb/v8-m.base/nofp\libgcc.a(_thumb1_case_shi.o)
 .ARM.attributes
                0x080069f2       0x22 d:/software/gd32embeddedbuilder_v1.5.6_rel/tools/gnu tools arm embedded/xpack-arm-none-eabi-gcc/9.2.1-1.1/bin/../lib/gcc/arm-none-eabi/9.2.1/thumb/v8-m.base/nofp/crtn.o

.preinit_array  0x08005f3c        0x0
                0x08005f3c                PROVIDE (__preinit_array_start = .)
 *(.preinit_array*)
                0x08005f3c                PROVIDE (__preinit_array_end = .)

.init_array     0x08005f3c        0x4
                0x08005f3c                PROVIDE (__init_array_start = .)
 *(SORT_BY_NAME(.init_array.*))
 *(.init_array*)
 .init_array    0x08005f3c        0x4 d:/software/gd32embeddedbuilder_v1.5.6_rel/tools/gnu tools arm embedded/xpack-arm-none-eabi-gcc/9.2.1-1.1/bin/../lib/gcc/arm-none-eabi/9.2.1/thumb/v8-m.base/nofp/crtbegin.o
                0x08005f40                PROVIDE (__init_array_end = .)

.fini_array     0x08005f40        0x4
                [!provide]                PROVIDE (__fini_array_start = .)
 *(.fini_array*)
 .fini_array    0x08005f40        0x4 d:/software/gd32embeddedbuilder_v1.5.6_rel/tools/gnu tools arm embedded/xpack-arm-none-eabi-gcc/9.2.1-1.1/bin/../lib/gcc/arm-none-eabi/9.2.1/thumb/v8-m.base/nofp/crtbegin.o
 *(SORT_BY_NAME(.fini_array.*))
                [!provide]                PROVIDE (__fini_array_end = .)
                0x08005f44                _sidata = LOADADDR (.data)

.data           0x20000000      0x23c load address 0x08005f44
                0x20000000                . = ALIGN (0x4)
                0x20000000                _sdata = .
 *(.data)
 *(.data*)
 .data.NAND_PAGE_SIZE
                0x20000000        0x4 ./src/drivers/nand/Spi_nand_driver.o
                0x20000000                NAND_PAGE_SIZE
 .data.NAND_PAGE_PER_BLK
                0x20000004        0x4 ./src/drivers/nand/Spi_nand_driver.o
                0x20000004                NAND_PAGE_PER_BLK
 .data.s_apinand_cfg_tab
                0x20000008      0x104 ./src/drivers/nand/Spi_nand_driver.o
 .data.g_spinand_gd
                0x2000010c       0x30 ./src/drivers/nand/GD5F1GQ4xExxG.o
                0x2000010c                g_spinand_gd
 .data.g_spinand_foresee
                0x2000013c       0x30 ./src/drivers/nand/FORESEE_F35UQB004G.o
                0x2000013c                g_spinand_foresee
 .data.g_spinand_esmt
                0x2000016c       0x30 ./src/drivers/nand/ESMTF50D1G41MYB.o
                0x2000016c                g_spinand_esmt
 .data.g_spinand_ds
                0x2000019c       0x30 ./src/drivers/nand/DS35X2GA.o
                0x2000019c                g_spinand_ds
 .data.logo_buffer
                0x200001cc        0x4 ./src/drivers/lcd/lcd_display.o
                0x200001cc                logo_buffer
 .data.SystemCoreClock
                0x200001d0        0x4 ./Firmware/CMSIS/GD/GD32E23x/Source/system_gd32e23x.o
                0x200001d0                SystemCoreClock
 .data.curbrk.6120
                0x200001d4        0x4 ./Firmware/CMSIS/GD/GD32E23x/Source/syscalls.o
 .data._impure_ptr
                0x200001d8        0x4 d:/software/gd32embeddedbuilder_v1.5.6_rel/tools/gnu tools arm embedded/xpack-arm-none-eabi-gcc/9.2.1-1.1/bin/../lib/gcc/arm-none-eabi/9.2.1/../../../../arm-none-eabi/lib/thumb/v8-m.base/nofp\libg_nano.a(lib_a-impure.o)
                0x200001d8                _impure_ptr
 .data.impure_data
                0x200001dc       0x60 d:/software/gd32embeddedbuilder_v1.5.6_rel/tools/gnu tools arm embedded/xpack-arm-none-eabi-gcc/9.2.1-1.1/bin/../lib/gcc/arm-none-eabi/9.2.1/../../../../arm-none-eabi/lib/thumb/v8-m.base/nofp\libg_nano.a(lib_a-impure.o)
                0x2000023c                . = ALIGN (0x4)
                0x2000023c                _edata = .

.igot.plt       0x2000023c        0x0 load address 0x08006180
 .igot.plt      0x2000023c        0x0 d:/software/gd32embeddedbuilder_v1.5.6_rel/tools/gnu tools arm embedded/xpack-arm-none-eabi-gcc/9.2.1-1.1/bin/../lib/gcc/arm-none-eabi/9.2.1/thumb/v8-m.base/nofp/crtbegin.o
                0x2000023c                . = ALIGN (0x4)

.bss            0x2000023c      0xe9c load address 0x08006180
                0x2000023c                . = ALIGN (0x4)
                0x2000023c                _sbss = .
                0x2000023c                __bss_start__ = _sbss
 *(.bss)
 *(.bss*)
 .bss.completed.8911
                0x2000023c        0x1 d:/software/gd32embeddedbuilder_v1.5.6_rel/tools/gnu tools arm embedded/xpack-arm-none-eabi-gcc/9.2.1-1.1/bin/../lib/gcc/arm-none-eabi/9.2.1/thumb/v8-m.base/nofp/crtbegin.o
 *fill*         0x2000023d        0x3 
 .bss.object.8916
                0x20000240       0x18 d:/software/gd32embeddedbuilder_v1.5.6_rel/tools/gnu tools arm embedded/xpack-arm-none-eabi-gcc/9.2.1-1.1/bin/../lib/gcc/arm-none-eabi/9.2.1/thumb/v8-m.base/nofp/crtbegin.o
 .bss.delay     0x20000258        0x4 ./src/systick.o
 .bss.initialized.7595
                0x2000025c        0x4 ./src/main.o
 .bss.s_spinand_spec_info_ptr
                0x20000260        0x4 ./src/drivers/nand/Spi_nand_driver.o
                0x20000260                s_spinand_spec_info_ptr
 .bss.spi_nand_id
                0x20000264        0x5 ./src/drivers/nand/Spi_nand_driver.o
                0x20000264                spi_nand_id
 .bss.key_pressed
                0x20000269        0x1 ./src/drivers/gpio/GPIO_init.o
 *fill*         0x2000026a        0x2 
 .bss.key_press_start_time
                0x2000026c        0x4 ./src/drivers/gpio/GPIO_init.o
 .bss.key_long_press_detected
                0x20000270        0x1 ./src/drivers/gpio/GPIO_init.o
 .bss.key_shot_press_detected
                0x20000271        0x1 ./src/drivers/gpio/GPIO_init.o
 .bss.detection_window_active
                0x20000272        0x1 ./src/drivers/gpio/GPIO_init.o
 *fill*         0x20000273        0x1 
 .bss.system_boot_start_time
                0x20000274        0x4 ./src/drivers/gpio/GPIO_init.o
 .bss.cnt.7644  0x20000278        0x4 ../EXTERN_LIB\libProject.a(Process_Packet.o)
 .bss.start.7645
                0x2000027c        0x4 ../EXTERN_LIB\libProject.a(Process_Packet.o)
 .bss.start_num.7565
                0x20000280        0x1 ../EXTERN_LIB\libProject.a(Process_Packet.o)
 *fill*         0x20000281        0x3 
 .bss.__malloc_free_list
                0x20000284        0x4 d:/software/gd32embeddedbuilder_v1.5.6_rel/tools/gnu tools arm embedded/xpack-arm-none-eabi-gcc/9.2.1-1.1/bin/../lib/gcc/arm-none-eabi/9.2.1/../../../../arm-none-eabi/lib/thumb/v8-m.base/nofp\libg_nano.a(lib_a-nano-mallocr.o)
                0x20000284                __malloc_free_list
 .bss.__malloc_sbrk_start
                0x20000288        0x4 d:/software/gd32embeddedbuilder_v1.5.6_rel/tools/gnu tools arm embedded/xpack-arm-none-eabi-gcc/9.2.1-1.1/bin/../lib/gcc/arm-none-eabi/9.2.1/../../../../arm-none-eabi/lib/thumb/v8-m.base/nofp\libg_nano.a(lib_a-nano-mallocr.o)
                0x20000288                __malloc_sbrk_start
 *(COMMON)
 COMMON         0x2000028c      0x9e0 ./src/drivers/uart/Uart_init.o
                0x2000028c                recv_data_buffer_array
                0x2000037c                send_data_buffer_array
                0x20000b7c                handle_data_buffer_array
 COMMON         0x20000c6c      0x45c ../EXTERN_LIB\libProject.a(Process_Packet.o)
                0x20000c6c                timer_handle
                0x20000c78                spl_page_num
                0x20000c7c                spl_handle
                0x20001098                spl_cycle_block_count
                0x2000109c                global_sio_handle
                0x200010bc                nand_block_size
                0x200010c0                spl_bakcup_block_id
                0x200010c4                spl_cycle_page_count
 COMMON         0x200010c8        0x4 d:/software/gd32embeddedbuilder_v1.5.6_rel/tools/gnu tools arm embedded/xpack-arm-none-eabi-gcc/9.2.1-1.1/bin/../lib/gcc/arm-none-eabi/9.2.1/../../../../arm-none-eabi/lib/thumb/v8-m.base/nofp\libg_nano.a(lib_a-reent.o)
                0x200010c8                errno
 COMMON         0x200010cc        0x9 d:/software/gd32embeddedbuilder_v1.5.6_rel/tools/gnu tools arm embedded/xpack-arm-none-eabi-gcc/9.2.1-1.1/bin/../lib/gcc/arm-none-eabi/9.2.1/../../../../arm-none-eabi/lib/thumb/v8-m.base/nofp\libg_nano.a(lib_a-lock.o)
                0x200010cc                __lock___atexit_recursive_mutex
                0x200010cd                __lock___arc4random_mutex
                0x200010ce                __lock___env_recursive_mutex
                0x200010cf                __lock___sinit_recursive_mutex
                0x200010d0                __lock___malloc_recursive_mutex
                0x200010d1                __lock___at_quick_exit_mutex
                0x200010d2                __lock___dd_hash_mutex
                0x200010d3                __lock___tz_mutex
                0x200010d4                __lock___sfp_recursive_mutex
                0x200010d8                . = ALIGN (0x4)
 *fill*         0x200010d5        0x3 
                0x200010d8                _ebss = .
                0x200010d8                __bss_end__ = _ebss

.heap_stack     0x200010d8      0xc00 load address 0x08006180
                0x200010d8                . = ALIGN (0x8)
                [!provide]                PROVIDE (end = _ebss)
                0x200010d8                PROVIDE (_end = _ebss)
                0x200014d8                . = (. + __heap_size)
 *fill*         0x200010d8      0x400 
                0x200014d8                PROVIDE (_heap_end = .)
                0x20001cd8                . = (. + __stack_size)
 *fill*         0x200014d8      0x800 
                0x20001cd8                PROVIDE (_sp = .)
                0x20001cd8                . = ALIGN (0x8)
START GROUP
LOAD d:/software/gd32embeddedbuilder_v1.5.6_rel/tools/gnu tools arm embedded/xpack-arm-none-eabi-gcc/9.2.1-1.1/bin/../lib/gcc/arm-none-eabi/9.2.1/thumb/v8-m.base/nofp\libgcc.a
LOAD d:/software/gd32embeddedbuilder_v1.5.6_rel/tools/gnu tools arm embedded/xpack-arm-none-eabi-gcc/9.2.1-1.1/bin/../lib/gcc/arm-none-eabi/9.2.1/../../../../arm-none-eabi/lib/thumb/v8-m.base/nofp\libc.a
LOAD d:/software/gd32embeddedbuilder_v1.5.6_rel/tools/gnu tools arm embedded/xpack-arm-none-eabi-gcc/9.2.1-1.1/bin/../lib/gcc/arm-none-eabi/9.2.1/../../../../arm-none-eabi/lib/thumb/v8-m.base/nofp\libm.a
LOAD d:/software/gd32embeddedbuilder_v1.5.6_rel/tools/gnu tools arm embedded/xpack-arm-none-eabi-gcc/9.2.1-1.1/bin/../lib/gcc/arm-none-eabi/9.2.1/../../../../arm-none-eabi/lib/thumb/v8-m.base/nofp\libnosys.a
END GROUP
OUTPUT(Project.elf elf32-littlearm)

.debug_info     0x00000000    0x138df
 .debug_info    0x00000000      0x4e0 ./src/systick.o
 .debug_info    0x000004e0      0xf0b ./src/main.o
 .debug_info    0x000013eb      0xe8f ./src/gd32e23x_it.o
 .debug_info    0x0000227a     0x1021 ./src/gd32e235c_eval.o
 .debug_info    0x0000329b     0x1094 ./src/drivers/uart/Uart_init.o
 .debug_info    0x0000432f      0x40a ./src/drivers/timer/timer.o
 .debug_info    0x00004739      0xbe3 ./src/drivers/packet_process/Spl_stdio.o
 .debug_info    0x0000531c      0xf5a ./src/drivers/nand/Spi_nand_driver.o
 .debug_info    0x00006276      0xeec ./src/drivers/nand/GD5F1GQ4xExxG.o
 .debug_info    0x00007162      0xbf5 ./src/drivers/nand/FORESEE_F35UQB004G.o
 .debug_info    0x00007d57      0xc65 ./src/drivers/nand/ESMTF50D1G41MYB.o
 .debug_info    0x000089bc      0xc5d ./src/drivers/nand/DS35X2GA.o
 .debug_info    0x00009619      0xa40 ./src/drivers/lcd/lcd_display.o
 .debug_info    0x0000a059      0xbaf ./src/drivers/lcd/gd32e235c_lcd_eval.o
 .debug_info    0x0000ac08      0xf92 ./src/drivers/gpio/GPIO_init.o
 .debug_info    0x0000bb9a      0xf1a ./src/drivers/deepsleep/deepsleep.o
 .debug_info    0x0000cab4       0x22 ./gcc_startup/startup_gd32e23x.o
 .debug_info    0x0000cad6     0x11cf ./Firmware/GD32E23x_standard_peripheral/Source/gd32e23x_usart.o
 .debug_info    0x0000dca5      0x2f6 ./Firmware/GD32E23x_standard_peripheral/Source/gd32e23x_syscfg.o
 .debug_info    0x0000df9b      0xbec ./Firmware/GD32E23x_standard_peripheral/Source/gd32e23x_spi.o
 .debug_info    0x0000eb87      0xcbd ./Firmware/GD32E23x_standard_peripheral/Source/gd32e23x_rcu.o
 .debug_info    0x0000f844      0x3dc ./Firmware/GD32E23x_standard_peripheral/Source/gd32e23x_pmu.o
 .debug_info    0x0000fc20      0x5dc ./Firmware/GD32E23x_standard_peripheral/Source/gd32e23x_misc.o
 .debug_info    0x000101fc      0x578 ./Firmware/GD32E23x_standard_peripheral/Source/gd32e23x_gpio.o
 .debug_info    0x00010774      0x30a ./Firmware/CMSIS/GD/GD32E23x/Source/system_gd32e23x.o
 .debug_info    0x00010a7e     0x10ce ./Firmware/CMSIS/GD/GD32E23x/Source/syscalls.o
 .debug_info    0x00011b4c     0x1d93 ../EXTERN_LIB\libProject.a(Process_Packet.o)

.debug_abbrev   0x00000000     0x3b6b
 .debug_abbrev  0x00000000      0x1d1 ./src/systick.o
 .debug_abbrev  0x000001d1      0x2bb ./src/main.o
 .debug_abbrev  0x0000048c      0x290 ./src/gd32e23x_it.o
 .debug_abbrev  0x0000071c      0x2a7 ./src/gd32e235c_eval.o
 .debug_abbrev  0x000009c3      0x289 ./src/drivers/uart/Uart_init.o
 .debug_abbrev  0x00000c4c      0x166 ./src/drivers/timer/timer.o
 .debug_abbrev  0x00000db2      0x248 ./src/drivers/packet_process/Spl_stdio.o
 .debug_abbrev  0x00000ffa      0x2f1 ./src/drivers/nand/Spi_nand_driver.o
 .debug_abbrev  0x000012eb      0x2f4 ./src/drivers/nand/GD5F1GQ4xExxG.o
 .debug_abbrev  0x000015df      0x232 ./src/drivers/nand/FORESEE_F35UQB004G.o
 .debug_abbrev  0x00001811      0x27c ./src/drivers/nand/ESMTF50D1G41MYB.o
 .debug_abbrev  0x00001a8d      0x275 ./src/drivers/nand/DS35X2GA.o
 .debug_abbrev  0x00001d02      0x227 ./src/drivers/lcd/lcd_display.o
 .debug_abbrev  0x00001f29      0x203 ./src/drivers/lcd/gd32e235c_lcd_eval.o
 .debug_abbrev  0x0000212c      0x2b9 ./src/drivers/gpio/GPIO_init.o
 .debug_abbrev  0x000023e5      0x249 ./src/drivers/deepsleep/deepsleep.o
 .debug_abbrev  0x0000262e       0x12 ./gcc_startup/startup_gd32e23x.o
 .debug_abbrev  0x00002640      0x189 ./Firmware/GD32E23x_standard_peripheral/Source/gd32e23x_usart.o
 .debug_abbrev  0x000027c9      0x131 ./Firmware/GD32E23x_standard_peripheral/Source/gd32e23x_syscfg.o
 .debug_abbrev  0x000028fa      0x1eb ./Firmware/GD32E23x_standard_peripheral/Source/gd32e23x_spi.o
 .debug_abbrev  0x00002ae5      0x1d1 ./Firmware/GD32E23x_standard_peripheral/Source/gd32e23x_rcu.o
 .debug_abbrev  0x00002cb6      0x1be ./Firmware/GD32E23x_standard_peripheral/Source/gd32e23x_pmu.o
 .debug_abbrev  0x00002e74      0x1c8 ./Firmware/GD32E23x_standard_peripheral/Source/gd32e23x_misc.o
 .debug_abbrev  0x0000303c      0x1b5 ./Firmware/GD32E23x_standard_peripheral/Source/gd32e23x_gpio.o
 .debug_abbrev  0x000031f1      0x19c ./Firmware/CMSIS/GD/GD32E23x/Source/system_gd32e23x.o
 .debug_abbrev  0x0000338d      0x29c ./Firmware/CMSIS/GD/GD32E23x/Source/syscalls.o
 .debug_abbrev  0x00003629      0x542 ../EXTERN_LIB\libProject.a(Process_Packet.o)

.debug_aranges  0x00000000      0xd88
 .debug_aranges
                0x00000000       0x40 ./src/systick.o
 .debug_aranges
                0x00000040       0x28 ./src/main.o
 .debug_aranges
                0x00000068       0x48 ./src/gd32e23x_it.o
 .debug_aranges
                0x000000b0       0x50 ./src/gd32e235c_eval.o
 .debug_aranges
                0x00000100       0x40 ./src/drivers/uart/Uart_init.o
 .debug_aranges
                0x00000140       0x28 ./src/drivers/timer/timer.o
 .debug_aranges
                0x00000168       0x50 ./src/drivers/packet_process/Spl_stdio.o
 .debug_aranges
                0x000001b8       0x50 ./src/drivers/nand/Spi_nand_driver.o
 .debug_aranges
                0x00000208       0x90 ./src/drivers/nand/GD5F1GQ4xExxG.o
 .debug_aranges
                0x00000298       0x20 ./src/drivers/nand/FORESEE_F35UQB004G.o
 .debug_aranges
                0x000002b8       0x40 ./src/drivers/nand/ESMTF50D1G41MYB.o
 .debug_aranges
                0x000002f8       0x28 ./src/drivers/nand/DS35X2GA.o
 .debug_aranges
                0x00000320       0x20 ./src/drivers/lcd/lcd_display.o
 .debug_aranges
                0x00000340       0xd8 ./src/drivers/lcd/gd32e235c_lcd_eval.o
 .debug_aranges
                0x00000418       0x90 ./src/drivers/gpio/GPIO_init.o
 .debug_aranges
                0x000004a8       0x20 ./src/drivers/deepsleep/deepsleep.o
 .debug_aranges
                0x000004c8       0x28 ./gcc_startup/startup_gd32e23x.o
 .debug_aranges
                0x000004f0      0x250 ./Firmware/GD32E23x_standard_peripheral/Source/gd32e23x_usart.o
 .debug_aranges
                0x00000740       0x68 ./Firmware/GD32E23x_standard_peripheral/Source/gd32e23x_syscfg.o
 .debug_aranges
                0x000007a8      0x180 ./Firmware/GD32E23x_standard_peripheral/Source/gd32e23x_spi.o
 .debug_aranges
                0x00000928      0x150 ./Firmware/GD32E23x_standard_peripheral/Source/gd32e23x_rcu.o
 .debug_aranges
                0x00000a78       0x80 ./Firmware/GD32E23x_standard_peripheral/Source/gd32e23x_pmu.o
 .debug_aranges
                0x00000af8       0x70 ./Firmware/GD32E23x_standard_peripheral/Source/gd32e23x_misc.o
 .debug_aranges
                0x00000b68       0x90 ./Firmware/GD32E23x_standard_peripheral/Source/gd32e23x_gpio.o
 .debug_aranges
                0x00000bf8       0x48 ./Firmware/CMSIS/GD/GD32E23x/Source/system_gd32e23x.o
 .debug_aranges
                0x00000c40       0xb8 ./Firmware/CMSIS/GD/GD32E23x/Source/syscalls.o
 .debug_aranges
                0x00000cf8       0x90 ../EXTERN_LIB\libProject.a(Process_Packet.o)

.debug_ranges   0x00000000      0xc20
 .debug_ranges  0x00000000       0x30 ./src/systick.o
 .debug_ranges  0x00000030       0x18 ./src/main.o
 .debug_ranges  0x00000048       0x38 ./src/gd32e23x_it.o
 .debug_ranges  0x00000080       0x40 ./src/gd32e235c_eval.o
 .debug_ranges  0x000000c0       0x30 ./src/drivers/uart/Uart_init.o
 .debug_ranges  0x000000f0       0x18 ./src/drivers/timer/timer.o
 .debug_ranges  0x00000108       0x40 ./src/drivers/packet_process/Spl_stdio.o
 .debug_ranges  0x00000148       0x40 ./src/drivers/nand/Spi_nand_driver.o
 .debug_ranges  0x00000188       0x80 ./src/drivers/nand/GD5F1GQ4xExxG.o
 .debug_ranges  0x00000208       0x10 ./src/drivers/nand/FORESEE_F35UQB004G.o
 .debug_ranges  0x00000218       0x30 ./src/drivers/nand/ESMTF50D1G41MYB.o
 .debug_ranges  0x00000248       0x18 ./src/drivers/nand/DS35X2GA.o
 .debug_ranges  0x00000260       0x10 ./src/drivers/lcd/lcd_display.o
 .debug_ranges  0x00000270       0xc8 ./src/drivers/lcd/gd32e235c_lcd_eval.o
 .debug_ranges  0x00000338       0x80 ./src/drivers/gpio/GPIO_init.o
 .debug_ranges  0x000003b8       0x10 ./src/drivers/deepsleep/deepsleep.o
 .debug_ranges  0x000003c8       0x20 ./gcc_startup/startup_gd32e23x.o
 .debug_ranges  0x000003e8      0x240 ./Firmware/GD32E23x_standard_peripheral/Source/gd32e23x_usart.o
 .debug_ranges  0x00000628       0x58 ./Firmware/GD32E23x_standard_peripheral/Source/gd32e23x_syscfg.o
 .debug_ranges  0x00000680      0x170 ./Firmware/GD32E23x_standard_peripheral/Source/gd32e23x_spi.o
 .debug_ranges  0x000007f0      0x140 ./Firmware/GD32E23x_standard_peripheral/Source/gd32e23x_rcu.o
 .debug_ranges  0x00000930       0x70 ./Firmware/GD32E23x_standard_peripheral/Source/gd32e23x_pmu.o
 .debug_ranges  0x000009a0       0x60 ./Firmware/GD32E23x_standard_peripheral/Source/gd32e23x_misc.o
 .debug_ranges  0x00000a00       0x80 ./Firmware/GD32E23x_standard_peripheral/Source/gd32e23x_gpio.o
 .debug_ranges  0x00000a80       0x38 ./Firmware/CMSIS/GD/GD32E23x/Source/system_gd32e23x.o
 .debug_ranges  0x00000ab8       0xa8 ./Firmware/CMSIS/GD/GD32E23x/Source/syscalls.o
 .debug_ranges  0x00000b60       0xc0 ../EXTERN_LIB\libProject.a(Process_Packet.o)

.debug_macro    0x00000000     0xdc7c
 .debug_macro   0x00000000      0x16d ./src/systick.o
 .debug_macro   0x0000016d      0xa96 ./src/systick.o
 .debug_macro   0x00000c03       0x7c ./src/systick.o
 .debug_macro   0x00000c7f       0x22 ./src/systick.o
 .debug_macro   0x00000ca1       0x8e ./src/systick.o
 .debug_macro   0x00000d2f       0x51 ./src/systick.o
 .debug_macro   0x00000d80       0xef ./src/systick.o
 .debug_macro   0x00000e6f       0x6a ./src/systick.o
 .debug_macro   0x00000ed9      0x1df ./src/systick.o
 .debug_macro   0x000010b8       0x22 ./src/systick.o
 .debug_macro   0x000010da       0x85 ./src/systick.o
 .debug_macro   0x0000115f      0x868 ./src/systick.o
 .debug_macro   0x000019c7       0x10 ./src/systick.o
 .debug_macro   0x000019d7       0xf2 ./src/systick.o
 .debug_macro   0x00001ac9      0x41f ./src/systick.o
 .debug_macro   0x00001ee8       0xac ./src/systick.o
 .debug_macro   0x00001f94       0xa6 ./src/systick.o
 .debug_macro   0x0000203a      0x259 ./src/systick.o
 .debug_macro   0x00002293      0x3a5 ./src/systick.o
 .debug_macro   0x00002638      0x242 ./src/systick.o
 .debug_macro   0x0000287a      0x6cc ./src/systick.o
 .debug_macro   0x00002f46      0x1ed ./src/systick.o
 .debug_macro   0x00003133      0x33a ./src/systick.o
 .debug_macro   0x0000346d       0xd0 ./src/systick.o
 .debug_macro   0x0000353d      0x118 ./src/systick.o
 .debug_macro   0x00003655      0x737 ./src/systick.o
 .debug_macro   0x00003d8c      0x786 ./src/systick.o
 .debug_macro   0x00004512      0x4fe ./src/systick.o
 .debug_macro   0x00004a10      0x9c2 ./src/systick.o
 .debug_macro   0x000053d2      0x55b ./src/systick.o
 .debug_macro   0x0000592d       0x70 ./src/systick.o
 .debug_macro   0x0000599d       0x52 ./src/systick.o
 .debug_macro   0x000059ef      0x106 ./src/systick.o
 .debug_macro   0x00005af5      0x335 ./src/main.o
 .debug_macro   0x00005e2a       0x64 ./src/main.o
 .debug_macro   0x00005e8e       0x18 ./src/main.o
 .debug_macro   0x00005ea6       0x35 ./src/main.o
 .debug_macro   0x00005edb       0x34 ./src/main.o
 .debug_macro   0x00005f0f       0x16 ./src/main.o
 .debug_macro   0x00005f25       0x97 ./src/main.o
 .debug_macro   0x00005fbc      0x339 ./src/main.o
 .debug_macro   0x000062f5       0xfd ./src/main.o
 .debug_macro   0x000063f2       0x10 ./src/main.o
 .debug_macro   0x00006402       0x58 ./src/main.o
 .debug_macro   0x0000645a       0x1f ./src/main.o
 .debug_macro   0x00006479       0x43 ./src/main.o
 .debug_macro   0x000064bc       0x20 ./src/main.o
 .debug_macro   0x000064dc      0x18e ./src/main.o
 .debug_macro   0x0000666a       0x10 ./src/main.o
 .debug_macro   0x0000667a       0x1c ./src/main.o
 .debug_macro   0x00006696       0x52 ./src/main.o
 .debug_macro   0x000066e8       0x40 ./src/main.o
 .debug_macro   0x00006728       0x10 ./src/main.o
 .debug_macro   0x00006738       0x40 ./src/main.o
 .debug_macro   0x00006778       0xd7 ./src/main.o
 .debug_macro   0x0000684f       0x1c ./src/main.o
 .debug_macro   0x0000686b       0x3d ./src/main.o
 .debug_macro   0x000068a8       0x16 ./src/main.o
 .debug_macro   0x000068be      0x16f ./src/main.o
 .debug_macro   0x00006a2d       0xf4 ./src/main.o
 .debug_macro   0x00006b21       0x22 ./src/main.o
 .debug_macro   0x00006b43       0x1c ./src/main.o
 .debug_macro   0x00006b5f       0x16 ./src/main.o
 .debug_macro   0x00006b75       0xca ./src/main.o
 .debug_macro   0x00006c3f       0x76 ./src/main.o
 .debug_macro   0x00006cb5       0x34 ./src/main.o
 .debug_macro   0x00006ce9      0x32e ./src/gd32e23x_it.o
 .debug_macro   0x00007017      0x2cd ./src/gd32e235c_eval.o
 .debug_macro   0x000072e4       0xee ./src/gd32e235c_eval.o
 .debug_macro   0x000073d2      0x2fc ./src/drivers/uart/Uart_init.o
 .debug_macro   0x000076ce       0x10 ./src/drivers/uart/Uart_init.o
 .debug_macro   0x000076de      0x185 ./src/drivers/timer/timer.o
 .debug_macro   0x00007863      0x2e3 ./src/drivers/packet_process/Spl_stdio.o
 .debug_macro   0x00007b46       0x5e ./src/drivers/packet_process/Spl_stdio.o
 .debug_macro   0x00007ba4       0x94 ./src/drivers/packet_process/Spl_stdio.o
 .debug_macro   0x00007c38       0x57 ./src/drivers/packet_process/Spl_stdio.o
 .debug_macro   0x00007c8f      0x31b ./src/drivers/nand/Spi_nand_driver.o
 .debug_macro   0x00007faa       0xc4 ./src/drivers/nand/Spi_nand_driver.o
 .debug_macro   0x0000806e      0x2db ./src/drivers/nand/GD5F1GQ4xExxG.o
 .debug_macro   0x00008349      0x2cb ./src/drivers/nand/FORESEE_F35UQB004G.o
 .debug_macro   0x00008614      0x2e5 ./src/drivers/nand/ESMTF50D1G41MYB.o
 .debug_macro   0x000088f9      0x2d5 ./src/drivers/nand/DS35X2GA.o
 .debug_macro   0x00008bce      0x2ef ./src/drivers/lcd/lcd_display.o
 .debug_macro   0x00008ebd      0x1a0 ./src/drivers/lcd/gd32e235c_lcd_eval.o
 .debug_macro   0x0000905d       0x1e ./src/drivers/lcd/gd32e235c_lcd_eval.o
 .debug_macro   0x0000907b      0x300 ./src/drivers/gpio/GPIO_init.o
 .debug_macro   0x0000937b      0x323 ./src/drivers/deepsleep/deepsleep.o
 .debug_macro   0x0000969e      0x16d ./Firmware/GD32E23x_standard_peripheral/Source/gd32e23x_usart.o
 .debug_macro   0x0000980b      0x555 ./Firmware/GD32E23x_standard_peripheral/Source/gd32e23x_usart.o
 .debug_macro   0x00009d60      0x16d ./Firmware/GD32E23x_standard_peripheral/Source/gd32e23x_syscfg.o
 .debug_macro   0x00009ecd      0x1e7 ./Firmware/GD32E23x_standard_peripheral/Source/gd32e23x_syscfg.o
 .debug_macro   0x0000a0b4      0x1a3 ./Firmware/GD32E23x_standard_peripheral/Source/gd32e23x_spi.o
 .debug_macro   0x0000a257      0x4f8 ./Firmware/GD32E23x_standard_peripheral/Source/gd32e23x_spi.o
 .debug_macro   0x0000a74f      0x18b ./Firmware/GD32E23x_standard_peripheral/Source/gd32e23x_rcu.o
 .debug_macro   0x0000a8da      0x731 ./Firmware/GD32E23x_standard_peripheral/Source/gd32e23x_rcu.o
 .debug_macro   0x0000b00b      0x16d ./Firmware/GD32E23x_standard_peripheral/Source/gd32e23x_pmu.o
 .debug_macro   0x0000b178      0x112 ./Firmware/GD32E23x_standard_peripheral/Source/gd32e23x_pmu.o
 .debug_macro   0x0000b28a      0x16d ./Firmware/GD32E23x_standard_peripheral/Source/gd32e23x_misc.o
 .debug_macro   0x0000b3f7       0x4c ./Firmware/GD32E23x_standard_peripheral/Source/gd32e23x_misc.o
 .debug_macro   0x0000b443      0x16d ./Firmware/GD32E23x_standard_peripheral/Source/gd32e23x_gpio.o
 .debug_macro   0x0000b5b0      0x6c6 ./Firmware/GD32E23x_standard_peripheral/Source/gd32e23x_gpio.o
 .debug_macro   0x0000bc76      0x19f ./Firmware/CMSIS/GD/GD32E23x/Source/system_gd32e23x.o
 .debug_macro   0x0000be15      0x272 ./Firmware/CMSIS/GD/GD32E23x/Source/syscalls.o
 .debug_macro   0x0000c087      0x174 ./Firmware/CMSIS/GD/GD32E23x/Source/syscalls.o
 .debug_macro   0x0000c1fb       0x10 ./Firmware/CMSIS/GD/GD32E23x/Source/syscalls.o
 .debug_macro   0x0000c20b       0x35 ./Firmware/CMSIS/GD/GD32E23x/Source/syscalls.o
 .debug_macro   0x0000c240       0x10 ./Firmware/CMSIS/GD/GD32E23x/Source/syscalls.o
 .debug_macro   0x0000c250       0x10 ./Firmware/CMSIS/GD/GD32E23x/Source/syscalls.o
 .debug_macro   0x0000c260       0x35 ./Firmware/CMSIS/GD/GD32E23x/Source/syscalls.o
 .debug_macro   0x0000c295      0x122 ./Firmware/CMSIS/GD/GD32E23x/Source/syscalls.o
 .debug_macro   0x0000c3b7      0x22a ./Firmware/CMSIS/GD/GD32E23x/Source/syscalls.o
 .debug_macro   0x0000c5e1       0x10 ./Firmware/CMSIS/GD/GD32E23x/Source/syscalls.o
 .debug_macro   0x0000c5f1       0x1c ./Firmware/CMSIS/GD/GD32E23x/Source/syscalls.o
 .debug_macro   0x0000c60d       0x10 ./Firmware/CMSIS/GD/GD32E23x/Source/syscalls.o
 .debug_macro   0x0000c61d       0x16 ./Firmware/CMSIS/GD/GD32E23x/Source/syscalls.o
 .debug_macro   0x0000c633       0x88 ./Firmware/CMSIS/GD/GD32E23x/Source/syscalls.o
 .debug_macro   0x0000c6bb       0x10 ./Firmware/CMSIS/GD/GD32E23x/Source/syscalls.o
 .debug_macro   0x0000c6cb      0x241 ./Firmware/CMSIS/GD/GD32E23x/Source/syscalls.o
 .debug_macro   0x0000c90c       0x16 ./Firmware/CMSIS/GD/GD32E23x/Source/syscalls.o
 .debug_macro   0x0000c922       0x16 ./Firmware/CMSIS/GD/GD32E23x/Source/syscalls.o
 .debug_macro   0x0000c938      0x51a ./Firmware/CMSIS/GD/GD32E23x/Source/syscalls.o
 .debug_macro   0x0000ce52       0x3a ./Firmware/CMSIS/GD/GD32E23x/Source/syscalls.o
 .debug_macro   0x0000ce8c      0x30a ../EXTERN_LIB\libProject.a(Process_Packet.o)
 .debug_macro   0x0000d196      0xa9c ../EXTERN_LIB\libProject.a(Process_Packet.o)
 .debug_macro   0x0000dc32       0x34 ../EXTERN_LIB\libProject.a(Process_Packet.o)
 .debug_macro   0x0000dc66       0x16 ../EXTERN_LIB\libProject.a(Process_Packet.o)

.debug_line     0x00000000     0xdfec
 .debug_line    0x00000000      0x61e ./src/systick.o
 .debug_line    0x0000061e      0x7c2 ./src/main.o
 .debug_line    0x00000de0      0x84a ./src/gd32e23x_it.o
 .debug_line    0x0000162a      0x723 ./src/gd32e235c_eval.o
 .debug_line    0x00001d4d      0x734 ./src/drivers/uart/Uart_init.o
 .debug_line    0x00002481      0x578 ./src/drivers/timer/timer.o
 .debug_line    0x000029f9      0x833 ./src/drivers/packet_process/Spl_stdio.o
 .debug_line    0x0000322c      0x891 ./src/drivers/nand/Spi_nand_driver.o
 .debug_line    0x00003abd      0x944 ./src/drivers/nand/GD5F1GQ4xExxG.o