   1              		.cpu cortex-m23
   2              		.eabi_attribute 20, 1
   3              		.eabi_attribute 21, 1
   4              		.eabi_attribute 23, 3
   5              		.eabi_attribute 24, 1
   6              		.eabi_attribute 25, 1
   7              		.eabi_attribute 26, 1
   8              		.eabi_attribute 30, 6
   9              		.eabi_attribute 34, 0
  10              		.eabi_attribute 18, 4
  11              		.file	"timer.c"
  12              		.text
  13              	.Ltext0:
  14              		.cfi_sections	.debug_frame
  15              		.section	.text.Timer_handler_Clear,"ax",%progbits
  16              		.align	1
  17              		.global	Timer_handler_Clear
  18              		.arch armv8-m.base
  19              		.syntax unified
  20              		.code	16
  21              		.thumb_func
  22              		.fpu softvfp
  24              	Timer_handler_Clear:
  25              	.LFB59:
  26              		.file 1 "../src/drivers/timer/timer.c"
   1:../src/drivers/timer/timer.c **** #include <Process_Packet.h>
   2:../src/drivers/timer/timer.c **** #include <timer.h>
   3:../src/drivers/timer/timer.c **** 
   4:../src/drivers/timer/timer.c **** void Timer_handler_Clear(void)
   5:../src/drivers/timer/timer.c **** {
  27              		.loc 1 5 1
  28              		.cfi_startproc
  29              		@ args = 0, pretend = 0, frame = 0
  30              		@ frame_needed = 1, uses_anonymous_args = 0
  31 0000 80B5     		push	{r7, lr}
  32              		.cfi_def_cfa_offset 8
  33              		.cfi_offset 7, -8
  34              		.cfi_offset 14, -4
  35 0002 00AF     		add	r7, sp, #0
  36              		.cfi_def_cfa_register 7
   6:../src/drivers/timer/timer.c ****   memset(&timer_handle, 0, sizeof(send_timer_t));
  37              		.loc 1 6 3
  38 0004 40F20003 		movw	r3, #:lower16:timer_handle
  39 0008 C0F20003 		movt	r3, #:upper16:timer_handle
  40 000c 0C22     		movs	r2, #12
  41 000e 0021     		movs	r1, #0
  42 0010 1800     		movs	r0, r3
  43 0012 FFF7FEFF 		bl	memset
   7:../src/drivers/timer/timer.c **** }
  44              		.loc 1 7 1
  45 0016 C046     		nop
  46 0018 BD46     		mov	sp, r7
  47              		@ sp needed
  48 001a 80BD     		pop	{r7, pc}
  49              		.cfi_endproc
  50              	.LFE59:
  52              		.section	.text.Timer_handler_Start,"ax",%progbits
  53              		.align	1
  54              		.global	Timer_handler_Start
  55              		.syntax unified
  56              		.code	16
  57              		.thumb_func
  58              		.fpu softvfp
  60              	Timer_handler_Start:
  61              	.LFB60:
   8:../src/drivers/timer/timer.c **** 
   9:../src/drivers/timer/timer.c **** void Timer_handler_Start(int times)
  10:../src/drivers/timer/timer.c **** {
  62              		.loc 1 10 1
  63              		.cfi_startproc
  64              		@ args = 0, pretend = 0, frame = 8
  65              		@ frame_needed = 1, uses_anonymous_args = 0
  66 0000 80B5     		push	{r7, lr}
  67              		.cfi_def_cfa_offset 8
  68              		.cfi_offset 7, -8
  69              		.cfi_offset 14, -4
  70 0002 82B0     		sub	sp, sp, #8
  71              		.cfi_def_cfa_offset 16
  72 0004 00AF     		add	r7, sp, #0
  73              		.cfi_def_cfa_register 7
  74 0006 7860     		str	r0, [r7, #4]
  11:../src/drivers/timer/timer.c ****   memset(&timer_handle, 0, sizeof(send_timer_t));
  75              		.loc 1 11 3
  76 0008 40F20003 		movw	r3, #:lower16:timer_handle
  77 000c C0F20003 		movt	r3, #:upper16:timer_handle
  78 0010 0C22     		movs	r2, #12
  79 0012 0021     		movs	r1, #0
  80 0014 1800     		movs	r0, r3
  81 0016 FFF7FEFF 		bl	memset
  12:../src/drivers/timer/timer.c ****   timer_handle.Timer_Start_Flag = 1;
  82              		.loc 1 12 33
  83 001a 40F20003 		movw	r3, #:lower16:timer_handle
  84 001e C0F20003 		movt	r3, #:upper16:timer_handle
  85 0022 0122     		movs	r2, #1
  86 0024 1A70     		strb	r2, [r3]
  13:../src/drivers/timer/timer.c ****   timer_handle.timeout_time = timer_handle.Timer_Count + times;
  87              		.loc 1 13 43
  88 0026 40F20003 		movw	r3, #:lower16:timer_handle
  89 002a C0F20003 		movt	r3, #:upper16:timer_handle
  90 002e 5A68     		ldr	r2, [r3, #4]
  91              		.loc 1 13 56
  92 0030 7B68     		ldr	r3, [r7, #4]
  93 0032 D218     		adds	r2, r2, r3
  94              		.loc 1 13 29
  95 0034 40F20003 		movw	r3, #:lower16:timer_handle
  96 0038 C0F20003 		movt	r3, #:upper16:timer_handle
  97 003c 9A60     		str	r2, [r3, #8]
  14:../src/drivers/timer/timer.c **** }...
  98              		.loc 1 14 1
  99 003e C046     		nop
 100 0040 BD46     		mov	sp, r7
 101 0042 02B0     		add	sp, sp, #8
 102              		@ sp needed
 103 0044 80BD     		pop	{r7, pc}
 104              		.cfi_endproc
 105              	.LFE60:
 107              		.text
 108              	.Letext0:
 109              		.file 2 "d:\\software\\gd32embeddedbuilder_v1.5.6_rel\\tools\\gnu tools arm embedded\\xpack-arm-no
 110              		.file 3 "d:\\software\\gd32embeddedbuilder_v1.5.6_rel\\tools\\gnu tools arm embedded\\xpack-arm-no
 111              		.file 4 "../Firmware/CMSIS/GD/GD32E23x/Include/system_gd32e23x.h"
 112              		.file 5 "../inc/Spi_nand_driver.h"
 113              		.file 6 "../inc/Process_Packet.h"
 114              		.file 7 "<built-in>"
DEFINED SYMBOLS
                            *ABS*:00000000 timer.c
C:\Users\sen.he\AppData\Local\Temp\ccncibSx.s:16     .text.Timer_handler_Clear:00000000 $t
C:\Users\sen.he\AppData\Local\Temp\ccncibSx.s:24     .text.Timer_handler_Clear:00000000 Timer_handler_Clear
C:\Users\sen.he\AppData\Local\Temp\ccncibSx.s:53     .text.Timer_handler_Start:00000000 $t
C:\Users\sen.he\AppData\Local\Temp\ccncibSx.s:60     .text.Timer_handler_Start:00000000 Timer_handler_Start
                           .group:00000000 wm4.0.590463c46bf1d553a4d8081ecba6952e
                           .group:00000000 wm4.gd32e23x.h.39.0bf85d194b71a50de4fcad938c637dda
                           .group:00000000 wm4._newlib_version.h.4.9ba035841e762c3308916a0ce96032e7
                           .group:00000000 wm4.features.h.33.318b64d71e0957639cfb30f1db1f7ec8
                           .group:00000000 wm4._default_types.h.15.247e5cd201eca3442cbf5404108c4935
                           .group:00000000 wm4._intsup.h.10.cce27fed8484c08a33f522034c30d2b5
                           .group:00000000 wm4._stdint.h.10.c24fa3af3bc1706662bb5593a907e841
                           .group:00000000 wm4.stdint.h.23.d53047a68f4a85177f80b422d52785ed
                           .group:00000000 wm4.core_cm23.h.64.de3bc139a6604757cb96382033d22ea4
                           .group:00000000 wm4.cmsis_gcc.h.26.41038879cf168e2c536d47f29b7e8dd8
                           .group:00000000 wm4.core_cm23.h.125.de61c9c922e4fe53a01469e1afefe964
                           .group:00000000 wm4.system_gd32e23x.h.38.7a884860f7764c0ab5165a93f03201bb
                           .group:00000000 wm4.gd32e23x.h.163.9acf0d7337f9fe4e45533e128df527f9
                           .group:00000000 wm4.gd32e23x_adc.h.41.e37db1574230c817b545e8965349e4d7
                           .group:00000000 wm4.gd32e23x_crc.h.36.279adb768307700338e007c7ed677511
                           .group:00000000 wm4.gd32e23x_dbg.h.36.d33e52eaa928f5287aa06af215016669
                           .group:00000000 wm4.gd32e23x_dma.h.36.526a5bad10d356aae73db43b8b6c8ac1
                           .group:00000000 wm4.gd32e23x_exti.h.36.af0d6df8c0ce7b2677a9f89a98c409ce
                           .group:00000000 wm4.gd32e23x_fmc.h.36.75bde762cab332c240661c238a094712
                           .group:00000000 wm4.gd32e23x_gpio.h.36.795887d0586769fb622efbe77d569cda
                           .group:00000000 wm4.gd32e23x_syscfg.h.36.01ade19f7155772b744fa54349aa8666
                           .group:00000000 wm4.gd32e23x_i2c.h.36.e6cffa765f1652866ccb69e12f59470e
                           .group:00000000 wm4.gd32e23x_fwdgt.h.36.2fcc8574db554a4bd9e84c5cd0b7ab23
                           .group:00000000 wm4.gd32e23x_pmu.h.36.eca9453dd7794477bf31deebb1c6dd71
                           .group:00000000 wm4.gd32e23x_rcu.h.36.5275b85972d8917a1d7fb8903e56792a
                           .group:00000000 wm4.gd32e23x_rtc.h.36.83ced1869b0634048aca709e2e07b91d
                           .group:00000000 wm4.gd32e23x_spi.h.36.3f2a16ec9ce43b99360e154caa44fc36
                           .group:00000000 wm4.gd32e23x_timer.h.36.1a402a135f3e05d89798e4281e3b9d83
                           .group:00000000 wm4.gd32e23x_usart.h.36.c2b993b4a3fc79395d2c6452b270c65c
                           .group:00000000 wm4.gd32e23x_wwdgt.h.36.067f8fa16250ddb8196a2d3d5347a8d1
                           .group:00000000 wm4.gd32e23x_misc.h.36.02bcf8ea2494d3a2286a92cdad908103
                           .group:00000000 wm4.gd32e23x_cmp.h.36.0a60ec830a2d39bbe01854c1093a76e2
                           .group:00000000 wm4.Spi_nand_driver.h.16.fadacb45494f178a00212993489e2bbe
                           .group:00000000 wm4.Process_Packet.h.7.a9eceab0854ecc804cf185fbeb95b7f7

UNDEFINED SYMBOLS
timer_handle
memset
