   1              		.cpu cortex-m23
   2              		.eabi_attribute 20, 1
   3              		.eabi_attribute 21, 1
   4              		.eabi_attribute 23, 3
   5              		.eabi_attribute 24, 1
   6              		.eabi_attribute 25, 1
   7              		.eabi_attribute 26, 1
   8              		.eabi_attribute 30, 6
   9              		.eabi_attribute 34, 0
  10              		.eabi_attribute 18, 4
  11              		.file	"FORESEE_F35UQB004G.c"
  12              		.text
  13              	.Ltext0:
  14              		.cfi_sections	.debug_frame
  15              		.section	.text.foresee_spi_nand_check_ecc,"ax",%progbits
  16              		.align	1
  17              		.global	foresee_spi_nand_check_ecc
  18              		.arch armv8-m.base
  19              		.syntax unified
  20              		.code	16
  21              		.thumb_func
  22              		.fpu softvfp
  24              	foresee_spi_nand_check_ecc:
  25              	.LFB62:
  26              		.file 1 "../src/drivers/nand/FORESEE_F35UQB004G.c"
   1:../src/drivers/nand/FORESEE_F35UQB004G.c **** /*
   2:../src/drivers/nand/FORESEE_F35UQB004G.c ****  * SPDX-FileCopyrightText: 2026 Unisoc (Shanghai) Technologies Co., Ltd
   3:../src/drivers/nand/FORESEE_F35UQB004G.c ****  * SPDX-License-Identifier: LicenseRef-Unisoc-General-1.0
   4:../src/drivers/nand/FORESEE_F35UQB004G.c ****  *
   5:../src/drivers/nand/FORESEE_F35UQB004G.c ****  * Copyright 2026 Unisoc (Shanghai) Technologies Co., Ltd
   6:../src/drivers/nand/FORESEE_F35UQB004G.c ****  * Licensed under the Unisoc General Software License, version 1.0 (the License);
   7:../src/drivers/nand/FORESEE_F35UQB004G.c ****  * you may not use this file except in compliance with the License.
   8:../src/drivers/nand/FORESEE_F35UQB004G.c ****  * You may obtain a copy of the License at
   9:../src/drivers/nand/FORESEE_F35UQB004G.c ****  * https://www.unisoc.com/en_us/license/UNISOC_GENERAL_LICENSE_V1.0-EN_US
  10:../src/drivers/nand/FORESEE_F35UQB004G.c ****  * Software distributed under the License is distributed on an "AS IS" BASIS,
  11:../src/drivers/nand/FORESEE_F35UQB004G.c ****  * WITHOUT WARRANTIES OF ANY KIND, either express or implied.
  12:../src/drivers/nand/FORESEE_F35UQB004G.c ****  * See the Unisoc General Software License, version 1.0 for more details.
  13:../src/drivers/nand/FORESEE_F35UQB004G.c ****  */
  14:../src/drivers/nand/FORESEE_F35UQB004G.c **** 
  15:../src/drivers/nand/FORESEE_F35UQB004G.c **** #include <stdio.h>
  16:../src/drivers/nand/FORESEE_F35UQB004G.c **** #include "GD5F1GQ4xExxG.h"
  17:../src/drivers/nand/FORESEE_F35UQB004G.c **** 
  18:../src/drivers/nand/FORESEE_F35UQB004G.c **** uint8_t foresee_spi_nand_check_ecc(void)
  19:../src/drivers/nand/FORESEE_F35UQB004G.c **** {
  27              		.loc 1 19 1
  28              		.cfi_startproc
  29              		@ args = 0, pretend = 0, frame = 8
  30              		@ frame_needed = 1, uses_anonymous_args = 0
  31 0000 90B5     		push	{r4, r7, lr}
  32              		.cfi_def_cfa_offset 12
  33              		.cfi_offset 4, -12
  34              		.cfi_offset 7, -8
  35              		.cfi_offset 14, -4
  36 0002 83B0     		sub	sp, sp, #12
  37              		.cfi_def_cfa_offset 24
  38 0004 00AF     		add	r7, sp, #0
  39              		.cfi_def_cfa_register 7
  20:../src/drivers/nand/FORESEE_F35UQB004G.c **** 	uint8_t GetStatus = 0;
  40              		.loc 1 20 10
  41 0006 FB1D     		adds	r3, r7, #7
  42 0008 0022     		movs	r2, #0
  43 000a 1A70     		strb	r2, [r3]
  21:../src/drivers/nand/FORESEE_F35UQB004G.c **** 
  22:../src/drivers/nand/FORESEE_F35UQB004G.c **** 	GetStatus = spi_nand_get_feature(NAND_REGS_FEATURE);
  44              		.loc 1 22 14
  45 000c FC1D     		adds	r4, r7, #7
  46 000e B020     		movs	r0, #176
  47 0010 FFF7FEFF 		bl	spi_nand_get_feature
  48 0014 0300     		movs	r3, r0
  49 0016 2370     		strb	r3, [r4]
  23:../src/drivers/nand/FORESEE_F35UQB004G.c **** 	if((GetStatus & (NAND_STATUS_ECCS1 | NAND_STATUS_ECCS1 | NAND_STATUS_ECCS0))
  50              		.loc 1 23 16
  51 0018 FB1D     		adds	r3, r7, #7
  52 001a 1B78     		ldrb	r3, [r3]
  53 001c 3022     		movs	r2, #48
  54 001e 1340     		ands	r3, r2
  55              		.loc 1 23 4
  56 0020 302B     		cmp	r3, #48
  57 0022 01D1     		bne	.L2
  24:../src/drivers/nand/FORESEE_F35UQB004G.c **** 		== (NAND_STATUS_ECCS1 | NAND_STATUS_ECCS1 | NAND_STATUS_ECCS0))
  25:../src/drivers/nand/FORESEE_F35UQB004G.c **** 		return NAND_FAIL;
  58              		.loc 1 25 10
  59 0024 0123     		movs	r3, #1
  60 0026 00E0     		b	.L3
  61              	.L2:
  26:../src/drivers/nand/FORESEE_F35UQB004G.c **** 
  27:../src/drivers/nand/FORESEE_F35UQB004G.c **** 	return NAND_OK;
  62              		.loc 1 27 9
  63 0028 0023     		movs	r3, #0
  64              	.L3:
  28:../src/drivers/nand/FORESEE_F35UQB004G.c **** 
  29:../src/drivers/nand/FORESEE_F35UQB004G.c **** }
  65              		.loc 1 29 1
  66 002a 1800     		movs	r0, r3
  67 002c BD46     		mov	sp, r7
  68 002e 03B0     		add	sp, sp, #12
  69              		@ sp needed
  70 0030 90BD     		pop	{r4, r7, pc}
  71              		.cfi_endproc
  72              	.LFE62:
  74              		.global	g_spinand_foresee
  75              		.section	.data.g_spinand_foresee,"aw"
  76              		.align	2
  79              	g_spinand_foresee:
  80 0000 00000000 		.word	spi_nand_set_feature
  81 0004 00000000 		.word	spi_nand_get_feature
  82 0008 00000000 		.word	spi_nand_read_from_cache
  83 000c 00000000 		.word	spi_nand_read2cache
  84 0010 00000000 		.word	spi_nand_write_enable
  85 0014 00000000 		.word	spi_nand_erase_blk
  86 0018 00000000 		.word	spi_nand_enable_ecc
  87 001c 00000000 		.word	spi_nand_disable_ecc
  88 0020 00000000 		.word	foresee_spi_nand_check_ecc
  89 0024 00000000 		.word	spi_nand_config
  90 0028 00000000 		.word	0
  91 002c 00000000 		.word	spi_nand_check_blk_sts
  92              		.text
  93              	.Letext0:
  94              		.file 2 "d:\\software\\gd32embeddedbuilder_v1.5.6_rel\\tools\\gnu tools arm embedded\\xpack-arm-no
  95              		.file 3 "d:\\software\\gd32embeddedbuilder_v1.5.6_rel\\tools\\gnu tools arm embedded\\xpack-arm-no
  96              		.file 4 "d:\\software\\gd32embeddedbuilder_v1.5.6_rel\\tools\\gnu tools arm embedded\\xpack-arm-no
  97              		.file 5 "d:\\software\\gd32embeddedbuilder_v1.5.6_rel\\tools\\gnu tools arm embedded\\xpack-arm-no
  98              		.file 6 "d:\\software\\gd32embeddedbuilder_v1.5.6_rel\\tools\\gnu tools arm embedded\\xpack-arm-no
  99              		.file 7 "d:\\software\\gd32embeddedbuilder_v1.5.6_rel\\tools\\gnu tools arm embedded\\xpack-arm-no
 100              		.file 8 "../Firmware/CMSIS/GD/GD32E23x/Include/system_gd32e23x.h"
 101              		.file 9 "../inc/Spi_nand_driver.h"
 102              		.file 10 "../Firmware/GD32E23x_standard_peripheral/Include/gd32e23x_dbg.h"
 103              		.file 11 "../Firmware/GD32E23x_standard_peripheral/Include/gd32e23x_rcu.h"
DEFINED SYMBOLS
                            *ABS*:00000000 FORESEE_F35UQB004G.c
C:\Users\sen.he\AppData\Local\Temp\ccTsO48s.s:16     .text.foresee_spi_nand_check_ecc:00000000 $t
C:\Users\sen.he\AppData\Local\Temp\ccTsO48s.s:24     .text.foresee_spi_nand_check_ecc:00000000 foresee_spi_nand_check_ecc
C:\Users\sen.he\AppData\Local\Temp\ccTsO48s.s:79     .data.g_spinand_foresee:00000000 g_spinand_foresee
C:\Users\sen.he\AppData\Local\Temp\ccTsO48s.s:76     .data.g_spinand_foresee:00000000 $d
                           .group:00000000 wm4.0.590463c46bf1d553a4d8081ecba6952e
                           .group:00000000 wm4._newlib_version.h.4.9ba035841e762c3308916a0ce96032e7
                           .group:00000000 wm4.newlib.h.18.ac66930cc5dc086504ebba5cc05ab7f1
                           .group:00000000 wm4.ieeefp.h.77.d5685ba212d3ed6e914898d045f873e3
                           .group:00000000 wm4.features.h.22.fad1cec3bc7ff06488171438dbdcfd02
                           .group:00000000 wm4.config.h.220.6cac6a9685cfce5e83c17784171638d9
                           .group:00000000 wm4._ansi.h.31.de524f58584151836e90d8620a16f8e8
                           .group:00000000 wm4.stdio.h.31.7c0e28c411445f3f9c5b11accf882760
                           .group:00000000 wm4._default_types.h.6.959254cf5f09734ea7516c89e8bb21bd
                           .group:00000000 wm4.stddef.h.181.c3f52a3b0f4c288bddb5dda1562858e2
                           .group:00000000 wm4.cdefs.h.49.6260d97adb8d27534cbdc0f868b8ea87
                           .group:00000000 wm4.stddef.h.39.b727a6c3269d9d6ef9fc646b721a8287
                           .group:00000000 wm4.stdarg.h.34.3a23a216c0c293b3d2ea2e89281481e6
                           .group:00000000 wm4.lock.h.2.1461d1fff82dffe8bfddc23307f6484f
                           .group:00000000 wm4._types.h.125.5cf8a495f1f7ef36777ad868a1e32068
                           .group:00000000 wm4.stddef.h.155.3588ebfdd1e8c7ede80509bb9c3b8009
                           .group:00000000 wm4._types.h.184.03611d4f6b5bec9997bcf4279eceba07
                           .group:00000000 wm4.reent.h.17.90c2574d4acdcfce933db5cb09ff35fe
                           .group:00000000 wm4.types.h.40.e8c16e7ec36ba55f133d0616070e25fc
                           .group:00000000 wm4._stdint.h.10.c24fa3af3bc1706662bb5593a907e841
                           .group:00000000 wm4._endian.h.31.65a10590763c3dde1ac4a7f66d7d4891
                           .group:00000000 wm4.endian.h.9.49f3a4695c1b61e8a0808de3c4a106cb
                           .group:00000000 wm4._timeval.h.30.0e8bfd94e85db17dda3286ee81496fe6
                           .group:00000000 wm4.timespec.h.41.d855182eb0e690443ab8651bcedca6e1
                           .group:00000000 wm4.select.h.19.97ca6fd0c752a0f3b6719fd314d361e6
                           .group:00000000 wm4.types.h.69.ed3eae3cf73030a737515151ebcab7a1
                           .group:00000000 wm4.sched.h.22.c60982713a5c428609783c78f9c78d95
                           .group:00000000 wm4._pthreadtypes.h.36.fcee9961c35163dde6267ef772ad1972
                           .group:00000000 wm4.stdio.h.2.4aa87247282eca6c8f36f9de33d8df1a
                           .group:00000000 wm4.stdio.h.81.932d0c162786b883f622b8d05c120c78
                           .group:00000000 wm4.gd32e23x.h.39.0bf85d194b71a50de4fcad938c637dda
                           .group:00000000 wm4._intsup.h.10.cce27fed8484c08a33f522034c30d2b5
                           .group:00000000 wm4.stdint.h.23.d53047a68f4a85177f80b422d52785ed
                           .group:00000000 wm4.core_cm23.h.64.de3bc139a6604757cb96382033d22ea4
                           .group:00000000 wm4.cmsis_gcc.h.26.41038879cf168e2c536d47f29b7e8dd8
                           .group:00000000 wm4.core_cm23.h.125.de61c9c922e4fe53a01469e1afefe964
                           .group:00000000 wm4.system_gd32e23x.h.38.7a884860f7764c0ab5165a93f03201bb
                           .group:00000000 wm4.gd32e23x.h.163.9acf0d7337f9fe4e45533e128df527f9
                           .group:00000000 wm4.gd32e23x_adc.h.41.e37db1574230c817b545e8965349e4d7
                           .group:00000000 wm4.gd32e23x_crc.h.36.279adb768307700338e007c7ed677511
                           .group:00000000 wm4.gd32e23x_dbg.h.36.d33e52eaa928f5287aa06af215016669
                           .group:00000000 wm4.gd32e23x_dma.h.36.526a5bad10d356aae73db43b8b6c8ac1
                           .group:00000000 wm4.gd32e23x_exti.h.36.af0d6df8c0ce7b2677a9f89a98c409ce
                           .group:00000000 wm4.gd32e23x_fmc.h.36.75bde762cab332c240661c238a094712
                           .group:00000000 wm4.gd32e23x_gpio.h.36.795887d0586769fb622efbe77d569cda
                           .group:00000000 wm4.gd32e23x_syscfg.h.36.01ade19f7155772b744fa54349aa8666
                           .group:00000000 wm4.gd32e23x_i2c.h.36.e6cffa765f1652866ccb69e12f59470e
                           .group:00000000 wm4.gd32e23x_fwdgt.h.36.2fcc8574db554a4bd9e84c5cd0b7ab23
                           .group:00000000 wm4.gd32e23x_pmu.h.36.eca9453dd7794477bf31deebb1c6dd71
                           .group:00000000 wm4.gd32e23x_rcu.h.36.5275b85972d8917a1d7fb8903e56792a
                           .group:00000000 wm4.gd32e23x_rtc.h.36.83ced1869b0634048aca709e2e07b91d
                           .group:00000000 wm4.gd32e23x_spi.h.36.3f2a16ec9ce43b99360e154caa44fc36
                           .group:00000000 wm4.gd32e23x_timer.h.36.1a402a135f3e05d89798e4281e3b9d83
                           .group:00000000 wm4.gd32e23x_usart.h.36.c2b993b4a3fc79395d2c6452b270c65c
                           .group:00000000 wm4.gd32e23x_wwdgt.h.36.067f8fa16250ddb8196a2d3d5347a8d1
                           .group:00000000 wm4.gd32e23x_misc.h.36.02bcf8ea2494d3a2286a92cdad908103
                           .group:00000000 wm4.gd32e23x_cmp.h.36.0a60ec830a2d39bbe01854c1093a76e2
                           .group:00000000 wm4.Spi_nand_driver.h.16.fadacb45494f178a00212993489e2bbe

UNDEFINED SYMBOLS
spi_nand_get_feature
spi_nand_set_feature
spi_nand_read_from_cache
spi_nand_read2cache
spi_nand_write_enable
spi_nand_erase_blk
spi_nand_enable_ecc
spi_nand_disable_ecc
spi_nand_config
spi_nand_check_blk_sts
