   1              		.cpu cortex-m23
   2              		.eabi_attribute 20, 1
   3              		.eabi_attribute 21, 1
   4              		.eabi_attribute 23, 3
   5              		.eabi_attribute 24, 1
   6              		.eabi_attribute 25, 1
   7              		.eabi_attribute 26, 1
   8              		.eabi_attribute 30, 6
   9              		.eabi_attribute 34, 0
  10              		.eabi_attribute 18, 4
  11              		.file	"gd32e23x_syscfg.c"
  12              		.text
  13              	.Ltext0:
  14              		.cfi_sections	.debug_frame
  15              		.section	.text.syscfg_deinit,"ax",%progbits
  16              		.align	1
  17              		.global	syscfg_deinit
  18              		.arch armv8-m.base
  19              		.syntax unified
  20              		.code	16
  21              		.thumb_func
  22              		.fpu softvfp
  24              	syscfg_deinit:
  25              	.LFB58:
  26              		.file 1 "../Firmware/GD32E23x_standard_peripheral/Source/gd32e23x_syscfg.c"
   1:../Firmware/GD32E23x_standard_peripheral/Source/gd32e23x_syscfg.c **** /*!
   2:../Firmware/GD32E23x_standard_peripheral/Source/gd32e23x_syscfg.c ****     \file    gd32e23x_syscfg.c
   3:../Firmware/GD32E23x_standard_peripheral/Source/gd32e23x_syscfg.c ****     \brief   SYSCFG driver
   4:../Firmware/GD32E23x_standard_peripheral/Source/gd32e23x_syscfg.c **** 
   5:../Firmware/GD32E23x_standard_peripheral/Source/gd32e23x_syscfg.c ****     \version 2025-08-08, V2.4.0, firmware for GD32E23x
   6:../Firmware/GD32E23x_standard_peripheral/Source/gd32e23x_syscfg.c **** */
   7:../Firmware/GD32E23x_standard_peripheral/Source/gd32e23x_syscfg.c **** 
   8:../Firmware/GD32E23x_standard_peripheral/Source/gd32e23x_syscfg.c **** /*
   9:../Firmware/GD32E23x_standard_peripheral/Source/gd32e23x_syscfg.c ****     Copyright (c) 2025, GigaDevice Semiconductor Inc.
  10:../Firmware/GD32E23x_standard_peripheral/Source/gd32e23x_syscfg.c **** 
  11:../Firmware/GD32E23x_standard_peripheral/Source/gd32e23x_syscfg.c ****     Redistribution and use in source and binary forms, with or without modification,
  12:../Firmware/GD32E23x_standard_peripheral/Source/gd32e23x_syscfg.c **** are permitted provided that the following conditions are met:
  13:../Firmware/GD32E23x_standard_peripheral/Source/gd32e23x_syscfg.c **** 
  14:../Firmware/GD32E23x_standard_peripheral/Source/gd32e23x_syscfg.c ****     1. Redistributions of source code must retain the above copyright notice, this
  15:../Firmware/GD32E23x_standard_peripheral/Source/gd32e23x_syscfg.c ****        list of conditions and the following disclaimer.
  16:../Firmware/GD32E23x_standard_peripheral/Source/gd32e23x_syscfg.c ****     2. Redistributions in binary form must reproduce the above copyright notice,
  17:../Firmware/GD32E23x_standard_peripheral/Source/gd32e23x_syscfg.c ****        this list of conditions and the following disclaimer in the documentation
  18:../Firmware/GD32E23x_standard_peripheral/Source/gd32e23x_syscfg.c ****        and/or other materials provided with the distribution.
  19:../Firmware/GD32E23x_standard_peripheral/Source/gd32e23x_syscfg.c ****     3. Neither the name of the copyright holder nor the names of its contributors
  20:../Firmware/GD32E23x_standard_peripheral/Source/gd32e23x_syscfg.c ****        may be used to endorse or promote products derived from this software without
  21:../Firmware/GD32E23x_standard_peripheral/Source/gd32e23x_syscfg.c ****        specific prior written permission.
  22:../Firmware/GD32E23x_standard_peripheral/Source/gd32e23x_syscfg.c **** 
  23:../Firmware/GD32E23x_standard_peripheral/Source/gd32e23x_syscfg.c ****     THIS SOFTWARE IS PROVIDED BY THE COPYRIGHT HOLDERS AND CONTRIBUTORS "AS IS"
  24:../Firmware/GD32E23x_standard_peripheral/Source/gd32e23x_syscfg.c **** AND ANY EXPRESS OR IMPLIED WARRANTIES, INCLUDING, BUT NOT LIMITED TO, THE IMPLIED
  25:../Firmware/GD32E23x_standard_peripheral/Source/gd32e23x_syscfg.c **** WARRANTIES OF MERCHANTABILITY AND FITNESS FOR A PARTICULAR PURPOSE ARE DISCLAIMED.
  26:../Firmware/GD32E23x_standard_peripheral/Source/gd32e23x_syscfg.c **** IN NO EVENT SHALL THE COPYRIGHT HOLDER OR CONTRIBUTORS BE LIABLE FOR ANY DIRECT,
  27:../Firmware/GD32E23x_standard_peripheral/Source/gd32e23x_syscfg.c **** INDIRECT, INCIDENTAL, SPECIAL, EXEMPLARY, OR CONSEQUENTIAL DAMAGES (INCLUDING, BUT
  28:../Firmware/GD32E23x_standard_peripheral/Source/gd32e23x_syscfg.c **** NOT LIMITED TO, PROCUREMENT OF SUBSTITUTE GOODS OR SERVICES; LOSS OF USE, DATA, OR
  29:../Firmware/GD32E23x_standard_peripheral/Source/gd32e23x_syscfg.c **** PROFITS; OR BUSINESS INTERRUPTION) HOWEVER CAUSED AND ON ANY THEORY OF LIABILITY,
  30:../Firmware/GD32E23x_standard_peripheral/Source/gd32e23x_syscfg.c **** WHETHER IN CONTRACT, STRICT LIABILITY, OR TORT (INCLUDING NEGLIGENCE OR OTHERWISE)
  31:../Firmware/GD32E23x_standard_peripheral/Source/gd32e23x_syscfg.c **** ARISING IN ANY WAY OUT OF THE USE OF THIS SOFTWARE, EVEN IF ADVISED OF THE POSSIBILITY
  32:../Firmware/GD32E23x_standard_peripheral/Source/gd32e23x_syscfg.c **** OF SUCH DAMAGE.
  33:../Firmware/GD32E23x_standard_peripheral/Source/gd32e23x_syscfg.c **** */
  34:../Firmware/GD32E23x_standard_peripheral/Source/gd32e23x_syscfg.c **** 
  35:../Firmware/GD32E23x_standard_peripheral/Source/gd32e23x_syscfg.c **** #include "gd32e23x_syscfg.h"
  36:../Firmware/GD32E23x_standard_peripheral/Source/gd32e23x_syscfg.c **** 
  37:../Firmware/GD32E23x_standard_peripheral/Source/gd32e23x_syscfg.c **** /*!
  38:../Firmware/GD32E23x_standard_peripheral/Source/gd32e23x_syscfg.c ****     \brief      reset the SYSCFG registers
  39:../Firmware/GD32E23x_standard_peripheral/Source/gd32e23x_syscfg.c ****     \param[in]  none
  40:../Firmware/GD32E23x_standard_peripheral/Source/gd32e23x_syscfg.c ****     \param[out] none
  41:../Firmware/GD32E23x_standard_peripheral/Source/gd32e23x_syscfg.c ****     \retval     none
  42:../Firmware/GD32E23x_standard_peripheral/Source/gd32e23x_syscfg.c **** */
  43:../Firmware/GD32E23x_standard_peripheral/Source/gd32e23x_syscfg.c **** void syscfg_deinit(void)
  44:../Firmware/GD32E23x_standard_peripheral/Source/gd32e23x_syscfg.c **** {
  27              		.loc 1 44 1
  28              		.cfi_startproc
  29              		@ args = 0, pretend = 0, frame = 0
  30              		@ frame_needed = 1, uses_anonymous_args = 0
  31 0000 80B5     		push	{r7, lr}
  32              		.cfi_def_cfa_offset 8
  33              		.cfi_offset 7, -8
  34              		.cfi_offset 14, -4
  35 0002 00AF     		add	r7, sp, #0
  36              		.cfi_def_cfa_register 7
  45:../Firmware/GD32E23x_standard_peripheral/Source/gd32e23x_syscfg.c ****     rcu_periph_reset_enable(RCU_CFGCMPRST);
  37              		.loc 1 45 5
  38 0004 40F20030 		movw	r0, #768
  39 0008 FFF7FEFF 		bl	rcu_periph_reset_enable
  46:../Firmware/GD32E23x_standard_peripheral/Source/gd32e23x_syscfg.c ****     rcu_periph_reset_disable(RCU_CFGCMPRST);
  40              		.loc 1 46 5
  41 000c 40F20030 		movw	r0, #768
  42 0010 FFF7FEFF 		bl	rcu_periph_reset_disable
  47:../Firmware/GD32E23x_standard_peripheral/Source/gd32e23x_syscfg.c **** }
  43              		.loc 1 47 1
  44 0014 C046     		nop
  45 0016 BD46     		mov	sp, r7
  46              		@ sp needed
  47 0018 80BD     		pop	{r7, pc}
  48              		.cfi_endproc
  49              	.LFE58:
  51              		.section	.text.syscfg_dma_remap_enable,"ax",%progbits
  52              		.align	1
  53              		.global	syscfg_dma_remap_enable
  54              		.syntax unified
  55              		.code	16
  56              		.thumb_func
  57              		.fpu softvfp
  59              	syscfg_dma_remap_enable:
  60              	.LFB59:
  48:../Firmware/GD32E23x_standard_peripheral/Source/gd32e23x_syscfg.c **** 
  49:../Firmware/GD32E23x_standard_peripheral/Source/gd32e23x_syscfg.c **** /*!
  50:../Firmware/GD32E23x_standard_peripheral/Source/gd32e23x_syscfg.c ****     \brief      enable the DMA channels remapping
  51:../Firmware/GD32E23x_standard_peripheral/Source/gd32e23x_syscfg.c ****     \param[in]  syscfg_dma_remap: specify the DMA channels to remap
  52:../Firmware/GD32E23x_standard_peripheral/Source/gd32e23x_syscfg.c ****       \arg        SYSCFG_DMA_REMAP_TIMER16: remap TIMER16 channel0 and UP DMA requests to channel1(
  53:../Firmware/GD32E23x_standard_peripheral/Source/gd32e23x_syscfg.c ****       \arg        SYSCFG_DMA_REMAP_TIMER15: remap TIMER15 channel2 and UP DMA requests to channel3(
  54:../Firmware/GD32E23x_standard_peripheral/Source/gd32e23x_syscfg.c ****       \arg        SYSCFG_DMA_REMAP_USART0RX: remap USART0 Rx DMA request to channel4(default channe
  55:../Firmware/GD32E23x_standard_peripheral/Source/gd32e23x_syscfg.c ****       \arg        SYSCFG_DMA_REMAP_USART0TX: remap USART0 Tx DMA request to channel3(default channe
  56:../Firmware/GD32E23x_standard_peripheral/Source/gd32e23x_syscfg.c ****       \arg        SYSCFG_DMA_REMAP_ADC: remap ADC DMA requests from channel0 to channel1
  57:../Firmware/GD32E23x_standard_peripheral/Source/gd32e23x_syscfg.c ****       \arg        SYSCFG_PA11_REMAP_PA12: remap PA11 PA12
  58:../Firmware/GD32E23x_standard_peripheral/Source/gd32e23x_syscfg.c ****     \param[out] none
  59:../Firmware/GD32E23x_standard_peripheral/Source/gd32e23x_syscfg.c ****     \retval     none
  60:../Firmware/GD32E23x_standard_peripheral/Source/gd32e23x_syscfg.c **** */
  61:../Firmware/GD32E23x_standard_peripheral/Source/gd32e23x_syscfg.c **** void syscfg_dma_remap_enable(uint32_t syscfg_dma_remap)
  62:../Firmware/GD32E23x_standard_peripheral/Source/gd32e23x_syscfg.c **** {
  61              		.loc 1 62 1
  62              		.cfi_startproc
  63              		@ args = 0, pretend = 0, frame = 8
  64              		@ frame_needed = 1, uses_anonymous_args = 0
  65 0000 80B5     		push	{r7, lr}
  66              		.cfi_def_cfa_offset 8
  67              		.cfi_offset 7, -8
  68              		.cfi_offset 14, -4
  69 0002 82B0     		sub	sp, sp, #8
  70              		.cfi_def_cfa_offset 16
  71 0004 00AF     		add	r7, sp, #0
  72              		.cfi_def_cfa_register 7
  73 0006 7860     		str	r0, [r7, #4]
  63:../Firmware/GD32E23x_standard_peripheral/Source/gd32e23x_syscfg.c ****     SYSCFG_CFG0 |= syscfg_dma_remap;
  74              		.loc 1 63 17
  75 0008 0023     		movs	r3, #0
  76 000a C4F20103 		movt	r3, 16385
  77 000e 1968     		ldr	r1, [r3]
  78 0010 0023     		movs	r3, #0
  79 0012 C4F20103 		movt	r3, 16385
  80 0016 7A68     		ldr	r2, [r7, #4]
  81 0018 0A43     		orrs	r2, r1
  82 001a 1A60     		str	r2, [r3]
  64:../Firmware/GD32E23x_standard_peripheral/Source/gd32e23x_syscfg.c **** }
  83              		.loc 1 64 1
  84 001c C046     		nop
  85 001e BD46     		mov	sp, r7
  86 0020 02B0     		add	sp, sp, #8
  87              		@ sp needed
  88 0022 80BD     		pop	{r7, pc}
  89              		.cfi_endproc
  90              	.LFE59:
  92              		.section	.text.syscfg_dma_remap_disable,"ax",%progbits
  93              		.align	1
  94              		.global	syscfg_dma_remap_disable
  95              		.syntax unified
  96              		.code	16
  97              		.thumb_func
  98              		.fpu softvfp
 100              	syscfg_dma_remap_disable:
 101              	.LFB60:
  65:../Firmware/GD32E23x_standard_peripheral/Source/gd32e23x_syscfg.c **** 
  66:../Firmware/GD32E23x_standard_peripheral/Source/gd32e23x_syscfg.c **** /*!
  67:../Firmware/GD32E23x_standard_peripheral/Source/gd32e23x_syscfg.c ****     \brief      disable the DMA channels remapping
  68:../Firmware/GD32E23x_standard_peripheral/Source/gd32e23x_syscfg.c ****     \param[in]  syscfg_dma_remap: specify the DMA channels to remap
  69:../Firmware/GD32E23x_standard_peripheral/Source/gd32e23x_syscfg.c ****       \arg        SYSCFG_DMA_REMAP_TIMER16: remap TIMER16 channel0 and UP DMA requests to channel1(
  70:../Firmware/GD32E23x_standard_peripheral/Source/gd32e23x_syscfg.c ****       \arg        SYSCFG_DMA_REMAP_TIMER15: remap TIMER15 channel2 and UP DMA requests to channel3(
  71:../Firmware/GD32E23x_standard_peripheral/Source/gd32e23x_syscfg.c ****       \arg        SYSCFG_DMA_REMAP_USART0RX: remap USART0 Rx DMA request to channel4(default channe
  72:../Firmware/GD32E23x_standard_peripheral/Source/gd32e23x_syscfg.c ****       \arg        SYSCFG_DMA_REMAP_USART0TX: remap USART0 Tx DMA request to channel3(default channe
  73:../Firmware/GD32E23x_standard_peripheral/Source/gd32e23x_syscfg.c ****       \arg        SYSCFG_DMA_REMAP_ADC: remap ADC DMA requests from channel0 to channel1
  74:../Firmware/GD32E23x_standard_peripheral/Source/gd32e23x_syscfg.c ****       \arg        SYSCFG_PA11_REMAP_PA12: remap PA11 PA12
  75:../Firmware/GD32E23x_standard_peripheral/Source/gd32e23x_syscfg.c ****     \param[out] none
  76:../Firmware/GD32E23x_standard_peripheral/Source/gd32e23x_syscfg.c ****     \retval     none
  77:../Firmware/GD32E23x_standard_peripheral/Source/gd32e23x_syscfg.c **** */
  78:../Firmware/GD32E23x_standard_peripheral/Source/gd32e23x_syscfg.c **** void syscfg_dma_remap_disable(uint32_t syscfg_dma_remap)
  79:../Firmware/GD32E23x_standard_peripheral/Source/gd32e23x_syscfg.c **** {
 102              		.loc 1 79 1
 103              		.cfi_startproc
 104              		@ args = 0, pretend = 0, frame = 8
 105              		@ frame_needed = 1, uses_anonymous_args = 0
 106 0000 80B5     		push	{r7, lr}
 107              		.cfi_def_cfa_offset 8
 108              		.cfi_offset 7, -8
 109              		.cfi_offset 14, -4
 110 0002 82B0     		sub	sp, sp, #8
 111              		.cfi_def_cfa_offset 16
 112 0004 00AF     		add	r7, sp, #0
 113              		.cfi_def_cfa_register 7
 114 0006 7860     		str	r0, [r7, #4]
  80:../Firmware/GD32E23x_standard_peripheral/Source/gd32e23x_syscfg.c ****     SYSCFG_CFG0 &= ~syscfg_dma_remap;
 115              		.loc 1 80 17
 116 0008 0023     		movs	r3, #0
 117 000a C4F20103 		movt	r3, 16385
 118 000e 1A68     		ldr	r2, [r3]
 119              		.loc 1 80 20
 120 0010 7B68     		ldr	r3, [r7, #4]
 121 0012 D943     		mvns	r1, r3
 122              		.loc 1 80 17
 123 0014 0023     		movs	r3, #0
 124 0016 C4F20103 		movt	r3, 16385
 125 001a 0A40     		ands	r2, r1
 126 001c 1A60     		str	r2, [r3]
  81:../Firmware/GD32E23x_standard_peripheral/Source/gd32e23x_syscfg.c **** }
 127              		.loc 1 81 1
 128 001e C046     		nop
 129 0020 BD46     		mov	sp, r7
 130 0022 02B0     		add	sp, sp, #8
 131              		@ sp needed
 132 0024 80BD     		pop	{r7, pc}
 133              		.cfi_endproc
 134              	.LFE60:
 136              		.section	.text.syscfg_high_current_enable,"ax",%progbits
 137              		.align	1
 138              		.global	syscfg_high_current_enable
 139              		.syntax unified
 140              		.code	16
 141              		.thumb_func
 142              		.fpu softvfp
 144              	syscfg_high_current_enable:
 145              	.LFB61:
  82:../Firmware/GD32E23x_standard_peripheral/Source/gd32e23x_syscfg.c **** 
  83:../Firmware/GD32E23x_standard_peripheral/Source/gd32e23x_syscfg.c **** /*!
  84:../Firmware/GD32E23x_standard_peripheral/Source/gd32e23x_syscfg.c ****     \brief      enable PB9 high current capability
  85:../Firmware/GD32E23x_standard_peripheral/Source/gd32e23x_syscfg.c ****     \param[in]  none
  86:../Firmware/GD32E23x_standard_peripheral/Source/gd32e23x_syscfg.c ****     \param[out] none
  87:../Firmware/GD32E23x_standard_peripheral/Source/gd32e23x_syscfg.c ****     \retval     none
  88:../Firmware/GD32E23x_standard_peripheral/Source/gd32e23x_syscfg.c **** */
  89:../Firmware/GD32E23x_standard_peripheral/Source/gd32e23x_syscfg.c **** void syscfg_high_current_enable(void)
  90:../Firmware/GD32E23x_standard_peripheral/Source/gd32e23x_syscfg.c **** {
 146              		.loc 1 90 1
 147              		.cfi_startproc
 148              		@ args = 0, pretend = 0, frame = 0
 149              		@ frame_needed = 1, uses_anonymous_args = 0
 150 0000 80B5     		push	{r7, lr}
 151              		.cfi_def_cfa_offset 8
 152              		.cfi_offset 7, -8
 153              		.cfi_offset 14, -4
 154 0002 00AF     		add	r7, sp, #0
 155              		.cfi_def_cfa_register 7
  91:../Firmware/GD32E23x_standard_peripheral/Source/gd32e23x_syscfg.c ****     SYSCFG_CFG0 |= SYSCFG_HIGH_CURRENT_ENABLE;
 156              		.loc 1 91 17
 157 0004 0023     		movs	r3, #0
 158 0006 C4F20103 		movt	r3, 16385
 159 000a 1A68     		ldr	r2, [r3]
 160 000c 0023     		movs	r3, #0
 161 000e C4F20103 		movt	r3, 16385
 162 0012 8021     		movs	r1, #128
 163 0014 0903     		lsls	r1, r1, #12
 164 0016 0A43     		orrs	r2, r1
 165 0018 1A60     		str	r2, [r3]
  92:../Firmware/GD32E23x_standard_peripheral/Source/gd32e23x_syscfg.c **** }
 166              		.loc 1 92 1
 167 001a C046     		nop
 168 001c BD46     		mov	sp, r7
 169              		@ sp needed
 170 001e 80BD     		pop	{r7, pc}
 171              		.cfi_endproc
 172              	.LFE61:
 174              		.section	.text.syscfg_high_current_disable,"ax",%progbits
 175              		.align	1
 176              		.global	syscfg_high_current_disable
 177              		.syntax unified
 178              		.code	16
 179              		.thumb_func
 180              		.fpu softvfp
 182              	syscfg_high_current_disable:
 183              	.LFB62:
  93:../Firmware/GD32E23x_standard_peripheral/Source/gd32e23x_syscfg.c **** 
  94:../Firmware/GD32E23x_standard_peripheral/Source/gd32e23x_syscfg.c **** /*!
  95:../Firmware/GD32E23x_standard_peripheral/Source/gd32e23x_syscfg.c ****     \brief      disable PB9 high current capability
  96:../Firmware/GD32E23x_standard_peripheral/Source/gd32e23x_syscfg.c ****     \param[in]  none
  97:../Firmware/GD32E23x_standard_peripheral/Source/gd32e23x_syscfg.c ****     \param[out] none
  98:../Firmware/GD32E23x_standard_peripheral/Source/gd32e23x_syscfg.c ****     \retval     none
  99:../Firmware/GD32E23x_standard_peripheral/Source/gd32e23x_syscfg.c **** */
 100:../Firmware/GD32E23x_standard_peripheral/Source/gd32e23x_syscfg.c **** void syscfg_high_current_disable(void)
 101:../Firmware/GD32E23x_standard_peripheral/Source/gd32e23x_syscfg.c **** {
 184              		.loc 1 101 1
 185              		.cfi_startproc
 186              		@ args = 0, pretend = 0, frame = 0
 187              		@ frame_needed = 1, uses_anonymous_args = 0
 188 0000 80B5     		push	{r7, lr}
 189              		.cfi_def_cfa_offset 8
 190              		.cfi_offset 7, -8
 191              		.cfi_offset 14, -4
 192 0002 00AF     		add	r7, sp, #0
 193              		.cfi_def_cfa_register 7
 102:../Firmware/GD32E23x_standard_peripheral/Source/gd32e23x_syscfg.c ****     SYSCFG_CFG0 &= SYSCFG_HIGH_CURRENT_DISABLE;
 194              		.loc 1 102 17
 195 0004 0023     		movs	r3, #0
 196 0006 C4F20103 		movt	r3, 16385
 197 000a 1A68     		ldr	r2, [r3]
 198 000c 0023     		movs	r3, #0
 199 000e C4F20103 		movt	r3, 16385
 200 0012 0349     		ldr	r1, .L6
 201 0014 0A40     		ands	r2, r1
 202 0016 1A60     		str	r2, [r3]
 103:../Firmware/GD32E23x_standard_peripheral/Source/gd32e23x_syscfg.c **** }
 203              		.loc 1 103 1
 204 0018 C046     		nop
 205 001a BD46     		mov	sp, r7
 206              		@ sp needed
 207 001c 80BD     		pop	{r7, pc}
 208              	.L7:
 209 001e C046     		.align	2
 210              	.L6:
 211 0020 FFFFF7FF 		.word	-524289
 212              		.cfi_endproc
 213              	.LFE62:
 215              		.section	.text.syscfg_exti_line_config,"ax",%progbits
 216              		.align	1
 217              		.global	syscfg_exti_line_config
 218              		.syntax unified
 219              		.code	16
 220              		.thumb_func
 221              		.fpu softvfp
 223              	syscfg_exti_line_config:
 224              	.LFB63:
 104:../Firmware/GD32E23x_standard_peripheral/Source/gd32e23x_syscfg.c **** 
 105:../Firmware/GD32E23x_standard_peripheral/Source/gd32e23x_syscfg.c **** /*!
 106:../Firmware/GD32E23x_standard_peripheral/Source/gd32e23x_syscfg.c ****     \brief      configure the GPIO pin as EXTI Line
 107:../Firmware/GD32E23x_standard_peripheral/Source/gd32e23x_syscfg.c ****     \param[in]  exti_port: specify the GPIO port used in EXTI
 108:../Firmware/GD32E23x_standard_peripheral/Source/gd32e23x_syscfg.c ****       \arg        EXTI_SOURCE_GPIOx(x = A,B,C,F): EXTI GPIO port
 109:../Firmware/GD32E23x_standard_peripheral/Source/gd32e23x_syscfg.c ****     \param[in]  exti_pin: specify the EXTI line
 110:../Firmware/GD32E23x_standard_peripheral/Source/gd32e23x_syscfg.c ****       \arg        EXTI_SOURCE_PINx(GPIOA x = 0..15,GPIOB x = 0..15,GPIOC x = 13..15,GPIOF x = 0.1.6
 111:../Firmware/GD32E23x_standard_peripheral/Source/gd32e23x_syscfg.c ****     \param[out] none
 112:../Firmware/GD32E23x_standard_peripheral/Source/gd32e23x_syscfg.c ****     \retval     none
 113:../Firmware/GD32E23x_standard_peripheral/Source/gd32e23x_syscfg.c **** */
 114:../Firmware/GD32E23x_standard_peripheral/Source/gd32e23x_syscfg.c **** void syscfg_exti_line_config(uint8_t exti_port, uint8_t exti_pin)
 115:../Firmware/GD32E23x_standard_peripheral/Source/gd32e23x_syscfg.c **** {
 225              		.loc 1 115 1
 226              		.cfi_startproc
 227              		@ args = 0, pretend = 0, frame = 16
 228              		@ frame_needed = 1, uses_anonymous_args = 0
 229 0000 80B5     		push	{r7, lr}
 230              		.cfi_def_cfa_offset 8
 231              		.cfi_offset 7, -8
 232              		.cfi_offset 14, -4
 233 0002 84B0     		sub	sp, sp, #16
 234              		.cfi_def_cfa_offset 24
 235 0004 00AF     		add	r7, sp, #0
 236              		.cfi_def_cfa_register 7
 237 0006 0200     		movs	r2, r0
 238 0008 FB1D     		adds	r3, r7, #7
 239 000a 1A70     		strb	r2, [r3]
 240 000c BB1D     		adds	r3, r7, #6
 241 000e 0A1C     		adds	r2, r1, #0
 242 0010 1A70     		strb	r2, [r3]
 116:../Firmware/GD32E23x_standard_peripheral/Source/gd32e23x_syscfg.c ****     uint32_t clear_exti_mask = ~((uint32_t)EXTI_SS_MASK << (EXTI_SS_MSTEP(exti_pin)));
 243              		.loc 1 116 61
 244 0012 BB1D     		adds	r3, r7, #6
 245 0014 1B78     		ldrb	r3, [r3]
 246 0016 0322     		movs	r2, #3
 247 0018 1340     		ands	r3, r2
 248 001a 9B00     		lsls	r3, r3, #2
 249              		.loc 1 116 57
 250 001c 0F22     		movs	r2, #15
 251 001e 9A40     		lsls	r2, r2, r3
 252 0020 1300     		movs	r3, r2
 253              		.loc 1 116 14
 254 0022 DB43     		mvns	r3, r3
 255 0024 FB60     		str	r3, [r7, #12]
 117:../Firmware/GD32E23x_standard_peripheral/Source/gd32e23x_syscfg.c ****     uint32_t config_exti_mask = ((uint32_t)exti_port) << (EXTI_SS_MSTEP(exti_pin));
 256              		.loc 1 117 34
 257 0026 FB1D     		adds	r3, r7, #7
 258 0028 1A78     		ldrb	r2, [r3]
 259              		.loc 1 117 59
 260 002a BB1D     		adds	r3, r7, #6
 261 002c 1B78     		ldrb	r3, [r3]
 262 002e 0321     		movs	r1, #3
 263 0030 0B40     		ands	r3, r1
 264 0032 9B00     		lsls	r3, r3, #2
 265              		.loc 1 117 14
 266 0034 9A40     		lsls	r2, r2, r3
 267 0036 1300     		movs	r3, r2
 268 0038 BB60     		str	r3, [r7, #8]
 118:../Firmware/GD32E23x_standard_peripheral/Source/gd32e23x_syscfg.c **** 
 119:../Firmware/GD32E23x_standard_peripheral/Source/gd32e23x_syscfg.c ****     switch(exti_pin / EXTI_SS_JSTEP) {
 269              		.loc 1 119 21
 270 003a BB1D     		adds	r3, r7, #6
 271 003c 1B78     		ldrb	r3, [r3]
 272 003e 9B08     		lsrs	r3, r3, #2
 273 0040 DBB2     		uxtb	r3, r3
 274              		.loc 1 119 5
 275 0042 032B     		cmp	r3, #3
 276 0044 46D0     		beq	.L9
 277 0046 5ADC     		bgt	.L15
 278 0048 022B     		cmp	r3, #2
 279 004a 2ED0     		beq	.L11
 280 004c 57DC     		bgt	.L15
 281 004e 13B1     		cbz	r3, .L12
 282 0050 012B     		cmp	r3, #1
 283 0052 15D0     		beq	.L13
 120:../Firmware/GD32E23x_standard_peripheral/Source/gd32e23x_syscfg.c ****     case EXTISS0:
 121:../Firmware/GD32E23x_standard_peripheral/Source/gd32e23x_syscfg.c ****         /* clear EXTI source line(0..3) */
 122:../Firmware/GD32E23x_standard_peripheral/Source/gd32e23x_syscfg.c ****         SYSCFG_EXTISS0 &= clear_exti_mask;
 123:../Firmware/GD32E23x_standard_peripheral/Source/gd32e23x_syscfg.c ****         /* configure EXTI soure line(0..3) */
 124:../Firmware/GD32E23x_standard_peripheral/Source/gd32e23x_syscfg.c ****         SYSCFG_EXTISS0 |= config_exti_mask;
 125:../Firmware/GD32E23x_standard_peripheral/Source/gd32e23x_syscfg.c ****         break;
 126:../Firmware/GD32E23x_standard_peripheral/Source/gd32e23x_syscfg.c ****     case EXTISS1:
 127:../Firmware/GD32E23x_standard_peripheral/Source/gd32e23x_syscfg.c ****         /* clear EXTI soure line(4..7) */
 128:../Firmware/GD32E23x_standard_peripheral/Source/gd32e23x_syscfg.c ****         SYSCFG_EXTISS1 &= clear_exti_mask;
 129:../Firmware/GD32E23x_standard_peripheral/Source/gd32e23x_syscfg.c ****         /* configure EXTI soure line(4..7) */
 130:../Firmware/GD32E23x_standard_peripheral/Source/gd32e23x_syscfg.c ****         SYSCFG_EXTISS1 |= config_exti_mask;
 131:../Firmware/GD32E23x_standard_peripheral/Source/gd32e23x_syscfg.c ****         break;
 132:../Firmware/GD32E23x_standard_peripheral/Source/gd32e23x_syscfg.c ****     case EXTISS2:
 133:../Firmware/GD32E23x_standard_peripheral/Source/gd32e23x_syscfg.c ****         /* clear EXTI soure line(8..11) */
 134:../Firmware/GD32E23x_standard_peripheral/Source/gd32e23x_syscfg.c ****         SYSCFG_EXTISS2 &= clear_exti_mask;
 135:../Firmware/GD32E23x_standard_peripheral/Source/gd32e23x_syscfg.c ****         /* configure EXTI soure line(8..11) */
 136:../Firmware/GD32E23x_standard_peripheral/Source/gd32e23x_syscfg.c ****         SYSCFG_EXTISS2 |= config_exti_mask;
 137:../Firmware/GD32E23x_standard_peripheral/Source/gd32e23x_syscfg.c ****         break;
 138:../Firmware/GD32E23x_standard_peripheral/Source/gd32e23x_syscfg.c ****     case EXTISS3:
 139:../Firmware/GD32E23x_standard_peripheral/Source/gd32e23x_syscfg.c ****         /* clear EXTI soure line(12..15) */
 140:../Firmware/GD32E23x_standard_peripheral/Source/gd32e23x_syscfg.c ****         SYSCFG_EXTISS3 &= clear_exti_mask;
 141:../Firmware/GD32E23x_standard_peripheral/Source/gd32e23x_syscfg.c ****         /* configure EXTI soure line(12..15) */
 142:../Firmware/GD32E23x_standard_peripheral/Source/gd32e23x_syscfg.c ****         SYSCFG_EXTISS3 |= config_exti_mask;
 143:../Firmware/GD32E23x_standard_peripheral/Source/gd32e23x_syscfg.c ****         break;
 144:../Firmware/GD32E23x_standard_peripheral/Source/gd32e23x_syscfg.c ****     default:
 145:../Firmware/GD32E23x_standard_peripheral/Source/gd32e23x_syscfg.c ****         break;
 284              		.loc 1 145 9
 285 0054 53E0     		b	.L15
 286              	.L12:
 122:../Firmware/GD32E23x_standard_peripheral/Source/gd32e23x_syscfg.c ****         /* configure EXTI soure line(0..3) */
 287              		.loc 1 122 24
 288 0056 0823     		movs	r3, #8
 289 0058 C4F20103 		movt	r3, 16385
 290 005c 1A68     		ldr	r2, [r3]
 291 005e 0823     		movs	r3, #8
 292 0060 C4F20103 		movt	r3, 16385
 293 0064 F968     		ldr	r1, [r7, #12]
 294 0066 0A40     		ands	r2, r1
 295 0068 1A60     		str	r2, [r3]
 124:../Firmware/GD32E23x_standard_peripheral/Source/gd32e23x_syscfg.c ****         break;
 296              		.loc 1 124 24
 297 006a 0823     		movs	r3, #8
 298 006c C4F20103 		movt	r3, 16385
 299 0070 1968     		ldr	r1, [r3]
 300 0072 0823     		movs	r3, #8
 301 0074 C4F20103 		movt	r3, 16385
 302 0078 BA68     		ldr	r2, [r7, #8]
 303 007a 0A43     		orrs	r2, r1
 304 007c 1A60     		str	r2, [r3]
 125:../Firmware/GD32E23x_standard_peripheral/Source/gd32e23x_syscfg.c ****     case EXTISS1:
 305              		.loc 1 125 9
 306 007e 3FE0     		b	.L14
 307              	.L13:
 128:../Firmware/GD32E23x_standard_peripheral/Source/gd32e23x_syscfg.c ****         /* configure EXTI soure line(4..7) */
 308              		.loc 1 128 24
 309 0080 0C23     		movs	r3, #12
 310 0082 C4F20103 		movt	r3, 16385
 311 0086 1A68     		ldr	r2, [r3]
 312 0088 0C23     		movs	r3, #12
 313 008a C4F20103 		movt	r3, 16385
 314 008e F968     		ldr	r1, [r7, #12]
 315 0090 0A40     		ands	r2, r1
 316 0092 1A60     		str	r2, [r3]
 130:../Firmware/GD32E23x_standard_peripheral/Source/gd32e23x_syscfg.c ****         break;
 317              		.loc 1 130 24
 318 0094 0C23     		movs	r3, #12
 319 0096 C4F20103 		movt	r3, 16385
 320 009a 1968     		ldr	r1, [r3]
 321 009c 0C23     		movs	r3, #12
 322 009e C4F20103 		movt	r3, 16385
 323 00a2 BA68     		ldr	r2, [r7, #8]
 324 00a4 0A43     		orrs	r2, r1
 325 00a6 1A60     		str	r2, [r3]
 131:../Firmware/GD32E23x_standard_peripheral/Source/gd32e23x_syscfg.c ****     case EXTISS2:
 326              		.loc 1 131 9
 327 00a8 2AE0     		b	.L14
 328              	.L11:
 134:../Firmware/GD32E23x_standard_peripheral/Source/gd32e23x_syscfg.c ****         /* configure EXTI soure line(8..11) */
 329              		.loc 1 134 24
 330 00aa 1023     		movs	r3, #16
 331 00ac C4F20103 		movt	r3, 16385
 332 00b0 1A68     		ldr	r2, [r3]
 333 00b2 1023     		movs	r3, #16
 334 00b4 C4F20103 		movt	r3, 16385
 335 00b8 F968     		ldr	r1, [r7, #12]
 336 00ba 0A40     		ands	r2, r1
 337 00bc 1A60     		str	r2, [r3]
 136:../Firmware/GD32E23x_standard_peripheral/Source/gd32e23x_syscfg.c ****         break;
 338              		.loc 1 136 24
 339 00be 1023     		movs	r3, #16
 340 00c0 C4F20103 		movt	r3, 16385
 341 00c4 1968     		ldr	r1, [r3]
 342 00c6 1023     		movs	r3, #16
 343 00c8 C4F20103 		movt	r3, 16385
 344 00cc BA68     		ldr	r2, [r7, #8]
 345 00ce 0A43     		orrs	r2, r1
 346 00d0 1A60     		str	r2, [r3]
 137:../Firmware/GD32E23x_standard_peripheral/Source/gd32e23x_syscfg.c ****     case EXTISS3:
 347              		.loc 1 137 9
 348 00d2 15E0     		b	.L14
 349              	.L9:
 140:../Firmware/GD32E23x_standard_peripheral/Source/gd32e23x_syscfg.c ****         /* configure EXTI soure line(12..15) */
 350              		.loc 1 140 24
 351 00d4 1423     		movs	r3, #20
 352 00d6 C4F20103 		movt	r3, 16385
 353 00da 1A68     		ldr	r2, [r3]
 354 00dc 1423     		movs	r3, #20
 355 00de C4F20103 		movt	r3, 16385
 356 00e2 F968     		ldr	r1, [r7, #12]
 357 00e4 0A40     		ands	r2, r1
 358 00e6 1A60     		str	r2, [r3]
 142:../Firmware/GD32E23x_standard_peripheral/Source/gd32e23x_syscfg.c ****         break;
 359              		.loc 1 142 24
 360 00e8 1423     		movs	r3, #20
 361 00ea C4F20103 		movt	r3, 16385
 362 00ee 1968     		ldr	r1, [r3]
 363 00f0 1423     		movs	r3, #20
 364 00f2 C4F20103 		movt	r3, 16385
 365 00f6 BA68     		ldr	r2, [r7, #8]
 366 00f8 0A43     		orrs	r2, r1
 367 00fa 1A60     		str	r2, [r3]
 143:../Firmware/GD32E23x_standard_peripheral/Source/gd32e23x_syscfg.c ****     default:
 368              		.loc 1 143 9
 369 00fc 00E0     		b	.L14
 370              	.L15:
 371              		.loc 1 145 9
 372 00fe C046     		nop
 373              	.L14:
 146:../Firmware/GD32E23x_standard_peripheral/Source/gd32e23x_syscfg.c ****     }
 147:../Firmware/GD32E23x_standard_peripheral/Source/gd32e23x_syscfg.c **** }
 374              		.loc 1 147 1
 375 0100 C046     		nop
 376 0102 BD46     		mov	sp, r7
 377 0104 04B0     		add	sp, sp, #16
 378              		@ sp needed
 379 0106 80BD     		pop	{r7, pc}
 380              		.cfi_endproc
 381              	.LFE63:
 383              		.section	.text.syscfg_lock_config,"ax",%progbits
 384              		.align	1
 385              		.global	syscfg_lock_config
 386              		.syntax unified
 387              		.code	16
 388              		.thumb_func
 389              		.fpu softvfp
 391              	syscfg_lock_config:
 392              	.LFB64:
 148:../Firmware/GD32E23x_standard_peripheral/Source/gd32e23x_syscfg.c **** 
 149:../Firmware/GD32E23x_standard_peripheral/Source/gd32e23x_syscfg.c **** /*!
 150:../Firmware/GD32E23x_standard_peripheral/Source/gd32e23x_syscfg.c ****     \brief      connect TIMER0/14/15/16 break input to the selected parameter
 151:../Firmware/GD32E23x_standard_peripheral/Source/gd32e23x_syscfg.c ****     \param[in]  syscfg_lock: Specify the parameter to be connected
 152:../Firmware/GD32E23x_standard_peripheral/Source/gd32e23x_syscfg.c ****       \arg        SYSCFG_LOCK_LOCKUP: Cortex-M23 lockup output connected to the break input
 153:../Firmware/GD32E23x_standard_peripheral/Source/gd32e23x_syscfg.c ****       \arg        SYSCFG_LOCK_SRAM_PARITY_ERROR: SRAM_PARITY check error connected to the break inp
 154:../Firmware/GD32E23x_standard_peripheral/Source/gd32e23x_syscfg.c ****       \arg        SYSCFG_LOCK_LVD: LVD interrupt connected to the break input
 155:../Firmware/GD32E23x_standard_peripheral/Source/gd32e23x_syscfg.c ****     \param[out] none
 156:../Firmware/GD32E23x_standard_peripheral/Source/gd32e23x_syscfg.c ****     \retval     none
 157:../Firmware/GD32E23x_standard_peripheral/Source/gd32e23x_syscfg.c **** */
 158:../Firmware/GD32E23x_standard_peripheral/Source/gd32e23x_syscfg.c **** void syscfg_lock_config(uint32_t syscfg_lock)
 159:../Firmware/GD32E23x_standard_peripheral/Source/gd32e23x_syscfg.c **** {
 393              		.loc 1 159 1
 394              		.cfi_startproc
 395              		@ args = 0, pretend = 0, frame = 8
 396              		@ frame_needed = 1, uses_anonymous_args = 0
 397 0000 80B5     		push	{r7, lr}
 398              		.cfi_def_cfa_offset 8
 399              		.cfi_offset 7, -8
 400              		.cfi_offset 14, -4
 401 0002 82B0     		sub	sp, sp, #8
 402              		.cfi_def_cfa_offset 16
 403 0004 00AF     		add	r7, sp, #0
 404              		.cfi_def_cfa_register 7
 405 0006 7860     		str	r0, [r7, #4]
 160:../Firmware/GD32E23x_standard_peripheral/Source/gd32e23x_syscfg.c ****     SYSCFG_CFG2 |= syscfg_lock;
 406              		.loc 1 160 17
 407 0008 1823     		movs	r3, #24
 408 000a C4F20103 		movt	r3, 16385
 409 000e 1968     		ldr	r1, [r3]
 410 0010 1823     		movs	r3, #24
 411 0012 C4F20103 		movt	r3, 16385
 412 0016 7A68     		ldr	r2, [r7, #4]
 413 0018 0A43     		orrs	r2, r1
 414 001a 1A60     		str	r2, [r3]
 161:../Firmware/GD32E23x_standard_peripheral/Source/gd32e23x_syscfg.c **** }
 415              		.loc 1 161 1
 416 001c C046     		nop
 417 001e BD46     		mov	sp, r7
 418 0020 02B0     		add	sp, sp, #8
 419              		@ sp needed
 420 0022 80BD     		pop	{r7, pc}
 421              		.cfi_endproc
 422              	.LFE64:
 424              		.section	.text.irq_latency_set,"ax",%progbits
 425              		.align	1
 426              		.global	irq_latency_set
 427              		.syntax unified
 428              		.code	16
 429              		.thumb_func
 430              		.fpu softvfp
 432              	irq_latency_set:
 433              	.LFB65:
 162:../Firmware/GD32E23x_standard_peripheral/Source/gd32e23x_syscfg.c **** 
 163:../Firmware/GD32E23x_standard_peripheral/Source/gd32e23x_syscfg.c **** /*!
 164:../Firmware/GD32E23x_standard_peripheral/Source/gd32e23x_syscfg.c ****     \brief      set the wait state counter value
 165:../Firmware/GD32E23x_standard_peripheral/Source/gd32e23x_syscfg.c ****     \param[in]  irq_latency: IRQ_LATENCY value (0x00 - 0xFF)
 166:../Firmware/GD32E23x_standard_peripheral/Source/gd32e23x_syscfg.c ****     \param[out] none
 167:../Firmware/GD32E23x_standard_peripheral/Source/gd32e23x_syscfg.c ****     \retval     none
 168:../Firmware/GD32E23x_standard_peripheral/Source/gd32e23x_syscfg.c **** */
 169:../Firmware/GD32E23x_standard_peripheral/Source/gd32e23x_syscfg.c **** void irq_latency_set(uint8_t irq_latency)
 170:../Firmware/GD32E23x_standard_peripheral/Source/gd32e23x_syscfg.c **** {
 434              		.loc 1 170 1
 435              		.cfi_startproc
 436              		@ args = 0, pretend = 0, frame = 16
 437              		@ frame_needed = 1, uses_anonymous_args = 0
 438 0000 80B5     		push	{r7, lr}
 439              		.cfi_def_cfa_offset 8
 440              		.cfi_offset 7, -8
 441              		.cfi_offset 14, -4
 442 0002 84B0     		sub	sp, sp, #16
 443              		.cfi_def_cfa_offset 24
 444 0004 00AF     		add	r7, sp, #0
 445              		.cfi_def_cfa_register 7
 446 0006 0200     		movs	r2, r0
 447 0008 FB1D     		adds	r3, r7, #7
 448 000a 1A70     		strb	r2, [r3]
 171:../Firmware/GD32E23x_standard_peripheral/Source/gd32e23x_syscfg.c ****     uint32_t reg;
 172:../Firmware/GD32E23x_standard_peripheral/Source/gd32e23x_syscfg.c **** 
 173:../Firmware/GD32E23x_standard_peripheral/Source/gd32e23x_syscfg.c ****     reg = SYSCFG_CPU_IRQ_LAT & (~(uint32_t)SYSCFG_CPU_IRQ_LAT_IRQ_LATENCY);
 449              		.loc 1 173 11
 450 000c 40F20013 		movw	r3, #256
 451 0010 C4F20103 		movt	r3, 16385
 452 0014 1B68     		ldr	r3, [r3]
 453              		.loc 1 173 9
 454 0016 FF22     		movs	r2, #255
 455 0018 9343     		bics	r3, r2
 456 001a FB60     		str	r3, [r7, #12]
 174:../Firmware/GD32E23x_standard_peripheral/Source/gd32e23x_syscfg.c ****     reg |= (uint32_t)(IRQ_LATENCY(irq_latency));
 457              		.loc 1 174 12
 458 001c FB1D     		adds	r3, r7, #7
 459 001e 1B78     		ldrb	r3, [r3]
 460              		.loc 1 174 9
 461 0020 FA68     		ldr	r2, [r7, #12]
 462 0022 1343     		orrs	r3, r2
 463 0024 FB60     		str	r3, [r7, #12]
 175:../Firmware/GD32E23x_standard_peripheral/Source/gd32e23x_syscfg.c **** 
 176:../Firmware/GD32E23x_standard_peripheral/Source/gd32e23x_syscfg.c ****     SYSCFG_CPU_IRQ_LAT = (uint32_t)reg;
 464              		.loc 1 176 5
 465 0026 40F20013 		movw	r3, #256
 466 002a C4F20103 		movt	r3, 16385
 467              		.loc 1 176 24
 468 002e FA68     		ldr	r2, [r7, #12]
 469 0030 1A60     		str	r2, [r3]
 177:../Firmware/GD32E23x_standard_peripheral/Source/gd32e23x_syscfg.c **** }
 470              		.loc 1 177 1
 471 0032 C046     		nop
 472 0034 BD46     		mov	sp, r7
 473 0036 04B0     		add	sp, sp, #16
 474              		@ sp needed
 475 0038 80BD     		pop	{r7, pc}
 476              		.cfi_endproc
 477              	.LFE65:
 479              		.section	.text.syscfg_flag_get,"ax",%progbits
 480              		.align	1
 481              		.global	syscfg_flag_get
 482              		.syntax unified
 483              		.code	16
 484              		.thumb_func
 485              		.fpu softvfp
 487              	syscfg_flag_get:
 488              	.LFB66:
 178:../Firmware/GD32E23x_standard_peripheral/Source/gd32e23x_syscfg.c **** /*!
 179:../Firmware/GD32E23x_standard_peripheral/Source/gd32e23x_syscfg.c ****     \brief      check if the specified flag in SYSCFG_CFG2 is set or not.
 180:../Firmware/GD32E23x_standard_peripheral/Source/gd32e23x_syscfg.c ****     \param[in]  syscfg_flag: specify the flag in SYSCFG_CFG2 to check.
 181:../Firmware/GD32E23x_standard_peripheral/Source/gd32e23x_syscfg.c ****       \arg        SYSCFG_SRAM_PCEF: SRAM parity check error flag.
 182:../Firmware/GD32E23x_standard_peripheral/Source/gd32e23x_syscfg.c ****     \param[out] none
 183:../Firmware/GD32E23x_standard_peripheral/Source/gd32e23x_syscfg.c ****     \retval     the syscfg_flag state returned (SET or RESET).
 184:../Firmware/GD32E23x_standard_peripheral/Source/gd32e23x_syscfg.c ****   */
 185:../Firmware/GD32E23x_standard_peripheral/Source/gd32e23x_syscfg.c **** FlagStatus syscfg_flag_get(uint32_t syscfg_flag)
 186:../Firmware/GD32E23x_standard_peripheral/Source/gd32e23x_syscfg.c **** {
 489              		.loc 1 186 1
 490              		.cfi_startproc
 491              		@ args = 0, pretend = 0, frame = 8
 492              		@ frame_needed = 1, uses_anonymous_args = 0
 493 0000 80B5     		push	{r7, lr}
 494              		.cfi_def_cfa_offset 8
 495              		.cfi_offset 7, -8
 496              		.cfi_offset 14, -4
 497 0002 82B0     		sub	sp, sp, #8
 498              		.cfi_def_cfa_offset 16
 499 0004 00AF     		add	r7, sp, #0
 500              		.cfi_def_cfa_register 7
 501 0006 7860     		str	r0, [r7, #4]
 187:../Firmware/GD32E23x_standard_peripheral/Source/gd32e23x_syscfg.c ****     if((SYSCFG_CFG2 & syscfg_flag) != (uint32_t)RESET) {
 502              		.loc 1 187 9
 503 0008 1823     		movs	r3, #24
 504 000a C4F20103 		movt	r3, 16385
 505 000e 1B68     		ldr	r3, [r3]
 506              		.loc 1 187 21
 507 0010 7A68     		ldr	r2, [r7, #4]
 508 0012 1340     		ands	r3, r2
 509              		.loc 1 187 7
 510 0014 0BB1     		cbz	r3, .L19
 188:../Firmware/GD32E23x_standard_peripheral/Source/gd32e23x_syscfg.c ****         return SET;
 511              		.loc 1 188 16
 512 0016 0123     		movs	r3, #1
 513 0018 00E0     		b	.L20
 514              	.L19:
 189:../Firmware/GD32E23x_standard_peripheral/Source/gd32e23x_syscfg.c ****     } else {
 190:../Firmware/GD32E23x_standard_peripheral/Source/gd32e23x_syscfg.c ****         return RESET;
 515              		.loc 1 190 16
 516 001a 0023     		movs	r3, #0
 517              	.L20:
 191:../Firmware/GD32E23x_standard_peripheral/Source/gd32e23x_syscfg.c ****     }
 192:../Firmware/GD32E23x_standard_peripheral/Source/gd32e23x_syscfg.c **** }
 518              		.loc 1 192 1
 519 001c 1800     		movs	r0, r3
 520 001e BD46     		mov	sp, r7
 521 0020 02B0     		add	sp, sp, #8
 522              		@ sp needed
 523 0022 80BD     		pop	{r7, pc}
 524              		.cfi_endproc
 525              	.LFE66:
 527              		.section	.text.syscfg_flag_clear,"ax",%progbits
 528              		.align	1
 529              		.global	syscfg_flag_clear
 530              		.syntax unified
 531              		.code	16
 532              		.thumb_func
 533              		.fpu softvfp
 535              	syscfg_flag_clear:
 536              	.LFB67:
 193:../Firmware/GD32E23x_standard_peripheral/Source/gd32e23x_syscfg.c **** 
 194:../Firmware/GD32E23x_standard_peripheral/Source/gd32e23x_syscfg.c **** /*!
 195:../Firmware/GD32E23x_standard_peripheral/Source/gd32e23x_syscfg.c ****     \brief      clear the flag in SYSCFG_CFG2 by writing 1.
 196:../Firmware/GD32E23x_standard_peripheral/Source/gd32e23x_syscfg.c ****     \param[in]  syscfg_flag: Specify the flag in SYSCFG_CFG2 to clear.
 197:../Firmware/GD32E23x_standard_peripheral/Source/gd32e23x_syscfg.c ****       \arg        SYSCFG_SRAM_PCEF: SRAM parity check error flag.
 198:../Firmware/GD32E23x_standard_peripheral/Source/gd32e23x_syscfg.c ****     \param[out] none
 199:../Firmware/GD32E23x_standard_peripheral/Source/gd32e23x_syscfg.c ****     \retval     none
 200:../Firmware/GD32E23x_standard_peripheral/Source/gd32e23x_syscfg.c **** */
 201:../Firmware/GD32E23x_standard_peripheral/Source/gd32e23x_syscfg.c **** void syscfg_flag_clear(uint32_t syscfg_flag)
 202:../Firmware/GD32E23x_standard_peripheral/Source/gd32e23x_syscfg.c **** {
 537              		.loc 1 202 1
 538              		.cfi_startproc
 539              		@ args = 0, pretend = 0, frame = 8
 540              		@ frame_needed = 1, uses_anonymous_args = 0
 541 0000 80B5     		push	{r7, lr}
 542              		.cfi_def_cfa_offset 8
 543              		.cfi_offset 7, -8
 544              		.cfi_offset 14, -4
 545 0002 82B0     		sub	sp, sp, #8
 546              		.cfi_def_cfa_offset 16
 547 0004 00AF     		add	r7, sp, #0
 548              		.cfi_def_cfa_register 7
 549 0006 7860     		str	r0, [r7, #4]
 203:../Firmware/GD32E23x_standard_peripheral/Source/gd32e23x_syscfg.c ****     SYSCFG_CFG2 |= (uint32_t) syscfg_flag;
 550              		.loc 1 203 17
 551 0008 1823     		movs	r3, #24
 552 000a C4F20103 		movt	r3, 16385
 553 000e 1968     		ldr	r1, [r3]
 554 0010 1823     		movs	r3, #24
 555 0012 C4F20103 		movt	r3, 16385
 556 0016 7A68     		ldr	r2, [r7, #4]
 557 0018 0A43     		orrs	r2, r1
 558 001a 1A60     		str	r2, [r3]
 204:../Firmware/GD32E23x_standard_peripheral/Source/gd32e23x_syscfg.c **** }
 559              		.loc 1 204 1
 560 001c C046     		nop
 561 001e BD46     		mov	sp, r7
 562 0020 02B0     		add	sp, sp, #8
 563              		@ sp needed
 564 0022 80BD     		pop	{r7, pc}
 565              		.cfi_endproc
 566              	.LFE67:
 568              		.text
 569              	.Letext0:
 570              		.file 2 "d:\\software\\gd32embeddedbuilder_v1.5.6_rel\\tools\\gnu tools arm embedded\\xpack-arm-no
 571              		.file 3 "d:\\software\\gd32embeddedbuilder_v1.5.6_rel\\tools\\gnu tools arm embedded\\xpack-arm-no
 572              		.file 4 "../Firmware/CMSIS/GD/GD32E23x/Include/gd32e23x.h"
 573              		.file 5 "../Firmware/GD32E23x_standard_peripheral/Include/gd32e23x_rcu.h"
 574              		.file 6 "../Firmware/CMSIS/GD/GD32E23x/Include/system_gd32e23x.h"
DEFINED SYMBOLS
                            *ABS*:00000000 gd32e23x_syscfg.c
C:\Users\sen.he\AppData\Local\Temp\ccp6BYZe.s:16     .text.syscfg_deinit:00000000 $t
C:\Users\sen.he\AppData\Local\Temp\ccp6BYZe.s:24     .text.syscfg_deinit:00000000 syscfg_deinit
C:\Users\sen.he\AppData\Local\Temp\ccp6BYZe.s:52     .text.syscfg_dma_remap_enable:00000000 $t
C:\Users\sen.he\AppData\Local\Temp\ccp6BYZe.s:59     .text.syscfg_dma_remap_enable:00000000 syscfg_dma_remap_enable
C:\Users\sen.he\AppData\Local\Temp\ccp6BYZe.s:93     .text.syscfg_dma_remap_disable:00000000 $t
C:\Users\sen.he\AppData\Local\Temp\ccp6BYZe.s:100    .text.syscfg_dma_remap_disable:00000000 syscfg_dma_remap_disable
C:\Users\sen.he\AppData\Local\Temp\ccp6BYZe.s:137    .text.syscfg_high_current_enable:00000000 $t
C:\Users\sen.he\AppData\Local\Temp\ccp6BYZe.s:144    .text.syscfg_high_current_enable:00000000 syscfg_high_current_enable
C:\Users\sen.he\AppData\Local\Temp\ccp6BYZe.s:175    .text.syscfg_high_current_disable:00000000 $t
C:\Users\sen.he\AppData\Local\Temp\ccp6BYZe.s:182    .text.syscfg_high_current_disable:00000000 syscfg_high_current_disable
C:\Users\sen.he\AppData\Local\Temp\ccp6BYZe.s:211    .text.syscfg_high_current_disable:00000020 $d
C:\Users\sen.he\AppData\Local\Temp\ccp6BYZe.s:216    .text.syscfg_exti_line_config:00000000 $t
C:\Users\sen.he\AppData\Local\Temp\ccp6BYZe.s:223    .text.syscfg_exti_line_config:00000000 syscfg_exti_line_config
C:\Users\sen.he\AppData\Local\Temp\ccp6BYZe.s:384    .text.syscfg_lock_config:00000000 $t
C:\Users\sen.he\AppData\Local\Temp\ccp6BYZe.s:391    .text.syscfg_lock_config:00000000 syscfg_lock_config
C:\Users\sen.he\AppData\Local\Temp\ccp6BYZe.s:425    .text.irq_latency_set:00000000 $t
C:\Users\sen.he\AppData\Local\Temp\ccp6BYZe.s:432    .text.irq_latency_set:00000000 irq_latency_set
C:\Users\sen.he\AppData\Local\Temp\ccp6BYZe.s:480    .text.syscfg_flag_get:00000000 $t
C:\Users\sen.he\AppData\Local\Temp\ccp6BYZe.s:487    .text.syscfg_flag_get:00000000 syscfg_flag_get
C:\Users\sen.he\AppData\Local\Temp\ccp6BYZe.s:528    .text.syscfg_flag_clear:00000000 $t
C:\Users\sen.he\AppData\Local\Temp\ccp6BYZe.s:535    .text.syscfg_flag_clear:00000000 syscfg_flag_clear
                           .group:00000000 wm4.0.590463c46bf1d553a4d8081ecba6952e
                           .group:00000000 wm4.gd32e23x.h.39.0bf85d194b71a50de4fcad938c637dda
                           .group:00000000 wm4._newlib_version.h.4.9ba035841e762c3308916a0ce96032e7
                           .group:00000000 wm4.features.h.33.318b64d71e0957639cfb30f1db1f7ec8
                           .group:00000000 wm4._default_types.h.15.247e5cd201eca3442cbf5404108c4935
                           .group:00000000 wm4._intsup.h.10.cce27fed8484c08a33f522034c30d2b5
                           .group:00000000 wm4._stdint.h.10.c24fa3af3bc1706662bb5593a907e841
                           .group:00000000 wm4.stdint.h.23.d53047a68f4a85177f80b422d52785ed
                           .group:00000000 wm4.core_cm23.h.64.de3bc139a6604757cb96382033d22ea4
                           .group:00000000 wm4.cmsis_gcc.h.26.41038879cf168e2c536d47f29b7e8dd8
                           .group:00000000 wm4.core_cm23.h.125.de61c9c922e4fe53a01469e1afefe964
                           .group:00000000 wm4.system_gd32e23x.h.38.7a884860f7764c0ab5165a93f03201bb
                           .group:00000000 wm4.gd32e23x.h.163.9acf0d7337f9fe4e45533e128df527f9
                           .group:00000000 wm4.gd32e23x_adc.h.41.e37db1574230c817b545e8965349e4d7
                           .group:00000000 wm4.gd32e23x_crc.h.36.279adb768307700338e007c7ed677511
                           .group:00000000 wm4.gd32e23x_dbg.h.36.d33e52eaa928f5287aa06af215016669
                           .group:00000000 wm4.gd32e23x_dma.h.36.526a5bad10d356aae73db43b8b6c8ac1
                           .group:00000000 wm4.gd32e23x_exti.h.36.af0d6df8c0ce7b2677a9f89a98c409ce
                           .group:00000000 wm4.gd32e23x_fmc.h.36.75bde762cab332c240661c238a094712
                           .group:00000000 wm4.gd32e23x_gpio.h.36.795887d0586769fb622efbe77d569cda
                           .group:00000000 wm4.gd32e23x_i2c.h.36.e6cffa765f1652866ccb69e12f59470e
                           .group:00000000 wm4.gd32e23x_fwdgt.h.36.2fcc8574db554a4bd9e84c5cd0b7ab23
                           .group:00000000 wm4.gd32e23x_pmu.h.36.eca9453dd7794477bf31deebb1c6dd71
                           .group:00000000 wm4.gd32e23x_rcu.h.36.5275b85972d8917a1d7fb8903e56792a
                           .group:00000000 wm4.gd32e23x_rtc.h.36.83ced1869b0634048aca709e2e07b91d
                           .group:00000000 wm4.gd32e23x_spi.h.36.3f2a16ec9ce43b99360e154caa44fc36
                           .group:00000000 wm4.gd32e23x_timer.h.36.1a402a135f3e05d89798e4281e3b9d83
                           .group:00000000 wm4.gd32e23x_usart.h.36.c2b993b4a3fc79395d2c6452b270c65c
                           .group:00000000 wm4.gd32e23x_wwdgt.h.36.067f8fa16250ddb8196a2d3d5347a8d1
                           .group:00000000 wm4.gd32e23x_misc.h.36.02bcf8ea2494d3a2286a92cdad908103
                           .group:00000000 wm4.gd32e23x_cmp.h.36.0a60ec830a2d39bbe01854c1093a76e2
                           .group:00000000 wm4.gd32e23x_syscfg.h.41.bd41b8ba5d93551bc8b2dd97ebf2febf

UNDEFINED SYMBOLS
rcu_periph_reset_enable
rcu_periph_reset_disable
