   1              		.cpu cortex-m23
   2              		.eabi_attribute 20, 1
   3              		.eabi_attribute 21, 1
   4              		.eabi_attribute 23, 3
   5              		.eabi_attribute 24, 1
   6              		.eabi_attribute 25, 1
   7              		.eabi_attribute 26, 1
   8              		.eabi_attribute 30, 6
   9              		.eabi_attribute 34, 0
  10              		.eabi_attribute 18, 4
  11              		.file	"gd32e23x_crc.c"
  12              		.text
  13              	.Ltext0:
  14              		.cfi_sections	.debug_frame
  15              		.section	.text.crc_deinit,"ax",%progbits
  16              		.align	1
  17              		.global	crc_deinit
  18              		.arch armv8-m.base
  19              		.syntax unified
  20              		.code	16
  21              		.thumb_func
  22              		.fpu softvfp
  24              	crc_deinit:
  25              	.LFB58:
  26              		.file 1 "../Firmware/GD32E23x_standard_peripheral/Source/gd32e23x_crc.c"
   1:../Firmware/GD32E23x_standard_peripheral/Source/gd32e23x_crc.c **** /*!
   2:../Firmware/GD32E23x_standard_peripheral/Source/gd32e23x_crc.c ****     \file    gd32e23x_crc.c
   3:../Firmware/GD32E23x_standard_peripheral/Source/gd32e23x_crc.c ****     \brief   CRC driver
   4:../Firmware/GD32E23x_standard_peripheral/Source/gd32e23x_crc.c **** 
   5:../Firmware/GD32E23x_standard_peripheral/Source/gd32e23x_crc.c ****     \version 2025-08-08, V2.4.0, firmware for GD32E23x
   6:../Firmware/GD32E23x_standard_peripheral/Source/gd32e23x_crc.c **** */
   7:../Firmware/GD32E23x_standard_peripheral/Source/gd32e23x_crc.c **** 
   8:../Firmware/GD32E23x_standard_peripheral/Source/gd32e23x_crc.c **** /*
   9:../Firmware/GD32E23x_standard_peripheral/Source/gd32e23x_crc.c ****     Copyright (c) 2025, GigaDevice Semiconductor Inc.
  10:../Firmware/GD32E23x_standard_peripheral/Source/gd32e23x_crc.c **** 
  11:../Firmware/GD32E23x_standard_peripheral/Source/gd32e23x_crc.c ****     Redistribution and use in source and binary forms, with or without modification,
  12:../Firmware/GD32E23x_standard_peripheral/Source/gd32e23x_crc.c **** are permitted provided that the following conditions are met:
  13:../Firmware/GD32E23x_standard_peripheral/Source/gd32e23x_crc.c **** 
  14:../Firmware/GD32E23x_standard_peripheral/Source/gd32e23x_crc.c ****     1. Redistributions of source code must retain the above copyright notice, this
  15:../Firmware/GD32E23x_standard_peripheral/Source/gd32e23x_crc.c ****        list of conditions and the following disclaimer.
  16:../Firmware/GD32E23x_standard_peripheral/Source/gd32e23x_crc.c ****     2. Redistributions in binary form must reproduce the above copyright notice,
  17:../Firmware/GD32E23x_standard_peripheral/Source/gd32e23x_crc.c ****        this list of conditions and the following disclaimer in the documentation
  18:../Firmware/GD32E23x_standard_peripheral/Source/gd32e23x_crc.c ****        and/or other materials provided with the distribution.
  19:../Firmware/GD32E23x_standard_peripheral/Source/gd32e23x_crc.c ****     3. Neither the name of the copyright holder nor the names of its contributors
  20:../Firmware/GD32E23x_standard_peripheral/Source/gd32e23x_crc.c ****        may be used to endorse or promote products derived from this software without
  21:../Firmware/GD32E23x_standard_peripheral/Source/gd32e23x_crc.c ****        specific prior written permission.
  22:../Firmware/GD32E23x_standard_peripheral/Source/gd32e23x_crc.c **** 
  23:../Firmware/GD32E23x_standard_peripheral/Source/gd32e23x_crc.c ****     THIS SOFTWARE IS PROVIDED BY THE COPYRIGHT HOLDERS AND CONTRIBUTORS "AS IS"
  24:../Firmware/GD32E23x_standard_peripheral/Source/gd32e23x_crc.c **** AND ANY EXPRESS OR IMPLIED WARRANTIES, INCLUDING, BUT NOT LIMITED TO, THE IMPLIED
  25:../Firmware/GD32E23x_standard_peripheral/Source/gd32e23x_crc.c **** WARRANTIES OF MERCHANTABILITY AND FITNESS FOR A PARTICULAR PURPOSE ARE DISCLAIMED.
  26:../Firmware/GD32E23x_standard_peripheral/Source/gd32e23x_crc.c **** IN NO EVENT SHALL THE COPYRIGHT HOLDER OR CONTRIBUTORS BE LIABLE FOR ANY DIRECT,
  27:../Firmware/GD32E23x_standard_peripheral/Source/gd32e23x_crc.c **** INDIRECT, INCIDENTAL, SPECIAL, EXEMPLARY, OR CONSEQUENTIAL DAMAGES (INCLUDING, BUT
  28:../Firmware/GD32E23x_standard_peripheral/Source/gd32e23x_crc.c **** NOT LIMITED TO, PROCUREMENT OF SUBSTITUTE GOODS OR SERVICES; LOSS OF USE, DATA, OR
  29:../Firmware/GD32E23x_standard_peripheral/Source/gd32e23x_crc.c **** PROFITS; OR BUSINESS INTERRUPTION) HOWEVER CAUSED AND ON ANY THEORY OF LIABILITY,
  30:../Firmware/GD32E23x_standard_peripheral/Source/gd32e23x_crc.c **** WHETHER IN CONTRACT, STRICT LIABILITY, OR TORT (INCLUDING NEGLIGENCE OR OTHERWISE)
  31:../Firmware/GD32E23x_standard_peripheral/Source/gd32e23x_crc.c **** ARISING IN ANY WAY OUT OF THE USE OF THIS SOFTWARE, EVEN IF ADVISED OF THE POSSIBILITY
  32:../Firmware/GD32E23x_standard_peripheral/Source/gd32e23x_crc.c **** OF SUCH DAMAGE.
  33:../Firmware/GD32E23x_standard_peripheral/Source/gd32e23x_crc.c **** */
  34:../Firmware/GD32E23x_standard_peripheral/Source/gd32e23x_crc.c **** 
  35:../Firmware/GD32E23x_standard_peripheral/Source/gd32e23x_crc.c **** #include "gd32e23x_crc.h"
  36:../Firmware/GD32E23x_standard_peripheral/Source/gd32e23x_crc.c **** 
  37:../Firmware/GD32E23x_standard_peripheral/Source/gd32e23x_crc.c **** /*!
  38:../Firmware/GD32E23x_standard_peripheral/Source/gd32e23x_crc.c ****     \brief      deinit CRC calculation unit
  39:../Firmware/GD32E23x_standard_peripheral/Source/gd32e23x_crc.c ****     \param[in]  none
  40:../Firmware/GD32E23x_standard_peripheral/Source/gd32e23x_crc.c ****     \param[out] none
  41:../Firmware/GD32E23x_standard_peripheral/Source/gd32e23x_crc.c ****     \retval     none
  42:../Firmware/GD32E23x_standard_peripheral/Source/gd32e23x_crc.c **** */
  43:../Firmware/GD32E23x_standard_peripheral/Source/gd32e23x_crc.c **** void crc_deinit(void)
  44:../Firmware/GD32E23x_standard_peripheral/Source/gd32e23x_crc.c **** {
  27              		.loc 1 44 1
  28              		.cfi_startproc
  29              		@ args = 0, pretend = 0, frame = 0
  30              		@ frame_needed = 1, uses_anonymous_args = 0
  31 0000 80B5     		push	{r7, lr}
  32              		.cfi_def_cfa_offset 8
  33              		.cfi_offset 7, -8
  34              		.cfi_offset 14, -4
  35 0002 00AF     		add	r7, sp, #0
  36              		.cfi_def_cfa_register 7
  45:../Firmware/GD32E23x_standard_peripheral/Source/gd32e23x_crc.c ****     CRC_IDATA = (uint32_t)0xFFFFFFFFU;
  37              		.loc 1 45 5
  38 0004 43F21003 		movw	r3, #12304
  39 0008 C4F20203 		movt	r3, 16386
  40              		.loc 1 45 15
  41 000c 0122     		movs	r2, #1
  42 000e 5242     		rsbs	r2, r2, #0
  43 0010 1A60     		str	r2, [r3]
  46:../Firmware/GD32E23x_standard_peripheral/Source/gd32e23x_crc.c ****     CRC_DATA  = (uint32_t)0xFFFFFFFFU;
  44              		.loc 1 46 5
  45 0012 43F20003 		movw	r3, #12288
  46 0016 C4F20203 		movt	r3, 16386
  47              		.loc 1 46 15
  48 001a 0122     		movs	r2, #1
  49 001c 5242     		rsbs	r2, r2, #0
  50 001e 1A60     		str	r2, [r3]
  47:../Firmware/GD32E23x_standard_peripheral/Source/gd32e23x_crc.c ****     CRC_FDATA = (uint32_t)0x00000000U;
  51              		.loc 1 47 5
  52 0020 43F20403 		movw	r3, #12292
  53 0024 C4F20203 		movt	r3, 16386
  54              		.loc 1 47 15
  55 0028 0022     		movs	r2, #0
  56 002a 1A60     		str	r2, [r3]
  48:../Firmware/GD32E23x_standard_peripheral/Source/gd32e23x_crc.c ****     CRC_POLY  = (uint32_t)0x04C11DB7U;
  57              		.loc 1 48 5
  58 002c 43F21403 		movw	r3, #12308
  59 0030 C4F20203 		movt	r3, 16386
  60              		.loc 1 48 15
  61 0034 41F6B752 		movw	r2, #7607
  62 0038 C0F2C142 		movt	r2, 1217
  63 003c 1A60     		str	r2, [r3]
  49:../Firmware/GD32E23x_standard_peripheral/Source/gd32e23x_crc.c ****     CRC_CTL   = CRC_CTL_RST;
  64              		.loc 1 49 5
  65 003e 43F20803 		movw	r3, #12296
  66 0042 C4F20203 		movt	r3, 16386
  67              		.loc 1 49 15
  68 0046 0122     		movs	r2, #1
  69 0048 1A60     		str	r2, [r3]
  50:../Firmware/GD32E23x_standard_peripheral/Source/gd32e23x_crc.c **** }
  70              		.loc 1 50 1
  71 004a C046     		nop
  72 004c BD46     		mov	sp, r7
  73              		@ sp needed
  74 004e 80BD     		pop	{r7, pc}
  75              		.cfi_endproc
  76              	.LFE58:
  78              		.section	.text.crc_reverse_output_data_enable,"ax",%progbits
  79              		.align	1
  80              		.global	crc_reverse_output_data_enable
  81              		.syntax unified
  82              		.code	16
  83              		.thumb_func
  84              		.fpu softvfp
  86              	crc_reverse_output_data_enable:
  87              	.LFB59:
  51:../Firmware/GD32E23x_standard_peripheral/Source/gd32e23x_crc.c **** 
  52:../Firmware/GD32E23x_standard_peripheral/Source/gd32e23x_crc.c **** /*!
  53:../Firmware/GD32E23x_standard_peripheral/Source/gd32e23x_crc.c ****     \brief      enable the reverse operation of output data
  54:../Firmware/GD32E23x_standard_peripheral/Source/gd32e23x_crc.c ****     \param[in]  none
  55:../Firmware/GD32E23x_standard_peripheral/Source/gd32e23x_crc.c ****     \param[out] none
  56:../Firmware/GD32E23x_standard_peripheral/Source/gd32e23x_crc.c ****     \retval     none
  57:../Firmware/GD32E23x_standard_peripheral/Source/gd32e23x_crc.c **** */
  58:../Firmware/GD32E23x_standard_peripheral/Source/gd32e23x_crc.c **** void crc_reverse_output_data_enable(void)
  59:../Firmware/GD32E23x_standard_peripheral/Source/gd32e23x_crc.c **** {
  88              		.loc 1 59 1
  89              		.cfi_startproc
  90              		@ args = 0, pretend = 0, frame = 0
  91              		@ frame_needed = 1, uses_anonymous_args = 0
  92 0000 80B5     		push	{r7, lr}
  93              		.cfi_def_cfa_offset 8
  94              		.cfi_offset 7, -8
  95              		.cfi_offset 14, -4
  96 0002 00AF     		add	r7, sp, #0
  97              		.cfi_def_cfa_register 7
  60:../Firmware/GD32E23x_standard_peripheral/Source/gd32e23x_crc.c ****     CRC_CTL &= (uint32_t)(~ CRC_CTL_REV_O);
  98              		.loc 1 60 13
  99 0004 43F20803 		movw	r3, #12296
 100 0008 C4F20203 		movt	r3, 16386
 101 000c 1A68     		ldr	r2, [r3]
 102 000e 43F20803 		movw	r3, #12296
 103 0012 C4F20203 		movt	r3, 16386
 104 0016 8021     		movs	r1, #128
 105 0018 8A43     		bics	r2, r1
 106 001a 1A60     		str	r2, [r3]
  61:../Firmware/GD32E23x_standard_peripheral/Source/gd32e23x_crc.c ****     CRC_CTL |= (uint32_t)CRC_CTL_REV_O;
 107              		.loc 1 61 13
 108 001c 43F20803 		movw	r3, #12296
 109 0020 C4F20203 		movt	r3, 16386
 110 0024 1A68     		ldr	r2, [r3]
 111 0026 43F20803 		movw	r3, #12296
 112 002a C4F20203 		movt	r3, 16386
 113 002e 8021     		movs	r1, #128
 114 0030 0A43     		orrs	r2, r1
 115 0032 1A60     		str	r2, [r3]
  62:../Firmware/GD32E23x_standard_peripheral/Source/gd32e23x_crc.c **** }
 116              		.loc 1 62 1
 117 0034 C046     		nop
 118 0036 BD46     		mov	sp, r7
 119              		@ sp needed
 120 0038 80BD     		pop	{r7, pc}
 121              		.cfi_endproc
 122              	.LFE59:
 124              		.section	.text.crc_reverse_output_data_disable,"ax",%progbits
 125              		.align	1
 126              		.global	crc_reverse_output_data_disable
 127              		.syntax unified
 128              		.code	16
 129              		.thumb_func
 130              		.fpu softvfp
 132              	crc_reverse_output_data_disable:
 133              	.LFB60:
  63:../Firmware/GD32E23x_standard_peripheral/Source/gd32e23x_crc.c **** 
  64:../Firmware/GD32E23x_standard_peripheral/Source/gd32e23x_crc.c **** /*!
  65:../Firmware/GD32E23x_standard_peripheral/Source/gd32e23x_crc.c ****     \brief      disable the reverse operation of output data
  66:../Firmware/GD32E23x_standard_peripheral/Source/gd32e23x_crc.c ****     \param[in]  none
  67:../Firmware/GD32E23x_standard_peripheral/Source/gd32e23x_crc.c ****     \param[out] none
  68:../Firmware/GD32E23x_standard_peripheral/Source/gd32e23x_crc.c ****     \retval     none
  69:../Firmware/GD32E23x_standard_peripheral/Source/gd32e23x_crc.c **** */
  70:../Firmware/GD32E23x_standard_peripheral/Source/gd32e23x_crc.c **** void crc_reverse_output_data_disable(void)
  71:../Firmware/GD32E23x_standard_peripheral/Source/gd32e23x_crc.c **** {
 134              		.loc 1 71 1
 135              		.cfi_startproc
 136              		@ args = 0, pretend = 0, frame = 0
 137              		@ frame_needed = 1, uses_anonymous_args = 0
 138 0000 80B5     		push	{r7, lr}
 139              		.cfi_def_cfa_offset 8
 140              		.cfi_offset 7, -8
 141              		.cfi_offset 14, -4
 142 0002 00AF     		add	r7, sp, #0
 143              		.cfi_def_cfa_register 7
  72:../Firmware/GD32E23x_standard_peripheral/Source/gd32e23x_crc.c ****     CRC_CTL &= (uint32_t)(~ CRC_CTL_REV_O);
 144              		.loc 1 72 13
 145 0004 43F20803 		movw	r3, #12296
 146 0008 C4F20203 		movt	r3, 16386
 147 000c 1A68     		ldr	r2, [r3]
 148 000e 43F20803 		movw	r3, #12296
 149 0012 C4F20203 		movt	r3, 16386
 150 0016 8021     		movs	r1, #128
 151 0018 8A43     		bics	r2, r1
 152 001a 1A60     		str	r2, [r3]
  73:../Firmware/GD32E23x_standard_peripheral/Source/gd32e23x_crc.c **** }
 153              		.loc 1 73 1
 154 001c C046     		nop
 155 001e BD46     		mov	sp, r7
 156              		@ sp needed
 157 0020 80BD     		pop	{r7, pc}
 158              		.cfi_endproc
 159              	.LFE60:
 161              		.section	.text.crc_data_register_reset,"ax",%progbits
 162              		.align	1
 163              		.global	crc_data_register_reset
 164              		.syntax unified
 165              		.code	16
 166              		.thumb_func
 167              		.fpu softvfp
 169              	crc_data_register_reset:
 170              	.LFB61:
  74:../Firmware/GD32E23x_standard_peripheral/Source/gd32e23x_crc.c **** 
  75:../Firmware/GD32E23x_standard_peripheral/Source/gd32e23x_crc.c **** /*!
  76:../Firmware/GD32E23x_standard_peripheral/Source/gd32e23x_crc.c ****     \brief      reset data register to the value of initializaiton data register
  77:../Firmware/GD32E23x_standard_peripheral/Source/gd32e23x_crc.c ****     \param[in]  none
  78:../Firmware/GD32E23x_standard_peripheral/Source/gd32e23x_crc.c ****     \param[out] none
  79:../Firmware/GD32E23x_standard_peripheral/Source/gd32e23x_crc.c ****     \retval     none
  80:../Firmware/GD32E23x_standard_peripheral/Source/gd32e23x_crc.c **** */
  81:../Firmware/GD32E23x_standard_peripheral/Source/gd32e23x_crc.c **** void crc_data_register_reset(void)
  82:../Firmware/GD32E23x_standard_peripheral/Source/gd32e23x_crc.c **** {
 171              		.loc 1 82 1
 172              		.cfi_startproc
 173              		@ args = 0, pretend = 0, frame = 0
 174              		@ frame_needed = 1, uses_anonymous_args = 0
 175 0000 80B5     		push	{r7, lr}
 176              		.cfi_def_cfa_offset 8
 177              		.cfi_offset 7, -8
 178              		.cfi_offset 14, -4
 179 0002 00AF     		add	r7, sp, #0
 180              		.cfi_def_cfa_register 7
  83:../Firmware/GD32E23x_standard_peripheral/Source/gd32e23x_crc.c ****     CRC_CTL |= (uint32_t)CRC_CTL_RST;
 181              		.loc 1 83 13
 182 0004 43F20803 		movw	r3, #12296
 183 0008 C4F20203 		movt	r3, 16386
 184 000c 1A68     		ldr	r2, [r3]
 185 000e 43F20803 		movw	r3, #12296
 186 0012 C4F20203 		movt	r3, 16386
 187 0016 0121     		movs	r1, #1
 188 0018 0A43     		orrs	r2, r1
 189 001a 1A60     		str	r2, [r3]
  84:../Firmware/GD32E23x_standard_peripheral/Source/gd32e23x_crc.c **** }
 190              		.loc 1 84 1
 191 001c C046     		nop
 192 001e BD46     		mov	sp, r7
 193              		@ sp needed
 194 0020 80BD     		pop	{r7, pc}
 195              		.cfi_endproc
 196              	.LFE61:
 198              		.section	.text.crc_data_register_read,"ax",%progbits
 199              		.align	1
 200              		.global	crc_data_register_read
 201              		.syntax unified
 202              		.code	16
 203              		.thumb_func
 204              		.fpu softvfp
 206              	crc_data_register_read:
 207              	.LFB62:
  85:../Firmware/GD32E23x_standard_peripheral/Source/gd32e23x_crc.c **** 
  86:../Firmware/GD32E23x_standard_peripheral/Source/gd32e23x_crc.c **** /*!
  87:../Firmware/GD32E23x_standard_peripheral/Source/gd32e23x_crc.c ****     \brief      read the data register
  88:../Firmware/GD32E23x_standard_peripheral/Source/gd32e23x_crc.c ****     \param[in]  none
  89:../Firmware/GD32E23x_standard_peripheral/Source/gd32e23x_crc.c ****     \param[out] none
  90:../Firmware/GD32E23x_standard_peripheral/Source/gd32e23x_crc.c ****     \retval     32-bit value of the data register
  91:../Firmware/GD32E23x_standard_peripheral/Source/gd32e23x_crc.c **** */
  92:../Firmware/GD32E23x_standard_peripheral/Source/gd32e23x_crc.c **** uint32_t crc_data_register_read(void)
  93:../Firmware/GD32E23x_standard_peripheral/Source/gd32e23x_crc.c **** {
 208              		.loc 1 93 1
 209              		.cfi_startproc
 210              		@ args = 0, pretend = 0, frame = 8
 211              		@ frame_needed = 1, uses_anonymous_args = 0
 212 0000 80B5     		push	{r7, lr}
 213              		.cfi_def_cfa_offset 8
 214              		.cfi_offset 7, -8
 215              		.cfi_offset 14, -4
 216 0002 82B0     		sub	sp, sp, #8
 217              		.cfi_def_cfa_offset 16
 218 0004 00AF     		add	r7, sp, #0
 219              		.cfi_def_cfa_register 7
  94:../Firmware/GD32E23x_standard_peripheral/Source/gd32e23x_crc.c ****     uint32_t data;
  95:../Firmware/GD32E23x_standard_peripheral/Source/gd32e23x_crc.c ****     data = CRC_DATA;
 220              		.loc 1 95 12
 221 0006 43F20003 		movw	r3, #12288
 222 000a C4F20203 		movt	r3, 16386
 223              		.loc 1 95 10
 224 000e 1B68     		ldr	r3, [r3]
 225 0010 7B60     		str	r3, [r7, #4]
  96:../Firmware/GD32E23x_standard_peripheral/Source/gd32e23x_crc.c ****     return (data);
 226              		.loc 1 96 12
 227 0012 7B68     		ldr	r3, [r7, #4]
  97:../Firmware/GD32E23x_standard_peripheral/Source/gd32e23x_crc.c **** }
 228              		.loc 1 97 1
 229 0014 1800     		movs	r0, r3
 230 0016 BD46     		mov	sp, r7
 231 0018 02B0     		add	sp, sp, #8
 232              		@ sp needed
 233 001a 80BD     		pop	{r7, pc}
 234              		.cfi_endproc
 235              	.LFE62:
 237              		.section	.text.crc_free_data_register_read,"ax",%progbits
 238              		.align	1
 239              		.global	crc_free_data_register_read
 240              		.syntax unified
 241              		.code	16
 242              		.thumb_func
 243              		.fpu softvfp
 245              	crc_free_data_register_read:
 246              	.LFB63:
  98:../Firmware/GD32E23x_standard_peripheral/Source/gd32e23x_crc.c **** 
  99:../Firmware/GD32E23x_standard_peripheral/Source/gd32e23x_crc.c **** /*!
 100:../Firmware/GD32E23x_standard_peripheral/Source/gd32e23x_crc.c ****     \brief      read the free data register
 101:../Firmware/GD32E23x_standard_peripheral/Source/gd32e23x_crc.c ****     \param[in]  none
 102:../Firmware/GD32E23x_standard_peripheral/Source/gd32e23x_crc.c ****     \param[out] none
 103:../Firmware/GD32E23x_standard_peripheral/Source/gd32e23x_crc.c ****     \retval     8-bit value of the free data register
 104:../Firmware/GD32E23x_standard_peripheral/Source/gd32e23x_crc.c **** */
 105:../Firmware/GD32E23x_standard_peripheral/Source/gd32e23x_crc.c **** uint8_t crc_free_data_register_read(void)
 106:../Firmware/GD32E23x_standard_peripheral/Source/gd32e23x_crc.c **** {
 247              		.loc 1 106 1
 248              		.cfi_startproc
 249              		@ args = 0, pretend = 0, frame = 8
 250              		@ frame_needed = 1, uses_anonymous_args = 0
 251 0000 80B5     		push	{r7, lr}
 252              		.cfi_def_cfa_offset 8
 253              		.cfi_offset 7, -8
 254              		.cfi_offset 14, -4
 255 0002 82B0     		sub	sp, sp, #8
 256              		.cfi_def_cfa_offset 16
 257 0004 00AF     		add	r7, sp, #0
 258              		.cfi_def_cfa_register 7
 107:../Firmware/GD32E23x_standard_peripheral/Source/gd32e23x_crc.c ****     uint8_t fdata;
 108:../Firmware/GD32E23x_standard_peripheral/Source/gd32e23x_crc.c ****     fdata = (uint8_t)CRC_FDATA;
 259              		.loc 1 108 22
 260 0006 43F20403 		movw	r3, #12292
 261 000a C4F20203 		movt	r3, 16386
 262 000e 1A68     		ldr	r2, [r3]
 263              		.loc 1 108 11
 264 0010 FB1D     		adds	r3, r7, #7
 265 0012 1A70     		strb	r2, [r3]
 109:../Firmware/GD32E23x_standard_peripheral/Source/gd32e23x_crc.c ****     return (fdata);
 266              		.loc 1 109 12
 267 0014 FB1D     		adds	r3, r7, #7
 268 0016 1B78     		ldrb	r3, [r3]
 110:../Firmware/GD32E23x_standard_peripheral/Source/gd32e23x_crc.c **** }
 269              		.loc 1 110 1
 270 0018 1800     		movs	r0, r3
 271 001a BD46     		mov	sp, r7
 272 001c 02B0     		add	sp, sp, #8
 273              		@ sp needed
 274 001e 80BD     		pop	{r7, pc}
 275              		.cfi_endproc
 276              	.LFE63:
 278              		.section	.text.crc_free_data_register_write,"ax",%progbits
 279              		.align	1
 280              		.global	crc_free_data_register_write
 281              		.syntax unified
 282              		.code	16
 283              		.thumb_func
 284              		.fpu softvfp
 286              	crc_free_data_register_write:
 287              	.LFB64:
 111:../Firmware/GD32E23x_standard_peripheral/Source/gd32e23x_crc.c **** 
 112:../Firmware/GD32E23x_standard_peripheral/Source/gd32e23x_crc.c **** /*!
 113:../Firmware/GD32E23x_standard_peripheral/Source/gd32e23x_crc.c ****     \brief      write the free data register
 114:../Firmware/GD32E23x_standard_peripheral/Source/gd32e23x_crc.c ****     \param[in]  free_data: specify 8-bit data
 115:../Firmware/GD32E23x_standard_peripheral/Source/gd32e23x_crc.c ****     \param[out] none
 116:../Firmware/GD32E23x_standard_peripheral/Source/gd32e23x_crc.c ****     \retval     none
 117:../Firmware/GD32E23x_standard_peripheral/Source/gd32e23x_crc.c **** */
 118:../Firmware/GD32E23x_standard_peripheral/Source/gd32e23x_crc.c **** void crc_free_data_register_write(uint8_t free_data)
 119:../Firmware/GD32E23x_standard_peripheral/Source/gd32e23x_crc.c **** {
 288              		.loc 1 119 1
 289              		.cfi_startproc
 290              		@ args = 0, pretend = 0, frame = 8
 291              		@ frame_needed = 1, uses_anonymous_args = 0
 292 0000 80B5     		push	{r7, lr}
 293              		.cfi_def_cfa_offset 8
 294              		.cfi_offset 7, -8
 295              		.cfi_offset 14, -4
 296 0002 82B0     		sub	sp, sp, #8
 297              		.cfi_def_cfa_offset 16
 298 0004 00AF     		add	r7, sp, #0
 299              		.cfi_def_cfa_register 7
 300 0006 0200     		movs	r2, r0
 301 0008 FB1D     		adds	r3, r7, #7
 302 000a 1A70     		strb	r2, [r3]
 120:../Firmware/GD32E23x_standard_peripheral/Source/gd32e23x_crc.c ****     CRC_FDATA = (uint32_t)free_data;
 303              		.loc 1 120 5
 304 000c 43F20403 		movw	r3, #12292
 305 0010 C4F20203 		movt	r3, 16386
 306              		.loc 1 120 17
 307 0014 FA1D     		adds	r2, r7, #7
 308 0016 1278     		ldrb	r2, [r2]
 309              		.loc 1 120 15
 310 0018 1A60     		str	r2, [r3]
 121:../Firmware/GD32E23x_standard_peripheral/Source/gd32e23x_crc.c **** }
 311              		.loc 1 121 1
 312 001a C046     		nop
 313 001c BD46     		mov	sp, r7
 314 001e 02B0     		add	sp, sp, #8
 315              		@ sp needed
 316 0020 80BD     		pop	{r7, pc}
 317              		.cfi_endproc
 318              	.LFE64:
 320              		.section	.text.crc_init_data_register_write,"ax",%progbits
 321              		.align	1
 322              		.global	crc_init_data_register_write
 323              		.syntax unified
 324              		.code	16
 325              		.thumb_func
 326              		.fpu softvfp
 328              	crc_init_data_register_write:
 329              	.LFB65:
 122:../Firmware/GD32E23x_standard_peripheral/Source/gd32e23x_crc.c **** 
 123:../Firmware/GD32E23x_standard_peripheral/Source/gd32e23x_crc.c **** /*!
 124:../Firmware/GD32E23x_standard_peripheral/Source/gd32e23x_crc.c ****     \brief      write the initializaiton data register
 125:../Firmware/GD32E23x_standard_peripheral/Source/gd32e23x_crc.c ****     \param[in]  init_data:specify 32-bit data
 126:../Firmware/GD32E23x_standard_peripheral/Source/gd32e23x_crc.c ****     \param[out] none
 127:../Firmware/GD32E23x_standard_peripheral/Source/gd32e23x_crc.c ****     \retval     none
 128:../Firmware/GD32E23x_standard_peripheral/Source/gd32e23x_crc.c **** */
 129:../Firmware/GD32E23x_standard_peripheral/Source/gd32e23x_crc.c **** void crc_init_data_register_write(uint32_t init_data)
 130:../Firmware/GD32E23x_standard_peripheral/Source/gd32e23x_crc.c **** {
 330              		.loc 1 130 1
 331              		.cfi_startproc
 332              		@ args = 0, pretend = 0, frame = 8
 333              		@ frame_needed = 1, uses_anonymous_args = 0
 334 0000 80B5     		push	{r7, lr}
 335              		.cfi_def_cfa_offset 8
 336              		.cfi_offset 7, -8
 337              		.cfi_offset 14, -4
 338 0002 82B0     		sub	sp, sp, #8
 339              		.cfi_def_cfa_offset 16
 340 0004 00AF     		add	r7, sp, #0
 341              		.cfi_def_cfa_register 7
 342 0006 7860     		str	r0, [r7, #4]
 131:../Firmware/GD32E23x_standard_peripheral/Source/gd32e23x_crc.c ****     CRC_IDATA = (uint32_t)init_data;
 343              		.loc 1 131 5
 344 0008 43F21003 		movw	r3, #12304
 345 000c C4F20203 		movt	r3, 16386
 346              		.loc 1 131 15
 347 0010 7A68     		ldr	r2, [r7, #4]
 348 0012 1A60     		str	r2, [r3]
 132:../Firmware/GD32E23x_standard_peripheral/Source/gd32e23x_crc.c **** }
 349              		.loc 1 132 1
 350 0014 C046     		nop
 351 0016 BD46     		mov	sp, r7
 352 0018 02B0     		add	sp, sp, #8
 353              		@ sp needed
 354 001a 80BD     		pop	{r7, pc}
 355              		.cfi_endproc
 356              	.LFE65:
 358              		.section	.text.crc_input_data_reverse_config,"ax",%progbits
 359              		.align	1
 360              		.global	crc_input_data_reverse_config
 361              		.syntax unified
 362              		.code	16
 363              		.thumb_func
 364              		.fpu softvfp
 366              	crc_input_data_reverse_config:
 367              	.LFB66:
 133:../Firmware/GD32E23x_standard_peripheral/Source/gd32e23x_crc.c **** 
 134:../Firmware/GD32E23x_standard_peripheral/Source/gd32e23x_crc.c **** /*!
 135:../Firmware/GD32E23x_standard_peripheral/Source/gd32e23x_crc.c ****     \brief      configure the CRC input data function
 136:../Firmware/GD32E23x_standard_peripheral/Source/gd32e23x_crc.c ****     \param[in]  data_reverse: specify input data reverse function
 137:../Firmware/GD32E23x_standard_peripheral/Source/gd32e23x_crc.c ****                 only one parameter can be selected which is shown as below:
 138:../Firmware/GD32E23x_standard_peripheral/Source/gd32e23x_crc.c ****       \arg        CRC_INPUT_DATA_NOT: input data is not reversed
 139:../Firmware/GD32E23x_standard_peripheral/Source/gd32e23x_crc.c ****       \arg        CRC_INPUT_DATA_BYTE: input data is reversed on 8 bits
 140:../Firmware/GD32E23x_standard_peripheral/Source/gd32e23x_crc.c ****       \arg        CRC_INPUT_DATA_HALFWORD: input data is reversed on 16 bits
 141:../Firmware/GD32E23x_standard_peripheral/Source/gd32e23x_crc.c ****       \arg        CRC_INPUT_DATA_WORD: input data is reversed on 32 bits
 142:../Firmware/GD32E23x_standard_peripheral/Source/gd32e23x_crc.c ****     \param[out] none
 143:../Firmware/GD32E23x_standard_peripheral/Source/gd32e23x_crc.c ****     \retval     none
 144:../Firmware/GD32E23x_standard_peripheral/Source/gd32e23x_crc.c **** */
 145:../Firmware/GD32E23x_standard_peripheral/Source/gd32e23x_crc.c **** void crc_input_data_reverse_config(uint32_t data_reverse)
 146:../Firmware/GD32E23x_standard_peripheral/Source/gd32e23x_crc.c **** {
 368              		.loc 1 146 1
 369              		.cfi_startproc
 370              		@ args = 0, pretend = 0, frame = 8
 371              		@ frame_needed = 1, uses_anonymous_args = 0
 372 0000 80B5     		push	{r7, lr}
 373              		.cfi_def_cfa_offset 8
 374              		.cfi_offset 7, -8
 375              		.cfi_offset 14, -4
 376 0002 82B0     		sub	sp, sp, #8
 377              		.cfi_def_cfa_offset 16
 378 0004 00AF     		add	r7, sp, #0
 379              		.cfi_def_cfa_register 7
 380 0006 7860     		str	r0, [r7, #4]
 147:../Firmware/GD32E23x_standard_peripheral/Source/gd32e23x_crc.c ****     CRC_CTL &= (uint32_t)(~CRC_CTL_REV_I);
 381              		.loc 1 147 13
 382 0008 43F20803 		movw	r3, #12296
 383 000c C4F20203 		movt	r3, 16386
 384 0010 1A68     		ldr	r2, [r3]
 385 0012 43F20803 		movw	r3, #12296
 386 0016 C4F20203 		movt	r3, 16386
 387 001a 6021     		movs	r1, #96
 388 001c 8A43     		bics	r2, r1
 389 001e 1A60     		str	r2, [r3]
 148:../Firmware/GD32E23x_standard_peripheral/Source/gd32e23x_crc.c ****     CRC_CTL |= (uint32_t)data_reverse;
 390              		.loc 1 148 13
 391 0020 43F20803 		movw	r3, #12296
 392 0024 C4F20203 		movt	r3, 16386
 393 0028 1968     		ldr	r1, [r3]
 394 002a 43F20803 		movw	r3, #12296
 395 002e C4F20203 		movt	r3, 16386
 396 0032 7A68     		ldr	r2, [r7, #4]
 397 0034 0A43     		orrs	r2, r1
 398 0036 1A60     		str	r2, [r3]
 149:../Firmware/GD32E23x_standard_peripheral/Source/gd32e23x_crc.c **** }
 399              		.loc 1 149 1
 400 0038 C046     		nop
 401 003a BD46     		mov	sp, r7
 402 003c 02B0     		add	sp, sp, #8
 403              		@ sp needed
 404 003e 80BD     		pop	{r7, pc}
 405              		.cfi_endproc
 406              	.LFE66:
 408              		.section	.text.crc_polynomial_size_set,"ax",%progbits
 409              		.align	1
 410              		.global	crc_polynomial_size_set
 411              		.syntax unified
 412              		.code	16
 413              		.thumb_func
 414              		.fpu softvfp
 416              	crc_polynomial_size_set:
 417              	.LFB67:
 150:../Firmware/GD32E23x_standard_peripheral/Source/gd32e23x_crc.c **** 
 151:../Firmware/GD32E23x_standard_peripheral/Source/gd32e23x_crc.c **** /*!
 152:../Firmware/GD32E23x_standard_peripheral/Source/gd32e23x_crc.c ****     \brief      configure the CRC size of polynomial function
 153:../Firmware/GD32E23x_standard_peripheral/Source/gd32e23x_crc.c ****     \param[in]  poly_size: size of polynomial
 154:../Firmware/GD32E23x_standard_peripheral/Source/gd32e23x_crc.c ****                 only one parameter can be selected which is shown as below:
 155:../Firmware/GD32E23x_standard_peripheral/Source/gd32e23x_crc.c ****       \arg        CRC_CTL_PS_32: 32-bit polynomial for CRC calculation
 156:../Firmware/GD32E23x_standard_peripheral/Source/gd32e23x_crc.c ****       \arg        CRC_CTL_PS_16: 16-bit polynomial for CRC calculation
 157:../Firmware/GD32E23x_standard_peripheral/Source/gd32e23x_crc.c ****       \arg        CRC_CTL_PS_8: 8-bit polynomial for CRC calculation
 158:../Firmware/GD32E23x_standard_peripheral/Source/gd32e23x_crc.c ****       \arg        CRC_CTL_PS_7: 7-bit polynomial for CRC calculation
 159:../Firmware/GD32E23x_standard_peripheral/Source/gd32e23x_crc.c ****     \param[out] none
 160:../Firmware/GD32E23x_standard_peripheral/Source/gd32e23x_crc.c ****     \retval     none
 161:../Firmware/GD32E23x_standard_peripheral/Source/gd32e23x_crc.c **** */
 162:../Firmware/GD32E23x_standard_peripheral/Source/gd32e23x_crc.c **** void crc_polynomial_size_set(uint32_t poly_size)
 163:../Firmware/GD32E23x_standard_peripheral/Source/gd32e23x_crc.c **** {
 418              		.loc 1 163 1
 419              		.cfi_startproc
 420              		@ args = 0, pretend = 0, frame = 8
 421              		@ frame_needed = 1, uses_anonymous_args = 0
 422 0000 80B5     		push	{r7, lr}
 423              		.cfi_def_cfa_offset 8
 424              		.cfi_offset 7, -8
 425              		.cfi_offset 14, -4
 426 0002 82B0     		sub	sp, sp, #8
 427              		.cfi_def_cfa_offset 16
 428 0004 00AF     		add	r7, sp, #0
 429              		.cfi_def_cfa_register 7
 430 0006 7860     		str	r0, [r7, #4]
 164:../Firmware/GD32E23x_standard_peripheral/Source/gd32e23x_crc.c ****     CRC_CTL &= (uint32_t)(~(CRC_CTL_PS));
 431              		.loc 1 164 13
 432 0008 43F20803 		movw	r3, #12296
 433 000c C4F20203 		movt	r3, 16386
 434 0010 1A68     		ldr	r2, [r3]
 435 0012 43F20803 		movw	r3, #12296
 436 0016 C4F20203 		movt	r3, 16386
 437 001a 1821     		movs	r1, #24
 438 001c 8A43     		bics	r2, r1
 439 001e 1A60     		str	r2, [r3]
 165:../Firmware/GD32E23x_standard_peripheral/Source/gd32e23x_crc.c ****     CRC_CTL |= (uint32_t)poly_size;
 440              		.loc 1 165 13
 441 0020 43F20803 		movw	r3, #12296
 442 0024 C4F20203 		movt	r3, 16386
 443 0028 1968     		ldr	r1, [r3]
 444 002a 43F20803 		movw	r3, #12296
 445 002e C4F20203 		movt	r3, 16386
 446 0032 7A68     		ldr	r2, [r7, #4]
 447 0034 0A43     		orrs	r2, r1
 448 0036 1A60     		str	r2, [r3]
 166:../Firmware/GD32E23x_standard_peripheral/Source/gd32e23x_crc.c **** }
 449              		.loc 1 166 1
 450 0038 C046     		nop
 451 003a BD46     		mov	sp, r7
 452 003c 02B0     		add	sp, sp, #8
 453              		@ sp needed
 454 003e 80BD     		pop	{r7, pc}
 455              		.cfi_endproc
 456              	.LFE67:
 458              		.section	.text.crc_polynomial_set,"ax",%progbits
 459              		.align	1
 460              		.global	crc_polynomial_set
 461              		.syntax unified
 462              		.code	16
 463              		.thumb_func
 464              		.fpu softvfp
 466              	crc_polynomial_set:
 467              	.LFB68:
 167:../Firmware/GD32E23x_standard_peripheral/Source/gd32e23x_crc.c **** 
 168:../Firmware/GD32E23x_standard_peripheral/Source/gd32e23x_crc.c **** /*!
 169:../Firmware/GD32E23x_standard_peripheral/Source/gd32e23x_crc.c ****     \brief      configure the CRC polynomial value function
 170:../Firmware/GD32E23x_standard_peripheral/Source/gd32e23x_crc.c ****     \param[in]  poly: configurable polynomial value
 171:../Firmware/GD32E23x_standard_peripheral/Source/gd32e23x_crc.c ****     \param[out] none
 172:../Firmware/GD32E23x_standard_peripheral/Source/gd32e23x_crc.c ****     \retval     none
 173:../Firmware/GD32E23x_standard_peripheral/Source/gd32e23x_crc.c **** */
 174:../Firmware/GD32E23x_standard_peripheral/Source/gd32e23x_crc.c **** void crc_polynomial_set(uint32_t poly)
 175:../Firmware/GD32E23x_standard_peripheral/Source/gd32e23x_crc.c **** {
 468              		.loc 1 175 1
 469              		.cfi_startproc
 470              		@ args = 0, pretend = 0, frame = 8
 471              		@ frame_needed = 1, uses_anonymous_args = 0
 472 0000 80B5     		push	{r7, lr}
 473              		.cfi_def_cfa_offset 8
 474              		.cfi_offset 7, -8
 475              		.cfi_offset 14, -4
 476 0002 82B0     		sub	sp, sp, #8
 477              		.cfi_def_cfa_offset 16
 478 0004 00AF     		add	r7, sp, #0
 479              		.cfi_def_cfa_register 7
 480 0006 7860     		str	r0, [r7, #4]
 176:../Firmware/GD32E23x_standard_peripheral/Source/gd32e23x_crc.c ****     CRC_POLY &= (uint32_t)(~CRC_POLY_POLY);
 481              		.loc 1 176 14
 482 0008 43F21403 		movw	r3, #12308
 483 000c C4F20203 		movt	r3, 16386
 484 0010 1B68     		ldr	r3, [r3]
 485 0012 43F21403 		movw	r3, #12308
 486 0016 C4F20203 		movt	r3, 16386
 487 001a 0022     		movs	r2, #0
 488 001c 1A60     		str	r2, [r3]
 177:../Firmware/GD32E23x_standard_peripheral/Source/gd32e23x_crc.c ****     CRC_POLY = poly;
 489              		.loc 1 177 5
 490 001e 43F21403 		movw	r3, #12308
 491 0022 C4F20203 		movt	r3, 16386
 492              		.loc 1 177 14
 493 0026 7A68     		ldr	r2, [r7, #4]
 494 0028 1A60     		str	r2, [r3]
 178:../Firmware/GD32E23x_standard_peripheral/Source/gd32e23x_crc.c **** }
 495              		.loc 1 178 1
 496 002a C046     		nop
 497 002c BD46     		mov	sp, r7
 498 002e 02B0     		add	sp, sp, #8
 499              		@ sp needed
 500 0030 80BD     		pop	{r7, pc}
 501              		.cfi_endproc
 502              	.LFE68:
 504              		.section	.text.crc_single_data_calculate,"ax",%progbits
 505              		.align	1
 506              		.global	crc_single_data_calculate
 507              		.syntax unified
 508              		.code	16
 509              		.thumb_func
 510              		.fpu softvfp
 512              	crc_single_data_calculate:
 513              	.LFB69:
 179:../Firmware/GD32E23x_standard_peripheral/Source/gd32e23x_crc.c **** 
 180:../Firmware/GD32E23x_standard_peripheral/Source/gd32e23x_crc.c **** /*!
 181:../Firmware/GD32E23x_standard_peripheral/Source/gd32e23x_crc.c ****     \brief      CRC calculate single data
 182:../Firmware/GD32E23x_standard_peripheral/Source/gd32e23x_crc.c ****     \param[in]  sdata: specify input data
 183:../Firmware/GD32E23x_standard_peripheral/Source/gd32e23x_crc.c ****     \param[in]  data_format: input data format
 184:../Firmware/GD32E23x_standard_peripheral/Source/gd32e23x_crc.c ****                 only one parameter can be selected which is shown as below:
 185:../Firmware/GD32E23x_standard_peripheral/Source/gd32e23x_crc.c ****       \arg        INPUT_FORMAT_WORD: input data in word format
 186:../Firmware/GD32E23x_standard_peripheral/Source/gd32e23x_crc.c ****       \arg        INPUT_FORMAT_HALFWORD: input data in half-word format
 187:../Firmware/GD32E23x_standard_peripheral/Source/gd32e23x_crc.c ****       \arg        INPUT_FORMAT_BYTE: input data in byte format
 188:../Firmware/GD32E23x_standard_peripheral/Source/gd32e23x_crc.c ****     \param[out] none
 189:../Firmware/GD32E23x_standard_peripheral/Source/gd32e23x_crc.c ****     \retval     CRC calculate value
 190:../Firmware/GD32E23x_standard_peripheral/Source/gd32e23x_crc.c **** */
 191:../Firmware/GD32E23x_standard_peripheral/Source/gd32e23x_crc.c **** uint32_t crc_single_data_calculate(uint32_t sdata, uint8_t data_format)
 192:../Firmware/GD32E23x_standard_peripheral/Source/gd32e23x_crc.c **** {
 514              		.loc 1 192 1
 515              		.cfi_startproc
 516              		@ args = 0, pretend = 0, frame = 8
 517              		@ frame_needed = 1, uses_anonymous_args = 0
 518 0000 80B5     		push	{r7, lr}
 519              		.cfi_def_cfa_offset 8
 520              		.cfi_offset 7, -8
 521              		.cfi_offset 14, -4
 522 0002 82B0     		sub	sp, sp, #8
 523              		.cfi_def_cfa_offset 16
 524 0004 00AF     		add	r7, sp, #0
 525              		.cfi_def_cfa_register 7
 526 0006 7860     		str	r0, [r7, #4]
 527 0008 0A00     		movs	r2, r1
 528 000a FB1C     		adds	r3, r7, #3
 529 000c 1A70     		strb	r2, [r3]
 193:../Firmware/GD32E23x_standard_peripheral/Source/gd32e23x_crc.c ****     if(INPUT_FORMAT_WORD == data_format) {
 530              		.loc 1 193 7
 531 000e FB1C     		adds	r3, r7, #3
 532 0010 1B78     		ldrb	r3, [r3]
 533 0012 33B9     		cbnz	r3, .L15
 194:../Firmware/GD32E23x_standard_peripheral/Source/gd32e23x_crc.c ****         REG32(CRC) = sdata;
 534              		.loc 1 194 9
 535 0014 43F20003 		movw	r3, #12288
 536 0018 C4F20203 		movt	r3, 16386
 537              		.loc 1 194 20
 538 001c 7A68     		ldr	r2, [r7, #4]
 539 001e 1A60     		str	r2, [r3]
 540 0020 12E0     		b	.L16
 541              	.L15:
 195:../Firmware/GD32E23x_standard_peripheral/Source/gd32e23x_crc.c ****     } else if(INPUT_FORMAT_HALFWORD == data_format) {
 542              		.loc 1 195 14
 543 0022 FB1C     		adds	r3, r7, #3
 544 0024 1B78     		ldrb	r3, [r3]
 545 0026 012B     		cmp	r3, #1
 546 0028 07D1     		bne	.L17
 196:../Firmware/GD32E23x_standard_peripheral/Source/gd32e23x_crc.c ****         REG16(CRC) = (uint16_t)sdata;
 547              		.loc 1 196 9
 548 002a 43F20003 		movw	r3, #12288
 549 002e C4F20203 		movt	r3, 16386
 550              		.loc 1 196 22
 551 0032 7A68     		ldr	r2, [r7, #4]
 552 0034 92B2     		uxth	r2, r2
 553              		.loc 1 196 20
 554 0036 1A80     		strh	r2, [r3]
 555 0038 06E0     		b	.L16
 556              	.L17:
 197:../Firmware/GD32E23x_standard_peripheral/Source/gd32e23x_crc.c ****     } else {
 198:../Firmware/GD32E23x_standard_peripheral/Source/gd32e23x_crc.c ****         REG8(CRC) = (uint8_t)sdata;
 557              		.loc 1 198 9
 558 003a 43F20003 		movw	r3, #12288
 559 003e C4F20203 		movt	r3, 16386
 560              		.loc 1 198 21
 561 0042 7A68     		ldr	r2, [r7, #4]
 562 0044 D2B2     		uxtb	r2, r2
 563              		.loc 1 198 19
 564 0046 1A70     		strb	r2, [r3]
 565              	.L16:
 199:../Firmware/GD32E23x_standard_peripheral/Source/gd32e23x_crc.c ****     }
 200:../Firmware/GD32E23x_standard_peripheral/Source/gd32e23x_crc.c **** 
 201:../Firmware/GD32E23x_standard_peripheral/Source/gd32e23x_crc.c ****     return(CRC_DATA);
 566              		.loc 1 201 12
 567 0048 43F20003 		movw	r3, #12288
 568 004c C4F20203 		movt	r3, 16386
 569 0050 1B68     		ldr	r3, [r3]
 202:../Firmware/GD32E23x_standard_peripheral/Source/gd32e23x_crc.c **** }
 570              		.loc 1 202 1
 571 0052 1800     		movs	r0, r3
 572 0054 BD46     		mov	sp, r7
 573 0056 02B0     		add	sp, sp, #8
 574              		@ sp needed
 575 0058 80BD     		pop	{r7, pc}
 576              		.cfi_endproc
 577              	.LFE69:
 579              		.section	.text.crc_block_data_calculate,"ax",%progbits
 580              		.align	1
 581              		.global	crc_block_data_calculate
 582              		.syntax unified
 583              		.code	16
 584              		.thumb_func
 585              		.fpu softvfp
 587              	crc_block_data_calculate:
 588              	.LFB70:
 203:../Firmware/GD32E23x_standard_peripheral/Source/gd32e23x_crc.c **** 
 204:../Firmware/GD32E23x_standard_peripheral/Source/gd32e23x_crc.c **** /*!
 205:../Firmware/GD32E23x_standard_peripheral/Source/gd32e23x_crc.c ****     \brief      CRC calculate a data array
 206:../Firmware/GD32E23x_standard_peripheral/Source/gd32e23x_crc.c ****     \param[in]  array: pointer to the input data array
 207:../Firmware/GD32E23x_standard_peripheral/Source/gd32e23x_crc.c ****     \param[in]  size: size of the array
 208:../Firmware/GD32E23x_standard_peripheral/Source/gd32e23x_crc.c ****     \param[in]  data_format: input data format
 209:../Firmware/GD32E23x_standard_peripheral/Source/gd32e23x_crc.c ****                 only one parameter can be selected which is shown as below:
 210:../Firmware/GD32E23x_standard_peripheral/Source/gd32e23x_crc.c ****       \arg        INPUT_FORMAT_WORD: input data in word format
 211:../Firmware/GD32E23x_standard_peripheral/Source/gd32e23x_crc.c ****       \arg        INPUT_FORMAT_HALFWORD: input data in half-word format
 212:../Firmware/GD32E23x_standard_peripheral/Source/gd32e23x_crc.c ****       \arg        INPUT_FORMAT_BYTE: input data in byte format
 213:../Firmware/GD32E23x_standard_peripheral/Source/gd32e23x_crc.c ****     \param[out] none
 214:../Firmware/GD32E23x_standard_peripheral/Source/gd32e23x_crc.c ****     \retval     CRC calculate value
 215:../Firmware/GD32E23x_standard_peripheral/Source/gd32e23x_crc.c **** */
 216:../Firmware/GD32E23x_standard_peripheral/Source/gd32e23x_crc.c **** uint32_t crc_block_data_calculate(void *array, uint32_t size, uint8_t data_format)
 217:../Firmware/GD32E23x_standard_peripheral/Source/gd32e23x_crc.c **** {
 589              		.loc 1 217 1
 590              		.cfi_startproc
 591              		@ args = 0, pretend = 0, frame = 32
 592              		@ frame_needed = 1, uses_anonymous_args = 0
 593 0000 80B5     		push	{r7, lr}
 594              		.cfi_def_cfa_offset 8
 595              		.cfi_offset 7, -8
 596              		.cfi_offset 14, -4
 597 0002 88B0     		sub	sp, sp, #32
 598              		.cfi_def_cfa_offset 40
 599 0004 00AF     		add	r7, sp, #0
 600              		.cfi_def_cfa_register 7
 601 0006 F860     		str	r0, [r7, #12]
 602 0008 B960     		str	r1, [r7, #8]
 603 000a FB1D     		adds	r3, r7, #7
 604 000c 1A70     		strb	r2, [r3]
 218:../Firmware/GD32E23x_standard_peripheral/Source/gd32e23x_crc.c ****     uint32_t index;
 219:../Firmware/GD32E23x_standard_peripheral/Source/gd32e23x_crc.c ****     uint32_t data;
 220:../Firmware/GD32E23x_standard_peripheral/Source/gd32e23x_crc.c ****     uint32_t data_calcul = 0xFFFFFFFFU;
 605              		.loc 1 220 14
 606 000e 0123     		movs	r3, #1
 607 0010 5B42     		rsbs	r3, r3, #0
 608 0012 7B61     		str	r3, [r7, #20]
 221:../Firmware/GD32E23x_standard_peripheral/Source/gd32e23x_crc.c **** 
 222:../Firmware/GD32E23x_standard_peripheral/Source/gd32e23x_crc.c ****     data = (uint32_t)array;
 609              		.loc 1 222 10
 610 0014 FB68     		ldr	r3, [r7, #12]
 611 0016 BB61     		str	r3, [r7, #24]
 223:../Firmware/GD32E23x_standard_peripheral/Source/gd32e23x_crc.c **** 
 224:../Firmware/GD32E23x_standard_peripheral/Source/gd32e23x_crc.c ****     if(INPUT_FORMAT_WORD == data_format) {
 612              		.loc 1 224 7
 613 0018 FB1D     		adds	r3, r7, #7
 614 001a 1B78     		ldrb	r3, [r3]
 615 001c A3B9     		cbnz	r3, .L20
 225:../Firmware/GD32E23x_standard_peripheral/Source/gd32e23x_crc.c ****         for(index = 0U; index < size; index++) {
 616              		.loc 1 225 19
 617 001e 0023     		movs	r3, #0
 618 0020 FB61     		str	r3, [r7, #28]
 619              		.loc 1 225 9
 620 0022 0CE0     		b	.L21
 621              	.L22:
 226:../Firmware/GD32E23x_standard_peripheral/Source/gd32e23x_crc.c ****             REG32(CRC) = *(uint32_t *)data;
 622              		.loc 1 226 27 discriminator 3
 623 0024 BA69     		ldr	r2, [r7, #24]
 624              		.loc 1 226 13 discriminator 3
 625 0026 43F20003 		movw	r3, #12288
 626 002a C4F20203 		movt	r3, 16386
 627              		.loc 1 226 26 discriminator 3
 628 002e 1268     		ldr	r2, [r2]
 629              		.loc 1 226 24 discriminator 3
 630 0030 1A60     		str	r2, [r3]
 227:../Firmware/GD32E23x_standard_peripheral/Source/gd32e23x_crc.c ****             data += 4U;
 631              		.loc 1 227 18 discriminator 3
 632 0032 BB69     		ldr	r3, [r7, #24]
 633 0034 0433     		adds	r3, r3, #4
 634 0036 BB61     		str	r3, [r7, #24]
 225:../Firmware/GD32E23x_standard_peripheral/Source/gd32e23x_crc.c ****         for(index = 0U; index < size; index++) {
 635              		.loc 1 225 44 discriminator 3
 636 0038 FB69     		ldr	r3, [r7, #28]
 637 003a 0133     		adds	r3, r3, #1
 638 003c FB61     		str	r3, [r7, #28]
 639              	.L21:
 225:../Firmware/GD32E23x_standard_peripheral/Source/gd32e23x_crc.c ****         for(index = 0U; index < size; index++) {
 640              		.loc 1 225 9 discriminator 1
 641 003e FA69     		ldr	r2, [r7, #28]
 642 0040 BB68     		ldr	r3, [r7, #8]
 643 0042 9A42     		cmp	r2, r3
 644 0044 EED3     		bcc	.L22
 645 0046 2CE0     		b	.L23
 646              	.L20:
 228:../Firmware/GD32E23x_standard_peripheral/Source/gd32e23x_crc.c ****         }
 229:../Firmware/GD32E23x_standard_peripheral/Source/gd32e23x_crc.c ****     } else if(INPUT_FORMAT_HALFWORD == data_format) {
 647              		.loc 1 229 14
 648 0048 FB1D     		adds	r3, r7, #7
 649 004a 1B78     		ldrb	r3, [r3]
 650 004c 012B     		cmp	r3, #1
 651 004e 14D1     		bne	.L24
 230:../Firmware/GD32E23x_standard_peripheral/Source/gd32e23x_crc.c ****         for(index = 0U; index < size; index++) {
 652              		.loc 1 230 19
 653 0050 0023     		movs	r3, #0
 654 0052 FB61     		str	r3, [r7, #28]
 655              		.loc 1 230 9
 656 0054 0CE0     		b	.L25
 657              	.L26:
 231:../Firmware/GD32E23x_standard_peripheral/Source/gd32e23x_crc.c ****             REG16(CRC) = *(uint16_t *)data;
 658              		.loc 1 231 27 discriminator 3
 659 0056 BA69     		ldr	r2, [r7, #24]
 660              		.loc 1 231 13 discriminator 3
 661 0058 43F20003 		movw	r3, #12288
 662 005c C4F20203 		movt	r3, 16386
 663              		.loc 1 231 26 discriminator 3
 664 0060 1288     		ldrh	r2, [r2]
 665              		.loc 1 231 24 discriminator 3
 666 0062 1A80     		strh	r2, [r3]
 232:../Firmware/GD32E23x_standard_peripheral/Source/gd32e23x_crc.c ****             data += 2U;
 667              		.loc 1 232 18 discriminator 3
 668 0064 BB69     		ldr	r3, [r7, #24]
 669 0066 0233     		adds	r3, r3, #2
 670 0068 BB61     		str	r3, [r7, #24]
 230:../Firmware/GD32E23x_standard_peripheral/Source/gd32e23x_crc.c ****         for(index = 0U; index < size; index++) {
 671              		.loc 1 230 44 discriminator 3
 672 006a FB69     		ldr	r3, [r7, #28]
 673 006c 0133     		adds	r3, r3, #1
 674 006e FB61     		str	r3, [r7, #28]
 675              	.L25:
 230:../Firmware/GD32E23x_standard_peripheral/Source/gd32e23x_crc.c ****         for(index = 0U; index < size; index++) {
 676              		.loc 1 230 9 discriminator 1
 677 0070 FA69     		ldr	r2, [r7, #28]
 678 0072 BB68     		ldr	r3, [r7, #8]
 679 0074 9A42     		cmp	r2, r3
 680 0076 EED3     		bcc	.L26
 681 0078 13E0     		b	.L23
 682              	.L24:
 233:../Firmware/GD32E23x_standard_peripheral/Source/gd32e23x_crc.c ****         }
 234:../Firmware/GD32E23x_standard_peripheral/Source/gd32e23x_crc.c ****     } else {
 235:../Firmware/GD32E23x_standard_peripheral/Source/gd32e23x_crc.c ****         for(index = 0U; index < size; index++) {
 683              		.loc 1 235 19
 684 007a 0023     		movs	r3, #0
 685 007c FB61     		str	r3, [r7, #28]
 686              		.loc 1 235 9
 687 007e 0CE0     		b	.L27
 688              	.L28:
 236:../Firmware/GD32E23x_standard_peripheral/Source/gd32e23x_crc.c ****             REG8(CRC) = *(uint8_t *)data;
 689              		.loc 1 236 26 discriminator 3
 690 0080 BA69     		ldr	r2, [r7, #24]
 691              		.loc 1 236 13 discriminator 3
 692 0082 43F20003 		movw	r3, #12288
 693 0086 C4F20203 		movt	r3, 16386
 694              		.loc 1 236 25 discriminator 3
 695 008a 1278     		ldrb	r2, [r2]
 696              		.loc 1 236 23 discriminator 3
 697 008c 1A70     		strb	r2, [r3]
 237:../Firmware/GD32E23x_standard_peripheral/Source/gd32e23x_crc.c ****             data += 1U;
 698              		.loc 1 237 18 discriminator 3
 699 008e BB69     		ldr	r3, [r7, #24]
 700 0090 0133     		adds	r3, r3, #1
 701 0092 BB61     		str	r3, [r7, #24]
 235:../Firmware/GD32E23x_standard_peripheral/Source/gd32e23x_crc.c ****             REG8(CRC) = *(uint8_t *)data;
 702              		.loc 1 235 44 discriminator 3
 703 0094 FB69     		ldr	r3, [r7, #28]
 704 0096 0133     		adds	r3, r3, #1
 705 0098 FB61     		str	r3, [r7, #28]
 706              	.L27:
 235:../Firmware/GD32E23x_standard_peripheral/Source/gd32e23x_crc.c ****             REG8(CRC) = *(uint8_t *)data;
 707              		.loc 1 235 9 discriminator 1
 708 009a FA69     		ldr	r2, [r7, #28]
 709 009c BB68     		ldr	r3, [r7, #8]
 710 009e 9A42     		cmp	r2, r3
 711 00a0 EED3     		bcc	.L28
 712              	.L23:
 238:../Firmware/GD32E23x_standard_peripheral/Source/gd32e23x_crc.c ****         }
 239:../Firmware/GD32E23x_standard_peripheral/Source/gd32e23x_crc.c ****     }
 240:../Firmware/GD32E23x_standard_peripheral/Source/gd32e23x_crc.c ****     data_calcul = CRC_DATA;
 713              		.loc 1 240 19
 714 00a2 43F20003 		movw	r3, #12288
 715 00a6 C4F20203 		movt	r3, 16386
 716              		.loc 1 240 17
 717 00aa 1B68     		ldr	r3, [r3]
 718 00ac 7B61     		str	r3, [r7, #20]
 241:../Firmware/GD32E23x_standard_peripheral/Source/gd32e23x_crc.c **** 
 242:../Firmware/GD32E23x_standard_peripheral/Source/gd32e23x_crc.c ****     return data_calcul;
 719              		.loc 1 242 12
 720 00ae 7B69     		ldr	r3, [r7, #20]
 243:../Firmware/GD32E23x_standard_peripheral/Source/gd32e23x_crc.c **** }
 721              		.loc 1 243 1
 722 00b0 1800     		movs	r0, r3
 723 00b2 BD46     		mov	sp, r7
 724 00b4 08B0     		add	sp, sp, #32
 725              		@ sp needed
 726 00b6 80BD     		pop	{r7, pc}
 727              		.cfi_endproc
 728              	.LFE70:
 730              		.text
 731              	.Letext0:
 732              		.file 2 "d:\\software\\gd32embeddedbuilder_v1.5.6_rel\\tools\\gnu tools arm embedded\\xpack-arm-no
 733              		.file 3 "d:\\software\\gd32embeddedbuilder_v1.5.6_rel\\tools\\gnu tools arm embedded\\xpack-arm-no
 734              		.file 4 "../Firmware/CMSIS/GD/GD32E23x/Include/system_gd32e23x.h"
DEFINED SYMBOLS
                            *ABS*:00000000 gd32e23x_crc.c
C:\Users\sen.he\AppData\Local\Temp\ccMyeUzD.s:16     .text.crc_deinit:00000000 $t
C:\Users\sen.he\AppData\Local\Temp\ccMyeUzD.s:24     .text.crc_deinit:00000000 crc_deinit
C:\Users\sen.he\AppData\Local\Temp\ccMyeUzD.s:79     .text.crc_reverse_output_data_enable:00000000 $t
C:\Users\sen.he\AppData\Local\Temp\ccMyeUzD.s:86     .text.crc_reverse_output_data_enable:00000000 crc_reverse_output_data_enable
C:\Users\sen.he\AppData\Local\Temp\ccMyeUzD.s:125    .text.crc_reverse_output_data_disable:00000000 $t
C:\Users\sen.he\AppData\Local\Temp\ccMyeUzD.s:132    .text.crc_reverse_output_data_disable:00000000 crc_reverse_output_data_disable
C:\Users\sen.he\AppData\Local\Temp\ccMyeUzD.s:162    .text.crc_data_register_reset:00000000 $t
C:\Users\sen.he\AppData\Local\Temp\ccMyeUzD.s:169    .text.crc_data_register_reset:00000000 crc_data_register_reset
C:\Users\sen.he\AppData\Local\Temp\ccMyeUzD.s:199    .text.crc_data_register_read:00000000 $t
C:\Users\sen.he\AppData\Local\Temp\ccMyeUzD.s:206    .text.crc_data_register_read:00000000 crc_data_register_read
C:\Users\sen.he\AppData\Local\Temp\ccMyeUzD.s:238    .text.crc_free_data_register_read:00000000 $t
C:\Users\sen.he\AppData\Local\Temp\ccMyeUzD.s:245    .text.crc_free_data_register_read:00000000 crc_free_data_register_read
C:\Users\sen.he\AppData\Local\Temp\ccMyeUzD.s:279    .text.crc_free_data_register_write:00000000 $t
C:\Users\sen.he\AppData\Local\Temp\ccMyeUzD.s:286    .text.crc_free_data_register_write:00000000 crc_free_data_register_write
C:\Users\sen.he\AppData\Local\Temp\ccMyeUzD.s:321    .text.crc_init_data_register_write:00000000 $t
C:\Users\sen.he\AppData\Local\Temp\ccMyeUzD.s:328    .text.crc_init_data_register_write:00000000 crc_init_data_register_write
C:\Users\sen.he\AppData\Local\Temp\ccMyeUzD.s:359    .text.crc_input_data_reverse_config:00000000 $t
C:\Users\sen.he\AppData\Local\Temp\ccMyeUzD.s:366    .text.crc_input_data_reverse_config:00000000 crc_input_data_reverse_config
C:\Users\sen.he\AppData\Local\Temp\ccMyeUzD.s:409    .text.crc_polynomial_size_set:00000000 $t
C:\Users\sen.he\AppData\Local\Temp\ccMyeUzD.s:416    .text.crc_polynomial_size_set:00000000 crc_polynomial_size_set
C:\Users\sen.he\AppData\Local\Temp\ccMyeUzD.s:459    .text.crc_polynomial_set:00000000 $t
C:\Users\sen.he\AppData\Local\Temp\ccMyeUzD.s:466    .text.crc_polynomial_set:00000000 crc_polynomial_set
C:\Users\sen.he\AppData\Local\Temp\ccMyeUzD.s:505    .text.crc_single_data_calculate:00000000 $t
C:\Users\sen.he\AppData\Local\Temp\ccMyeUzD.s:512    .text.crc_single_data_calculate:00000000 crc_single_data_calculate
C:\Users\sen.he\AppData\Local\Temp\ccMyeUzD.s:580    .text.crc_block_data_calculate:00000000 $t
C:\Users\sen.he\AppData\Local\Temp\ccMyeUzD.s:587    .text.crc_block_data_calculate:00000000 crc_block_data_calculate
                           .group:00000000 wm4.0.590463c46bf1d553a4d8081ecba6952e
                           .group:00000000 wm4.gd32e23x.h.39.0bf85d194b71a50de4fcad938c637dda
                           .group:00000000 wm4._newlib_version.h.4.9ba035841e762c3308916a0ce96032e7
                           .group:00000000 wm4.features.h.33.318b64d71e0957639cfb30f1db1f7ec8
                           .group:00000000 wm4._default_types.h.15.247e5cd201eca3442cbf5404108c4935
                           .group:00000000 wm4._intsup.h.10.cce27fed8484c08a33f522034c30d2b5
                           .group:00000000 wm4._stdint.h.10.c24fa3af3bc1706662bb5593a907e841
                           .group:00000000 wm4.stdint.h.23.d53047a68f4a85177f80b422d52785ed
                           .group:00000000 wm4.core_cm23.h.64.de3bc139a6604757cb96382033d22ea4
                           .group:00000000 wm4.cmsis_gcc.h.26.41038879cf168e2c536d47f29b7e8dd8
                           .group:00000000 wm4.core_cm23.h.125.de61c9c922e4fe53a01469e1afefe964
                           .group:00000000 wm4.system_gd32e23x.h.38.7a884860f7764c0ab5165a93f03201bb
                           .group:00000000 wm4.gd32e23x.h.163.9acf0d7337f9fe4e45533e128df527f9
                           .group:00000000 wm4.gd32e23x_adc.h.41.e37db1574230c817b545e8965349e4d7
                           .group:00000000 wm4.gd32e23x_dbg.h.36.d33e52eaa928f5287aa06af215016669
                           .group:00000000 wm4.gd32e23x_dma.h.36.526a5bad10d356aae73db43b8b6c8ac1
                           .group:00000000 wm4.gd32e23x_exti.h.36.af0d6df8c0ce7b2677a9f89a98c409ce
                           .group:00000000 wm4.gd32e23x_fmc.h.36.75bde762cab332c240661c238a094712
                           .group:00000000 wm4.gd32e23x_gpio.h.36.795887d0586769fb622efbe77d569cda
                           .group:00000000 wm4.gd32e23x_syscfg.h.36.01ade19f7155772b744fa54349aa8666
                           .group:00000000 wm4.gd32e23x_i2c.h.36.e6cffa765f1652866ccb69e12f59470e
                           .group:00000000 wm4.gd32e23x_fwdgt.h.36.2fcc8574db554a4bd9e84c5cd0b7ab23
                           .group:00000000 wm4.gd32e23x_pmu.h.36.eca9453dd7794477bf31deebb1c6dd71
                           .group:00000000 wm4.gd32e23x_rcu.h.36.5275b85972d8917a1d7fb8903e56792a
                           .group:00000000 wm4.gd32e23x_rtc.h.36.83ced1869b0634048aca709e2e07b91d
                           .group:00000000 wm4.gd32e23x_spi.h.36.3f2a16ec9ce43b99360e154caa44fc36
                           .group:00000000 wm4.gd32e23x_timer.h.36.1a402a135f3e05d89798e4281e3b9d83
                           .group:00000000 wm4.gd32e23x_usart.h.36.c2b993b4a3fc79395d2c6452b270c65c
                           .group:00000000 wm4.gd32e23x_wwdgt.h.36.067f8fa16250ddb8196a2d3d5347a8d1
                           .group:00000000 wm4.gd32e23x_misc.h.36.02bcf8ea2494d3a2286a92cdad908103
                           .group:00000000 wm4.gd32e23x_cmp.h.36.0a60ec830a2d39bbe01854c1093a76e2
                           .group:00000000 wm4.gd32e23x_crc.h.41.95eefe2d72f93fbdcfed631f97faa4df

NO UNDEFINED SYMBOLS
