   1              		.cpu cortex-m23
   2              		.eabi_attribute 20, 1
   3              		.eabi_attribute 21, 1
   4              		.eabi_attribute 23, 3
   5              		.eabi_attribute 24, 1
   6              		.eabi_attribute 25, 1
   7              		.eabi_attribute 26, 1
   8              		.eabi_attribute 30, 6
   9              		.eabi_attribute 34, 0
  10              		.eabi_attribute 18, 4
  11              		.file	"gd32e23x_pmu.c"
  12              		.text
  13              	.Ltext0:
  14              		.cfi_sections	.debug_frame
  15              		.section	.text.pmu_deinit,"ax",%progbits
  16              		.align	1
  17              		.global	pmu_deinit
  18              		.arch armv8-m.base
  19              		.syntax unified
  20              		.code	16
  21              		.thumb_func
  22              		.fpu softvfp
  24              	pmu_deinit:
  25              	.LFB58:
  26              		.file 1 "../Firmware/GD32E23x_standard_peripheral/Source/gd32e23x_pmu.c"
   1:../Firmware/GD32E23x_standard_peripheral/Source/gd32e23x_pmu.c **** /*!
   2:../Firmware/GD32E23x_standard_peripheral/Source/gd32e23x_pmu.c ****     \file    gd32e23x_pmu.c
   3:../Firmware/GD32E23x_standard_peripheral/Source/gd32e23x_pmu.c ****     \brief   PMU driver
   4:../Firmware/GD32E23x_standard_peripheral/Source/gd32e23x_pmu.c **** 
   5:../Firmware/GD32E23x_standard_peripheral/Source/gd32e23x_pmu.c ****     \version 2025-08-08, V2.4.0, firmware for GD32E23x
   6:../Firmware/GD32E23x_standard_peripheral/Source/gd32e23x_pmu.c **** */
   7:../Firmware/GD32E23x_standard_peripheral/Source/gd32e23x_pmu.c **** 
   8:../Firmware/GD32E23x_standard_peripheral/Source/gd32e23x_pmu.c **** /*
   9:../Firmware/GD32E23x_standard_peripheral/Source/gd32e23x_pmu.c ****     Copyright (c) 2025, GigaDevice Semiconductor Inc.
  10:../Firmware/GD32E23x_standard_peripheral/Source/gd32e23x_pmu.c **** 
  11:../Firmware/GD32E23x_standard_peripheral/Source/gd32e23x_pmu.c ****     Redistribution and use in source and binary forms, with or without modification,
  12:../Firmware/GD32E23x_standard_peripheral/Source/gd32e23x_pmu.c **** are permitted provided that the following conditions are met:
  13:../Firmware/GD32E23x_standard_peripheral/Source/gd32e23x_pmu.c **** 
  14:../Firmware/GD32E23x_standard_peripheral/Source/gd32e23x_pmu.c ****     1. Redistributions of source code must retain the above copyright notice, this
  15:../Firmware/GD32E23x_standard_peripheral/Source/gd32e23x_pmu.c ****        list of conditions and the following disclaimer.
  16:../Firmware/GD32E23x_standard_peripheral/Source/gd32e23x_pmu.c ****     2. Redistributions in binary form must reproduce the above copyright notice,
  17:../Firmware/GD32E23x_standard_peripheral/Source/gd32e23x_pmu.c ****        this list of conditions and the following disclaimer in the documentation
  18:../Firmware/GD32E23x_standard_peripheral/Source/gd32e23x_pmu.c ****        and/or other materials provided with the distribution.
  19:../Firmware/GD32E23x_standard_peripheral/Source/gd32e23x_pmu.c ****     3. Neither the name of the copyright holder nor the names of its contributors
  20:../Firmware/GD32E23x_standard_peripheral/Source/gd32e23x_pmu.c ****        may be used to endorse or promote products derived from this software without
  21:../Firmware/GD32E23x_standard_peripheral/Source/gd32e23x_pmu.c ****        specific prior written permission.
  22:../Firmware/GD32E23x_standard_peripheral/Source/gd32e23x_pmu.c **** 
  23:../Firmware/GD32E23x_standard_peripheral/Source/gd32e23x_pmu.c ****     THIS SOFTWARE IS PROVIDED BY THE COPYRIGHT HOLDERS AND CONTRIBUTORS "AS IS"
  24:../Firmware/GD32E23x_standard_peripheral/Source/gd32e23x_pmu.c **** AND ANY EXPRESS OR IMPLIED WARRANTIES, INCLUDING, BUT NOT LIMITED TO, THE IMPLIED
  25:../Firmware/GD32E23x_standard_peripheral/Source/gd32e23x_pmu.c **** WARRANTIES OF MERCHANTABILITY AND FITNESS FOR A PARTICULAR PURPOSE ARE DISCLAIMED.
  26:../Firmware/GD32E23x_standard_peripheral/Source/gd32e23x_pmu.c **** IN NO EVENT SHALL THE COPYRIGHT HOLDER OR CONTRIBUTORS BE LIABLE FOR ANY DIRECT,
  27:../Firmware/GD32E23x_standard_peripheral/Source/gd32e23x_pmu.c **** INDIRECT, INCIDENTAL, SPECIAL, EXEMPLARY, OR CONSEQUENTIAL DAMAGES (INCLUDING, BUT
  28:../Firmware/GD32E23x_standard_peripheral/Source/gd32e23x_pmu.c **** NOT LIMITED TO, PROCUREMENT OF SUBSTITUTE GOODS OR SERVICES; LOSS OF USE, DATA, OR
  29:../Firmware/GD32E23x_standard_peripheral/Source/gd32e23x_pmu.c **** PROFITS; OR BUSINESS INTERRUPTION) HOWEVER CAUSED AND ON ANY THEORY OF LIABILITY,
  30:../Firmware/GD32E23x_standard_peripheral/Source/gd32e23x_pmu.c **** WHETHER IN CONTRACT, STRICT LIABILITY, OR TORT (INCLUDING NEGLIGENCE OR OTHERWISE)
  31:../Firmware/GD32E23x_standard_peripheral/Source/gd32e23x_pmu.c **** ARISING IN ANY WAY OUT OF THE USE OF THIS SOFTWARE, EVEN IF ADVISED OF THE POSSIBILITY
  32:../Firmware/GD32E23x_standard_peripheral/Source/gd32e23x_pmu.c **** OF SUCH DAMAGE.
  33:../Firmware/GD32E23x_standard_peripheral/Source/gd32e23x_pmu.c **** */
  34:../Firmware/GD32E23x_standard_peripheral/Source/gd32e23x_pmu.c **** 
  35:../Firmware/GD32E23x_standard_peripheral/Source/gd32e23x_pmu.c **** #include "gd32e23x_pmu.h"
  36:../Firmware/GD32E23x_standard_peripheral/Source/gd32e23x_pmu.c **** 
  37:../Firmware/GD32E23x_standard_peripheral/Source/gd32e23x_pmu.c **** /*!
  38:../Firmware/GD32E23x_standard_peripheral/Source/gd32e23x_pmu.c ****     \brief      reset PMU register
  39:../Firmware/GD32E23x_standard_peripheral/Source/gd32e23x_pmu.c ****     \param[in]  none
  40:../Firmware/GD32E23x_standard_peripheral/Source/gd32e23x_pmu.c ****     \param[out] none
  41:../Firmware/GD32E23x_standard_peripheral/Source/gd32e23x_pmu.c ****     \retval     none
  42:../Firmware/GD32E23x_standard_peripheral/Source/gd32e23x_pmu.c **** */
  43:../Firmware/GD32E23x_standard_peripheral/Source/gd32e23x_pmu.c **** void pmu_deinit(void)
  44:../Firmware/GD32E23x_standard_peripheral/Source/gd32e23x_pmu.c **** {
  27              		.loc 1 44 1
  28              		.cfi_startproc
  29              		@ args = 0, pretend = 0, frame = 0
  30              		@ frame_needed = 1, uses_anonymous_args = 0
  31 0000 80B5     		push	{r7, lr}
  32              		.cfi_def_cfa_offset 8
  33              		.cfi_offset 7, -8
  34              		.cfi_offset 14, -4
  35 0002 00AF     		add	r7, sp, #0
  36              		.cfi_def_cfa_register 7
  45:../Firmware/GD32E23x_standard_peripheral/Source/gd32e23x_pmu.c ****     /* reset PMU */
  46:../Firmware/GD32E23x_standard_peripheral/Source/gd32e23x_pmu.c ****     rcu_periph_reset_enable(RCU_PMURST);
  37              		.loc 1 46 5
  38 0004 40F21C40 		movw	r0, #1052
  39 0008 FFF7FEFF 		bl	rcu_periph_reset_enable
  47:../Firmware/GD32E23x_standard_peripheral/Source/gd32e23x_pmu.c ****     rcu_periph_reset_disable(RCU_PMURST);
  40              		.loc 1 47 5
  41 000c 40F21C40 		movw	r0, #1052
  42 0010 FFF7FEFF 		bl	rcu_periph_reset_disable
  48:../Firmware/GD32E23x_standard_peripheral/Source/gd32e23x_pmu.c **** }
  43              		.loc 1 48 1
  44 0014 C046     		nop
  45 0016 BD46     		mov	sp, r7
  46              		@ sp needed
  47 0018 80BD     		pop	{r7, pc}
  48              		.cfi_endproc
  49              	.LFE58:
  51              		.section	.text.pmu_lvd_select,"ax",%progbits
  52              		.align	1
  53              		.global	pmu_lvd_select
  54              		.syntax unified
  55              		.code	16
  56              		.thumb_func
  57              		.fpu softvfp
  59              	pmu_lvd_select:
  60              	.LFB59:
  49:../Firmware/GD32E23x_standard_peripheral/Source/gd32e23x_pmu.c **** 
  50:../Firmware/GD32E23x_standard_peripheral/Source/gd32e23x_pmu.c **** /*!
  51:../Firmware/GD32E23x_standard_peripheral/Source/gd32e23x_pmu.c ****     \brief      select low voltage detector threshold
  52:../Firmware/GD32E23x_standard_peripheral/Source/gd32e23x_pmu.c ****     \param[in]  lvdt_n:
  53:../Firmware/GD32E23x_standard_peripheral/Source/gd32e23x_pmu.c ****                 only one parameter can be selected which is shown as below:
  54:../Firmware/GD32E23x_standard_peripheral/Source/gd32e23x_pmu.c ****       \arg        PMU_LVDT_0: voltage threshold is 2.1V
  55:../Firmware/GD32E23x_standard_peripheral/Source/gd32e23x_pmu.c ****       \arg        PMU_LVDT_1: voltage threshold is 2.3V
  56:../Firmware/GD32E23x_standard_peripheral/Source/gd32e23x_pmu.c ****       \arg        PMU_LVDT_2: voltage threshold is 2.4V
  57:../Firmware/GD32E23x_standard_peripheral/Source/gd32e23x_pmu.c ****       \arg        PMU_LVDT_3: voltage threshold is 2.6V
  58:../Firmware/GD32E23x_standard_peripheral/Source/gd32e23x_pmu.c ****       \arg        PMU_LVDT_4: voltage threshold is 2.7V
  59:../Firmware/GD32E23x_standard_peripheral/Source/gd32e23x_pmu.c ****       \arg        PMU_LVDT_5: voltage threshold is 2.9V
  60:../Firmware/GD32E23x_standard_peripheral/Source/gd32e23x_pmu.c ****       \arg        PMU_LVDT_6: voltage threshold is 3.0V
  61:../Firmware/GD32E23x_standard_peripheral/Source/gd32e23x_pmu.c ****       \arg        PMU_LVDT_7: voltage threshold is 3.1V
  62:../Firmware/GD32E23x_standard_peripheral/Source/gd32e23x_pmu.c ****     \param[out] none
  63:../Firmware/GD32E23x_standard_peripheral/Source/gd32e23x_pmu.c ****     \retval     none
  64:../Firmware/GD32E23x_standard_peripheral/Source/gd32e23x_pmu.c **** */
  65:../Firmware/GD32E23x_standard_peripheral/Source/gd32e23x_pmu.c **** void pmu_lvd_select(uint32_t lvdt_n)
  66:../Firmware/GD32E23x_standard_peripheral/Source/gd32e23x_pmu.c **** {
  61              		.loc 1 66 1
  62              		.cfi_startproc
  63              		@ args = 0, pretend = 0, frame = 8
  64              		@ frame_needed = 1, uses_anonymous_args = 0
  65 0000 80B5     		push	{r7, lr}
  66              		.cfi_def_cfa_offset 8
  67              		.cfi_offset 7, -8
  68              		.cfi_offset 14, -4
  69 0002 82B0     		sub	sp, sp, #8
  70              		.cfi_def_cfa_offset 16
  71 0004 00AF     		add	r7, sp, #0
  72              		.cfi_def_cfa_register 7
  73 0006 7860     		str	r0, [r7, #4]
  67:../Firmware/GD32E23x_standard_peripheral/Source/gd32e23x_pmu.c ****     /* disable LVD */
  68:../Firmware/GD32E23x_standard_peripheral/Source/gd32e23x_pmu.c ****     PMU_CTL &= ~PMU_CTL_LVDEN;
  74              		.loc 1 68 13
  75 0008 47F20003 		movw	r3, #28672
  76 000c C4F20003 		movt	r3, 16384
  77 0010 1A68     		ldr	r2, [r3]
  78 0012 47F20003 		movw	r3, #28672
  79 0016 C4F20003 		movt	r3, 16384
  80 001a 1021     		movs	r1, #16
  81 001c 8A43     		bics	r2, r1
  82 001e 1A60     		str	r2, [r3]
  69:../Firmware/GD32E23x_standard_peripheral/Source/gd32e23x_pmu.c ****     /* clear LVDT bits */
  70:../Firmware/GD32E23x_standard_peripheral/Source/gd32e23x_pmu.c ****     PMU_CTL &= ~PMU_CTL_LVDT;
  83              		.loc 1 70 13
  84 0020 47F20003 		movw	r3, #28672
  85 0024 C4F20003 		movt	r3, 16384
  86 0028 1A68     		ldr	r2, [r3]
  87 002a 47F20003 		movw	r3, #28672
  88 002e C4F20003 		movt	r3, 16384
  89 0032 E021     		movs	r1, #224
  90 0034 8A43     		bics	r2, r1
  91 0036 1A60     		str	r2, [r3]
  71:../Firmware/GD32E23x_standard_peripheral/Source/gd32e23x_pmu.c ****     /* set LVDT bits according to lvdt_n */
  72:../Firmware/GD32E23x_standard_peripheral/Source/gd32e23x_pmu.c ****     PMU_CTL |= lvdt_n;
  92              		.loc 1 72 13
  93 0038 47F20003 		movw	r3, #28672
  94 003c C4F20003 		movt	r3, 16384
  95 0040 1968     		ldr	r1, [r3]
  96 0042 47F20003 		movw	r3, #28672
  97 0046 C4F20003 		movt	r3, 16384
  98 004a 7A68     		ldr	r2, [r7, #4]
  99 004c 0A43     		orrs	r2, r1
 100 004e 1A60     		str	r2, [r3]
  73:../Firmware/GD32E23x_standard_peripheral/Source/gd32e23x_pmu.c ****     /* enable LVD */
  74:../Firmware/GD32E23x_standard_peripheral/Source/gd32e23x_pmu.c ****     PMU_CTL |= PMU_CTL_LVDEN;
 101              		.loc 1 74 13
 102 0050 47F20003 		movw	r3, #28672
 103 0054 C4F20003 		movt	r3, 16384
 104 0058 1A68     		ldr	r2, [r3]
 105 005a 47F20003 		movw	r3, #28672
 106 005e C4F20003 		movt	r3, 16384
 107 0062 1021     		movs	r1, #16
 108 0064 0A43     		orrs	r2, r1
 109 0066 1A60     		str	r2, [r3]
  75:../Firmware/GD32E23x_standard_peripheral/Source/gd32e23x_pmu.c **** }
 110              		.loc 1 75 1
 111 0068 C046     		nop
 112 006a BD46     		mov	sp, r7
 113 006c 02B0     		add	sp, sp, #8
 114              		@ sp needed
 115 006e 80BD     		pop	{r7, pc}
 116              		.cfi_endproc
 117              	.LFE59:
 119              		.section	.text.pmu_ldo_output_select,"ax",%progbits
 120              		.align	1
 121              		.global	pmu_ldo_output_select
 122              		.syntax unified
 123              		.code	16
 124              		.thumb_func
 125              		.fpu softvfp
 127              	pmu_ldo_output_select:
 128              	.LFB60:
  76:../Firmware/GD32E23x_standard_peripheral/Source/gd32e23x_pmu.c **** 
  77:../Firmware/GD32E23x_standard_peripheral/Source/gd32e23x_pmu.c **** /*!
  78:../Firmware/GD32E23x_standard_peripheral/Source/gd32e23x_pmu.c ****     \brief      select LDO output voltage
  79:../Firmware/GD32E23x_standard_peripheral/Source/gd32e23x_pmu.c ****                 these bits set by software when the main PLL closed
  80:../Firmware/GD32E23x_standard_peripheral/Source/gd32e23x_pmu.c ****     \param[in]  ldo_output:
  81:../Firmware/GD32E23x_standard_peripheral/Source/gd32e23x_pmu.c ****                 only one parameter can be selected which is shown as below:
  82:../Firmware/GD32E23x_standard_peripheral/Source/gd32e23x_pmu.c ****       \arg        PMU_LDOVS_LOW: LDO output voltage low mode
  83:../Firmware/GD32E23x_standard_peripheral/Source/gd32e23x_pmu.c ****       \arg        PMU_LDOVS_HIGH: LDO output voltage high mode
  84:../Firmware/GD32E23x_standard_peripheral/Source/gd32e23x_pmu.c ****     \param[out] none
  85:../Firmware/GD32E23x_standard_peripheral/Source/gd32e23x_pmu.c ****     \retval     none
  86:../Firmware/GD32E23x_standard_peripheral/Source/gd32e23x_pmu.c **** */
  87:../Firmware/GD32E23x_standard_peripheral/Source/gd32e23x_pmu.c **** void pmu_ldo_output_select(uint32_t ldo_output)
  88:../Firmware/GD32E23x_standard_peripheral/Source/gd32e23x_pmu.c **** {
 129              		.loc 1 88 1
 130              		.cfi_startproc
 131              		@ args = 0, pretend = 0, frame = 8
 132              		@ frame_needed = 1, uses_anonymous_args = 0
 133 0000 80B5     		push	{r7, lr}
 134              		.cfi_def_cfa_offset 8
 135              		.cfi_offset 7, -8
 136              		.cfi_offset 14, -4
 137 0002 82B0     		sub	sp, sp, #8
 138              		.cfi_def_cfa_offset 16
 139 0004 00AF     		add	r7, sp, #0
 140              		.cfi_def_cfa_register 7
 141 0006 7860     		str	r0, [r7, #4]
  89:../Firmware/GD32E23x_standard_peripheral/Source/gd32e23x_pmu.c ****     PMU_CTL &= ~PMU_CTL_LDOVS;
 142              		.loc 1 89 13
 143 0008 47F20003 		movw	r3, #28672
 144 000c C4F20003 		movt	r3, 16384
 145 0010 1A68     		ldr	r2, [r3]
 146 0012 47F20003 		movw	r3, #28672
 147 0016 C4F20003 		movt	r3, 16384
 148 001a 0949     		ldr	r1, .L4
 149 001c 0A40     		ands	r2, r1
 150 001e 1A60     		str	r2, [r3]
  90:../Firmware/GD32E23x_standard_peripheral/Source/gd32e23x_pmu.c ****     PMU_CTL |= ldo_output;
 151              		.loc 1 90 13
 152 0020 47F20003 		movw	r3, #28672
 153 0024 C4F20003 		movt	r3, 16384
 154 0028 1968     		ldr	r1, [r3]
 155 002a 47F20003 		movw	r3, #28672
 156 002e C4F20003 		movt	r3, 16384
 157 0032 7A68     		ldr	r2, [r7, #4]
 158 0034 0A43     		orrs	r2, r1
 159 0036 1A60     		str	r2, [r3]
  91:../Firmware/GD32E23x_standard_peripheral/Source/gd32e23x_pmu.c **** }
 160              		.loc 1 91 1
 161 0038 C046     		nop
 162 003a BD46     		mov	sp, r7
 163 003c 02B0     		add	sp, sp, #8
 164              		@ sp needed
 165 003e 80BD     		pop	{r7, pc}
 166              	.L5:
 167              		.align	2
 168              	.L4:
 169 0040 FF3FFFFF 		.word	-49153
 170              		.cfi_endproc
 171              	.LFE60:
 173              		.section	.text.pmu_lvd_disable,"ax",%progbits
 174              		.align	1
 175              		.global	pmu_lvd_disable
 176              		.syntax unified
 177              		.code	16
 178              		.thumb_func
 179              		.fpu softvfp
 181              	pmu_lvd_disable:
 182              	.LFB61:
  92:../Firmware/GD32E23x_standard_peripheral/Source/gd32e23x_pmu.c **** 
  93:../Firmware/GD32E23x_standard_peripheral/Source/gd32e23x_pmu.c **** /*!
  94:../Firmware/GD32E23x_standard_peripheral/Source/gd32e23x_pmu.c ****     \brief      disable PMU lvd
  95:../Firmware/GD32E23x_standard_peripheral/Source/gd32e23x_pmu.c ****     \param[in]  none
  96:../Firmware/GD32E23x_standard_peripheral/Source/gd32e23x_pmu.c ****     \param[out] none
  97:../Firmware/GD32E23x_standard_peripheral/Source/gd32e23x_pmu.c ****     \retval     none
  98:../Firmware/GD32E23x_standard_peripheral/Source/gd32e23x_pmu.c **** */
  99:../Firmware/GD32E23x_standard_peripheral/Source/gd32e23x_pmu.c **** void pmu_lvd_disable(void)
 100:../Firmware/GD32E23x_standard_peripheral/Source/gd32e23x_pmu.c **** {
 183              		.loc 1 100 1
 184              		.cfi_startproc
 185              		@ args = 0, pretend = 0, frame = 0
 186              		@ frame_needed = 1, uses_anonymous_args = 0
 187 0000 80B5     		push	{r7, lr}
 188              		.cfi_def_cfa_offset 8
 189              		.cfi_offset 7, -8
 190              		.cfi_offset 14, -4
 191 0002 00AF     		add	r7, sp, #0
 192              		.cfi_def_cfa_register 7
 101:../Firmware/GD32E23x_standard_peripheral/Source/gd32e23x_pmu.c ****     /* disable LVD */
 102:../Firmware/GD32E23x_standard_peripheral/Source/gd32e23x_pmu.c ****     PMU_CTL &= ~PMU_CTL_LVDEN;
 193              		.loc 1 102 13
 194 0004 47F20003 		movw	r3, #28672
 195 0008 C4F20003 		movt	r3, 16384
 196 000c 1A68     		ldr	r2, [r3]
 197 000e 47F20003 		movw	r3, #28672
 198 0012 C4F20003 		movt	r3, 16384
 199 0016 1021     		movs	r1, #16
 200 0018 8A43     		bics	r2, r1
 201 001a 1A60     		str	r2, [r3]
 103:../Firmware/GD32E23x_standard_peripheral/Source/gd32e23x_pmu.c **** }
 202              		.loc 1 103 1
 203 001c C046     		nop
 204 001e BD46     		mov	sp, r7
 205              		@ sp needed
 206 0020 80BD     		pop	{r7, pc}
 207              		.cfi_endproc
 208              	.LFE61:
 210              		.section	.text.pmu_to_sleepmode,"ax",%progbits
 211              		.align	1
 212              		.global	pmu_to_sleepmode
 213              		.syntax unified
 214              		.code	16
 215              		.thumb_func
 216              		.fpu softvfp
 218              	pmu_to_sleepmode:
 219              	.LFB62:
 104:../Firmware/GD32E23x_standard_peripheral/Source/gd32e23x_pmu.c **** 
 105:../Firmware/GD32E23x_standard_peripheral/Source/gd32e23x_pmu.c **** /*!
 106:../Firmware/GD32E23x_standard_peripheral/Source/gd32e23x_pmu.c ****     \brief      PMU work at sleep mode
 107:../Firmware/GD32E23x_standard_peripheral/Source/gd32e23x_pmu.c ****     \param[in]  sleepmodecmd:
 108:../Firmware/GD32E23x_standard_peripheral/Source/gd32e23x_pmu.c ****                 only one parameter can be selected which is shown as below:
 109:../Firmware/GD32E23x_standard_peripheral/Source/gd32e23x_pmu.c ****       \arg        WFI_CMD: use WFI command
 110:../Firmware/GD32E23x_standard_peripheral/Source/gd32e23x_pmu.c ****       \arg        WFE_CMD: use WFE command
 111:../Firmware/GD32E23x_standard_peripheral/Source/gd32e23x_pmu.c ****     \param[out] none
 112:../Firmware/GD32E23x_standard_peripheral/Source/gd32e23x_pmu.c ****     \retval     none
 113:../Firmware/GD32E23x_standard_peripheral/Source/gd32e23x_pmu.c **** */
 114:../Firmware/GD32E23x_standard_peripheral/Source/gd32e23x_pmu.c **** void pmu_to_sleepmode(uint8_t sleepmodecmd)
 115:../Firmware/GD32E23x_standard_peripheral/Source/gd32e23x_pmu.c **** {
 220              		.loc 1 115 1
 221              		.cfi_startproc
 222              		@ args = 0, pretend = 0, frame = 8
 223              		@ frame_needed = 1, uses_anonymous_args = 0
 224 0000 80B5     		push	{r7, lr}
 225              		.cfi_def_cfa_offset 8
 226              		.cfi_offset 7, -8
 227              		.cfi_offset 14, -4
 228 0002 82B0     		sub	sp, sp, #8
 229              		.cfi_def_cfa_offset 16
 230 0004 00AF     		add	r7, sp, #0
 231              		.cfi_def_cfa_register 7
 232 0006 0200     		movs	r2, r0
 233 0008 FB1D     		adds	r3, r7, #7
 234 000a 1A70     		strb	r2, [r3]
 116:../Firmware/GD32E23x_standard_peripheral/Source/gd32e23x_pmu.c ****     /* clear sleepdeep bit of Cortex-M23 system control register */
 117:../Firmware/GD32E23x_standard_peripheral/Source/gd32e23x_pmu.c ****     SCB->SCR &= ~((uint32_t)SCB_SCR_SLEEPDEEP_Msk);
 235              		.loc 1 117 14
 236 000c 4EF60053 		movw	r3, #60672
 237 0010 CEF20003 		movt	r3, 57344
 238 0014 1A69     		ldr	r2, [r3, #16]
 239 0016 4EF60053 		movw	r3, #60672
 240 001a CEF20003 		movt	r3, 57344
 241 001e 0421     		movs	r1, #4
 242 0020 8A43     		bics	r2, r1
 243 0022 1A61     		str	r2, [r3, #16]
 118:../Firmware/GD32E23x_standard_peripheral/Source/gd32e23x_pmu.c **** 
 119:../Firmware/GD32E23x_standard_peripheral/Source/gd32e23x_pmu.c ****     /* select WFI or WFE command to enter sleep mode */
 120:../Firmware/GD32E23x_standard_peripheral/Source/gd32e23x_pmu.c ****     if(WFI_CMD == sleepmodecmd) {
 244              		.loc 1 120 7
 245 0024 FB1D     		adds	r3, r7, #7
 246 0026 1B78     		ldrb	r3, [r3]
 247 0028 0BB9     		cbnz	r3, .L8
 121:../Firmware/GD32E23x_standard_peripheral/Source/gd32e23x_pmu.c ****         __WFI();
 248              		.loc 1 121 9
 249              		.syntax divided
 250              	@ 121 "../Firmware/GD32E23x_standard_peripheral/Source/gd32e23x_pmu.c" 1
 251 002a 30BF     		wfi
 252              	@ 0 "" 2
 122:../Firmware/GD32E23x_standard_peripheral/Source/gd32e23x_pmu.c ****     } else {
 123:../Firmware/GD32E23x_standard_peripheral/Source/gd32e23x_pmu.c ****         __SEV();
 124:../Firmware/GD32E23x_standard_peripheral/Source/gd32e23x_pmu.c ****         __WFE();
 125:../Firmware/GD32E23x_standard_peripheral/Source/gd32e23x_pmu.c ****         __WFE();
 126:../Firmware/GD32E23x_standard_peripheral/Source/gd32e23x_pmu.c ****     }
 127:../Firmware/GD32E23x_standard_peripheral/Source/gd32e23x_pmu.c **** }
 253              		.loc 1 127 1
 254              		.thumb
 255              		.syntax unified
 256 002c 02E0     		b	.L10
 257              	.L8:
 123:../Firmware/GD32E23x_standard_peripheral/Source/gd32e23x_pmu.c ****         __WFE();
 258              		.loc 1 123 9
 259              		.syntax divided
 260              	@ 123 "../Firmware/GD32E23x_standard_peripheral/Source/gd32e23x_pmu.c" 1
 261 002e 40BF     		sev
 262              	@ 0 "" 2
 124:../Firmware/GD32E23x_standard_peripheral/Source/gd32e23x_pmu.c ****         __WFE();
 263              		.loc 1 124 9
 264              	@ 124 "../Firmware/GD32E23x_standard_peripheral/Source/gd32e23x_pmu.c" 1
 265 0030 20BF     		wfe
 266              	@ 0 "" 2
 125:../Firmware/GD32E23x_standard_peripheral/Source/gd32e23x_pmu.c ****     }
 267              		.loc 1 125 9
 268              	@ 125 "../Firmware/GD32E23x_standard_peripheral/Source/gd32e23x_pmu.c" 1
 269 0032 20BF     		wfe
 270              	@ 0 "" 2
 271              		.thumb
 272              		.syntax unified
 273              	.L10:
 274              		.loc 1 127 1
 275 0034 C046     		nop
 276 0036 BD46     		mov	sp, r7
 277 0038 02B0     		add	sp, sp, #8
 278              		@ sp needed
 279 003a 80BD     		pop	{r7, pc}
 280              		.cfi_endproc
 281              	.LFE62:
 283              		.section	.text.pmu_to_deepsleepmode,"ax",%progbits
 284              		.align	1
 285              		.global	pmu_to_deepsleepmode
 286              		.syntax unified
 287              		.code	16
 288              		.thumb_func
 289              		.fpu softvfp
 291              	pmu_to_deepsleepmode:
 292              	.LFB63:
 128:../Firmware/GD32E23x_standard_peripheral/Source/gd32e23x_pmu.c **** 
 129:../Firmware/GD32E23x_standard_peripheral/Source/gd32e23x_pmu.c **** /*!
 130:../Firmware/GD32E23x_standard_peripheral/Source/gd32e23x_pmu.c ****     \brief      PMU work at deepsleep mode
 131:../Firmware/GD32E23x_standard_peripheral/Source/gd32e23x_pmu.c ****     \param[in]  ldo:
 132:../Firmware/GD32E23x_standard_peripheral/Source/gd32e23x_pmu.c ****                 only one parameter can be selected which is shown as below:
 133:../Firmware/GD32E23x_standard_peripheral/Source/gd32e23x_pmu.c ****       \arg        PMU_LDO_NORMAL: LDO operates normally when pmu enter deepsleep mode
 134:../Firmware/GD32E23x_standard_peripheral/Source/gd32e23x_pmu.c ****       \arg        PMU_LDO_LOWPOWER: LDO work at low power mode when pmu enter deepsleep mode
 135:../Firmware/GD32E23x_standard_peripheral/Source/gd32e23x_pmu.c ****     \param[in]  deepsleepmodecmd:
 136:../Firmware/GD32E23x_standard_peripheral/Source/gd32e23x_pmu.c ****                 only one parameter can be selected which is shown as below:
 137:../Firmware/GD32E23x_standard_peripheral/Source/gd32e23x_pmu.c ****       \arg        WFI_CMD: use WFI command
 138:../Firmware/GD32E23x_standard_peripheral/Source/gd32e23x_pmu.c ****       \arg        WFE_CMD: use WFE command
 139:../Firmware/GD32E23x_standard_peripheral/Source/gd32e23x_pmu.c ****     \param[out] none
 140:../Firmware/GD32E23x_standard_peripheral/Source/gd32e23x_pmu.c ****     \retval     none
 141:../Firmware/GD32E23x_standard_peripheral/Source/gd32e23x_pmu.c **** */
 142:../Firmware/GD32E23x_standard_peripheral/Source/gd32e23x_pmu.c **** void pmu_to_deepsleepmode(uint32_t ldo, uint8_t deepsleepmodecmd)
 143:../Firmware/GD32E23x_standard_peripheral/Source/gd32e23x_pmu.c **** {
 293              		.loc 1 143 1
 294              		.cfi_startproc
 295              		@ args = 0, pretend = 0, frame = 8
 296              		@ frame_needed = 1, uses_anonymous_args = 0
 297 0000 80B5     		push	{r7, lr}
 298              		.cfi_def_cfa_offset 8
 299              		.cfi_offset 7, -8
 300              		.cfi_offset 14, -4
 301 0002 82B0     		sub	sp, sp, #8
 302              		.cfi_def_cfa_offset 16
 303 0004 00AF     		add	r7, sp, #0
 304              		.cfi_def_cfa_register 7
 305 0006 7860     		str	r0, [r7, #4]
 306 0008 0A00     		movs	r2, r1
 307 000a FB1C     		adds	r3, r7, #3
 308 000c 1A70     		strb	r2, [r3]
 144:../Firmware/GD32E23x_standard_peripheral/Source/gd32e23x_pmu.c ****     /* clear stbmod and ldolp bits */
 145:../Firmware/GD32E23x_standard_peripheral/Source/gd32e23x_pmu.c ****     PMU_CTL &= ~((uint32_t)(PMU_CTL_STBMOD | PMU_CTL_LDOLP));
 309              		.loc 1 145 13
 310 000e 47F20003 		movw	r3, #28672
 311 0012 C4F20003 		movt	r3, 16384
 312 0016 1A68     		ldr	r2, [r3]
 313 0018 47F20003 		movw	r3, #28672
 314 001c C4F20003 		movt	r3, 16384
 315 0020 0321     		movs	r1, #3
 316 0022 8A43     		bics	r2, r1
 317 0024 1A60     		str	r2, [r3]
 146:../Firmware/GD32E23x_standard_peripheral/Source/gd32e23x_pmu.c **** 
 147:../Firmware/GD32E23x_standard_peripheral/Source/gd32e23x_pmu.c ****     /* set ldolp bit according to pmu_ldo */
 148:../Firmware/GD32E23x_standard_peripheral/Source/gd32e23x_pmu.c ****     PMU_CTL |= ldo;
 318              		.loc 1 148 13
 319 0026 47F20003 		movw	r3, #28672
 320 002a C4F20003 		movt	r3, 16384
 321 002e 1968     		ldr	r1, [r3]
 322 0030 47F20003 		movw	r3, #28672
 323 0034 C4F20003 		movt	r3, 16384
 324 0038 7A68     		ldr	r2, [r7, #4]
 325 003a 0A43     		orrs	r2, r1
 326 003c 1A60     		str	r2, [r3]
 149:../Firmware/GD32E23x_standard_peripheral/Source/gd32e23x_pmu.c **** 
 150:../Firmware/GD32E23x_standard_peripheral/Source/gd32e23x_pmu.c ****     /* set sleepdeep bit of Cortex-M23 system control register */
 151:../Firmware/GD32E23x_standard_peripheral/Source/gd32e23x_pmu.c ****     SCB->SCR |= SCB_SCR_SLEEPDEEP_Msk;
 327              		.loc 1 151 14
 328 003e 4EF60053 		movw	r3, #60672
 329 0042 CEF20003 		movt	r3, 57344
 330 0046 1A69     		ldr	r2, [r3, #16]
 331 0048 4EF60053 		movw	r3, #60672
 332 004c CEF20003 		movt	r3, 57344
 333 0050 0421     		movs	r1, #4
 334 0052 0A43     		orrs	r2, r1
 335 0054 1A61     		str	r2, [r3, #16]
 152:../Firmware/GD32E23x_standard_peripheral/Source/gd32e23x_pmu.c **** 
 153:../Firmware/GD32E23x_standard_peripheral/Source/gd32e23x_pmu.c ****     /* select WFI or WFE command to enter deepsleep mode */
 154:../Firmware/GD32E23x_standard_peripheral/Source/gd32e23x_pmu.c ****     if(WFI_CMD == deepsleepmodecmd) {
 336              		.loc 1 154 7
 337 0056 FB1C     		adds	r3, r7, #3
 338 0058 1B78     		ldrb	r3, [r3]
 339 005a 0BB9     		cbnz	r3, .L12
 155:../Firmware/GD32E23x_standard_peripheral/Source/gd32e23x_pmu.c ****         __WFI();
 340              		.loc 1 155 9
 341              		.syntax divided
 342              	@ 155 "../Firmware/GD32E23x_standard_peripheral/Source/gd32e23x_pmu.c" 1
 343 005c 30BF     		wfi
 344              	@ 0 "" 2
 345              		.thumb
 346              		.syntax unified
 347 005e 02E0     		b	.L13
 348              	.L12:
 156:../Firmware/GD32E23x_standard_peripheral/Source/gd32e23x_pmu.c ****     } else {
 157:../Firmware/GD32E23x_standard_peripheral/Source/gd32e23x_pmu.c ****         __SEV();
 349              		.loc 1 157 9
 350              		.syntax divided
 351              	@ 157 "../Firmware/GD32E23x_standard_peripheral/Source/gd32e23x_pmu.c" 1
 352 0060 40BF     		sev
 353              	@ 0 "" 2
 158:../Firmware/GD32E23x_standard_peripheral/Source/gd32e23x_pmu.c ****         __WFE();
 354              		.loc 1 158 9
 355              	@ 158 "../Firmware/GD32E23x_standard_peripheral/Source/gd32e23x_pmu.c" 1
 356 0062 20BF     		wfe
 357              	@ 0 "" 2
 159:../Firmware/GD32E23x_standard_peripheral/Source/gd32e23x_pmu.c ****         __WFE();
 358              		.loc 1 159 9
 359              	@ 159 "../Firmware/GD32E23x_standard_peripheral/Source/gd32e23x_pmu.c" 1
 360 0064 20BF     		wfe
 361              	@ 0 "" 2
 362              		.thumb
 363              		.syntax unified
 364              	.L13:
 160:../Firmware/GD32E23x_standard_peripheral/Source/gd32e23x_pmu.c ****     }
 161:../Firmware/GD32E23x_standard_peripheral/Source/gd32e23x_pmu.c **** 
 162:../Firmware/GD32E23x_standard_peripheral/Source/gd32e23x_pmu.c ****     /* reset sleepdeep bit of Cortex-M23 system control register */
 163:../Firmware/GD32E23x_standard_peripheral/Source/gd32e23x_pmu.c ****     SCB->SCR &= ~((uint32_t)SCB_SCR_SLEEPDEEP_Msk);
 365              		.loc 1 163 14
 366 0066 4EF60053 		movw	r3, #60672
 367 006a CEF20003 		movt	r3, 57344
 368 006e 1A69     		ldr	r2, [r3, #16]
 369 0070 4EF60053 		movw	r3, #60672
 370 0074 CEF20003 		movt	r3, 57344
 371 0078 0421     		movs	r1, #4
 372 007a 8A43     		bics	r2, r1
 373 007c 1A61     		str	r2, [r3, #16]
 164:../Firmware/GD32E23x_standard_peripheral/Source/gd32e23x_pmu.c **** }
 374              		.loc 1 164 1
 375 007e C046     		nop
 376 0080 BD46     		mov	sp, r7
 377 0082 02B0     		add	sp, sp, #8
 378              		@ sp needed
 379 0084 80BD     		pop	{r7, pc}
 380              		.cfi_endproc
 381              	.LFE63:
 383              		.section	.text.pmu_to_standbymode,"ax",%progbits
 384              		.align	1
 385              		.global	pmu_to_standbymode
 386              		.syntax unified
 387              		.code	16
 388              		.thumb_func
 389              		.fpu softvfp
 391              	pmu_to_standbymode:
 392              	.LFB64:
 165:../Firmware/GD32E23x_standard_peripheral/Source/gd32e23x_pmu.c **** 
 166:../Firmware/GD32E23x_standard_peripheral/Source/gd32e23x_pmu.c **** /*!
 167:../Firmware/GD32E23x_standard_peripheral/Source/gd32e23x_pmu.c ****     \brief      pmu work at standby mode
 168:../Firmware/GD32E23x_standard_peripheral/Source/gd32e23x_pmu.c ****     \param[in]  none
 169:../Firmware/GD32E23x_standard_peripheral/Source/gd32e23x_pmu.c ****     \param[out] none
 170:../Firmware/GD32E23x_standard_peripheral/Source/gd32e23x_pmu.c ****     \retval     none
 171:../Firmware/GD32E23x_standard_peripheral/Source/gd32e23x_pmu.c **** */
 172:../Firmware/GD32E23x_standard_peripheral/Source/gd32e23x_pmu.c **** void pmu_to_standbymode(void)
 173:../Firmware/GD32E23x_standard_peripheral/Source/gd32e23x_pmu.c **** {
 393              		.loc 1 173 1
 394              		.cfi_startproc
 395              		@ args = 0, pretend = 0, frame = 0
 396              		@ frame_needed = 1, uses_anonymous_args = 0
 397 0000 80B5     		push	{r7, lr}
 398              		.cfi_def_cfa_offset 8
 399              		.cfi_offset 7, -8
 400              		.cfi_offset 14, -4
 401 0002 00AF     		add	r7, sp, #0
 402              		.cfi_def_cfa_register 7
 174:../Firmware/GD32E23x_standard_peripheral/Source/gd32e23x_pmu.c ****     /* switch to IRC8M clock as system clock, close HXTAL */
 175:../Firmware/GD32E23x_standard_peripheral/Source/gd32e23x_pmu.c ****     RCU_CFG0 &= ~RCU_CFG0_SCS;
 403              		.loc 1 175 14
 404 0004 41F20403 		movw	r3, #4100
 405 0008 C4F20203 		movt	r3, 16386
 406 000c 1A68     		ldr	r2, [r3]
 407 000e 41F20403 		movw	r3, #4100
 408 0012 C4F20203 		movt	r3, 16386
 409 0016 0321     		movs	r1, #3
 410 0018 8A43     		bics	r2, r1
 411 001a 1A60     		str	r2, [r3]
 176:../Firmware/GD32E23x_standard_peripheral/Source/gd32e23x_pmu.c ****     RCU_CTL0 &= ~RCU_CTL0_HXTALEN;
 412              		.loc 1 176 14
 413 001c 41F20003 		movw	r3, #4096
 414 0020 C4F20203 		movt	r3, 16386
 415 0024 1A68     		ldr	r2, [r3]
 416 0026 41F20003 		movw	r3, #4096
 417 002a C4F20203 		movt	r3, 16386
 418 002e 2749     		ldr	r1, .L15
 419 0030 0A40     		ands	r2, r1
 420 0032 1A60     		str	r2, [r3]
 177:../Firmware/GD32E23x_standard_peripheral/Source/gd32e23x_pmu.c **** 
 178:../Firmware/GD32E23x_standard_peripheral/Source/gd32e23x_pmu.c ****     /* set stbmod bit */
 179:../Firmware/GD32E23x_standard_peripheral/Source/gd32e23x_pmu.c ****     PMU_CTL |= PMU_CTL_STBMOD;
 421              		.loc 1 179 13
 422 0034 47F20003 		movw	r3, #28672
 423 0038 C4F20003 		movt	r3, 16384
 424 003c 1A68     		ldr	r2, [r3]
 425 003e 47F20003 		movw	r3, #28672
 426 0042 C4F20003 		movt	r3, 16384
 427 0046 0221     		movs	r1, #2
 428 0048 0A43     		orrs	r2, r1
 429 004a 1A60     		str	r2, [r3]
 180:../Firmware/GD32E23x_standard_peripheral/Source/gd32e23x_pmu.c **** 
 181:../Firmware/GD32E23x_standard_peripheral/Source/gd32e23x_pmu.c ****     /* reset wakeup flag */
 182:../Firmware/GD32E23x_standard_peripheral/Source/gd32e23x_pmu.c ****     PMU_CTL |= PMU_CTL_WURST;
 430              		.loc 1 182 13
 431 004c 47F20003 		movw	r3, #28672
 432 0050 C4F20003 		movt	r3, 16384
 433 0054 1A68     		ldr	r2, [r3]
 434 0056 47F20003 		movw	r3, #28672
 435 005a C4F20003 		movt	r3, 16384
 436 005e 0421     		movs	r1, #4
 437 0060 0A43     		orrs	r2, r1
 438 0062 1A60     		str	r2, [r3]
 183:../Firmware/GD32E23x_standard_peripheral/Source/gd32e23x_pmu.c **** 
 184:../Firmware/GD32E23x_standard_peripheral/Source/gd32e23x_pmu.c ****     /* set sleepdeep bit of Cortex-M23 system control register */
 185:../Firmware/GD32E23x_standard_peripheral/Source/gd32e23x_pmu.c ****     SCB->SCR |= SCB_SCR_SLEEPDEEP_Msk;
 439              		.loc 1 185 14
 440 0064 4EF60053 		movw	r3, #60672
 441 0068 CEF20003 		movt	r3, 57344
 442 006c 1A69     		ldr	r2, [r3, #16]
 443 006e 4EF60053 		movw	r3, #60672
 444 0072 CEF20003 		movt	r3, 57344
 445 0076 0421     		movs	r1, #4
 446 0078 0A43     		orrs	r2, r1
 447 007a 1A61     		str	r2, [r3, #16]
 186:../Firmware/GD32E23x_standard_peripheral/Source/gd32e23x_pmu.c **** 
 187:../Firmware/GD32E23x_standard_peripheral/Source/gd32e23x_pmu.c ****     REG32(0xE000E010U) &= 0x00010004U;
 448              		.loc 1 187 24
 449 007c 4EF21003 		movw	r3, #57360
 450 0080 CEF20003 		movt	r3, 57344
 451 0084 1968     		ldr	r1, [r3]
 452 0086 4EF21003 		movw	r3, #57360
 453 008a CEF20003 		movt	r3, 57344
 454 008e 0422     		movs	r2, #4
 455 0090 C0F20102 		movt	r2, 1
 456 0094 0A40     		ands	r2, r1
 457 0096 1A60     		str	r2, [r3]
 188:../Firmware/GD32E23x_standard_peripheral/Source/gd32e23x_pmu.c ****     REG32(0xE000E180U)  = 0XFFFFFFFBU;
 458              		.loc 1 188 5
 459 0098 4EF28013 		movw	r3, #57728
 460 009c CEF20003 		movt	r3, 57344
 461              		.loc 1 188 25
 462 00a0 0522     		movs	r2, #5
 463 00a2 5242     		rsbs	r2, r2, #0
 464 00a4 1A60     		str	r2, [r3]
 189:../Firmware/GD32E23x_standard_peripheral/Source/gd32e23x_pmu.c ****     REG32(0xE000E184U)  = 0XFFFFFFFFU;
 465              		.loc 1 189 5
 466 00a6 4EF28413 		movw	r3, #57732
 467 00aa CEF20003 		movt	r3, 57344
 468              		.loc 1 189 25
 469 00ae 0122     		movs	r2, #1
 470 00b0 5242     		rsbs	r2, r2, #0
 471 00b2 1A60     		str	r2, [r3]
 190:../Firmware/GD32E23x_standard_peripheral/Source/gd32e23x_pmu.c ****     REG32(0xE000E188U)  = 0xFFFFFFFFU;
 472              		.loc 1 190 5
 473 00b4 4EF28813 		movw	r3, #57736
 474 00b8 CEF20003 		movt	r3, 57344
 475              		.loc 1 190 25
 476 00bc 0122     		movs	r2, #1
 477 00be 5242     		rsbs	r2, r2, #0
 478 00c0 1A60     		str	r2, [r3]
 191:../Firmware/GD32E23x_standard_peripheral/Source/gd32e23x_pmu.c **** 
 192:../Firmware/GD32E23x_standard_peripheral/Source/gd32e23x_pmu.c ****     /* select WFI command to enter standby mode */
 193:../Firmware/GD32E23x_standard_peripheral/Source/gd32e23x_pmu.c ****     __WFI();
 479              		.loc 1 193 5
 480              		.syntax divided
 481              	@ 193 "../Firmware/GD32E23x_standard_peripheral/Source/gd32e23x_pmu.c" 1
 482 00c2 30BF     		wfi
 483              	@ 0 "" 2
 194:../Firmware/GD32E23x_standard_peripheral/Source/gd32e23x_pmu.c **** }
 484              		.loc 1 194 1
 485              		.thumb
 486              		.syntax unified
 487 00c4 C046     		nop
 488 00c6 BD46     		mov	sp, r7
 489              		@ sp needed
 490 00c8 80BD     		pop	{r7, pc}
 491              	.L16:
 492 00ca C046     		.align	2
 493              	.L15:
 494 00cc FFFFFEFF 		.word	-65537
 495              		.cfi_endproc
 496              	.LFE64:
 498              		.section	.text.pmu_wakeup_pin_enable,"ax",%progbits
 499              		.align	1
 500              		.global	pmu_wakeup_pin_enable
 501              		.syntax unified
 502              		.code	16
 503              		.thumb_func
 504              		.fpu softvfp
 506              	pmu_wakeup_pin_enable:
 507              	.LFB65:
 195:../Firmware/GD32E23x_standard_peripheral/Source/gd32e23x_pmu.c **** 
 196:../Firmware/GD32E23x_standard_peripheral/Source/gd32e23x_pmu.c **** /*!
 197:../Firmware/GD32E23x_standard_peripheral/Source/gd32e23x_pmu.c ****     \brief      enable wakeup pin
 198:../Firmware/GD32E23x_standard_peripheral/Source/gd32e23x_pmu.c ****     \param[in]  wakeup_pin:
 199:../Firmware/GD32E23x_standard_peripheral/Source/gd32e23x_pmu.c ****                 one or more parameters can be selected which are shown as below:
 200:../Firmware/GD32E23x_standard_peripheral/Source/gd32e23x_pmu.c ****       \arg        PMU_WAKEUP_PIN0: WKUP Pin 0 (PA0)
 201:../Firmware/GD32E23x_standard_peripheral/Source/gd32e23x_pmu.c ****       \arg        PMU_WAKEUP_PIN1: WKUP Pin 1 (PC13)
 202:../Firmware/GD32E23x_standard_peripheral/Source/gd32e23x_pmu.c ****       \arg        PMU_WAKEUP_PIN5: WKUP Pin 5 (PB5)
 203:../Firmware/GD32E23x_standard_peripheral/Source/gd32e23x_pmu.c ****       \arg        PMU_WAKEUP_PIN6: WKUP Pin 6 (PB15)
 204:../Firmware/GD32E23x_standard_peripheral/Source/gd32e23x_pmu.c ****     \param[out] none
 205:../Firmware/GD32E23x_standard_peripheral/Source/gd32e23x_pmu.c ****     \retval     none
 206:../Firmware/GD32E23x_standard_peripheral/Source/gd32e23x_pmu.c **** */
 207:../Firmware/GD32E23x_standard_peripheral/Source/gd32e23x_pmu.c **** void pmu_wakeup_pin_enable(uint32_t wakeup_pin)
 208:../Firmware/GD32E23x_standard_peripheral/Source/gd32e23x_pmu.c **** {
 508              		.loc 1 208 1
 509              		.cfi_startproc
 510              		@ args = 0, pretend = 0, frame = 8
 511              		@ frame_needed = 1, uses_anonymous_args = 0
 512 0000 80B5     		push	{r7, lr}
 513              		.cfi_def_cfa_offset 8
 514              		.cfi_offset 7, -8
 515              		.cfi_offset 14, -4
 516 0002 82B0     		sub	sp, sp, #8
 517              		.cfi_def_cfa_offset 16
 518 0004 00AF     		add	r7, sp, #0
 519              		.cfi_def_cfa_register 7
 520 0006 7860     		str	r0, [r7, #4]
 209:../Firmware/GD32E23x_standard_peripheral/Source/gd32e23x_pmu.c ****     PMU_CS |= wakeup_pin;
 521              		.loc 1 209 12
 522 0008 47F20403 		movw	r3, #28676
 523 000c C4F20003 		movt	r3, 16384
 524 0010 1968     		ldr	r1, [r3]
 525 0012 47F20403 		movw	r3, #28676
 526 0016 C4F20003 		movt	r3, 16384
 527 001a 7A68     		ldr	r2, [r7, #4]
 528 001c 0A43     		orrs	r2, r1
 529 001e 1A60     		str	r2, [r3]
 210:../Firmware/GD32E23x_standard_peripheral/Source/gd32e23x_pmu.c **** }
 530              		.loc 1 210 1
 531 0020 C046     		nop
 532 0022 BD46     		mov	sp, r7
 533 0024 02B0     		add	sp, sp, #8
 534              		@ sp needed
 535 0026 80BD     		pop	{r7, pc}
 536              		.cfi_endproc
 537              	.LFE65:
 539              		.section	.text.pmu_wakeup_pin_disable,"ax",%progbits
 540              		.align	1
 541              		.global	pmu_wakeup_pin_disable
 542              		.syntax unified
 543              		.code	16
 544              		.thumb_func
 545              		.fpu softvfp
 547              	pmu_wakeup_pin_disable:
 548              	.LFB66:
 211:../Firmware/GD32E23x_standard_peripheral/Source/gd32e23x_pmu.c **** 
 212:../Firmware/GD32E23x_standard_peripheral/Source/gd32e23x_pmu.c **** /*!
 213:../Firmware/GD32E23x_standard_peripheral/Source/gd32e23x_pmu.c ****     \brief      disable wakeup pin
 214:../Firmware/GD32E23x_standard_peripheral/Source/gd32e23x_pmu.c ****     \param[in]  wakeup_pin:
 215:../Firmware/GD32E23x_standard_peripheral/Source/gd32e23x_pmu.c ****                 one or more parameters can be selected which are shown as below:
 216:../Firmware/GD32E23x_standard_peripheral/Source/gd32e23x_pmu.c ****       \arg        PMU_WAKEUP_PIN0: WKUP Pin 0 (PA0)
 217:../Firmware/GD32E23x_standard_peripheral/Source/gd32e23x_pmu.c ****       \arg        PMU_WAKEUP_PIN1: WKUP Pin 1 (PC13)
 218:../Firmware/GD32E23x_standard_peripheral/Source/gd32e23x_pmu.c ****       \arg        PMU_WAKEUP_PIN5: WKUP Pin 5 (PB5)
 219:../Firmware/GD32E23x_standard_peripheral/Source/gd32e23x_pmu.c ****       \arg        PMU_WAKEUP_PIN6: WKUP Pin 6 (PB15)
 220:../Firmware/GD32E23x_standard_peripheral/Source/gd32e23x_pmu.c ****     \param[out] none
 221:../Firmware/GD32E23x_standard_peripheral/Source/gd32e23x_pmu.c ****     \retval     none
 222:../Firmware/GD32E23x_standard_peripheral/Source/gd32e23x_pmu.c **** */
 223:../Firmware/GD32E23x_standard_peripheral/Source/gd32e23x_pmu.c **** void pmu_wakeup_pin_disable(uint32_t wakeup_pin)
 224:../Firmware/GD32E23x_standard_peripheral/Source/gd32e23x_pmu.c **** {
 549              		.loc 1 224 1
 550              		.cfi_startproc
 551              		@ args = 0, pretend = 0, frame = 8
 552              		@ frame_needed = 1, uses_anonymous_args = 0
 553 0000 80B5     		push	{r7, lr}
 554              		.cfi_def_cfa_offset 8
 555              		.cfi_offset 7, -8
 556              		.cfi_offset 14, -4
 557 0002 82B0     		sub	sp, sp, #8
 558              		.cfi_def_cfa_offset 16
 559 0004 00AF     		add	r7, sp, #0
 560              		.cfi_def_cfa_register 7
 561 0006 7860     		str	r0, [r7, #4]
 225:../Firmware/GD32E23x_standard_peripheral/Source/gd32e23x_pmu.c ****     PMU_CS &= ~(wakeup_pin);
 562              		.loc 1 225 12
 563 0008 47F20403 		movw	r3, #28676
 564 000c C4F20003 		movt	r3, 16384
 565 0010 1A68     		ldr	r2, [r3]
 566              		.loc 1 225 15
 567 0012 7B68     		ldr	r3, [r7, #4]
 568 0014 D943     		mvns	r1, r3
 569              		.loc 1 225 12
 570 0016 47F20403 		movw	r3, #28676
 571 001a C4F20003 		movt	r3, 16384
 572 001e 0A40     		ands	r2, r1
 573 0020 1A60     		str	r2, [r3]
 226:../Firmware/GD32E23x_standard_peripheral/Source/gd32e23x_pmu.c **** }
 574              		.loc 1 226 1
 575 0022 C046     		nop
 576 0024 BD46     		mov	sp, r7
 577 0026 02B0     		add	sp, sp, #8
 578              		@ sp needed
 579 0028 80BD     		pop	{r7, pc}
 580              		.cfi_endproc
 581              	.LFE66:
 583              		.section	.text.pmu_backup_write_enable,"ax",%progbits
 584              		.align	1
 585              		.global	pmu_backup_write_enable
 586              		.syntax unified
 587              		.code	16
 588              		.thumb_func
 589              		.fpu softvfp
 591              	pmu_backup_write_enable:
 592              	.LFB67:
 227:../Firmware/GD32E23x_standard_peripheral/Source/gd32e23x_pmu.c **** 
 228:../Firmware/GD32E23x_standard_peripheral/Source/gd32e23x_pmu.c **** /*!
 229:../Firmware/GD32E23x_standard_peripheral/Source/gd32e23x_pmu.c ****     \brief      enable backup domain write
 230:../Firmware/GD32E23x_standard_peripheral/Source/gd32e23x_pmu.c ****     \param[in]  none
 231:../Firmware/GD32E23x_standard_peripheral/Source/gd32e23x_pmu.c ****     \param[out] none
 232:../Firmware/GD32E23x_standard_peripheral/Source/gd32e23x_pmu.c ****     \retval     none
 233:../Firmware/GD32E23x_standard_peripheral/Source/gd32e23x_pmu.c **** */
 234:../Firmware/GD32E23x_standard_peripheral/Source/gd32e23x_pmu.c **** void pmu_backup_write_enable(void)
 235:../Firmware/GD32E23x_standard_peripheral/Source/gd32e23x_pmu.c **** {
 593              		.loc 1 235 1
 594              		.cfi_startproc
 595              		@ args = 0, pretend = 0, frame = 0
 596              		@ frame_needed = 1, uses_anonymous_args = 0
 597 0000 80B5     		push	{r7, lr}
 598              		.cfi_def_cfa_offset 8
 599              		.cfi_offset 7, -8
 600              		.cfi_offset 14, -4
 601 0002 00AF     		add	r7, sp, #0
 602              		.cfi_def_cfa_register 7
 236:../Firmware/GD32E23x_standard_peripheral/Source/gd32e23x_pmu.c ****     PMU_CTL |= PMU_CTL_BKPWEN;
 603              		.loc 1 236 13
 604 0004 47F20003 		movw	r3, #28672
 605 0008 C4F20003 		movt	r3, 16384
 606 000c 1A68     		ldr	r2, [r3]
 607 000e 47F20003 		movw	r3, #28672
 608 0012 C4F20003 		movt	r3, 16384
 609 0016 40F20011 		movw	r1, #256
 610 001a 0A43     		orrs	r2, r1
 611 001c 1A60     		str	r2, [r3]
 237:../Firmware/GD32E23x_standard_peripheral/Source/gd32e23x_pmu.c **** }
 612              		.loc 1 237 1
 613 001e C046     		nop
 614 0020 BD46     		mov	sp, r7
 615              		@ sp needed
 616 0022 80BD     		pop	{r7, pc}
 617              		.cfi_endproc
 618              	.LFE67:
 620              		.section	.text.pmu_backup_write_disable,"ax",%progbits
 621              		.align	1
 622              		.global	pmu_backup_write_disable
 623              		.syntax unified
 624              		.code	16
 625              		.thumb_func
 626              		.fpu softvfp
 628              	pmu_backup_write_disable:
 629              	.LFB68:
 238:../Firmware/GD32E23x_standard_peripheral/Source/gd32e23x_pmu.c **** 
 239:../Firmware/GD32E23x_standard_peripheral/Source/gd32e23x_pmu.c **** /*!
 240:../Firmware/GD32E23x_standard_peripheral/Source/gd32e23x_pmu.c ****     \brief      disable backup domain write
 241:../Firmware/GD32E23x_standard_peripheral/Source/gd32e23x_pmu.c ****     \param[in]  none
 242:../Firmware/GD32E23x_standard_peripheral/Source/gd32e23x_pmu.c ****     \param[out] none
 243:../Firmware/GD32E23x_standard_peripheral/Source/gd32e23x_pmu.c ****     \retval     none
 244:../Firmware/GD32E23x_standard_peripheral/Source/gd32e23x_pmu.c **** */
 245:../Firmware/GD32E23x_standard_peripheral/Source/gd32e23x_pmu.c **** void pmu_backup_write_disable(void)
 246:../Firmware/GD32E23x_standard_peripheral/Source/gd32e23x_pmu.c **** {
 630              		.loc 1 246 1
 631              		.cfi_startproc
 632              		@ args = 0, pretend = 0, frame = 0
 633              		@ frame_needed = 1, uses_anonymous_args = 0
 634 0000 80B5     		push	{r7, lr}
 635              		.cfi_def_cfa_offset 8
 636              		.cfi_offset 7, -8
 637              		.cfi_offset 14, -4
 638 0002 00AF     		add	r7, sp, #0
 639              		.cfi_def_cfa_register 7
 247:../Firmware/GD32E23x_standard_peripheral/Source/gd32e23x_pmu.c ****     PMU_CTL &= ~PMU_CTL_BKPWEN;
 640              		.loc 1 247 13
 641 0004 47F20003 		movw	r3, #28672
 642 0008 C4F20003 		movt	r3, 16384
 643 000c 1A68     		ldr	r2, [r3]
 644 000e 47F20003 		movw	r3, #28672
 645 0012 C4F20003 		movt	r3, 16384
 646 0016 0349     		ldr	r1, .L21
 647 0018 0A40     		ands	r2, r1
 648 001a 1A60     		str	r2, [r3]
 248:../Firmware/GD32E23x_standard_peripheral/Source/gd32e23x_pmu.c **** }
 649              		.loc 1 248 1
 650 001c C046     		nop
 651 001e BD46     		mov	sp, r7
 652              		@ sp needed
 653 0020 80BD     		pop	{r7, pc}
 654              	.L22:
 655 0022 C046     		.align	2
 656              	.L21:
 657 0024 FFFEFFFF 		.word	-257
 658              		.cfi_endproc
 659              	.LFE68:
 661              		.section	.text.pmu_flag_get,"ax",%progbits
 662              		.align	1
 663              		.global	pmu_flag_get
 664              		.syntax unified
 665              		.code	16
 666              		.thumb_func
 667              		.fpu softvfp
 669              	pmu_flag_get:
 670              	.LFB69:
 249:../Firmware/GD32E23x_standard_peripheral/Source/gd32e23x_pmu.c **** 
 250:../Firmware/GD32E23x_standard_peripheral/Source/gd32e23x_pmu.c **** /*!
 251:../Firmware/GD32E23x_standard_peripheral/Source/gd32e23x_pmu.c ****     \brief      get flag state
 252:../Firmware/GD32E23x_standard_peripheral/Source/gd32e23x_pmu.c ****     \param[in]  flag:
 253:../Firmware/GD32E23x_standard_peripheral/Source/gd32e23x_pmu.c ****                 only one parameter can be selected which is shown as below:
 254:../Firmware/GD32E23x_standard_peripheral/Source/gd32e23x_pmu.c ****       \arg        PMU_FLAG_WAKEUP: wakeup flag
 255:../Firmware/GD32E23x_standard_peripheral/Source/gd32e23x_pmu.c ****       \arg        PMU_FLAG_STANDBY: standby flag
 256:../Firmware/GD32E23x_standard_peripheral/Source/gd32e23x_pmu.c ****       \arg        PMU_FLAG_LVD: lvd flag
 257:../Firmware/GD32E23x_standard_peripheral/Source/gd32e23x_pmu.c ****     \param[out] none
 258:../Firmware/GD32E23x_standard_peripheral/Source/gd32e23x_pmu.c ****     \retval     FlagStatus SET or RESET
 259:../Firmware/GD32E23x_standard_peripheral/Source/gd32e23x_pmu.c **** */
 260:../Firmware/GD32E23x_standard_peripheral/Source/gd32e23x_pmu.c **** FlagStatus pmu_flag_get(uint32_t flag)
 261:../Firmware/GD32E23x_standard_peripheral/Source/gd32e23x_pmu.c **** {
 671              		.loc 1 261 1
 672              		.cfi_startproc
 673              		@ args = 0, pretend = 0, frame = 16
 674              		@ frame_needed = 1, uses_anonymous_args = 0
 675 0000 80B5     		push	{r7, lr}
 676              		.cfi_def_cfa_offset 8
 677              		.cfi_offset 7, -8
 678              		.cfi_offset 14, -4
 679 0002 84B0     		sub	sp, sp, #16
 680              		.cfi_def_cfa_offset 24
 681 0004 00AF     		add	r7, sp, #0
 682              		.cfi_def_cfa_register 7
 683 0006 7860     		str	r0, [r7, #4]
 262:../Firmware/GD32E23x_standard_peripheral/Source/gd32e23x_pmu.c ****     FlagStatus ret_status = RESET;
 684              		.loc 1 262 16
 685 0008 0F21     		movs	r1, #15
 686 000a 7B18     		adds	r3, r7, r1
 687 000c 0022     		movs	r2, #0
 688 000e 1A70     		strb	r2, [r3]
 263:../Firmware/GD32E23x_standard_peripheral/Source/gd32e23x_pmu.c **** 
 264:../Firmware/GD32E23x_standard_peripheral/Source/gd32e23x_pmu.c ****     if(PMU_CS & flag) {
 689              		.loc 1 264 8
 690 0010 47F20403 		movw	r3, #28676
 691 0014 C4F20003 		movt	r3, 16384
 692 0018 1B68     		ldr	r3, [r3]
 693              		.loc 1 264 15
 694 001a 7A68     		ldr	r2, [r7, #4]
 695 001c 1340     		ands	r3, r2
 696              		.loc 1 264 7
 697 001e 13B1     		cbz	r3, .L24
 265:../Firmware/GD32E23x_standard_peripheral/Source/gd32e23x_pmu.c ****         ret_status = SET;
 698              		.loc 1 265 20
 699 0020 7B18     		adds	r3, r7, r1
 700 0022 0122     		movs	r2, #1
 701 0024 1A70     		strb	r2, [r3]
 702              	.L24:
 266:../Firmware/GD32E23x_standard_peripheral/Source/gd32e23x_pmu.c ****     }
 267:../Firmware/GD32E23x_standard_peripheral/Source/gd32e23x_pmu.c **** 
 268:../Firmware/GD32E23x_standard_peripheral/Source/gd32e23x_pmu.c ****     return ret_status;
 703              		.loc 1 268 12
 704 0026 0F23     		movs	r3, #15
 705 0028 FB18     		adds	r3, r7, r3
 706 002a 1B78     		ldrb	r3, [r3]
 269:../Firmware/GD32E23x_standard_peripheral/Source/gd32e23x_pmu.c **** }
 707              		.loc 1 269 1
 708 002c 1800     		movs	r0, r3
 709 002e BD46     		mov	sp, r7
 710 0030 04B0     		add	sp, sp, #16
 711              		@ sp needed
 712 0032 80BD     		pop	{r7, pc}
 713              		.cfi_endproc
 714              	.LFE69:
 716              		.section	.text.pmu_flag_clear,"ax",%progbits
 717              		.align	1
 718              		.global	pmu_flag_clear
 719              		.syntax unified
 720              		.code	16
 721              		.thumb_func
 722              		.fpu softvfp
 724              	pmu_flag_clear:
 725              	.LFB70:
 270:../Firmware/GD32E23x_standard_peripheral/Source/gd32e23x_pmu.c **** 
 271:../Firmware/GD32E23x_standard_peripheral/Source/gd32e23x_pmu.c **** /*!
 272:../Firmware/GD32E23x_standard_peripheral/Source/gd32e23x_pmu.c ****     \brief      clear flag bit
 273:../Firmware/GD32E23x_standard_peripheral/Source/gd32e23x_pmu.c ****     \param[in]  flag:
 274:../Firmware/GD32E23x_standard_peripheral/Source/gd32e23x_pmu.c ****                 one or more parameters can be selected which are shown as below:
 275:../Firmware/GD32E23x_standard_peripheral/Source/gd32e23x_pmu.c ****       \arg        PMU_FLAG_RESET_WAKEUP: reset wakeup flag
 276:../Firmware/GD32E23x_standard_peripheral/Source/gd32e23x_pmu.c ****       \arg        PMU_FLAG_RESET_STANDBY: reset standby flag
 277:../Firmware/GD32E23x_standard_peripheral/Source/gd32e23x_pmu.c ****     \param[out] none
 278:../Firmware/GD32E23x_standard_peripheral/Source/gd32e23x_pmu.c ****     \retval     none
 279:../Firmware/GD32E23x_standard_peripheral/Source/gd32e23x_pmu.c **** */
 280:../Firmware/GD32E23x_standard_peripheral/Source/gd32e23x_pmu.c **** void pmu_flag_clear(uint32_t flag)
 281:../Firmware/GD32E23x_standard_peripheral/Source/gd32e23x_pmu.c **** {
 726              		.loc 1 281 1
 727              		.cfi_startproc
 728              		@ args = 0, pretend = 0, frame = 8
 729              		@ frame_needed = 1, uses_anonymous_args = 0
 730 0000 80B5     		push	{r7, lr}
 731              		.cfi_def_cfa_offset 8
 732              		.cfi_offset 7, -8
 733              		.cfi_offset 14, -4
 734 0002 82B0     		sub	sp, sp, #8
 735              		.cfi_def_cfa_offset 16
 736 0004 00AF     		add	r7, sp, #0
 737              		.cfi_def_cfa_register 7
 738 0006 7860     		str	r0, [r7, #4]
 282:../Firmware/GD32E23x_standard_peripheral/Source/gd32e23x_pmu.c ****     if(RESET != (flag & PMU_FLAG_RESET_WAKEUP)) {
 739              		.loc 1 282 23
 740 0008 7B68     		ldr	r3, [r7, #4]
 741 000a 0422     		movs	r2, #4
 742 000c 1340     		ands	r3, r2
 743              		.loc 1 282 7
 744 000e 5BB1     		cbz	r3, .L27
 283:../Firmware/GD32E23x_standard_peripheral/Source/gd32e23x_pmu.c ****         /* reset wakeup flag */
 284:../Firmware/GD32E23x_standard_peripheral/Source/gd32e23x_pmu.c ****         PMU_CTL |= PMU_CTL_WURST;
 745              		.loc 1 284 17
 746 0010 47F20003 		movw	r3, #28672
 747 0014 C4F20003 		movt	r3, 16384
 748 0018 1A68     		ldr	r2, [r3]
 749 001a 47F20003 		movw	r3, #28672
 750 001e C4F20003 		movt	r3, 16384
 751 0022 0421     		movs	r1, #4
 752 0024 0A43     		orrs	r2, r1
 753 0026 1A60     		str	r2, [r3]
 754              	.L27:
 285:../Firmware/GD32E23x_standard_peripheral/Source/gd32e23x_pmu.c ****     }
 286:../Firmware/GD32E23x_standard_peripheral/Source/gd32e23x_pmu.c ****     if(RESET != (flag & PMU_FLAG_RESET_STANDBY)) {
 755              		.loc 1 286 23
 756 0028 7B68     		ldr	r3, [r7, #4]
 757 002a 0822     		movs	r2, #8
 758 002c 1340     		ands	r3, r2
 759              		.loc 1 286 7
 760 002e 5BB1     		cbz	r3, .L29
 287:../Firmware/GD32E23x_standard_peripheral/Source/gd32e23x_pmu.c ****         /* reset standby flag */
 288:../Firmware/GD32E23x_standard_peripheral/Source/gd32e23x_pmu.c ****         PMU_CTL |= PMU_CTL_STBRST;
 761              		.loc 1 288 17
 762 0030 47F20003 		movw	r3, #28672
 763 0034 C4F20003 		movt	r3, 16384
 764 0038 1A68     		ldr	r2, [r3]
 765 003a 47F20003 		movw	r3, #28672
 766 003e C4F20003 		movt	r3, 16384
 767 0042 0821     		movs	r1, #8
 768 0044 0A43     		orrs	r2, r1
 769 0046 1A60     		str	r2, [r3]
 770              	.L29:
 289:../Firmware/GD32E23x_standard_peripheral/Source/gd32e23x_pmu.c ****     }
 290:../Firmware/GD32E23x_standard_peripheral/Source/gd32e23x_pmu.c **** }
 771              		.loc 1 290 1
 772 0048 C046     		nop
 773 004a BD46     		mov	sp, r7
 774 004c 02B0     		add	sp, sp, #8
 775              		@ sp needed
 776 004e 80BD     		pop	{r7, pc}
 777              		.cfi_endproc
 778              	.LFE70:
 780              		.text
 781              	.Letext0:
 782              		.file 2 "d:\\software\\gd32embeddedbuilder_v1.5.6_rel\\tools\\gnu tools arm embedded\\xpack-arm-no
 783              		.file 3 "d:\\software\\gd32embeddedbuilder_v1.5.6_rel\\tools\\gnu tools arm embedded\\xpack-arm-no
 784              		.file 4 "../Firmware/CMSIS/core_cm23.h"
 785              		.file 5 "../Firmware/CMSIS/GD/GD32E23x/Include/gd32e23x.h"
 786              		.file 6 "../Firmware/GD32E23x_standard_peripheral/Include/gd32e23x_rcu.h"
 787              		.file 7 "../Firmware/CMSIS/GD/GD32E23x/Include/system_gd32e23x.h"
DEFINED SYMBOLS
                            *ABS*:00000000 gd32e23x_pmu.c
C:\Users\sen.he\AppData\Local\Temp\ccYcfXRb.s:16     .text.pmu_deinit:00000000 $t
C:\Users\sen.he\AppData\Local\Temp\ccYcfXRb.s:24     .text.pmu_deinit:00000000 pmu_deinit
C:\Users\sen.he\AppData\Local\Temp\ccYcfXRb.s:52     .text.pmu_lvd_select:00000000 $t
C:\Users\sen.he\AppData\Local\Temp\ccYcfXRb.s:59     .text.pmu_lvd_select:00000000 pmu_lvd_select
C:\Users\sen.he\AppData\Local\Temp\ccYcfXRb.s:120    .text.pmu_ldo_output_select:00000000 $t
C:\Users\sen.he\AppData\Local\Temp\ccYcfXRb.s:127    .text.pmu_ldo_output_select:00000000 pmu_ldo_output_select
C:\Users\sen.he\AppData\Local\Temp\ccYcfXRb.s:169    .text.pmu_ldo_output_select:00000040 $d
C:\Users\sen.he\AppData\Local\Temp\ccYcfXRb.s:174    .text.pmu_lvd_disable:00000000 $t
C:\Users\sen.he\AppData\Local\Temp\ccYcfXRb.s:181    .text.pmu_lvd_disable:00000000 pmu_lvd_disable
C:\Users\sen.he\AppData\Local\Temp\ccYcfXRb.s:211    .text.pmu_to_sleepmode:00000000 $t
C:\Users\sen.he\AppData\Local\Temp\ccYcfXRb.s:218    .text.pmu_to_sleepmode:00000000 pmu_to_sleepmode
C:\Users\sen.he\AppData\Local\Temp\ccYcfXRb.s:284    .text.pmu_to_deepsleepmode:00000000 $t
C:\Users\sen.he\AppData\Local\Temp\ccYcfXRb.s:291    .text.pmu_to_deepsleepmode:00000000 pmu_to_deepsleepmode
C:\Users\sen.he\AppData\Local\Temp\ccYcfXRb.s:384    .text.pmu_to_standbymode:00000000 $t
C:\Users\sen.he\AppData\Local\Temp\ccYcfXRb.s:391    .text.pmu_to_standbymode:00000000 pmu_to_standbymode
C:\Users\sen.he\AppData\Local\Temp\ccYcfXRb.s:494    .text.pmu_to_standbymode:000000cc $d
C:\Users\sen.he\AppData\Local\Temp\ccYcfXRb.s:499    .text.pmu_wakeup_pin_enable:00000000 $t
C:\Users\sen.he\AppData\Local\Temp\ccYcfXRb.s:506    .text.pmu_wakeup_pin_enable:00000000 pmu_wakeup_pin_enable
C:\Users\sen.he\AppData\Local\Temp\ccYcfXRb.s:540    .text.pmu_wakeup_pin_disable:00000000 $t
C:\Users\sen.he\AppData\Local\Temp\ccYcfXRb.s:547    .text.pmu_wakeup_pin_disable:00000000 pmu_wakeup_pin_disable
C:\Users\sen.he\AppData\Local\Temp\ccYcfXRb.s:584    .text.pmu_backup_write_enable:00000000 $t
C:\Users\sen.he\AppData\Local\Temp\ccYcfXRb.s:591    .text.pmu_backup_write_enable:00000000 pmu_backup_write_enable
C:\Users\sen.he\AppData\Local\Temp\ccYcfXRb.s:621    .text.pmu_backup_write_disable:00000000 $t
C:\Users\sen.he\AppData\Local\Temp\ccYcfXRb.s:628    .text.pmu_backup_write_disable:00000000 pmu_backup_write_disable
C:\Users\sen.he\AppData\Local\Temp\ccYcfXRb.s:657    .text.pmu_backup_write_disable:00000024 $d
C:\Users\sen.he\AppData\Local\Temp\ccYcfXRb.s:662    .text.pmu_flag_get:00000000 $t
C:\Users\sen.he\AppData\Local\Temp\ccYcfXRb.s:669    .text.pmu_flag_get:00000000 pmu_flag_get
C:\Users\sen.he\AppData\Local\Temp\ccYcfXRb.s:717    .text.pmu_flag_clear:00000000 $t
C:\Users\sen.he\AppData\Local\Temp\ccYcfXRb.s:724    .text.pmu_flag_clear:00000000 pmu_flag_clear
                           .group:00000000 wm4.0.590463c46bf1d553a4d8081ecba6952e
                           .group:00000000 wm4.gd32e23x.h.39.0bf85d194b71a50de4fcad938c637dda
                           .group:00000000 wm4._newlib_version.h.4.9ba035841e762c3308916a0ce96032e7
                           .group:00000000 wm4.features.h.33.318b64d71e0957639cfb30f1db1f7ec8
                           .group:00000000 wm4._default_types.h.15.247e5cd201eca3442cbf5404108c4935
                           .group:00000000 wm4._intsup.h.10.cce27fed8484c08a33f522034c30d2b5
                           .group:00000000 wm4._stdint.h.10.c24fa3af3bc1706662bb5593a907e841
                           .group:00000000 wm4.stdint.h.23.d53047a68f4a85177f80b422d52785ed
                           .group:00000000 wm4.core_cm23.h.64.de3bc139a6604757cb96382033d22ea4
                           .group:00000000 wm4.cmsis_gcc.h.26.41038879cf168e2c536d47f29b7e8dd8
                           .group:00000000 wm4.core_cm23.h.125.de61c9c922e4fe53a01469e1afefe964
                           .group:00000000 wm4.system_gd32e23x.h.38.7a884860f7764c0ab5165a93f03201bb
                           .group:00000000 wm4.gd32e23x.h.163.9acf0d7337f9fe4e45533e128df527f9
                           .group:00000000 wm4.gd32e23x_adc.h.41.e37db1574230c817b545e8965349e4d7
                           .group:00000000 wm4.gd32e23x_crc.h.36.279adb768307700338e007c7ed677511
                           .group:00000000 wm4.gd32e23x_dbg.h.36.d33e52eaa928f5287aa06af215016669
                           .group:00000000 wm4.gd32e23x_dma.h.36.526a5bad10d356aae73db43b8b6c8ac1
                           .group:00000000 wm4.gd32e23x_exti.h.36.af0d6df8c0ce7b2677a9f89a98c409ce
                           .group:00000000 wm4.gd32e23x_fmc.h.36.75bde762cab332c240661c238a094712
                           .group:00000000 wm4.gd32e23x_gpio.h.36.795887d0586769fb622efbe77d569cda
                           .group:00000000 wm4.gd32e23x_syscfg.h.36.01ade19f7155772b744fa54349aa8666
                           .group:00000000 wm4.gd32e23x_i2c.h.36.e6cffa765f1652866ccb69e12f59470e
                           .group:00000000 wm4.gd32e23x_fwdgt.h.36.2fcc8574db554a4bd9e84c5cd0b7ab23
                           .group:00000000 wm4.gd32e23x_rcu.h.36.5275b85972d8917a1d7fb8903e56792a
                           .group:00000000 wm4.gd32e23x_rtc.h.36.83ced1869b0634048aca709e2e07b91d
                           .group:00000000 wm4.gd32e23x_spi.h.36.3f2a16ec9ce43b99360e154caa44fc36
                           .group:00000000 wm4.gd32e23x_timer.h.36.1a402a135f3e05d89798e4281e3b9d83
                           .group:00000000 wm4.gd32e23x_usart.h.36.c2b993b4a3fc79395d2c6452b270c65c
                           .group:00000000 wm4.gd32e23x_wwdgt.h.36.067f8fa16250ddb8196a2d3d5347a8d1
                           .group:00000000 wm4.gd32e23x_misc.h.36.02bcf8ea2494d3a2286a92cdad908103
                           .group:00000000 wm4.gd32e23x_cmp.h.36.0a60ec830a2d39bbe01854c1093a76e2
                           .group:00000000 wm4.gd32e23x_pmu.h.41.b0130ca171c19241ff3f0852dc2b48e6

UNDEFINED SYMBOLS
rcu_periph_reset_enable
rcu_periph_reset_disable
